04-10 22:16:32.453 F/aenu.ax360e(10470): runtime.cc:708]   native: #03 pc 000b0a58  /system/lib64/libc++.so (std::__1::condition_variable::wait+24) (BuildId: 53e0091d25a788802d2d3a5324f79b527df4913f)
04-10 22:16:32.453 F/aenu.ax360e(10470): runtime.cc:708]   native: #04 pc 002706f0  /system/lib64/libhwui.so (void* std::__1::__thread_proxy[abi:nn180000]<std::__1::tuple<std::__1::unique_ptr<std::__1::__thread_struct, std::__1::default_delete<std::__1::__thread_struct>>, android::uirenderer::CommonPool::CommonPool::$_0>> +316) (BuildId: 973c7b25639875d3f7ef64773239e70d)
04-10 22:16:32.453 F/aenu.ax360e(10470): runtime.cc:708]   native: #05 pc 00071b3c  /apex/com.android.runtime/lib64/bionic/libc.so (__pthread_start+196) (BuildId: a20a70e70c441395f47417211b62894c)
04-10 22:16:32.453 F/aenu.ax360e(10470): runtime.cc:708]   native: #06 pc 00063c38  /apex/com.android.runtime/lib64/bionic/libc.so (__start_thread+68) (BuildId: a20a70e70c441395f47417211b62894c)
04-10 22:16:32.453 F/aenu.ax360e(10470): runtime.cc:708]   (no managed stack frames)
04-10 22:16:32.453 F/aenu.ax360e(10470): runtime.cc:708] 
04-10 22:16:32.453 F/aenu.ax360e(10470): runtime.cc:708] Aborting thread:
04-10 22:16:32.453 F/aenu.ax360e(10470): runtime.cc:708] "Thread-3" prio=5 tid=15 Native
04-10 22:16:32.453 F/aenu.ax360e(10470): runtime.cc:708]   | group="" sCount=0 ucsCount=0 flags=0 obj=0x14314dc0 self=0x772f2dd890
04-10 22:16:32.453 F/aenu.ax360e(10470): runtime.cc:708]   | sysTid=10544 nice=0 cgrp=top-app sched=0/0 handle=0x74e3493730
04-10 22:16:32.453 F/aenu.ax360e(10470): runtime.cc:708]   | state=R schedstat=( 47498183 41875 91 ) utm=3 stm=1 core=3 HZ=100
04-10 22:16:32.453 F/aenu.ax360e(10470): runtime.cc:708]   | stack=0x74e3390000-0x74e3392000 stackSize=1037KB
04-10 22:16:32.453 F/aenu.ax360e(10470): runtime.cc:708]   | held mutexes= "abort lock" "mutator lock"(shared held)
04-10 22:16:32.453 F/aenu.ax360e(10470): runtime.cc:708]   native: #00 pc 0079dedc  /apex/com.android.art/lib64/libart.so (art::DumpNativeStack+184) (BuildId: 9c5f13329e72afbf247eeea70836f05b)
04-10 22:16:32.453 F/aenu.ax360e(10470): runtime.cc:708]   native: #01 pc 00879698  /apex/com.android.art/lib64/libart.so (art::Thread::DumpStack const+360) (BuildId: 9c5f13329e72afbf247eeea70836f05b)
04-10 22:16:32.453 F/aenu.ax360e(10470): runtime.cc:708]   native: #02 pc 00874354  /apex/com.android.art/lib64/libart.so (art::Thread::Dump const+204) (BuildId: 9c5f13329e72afbf247eeea70836f05b)
04-10 22:16:32.453 F/aenu.ax360e(10470): runtime.cc:708]   native: #03 pc 008480d8  /apex/com.android.art/lib64/libart.so (art::AbortState::DumpThread const+60) (BuildId: 9c5f13329e72afbf247eeea70836f05b)
04-10 22:16:32.453 F/aenu.ax360e(10470): runtime.cc:708]   native: #04 pc 00847d10  /apex/com.android.art/lib64/libart.so (art::AbortState::Dump const+552) (BuildId: 9c5f13329e72afbf247eeea70836f05b)
04-10 22:16:32.453 F/aenu.ax360e(10470): runtime.cc:708]   native: #05 pc 00830834  /apex/com.android.art/lib64/libart.so (art::Runtime::Abort+1584) (BuildId: 9c5f13329e72afbf247eeea70836f05b)
04-10 22:16:32.453 F/aenu.ax360e(10470): runtime.cc:708]   native: #06 pc 00016358  /apex/com.android.art/lib64/libbase.so (android::base::SetAborter::$_0::__invoke+84) (BuildId: ba6af1c779a37fdd9e96dbe7f2d68987)
04-10 22:16:32.453 F/aenu.ax360e(10470): runtime.cc:708]   native: #07 pc 000158c8  /apex/com.android.art/lib64/libbase.so (android::base::LogMessage::~LogMessage+520) (BuildId: ba6af1c779a37fdd9e96dbe7f2d68987)
04-10 22:16:32.453 F/aenu.ax360e(10470): runtime.cc:708]   native: #08 pc 00653b40  /apex/com.android.art/lib64/libart.so (art::JavaVMExt::JniAbort+2480) (BuildId: 9c5f13329e72afbf247eeea70836f05b)
04-10 22:16:32.453 F/aenu.ax360e(10470): runtime.cc:708]   native: #09 pc 00653bbc  /apex/com.android.art/lib64/libart.so (art::JavaVMExt::JniAbortV+112) (BuildId: 9c5f13329e72afbf247eeea70836f05b)
04-10 22:16:32.453 F/aenu.ax360e(10470): runtime.cc:708]   native: #10 pc 006467cc  /apex/com.android.art/lib64/libart.so (art::::ScopedCheck::AbortF +144) (BuildId: 9c5f13329e72afbf247eeea70836f05b)
04-10 22:16:32.453 F/aenu.ax360e(10470): runtime.cc:708]   native: #11 pc 00644948  /apex/com.android.art/lib64/libart.so (art::::ScopedCheck::CheckPossibleHeapValue +1420) (BuildId: 9c5f13329e72afbf247eeea70836f05b)
04-10 22:16:32.453 F/aenu.ax360e(10470): runtime.cc:708]   native: #12 pc 00643c08  /apex/com.android.art/lib64/libart.so (art::::ScopedCheck::Check +800) (BuildId: 9c5f13329e72afbf247eeea70836f05b)
04-10 22:16:32.453 F/aenu.ax360e(10470): runtime.cc:708]   native: #13 pc 00646e7c  /apex/com.android.art/lib64/libart.so (art::::CheckJNI::NewRef +612) (BuildId: 9c5f13329e72afbf247eeea70836f05b)
04-10 22:16:32.453 F/aenu.ax360e(10470): runtime.cc:708]   native: #14 pc 00881f8c  /apex/com.android.art/lib64/libart.so (art::Thread::SetClassLoaderOverride+68) (BuildId: 9c5f13329e72afbf247eeea70836f05b)
04-10 22:16:32.453 F/aenu.ax360e(10470): runtime.cc:708]   native: #15 pc 006575fc  /apex/com.android.art/lib64/libart.so (art::JavaVMExt::LoadNativeLibrary+3152) (BuildId: 9c5f13329e72afbf247eeea70836f05b)
04-10 22:16:32.453 F/aenu.ax360e(10470): runtime.cc:708]   native: #16 pc 00005a24  /apex/com.android.art/lib64/libopenjdkjvm.so (JVM_NativeLoad+360) (BuildId: 71bf7595fb8554656b1aa355dab806cc)
04-10 22:16:32.453 F/aenu.ax360e(10470): runtime.cc:708]   native: #17 pc 003ce5e0  [anon_shmem:dalvik-jit-code-cache] (offset 2000000) (art_jni_trampoline+176)
04-10 22:16:32.453 F/aenu.ax360e(10470): runtime.cc:708]   native: #18 pc 000214d8  [anon_shmem:dalvik-jit-code-cache] (offset 2000000) (java.lang.Runtime.loadLibrary0+408)
04-10 22:16:32.453 F/aenu.ax360e(10470): runtime.cc:708]   native: #19 pc 00020c40  [anon_shmem:dalvik-jit-code-cache] (offset 2000000) (java.lang.Runtime.loadLibrary0+160)
04-10 22:16:32.453 F/aenu.ax360e(10470): runtime.cc:708]   native: #20 pc 000209d0  [anon_shmem:dalvik-jit-code-cache] (offset 2000000) (java.lang.System.loadLibrary+160)
04-10 22:16:32.453 F/aenu.ax360e(10470): runtime.cc:708]   native: #21 pc 00210a40  /apex/com.android.art/lib64/libart.so (art_quick_invoke_static_stub+640) (BuildId: 9c5f13329e72afbf247eeea70836f05b)
04-10 22:16:32.453 F/aenu.ax360e(10470): runtime.cc:708]   native: #22 pc 00472050  /apex/com.android.art/lib64/libart.so (art::ArtMethod::Invoke+216) (BuildId: 9c5f13329e72afbf247eeea70836f05b)
04-10 22:16:32.453 F/aenu.ax360e(10470): runtime.cc:708]   native: #23 pc 005d3ecc  /apex/com.android.art/lib64/libart.so (bool art::interpreter::DoCall<false>+1920) (BuildId: 9c5f13329e72afbf247eeea70836f05b)
04-10 22:16:32.453 F/aenu.ax360e(10470): runtime.cc:708]   native: #24 pc 0022f5c0  /apex/com.android.art/lib64/libart.so (void art::interpreter::ExecuteSwitchImplCpp<false>+14392) (BuildId: 9c5f13329e72afbf247eeea70836f05b)
04-10 22:16:32.453 F/aenu.ax360e(10470): runtime.cc:708]   native: #25 pc 002295d8  /apex/com.android.art/lib64/libart.so (ExecuteSwitchImplAsm+8) (BuildId: 9c5f13329e72afbf247eeea70836f05b)
04-10 22:16:32.453 F/aenu.ax360e(10470): runtime.cc:708]   native: #26 pc 0000f38c  <anonymous:754567f000> (aenu.ax360e.Emulator.load_library)
04-10 22:16:32.453 F/aenu.ax360e(10470): runtime.cc:708]   native: #27 pc 005ccc5c  /apex/com.android.art/lib64/libart.so (art::interpreter::Execute +444) (BuildId: 9c5f13329e72afbf247eeea70836f05b)
04-10 22:16:32.453 F/aenu.ax360e(10470): runtime.cc:708]   native: #28 pc 005d3390  /apex/com.android.art/lib64/libart.so (art::interpreter::ArtInterpreterToInterpreterBridge+104) (BuildId: 9c5f13329e72afbf247eeea70836f05b)
04-10 22:16:32.453 F/aenu.ax360e(10470): runtime.cc:708]   native: #29 pc 005d3eb0  /apex/com.android.art/lib64/libart.so (bool art::interpreter::DoCall<false>+1892) (BuildId: 9c5f13329e72afbf247eeea70836f05b)
04-10 22:16:32.453 F/aenu.ax360e(10470): runtime.cc:708]   native: #30 pc 0022f5c0  /apex/com.android.art/lib64/libart.so (void art::interpreter::ExecuteSwitchImplCpp<false>+14392) (BuildId: 9c5f13329e72afbf247eeea70836f05b)
04-10 22:16:32.453 F/aenu.ax360e(10470): runtime.cc:708]   native: #31 pc 002295d8  /apex/com.android.art/lib64/libart.so (ExecuteSwitchImplAsm+8) (BuildId: 9c5f13329e72afbf247eeea70836f05b)
04-10 22:16:32.453 F/aenu.ax360e(10470): runtime.cc:708]   native: #32 pc 00012a80  <anonymous:754567f000> (aenu.ax360e.MainActivity$5.run)
04-10 22:16:32.453 F/aenu.ax360e(10470): runtime.cc:708]   native: #33 pc 005ccc5c  /apex/com.android.art/lib64/libart.so (art::interpreter::Execute +444) (BuildId: 9c5f13329e72afbf247eeea70836f05b)
04-10 22:16:32.453 F/aenu.ax360e(10470): runtime.cc:708]   native: #34 pc 00928598  /apex/com.android.art/lib64/libart.so (artQuickToInterpreterBridge+672) (BuildId: 9c5f13329e72afbf247eeea70836f05b)
04-10 22:16:32.453 F/aenu.ax360e(10470): runtime.cc:708]   native: #35 pc 00227098  /apex/com.android.art/lib64/libart.so (art_quick_to_interpreter_bridge+88) (BuildId: 9c5f13329e72afbf247eeea70836f05b)
04-10 22:16:32.453 F/aenu.ax360e(10470): runtime.cc:708]   native: #36 pc 00210774  /apex/com.android.art/lib64/libart.so (art_quick_invoke_stub+612) (BuildId: 9c5f13329e72afbf247eeea70836f05b)
04-10 22:16:32.453 F/aenu.ax360e(10470): runtime.cc:708]   native: #37 pc 00472018  /apex/com.android.art/lib64/libart.so (art::ArtMethod::Invoke+160) (BuildId: 9c5f13329e72afbf247eeea70836f05b)
04-10 22:16:32.453 F/aenu.ax360e(10470): runtime.cc:708]   native: #38 pc 00871e54  /apex/com.android.art/lib64/libart.so (art::Thread::CreateCallback+1420) (BuildId: 9c5f13329e72afbf247eeea70836f05b)
04-10 22:16:32.453 F/aenu.ax360e(10470): runtime.cc:708]   native: #39 pc 008718b4  /apex/com.android.art/lib64/libart.so (art::Thread::CreateCallbackWithUffdGc+12) (BuildId: 9c5f13329e72afbf247eeea70836f05b)
04-10 22:16:32.453 F/aenu.ax360e(10470): runtime.cc:708]   native: #40 pc 00071b3c  /apex/com.android.runtime/lib64/bionic/libc.so (__pthread_start+196) (BuildId: a20a70e70c441395f47417211b62894c)
04-10 22:16:32.453 F/aenu.ax360e(10470): runtime.cc:708]   native: #41 pc 00063c38  /apex/com.android.runtime/lib64/bionic/libc.so (__start_thread+68) (BuildId: a20a70e70c441395f47417211b62894c)
04-10 22:16:32.453 F/aenu.ax360e(10470): runtime.cc:708]   at java.lang.Runtime.nativeLoad(Native method)
04-10 22:16:32.453 F/aenu.ax360e(10470): runtime.cc:708]   at java.lang.Runtime.loadLibrary0(Runtime.java:1079)
04-10 22:16:32.453 F/aenu.ax360e(10470): runtime.cc:708]   - locked <@addr=0x6f386be8> (a java.lang.Runtime)
04-10 22:16:32.453 F/aenu.ax360e(10470): runtime.cc:708]   at java.lang.Runtime.loadLibrary0(Runtime.java:1003)
04-10 22:16:32.453 F/aenu.ax360e(10470): runtime.cc:708]   at java.lang.System.loadLibrary(System.java:1765)
04-10 22:16:32.453 F/aenu.ax360e(10470): runtime.cc:708]   at aenu.ax360e.Emulator.load_library(Emulator.java:22)
04-10 22:16:32.453 F/aenu.ax360e(10470): runtime.cc:708]   at aenu.ax360e.MainActivity$5.run(MainActivity.java:184)
04-10 22:16:32.453 F/aenu.ax360e(10470): runtime.cc:708] Pending exception java.lang.NoSuchMethodError: no static or non-static method "Laenu/ax360e/Emulator;.push_performance_metrics(FFIIFFF)V"
04-10 22:16:32.453 F/aenu.ax360e(10470): runtime.cc:708]   at java.lang.String java.lang.Runtime.nativeLoad(java.lang.String, java.lang.ClassLoader, java.lang.Class) (Runtime.java:-2)
04-10 22:16:32.453 F/aenu.ax360e(10470): runtime.cc:708]   at void java.lang.Runtime.loadLibrary0(java.lang.ClassLoader, java.lang.Class, java.lang.String) (Runtime.java:1079)
04-10 22:16:32.453 F/aenu.ax360e(10470): runtime.cc:708]   at void java.lang.Runtime.loadLibrary0(java.lang.Class, java.lang.String) (Runtime.java:1003)
04-10 22:16:32.453 F/aenu.ax360e(10470): runtime.cc:708]   at void java.lang.System.loadLibrary(java.lang.String) (System.java:1765)
04-10 22:16:32.453 F/aenu.ax360e(10470): runtime.cc:708]   at void aenu.ax360e.Emulator.load_library() (Emulator.java:22)
04-10 22:16:32.453 F/aenu.ax360e(10470): runtime.cc:708]   at void aenu.ax360e.MainActivity$5.run() (MainActivity.java:184)
04-10 22:16:32.453 F/aenu.ax360e(10470): runtime.cc:708] 
04-10 22:16:32.453 F/aenu.ax360e(10470): runtime.cc:716] JNI DETECTED ERROR IN APPLICATION: JNI NewGlobalRef called with pending exception java.lang.NoSuchMethodError: no static or non-static method "Laenu/ax360e/Emulator;.push_performance_metrics(FFIIFFF)V"
04-10 22:16:32.453 F/aenu.ax360e(10470): runtime.cc:716]   at java.lang.String java.lang.Runtime.nativeLoad(java.lang.String, java.lang.ClassLoader, java.lang.Class) (Runtime.java:-2)
04-10 22:16:32.453 F/aenu.ax360e(10470): runtime.cc:716]   at void java.lang.Runtime.loadLibrary0(java.lang.ClassLoader, java.lang.Class, java.lang.String) (Runtime.java:1079)
04-10 22:16:32.453 F/aenu.ax360e(10470): runtime.cc:716]   at void java.lang.Runtime.loadLibrary0(java.lang.Class, java.lang.String) (Runtime.java:1003)
04-10 22:16:32.453 F/aenu.ax360e(10470): runtime.cc:716]   at void java.lang.System.loadLibrary(java.lang.String) (System.java:1765)
04-10 22:16:32.453 F/aenu.ax360e(10470): runtime.cc:716]   at void aenu.ax360e.Emulator.load_library() (Emulator.java:22)
04-10 22:16:32.453 F/aenu.ax360e(10470): runtime.cc:716]   at void aenu.ax360e.MainActivity$5.run() (MainActivity.java:184)
04-10 22:16:32.453 F/aenu.ax360e(10470): runtime.cc:716] 
04-10 22:16:32.453 F/aenu.ax360e(10470): runtime.cc:716]     in call to NewGlobalRef
04-10 22:16:32.453 F/aenu.ax360e(10470): runtime.cc:716]     from java.lang.String java.lang.Runtime.nativeLoad(java.lang.String, java.lang.ClassLoader, java.lang.Class)
--------- beginning of crash
04-10 22:16:32.453 F/libc    (10470): Fatal signal 6 (SIGABRT), code -1 (SI_QUEUE) in tid 10544 (Thread-3), pid 10470 (aenu.ax360e)
04-10 22:16:32.466 E/crash_dump64(10559): failed to get the guest state header for thread 10470: Bad address
04-10 22:16:32.466 E/crash_dump64(10559): failed to get the guest state header for thread 10477: Bad address
04-10 22:16:32.466 E/crash_dump64(10559): failed to get the guest state header for thread 10478: Bad address
04-10 22:16:32.466 E/crash_dump64(10559): failed to get the guest state header for thread 10479: Bad address
04-10 22:16:32.466 E/crash_dump64(10559): failed to get the guest state header for thread 10480: Bad address
04-10 22:16:32.466 E/crash_dump64(10559): failed to get the guest state header for thread 10481: Bad address
04-10 22:16:32.466 E/crash_dump64(10559): failed to get the guest state header for thread 10482: Bad address
04-10 22:16:32.466 E/crash_dump64(10559): failed to get the guest state header for thread 10483: Bad address
04-10 22:16:32.466 E/crash_dump64(10559): failed to get the guest state header for thread 10484: Bad address
04-10 22:16:32.466 E/crash_dump64(10559): failed to get the guest state header for thread 10485: Bad address
04-10 22:16:32.466 E/crash_dump64(10559): failed to get the guest state header for thread 10486: Bad address
04-10 22:16:32.467 E/crash_dump64(10559): failed to get the guest state header for thread 10488: Bad address
04-10 22:16:32.467 E/crash_dump64(10559): failed to get the guest state header for thread 10540: Bad address
04-10 22:16:32.467 E/crash_dump64(10559): failed to get the guest state header for thread 10542: Bad address
04-10 22:16:32.467 E/crash_dump64(10559): failed to get the guest state header for thread 10544: Bad address
04-10 22:16:32.467 E/crash_dump64(10559): failed to get the guest state header for thread 10545: Bad address
04-10 22:16:32.467 E/crash_dump64(10559): failed to get the guest state header for thread 10547: Bad address
04-10 22:16:32.467 E/crash_dump64(10559): failed to get the guest state header for thread 10548: Bad address
04-10 22:16:32.467 E/crash_dump64(10559): failed to get the guest state header for thread 10549: Bad address
04-10 22:16:32.467 E/crash_dump64(10559): failed to get the guest state header for thread 10550: Bad address
04-10 22:16:32.467 E/crash_dump64(10559): failed to get the guest state header for thread 10552: Bad address
04-10 22:16:32.467 E/crash_dump64(10559): failed to get the guest state header for thread 10553: Bad address
04-10 22:16:32.467 E/crash_dump64(10559): failed to get the guest state header for thread 10555: Bad address
04-10 22:16:32.467 E/crash_dump64(10559): failed to get the guest state header for thread 10558: Bad address
04-10 22:16:32.581 F/DEBUG   (10559): *** *** *** *** *** *** *** *** *** *** *** *** *** *** *** ***
04-10 22:16:32.581 F/DEBUG   (10559): Build fingerprint: 'qti/sun/sun:15/AQ3A.250728.001/eng.Odin3.20260204.171202:user/dev-keys'
04-10 22:16:32.581 F/DEBUG   (10559): Revision: '0'
04-10 22:16:32.581 F/DEBUG   (10559): ABI: 'arm64'
04-10 22:16:32.581 F/DEBUG   (10559): Timestamp: 2026-04-10 22:16:32.481625910-0700
04-10 22:16:32.581 F/DEBUG   (10559): Process uptime: 1s
04-10 22:16:32.581 F/DEBUG   (10559): Cmdline: aenu.ax360e
04-10 22:16:32.581 F/DEBUG   (10559): pid: 10470, tid: 10544, name: Thread-3  >>> aenu.ax360e <<<
04-10 22:16:32.581 F/DEBUG   (10559): uid: 10151
04-10 22:16:32.581 F/DEBUG   (10559): tagged_addr_ctrl: 0000000000000001 (PR_TAGGED_ADDR_ENABLE)
04-10 22:16:32.581 F/DEBUG   (10559): pac_enabled_keys: 000000000000000f (PR_PAC_APIAKEY, PR_PAC_APIBKEY, PR_PAC_APDAKEY, PR_PAC_APDBKEY)
04-10 22:16:32.581 F/DEBUG   (10559): signal 6 (SIGABRT), code -1 (SI_QUEUE), fault addr --------
04-10 22:16:32.581 F/DEBUG   (10559): Abort message: 'JNI DETECTED ERROR IN APPLICATION: JNI NewGlobalRef called with pending exception java.lang.NoSuchMethodError: no static or non-static method "Laenu/ax360e/Emulator;.push_performance_metrics(FFIIFFF)V"
04-10 22:16:32.581 F/DEBUG   (10559):   at java.lang.String java.lang.Runtime.nativeLoad(java.lang.String, java.lang.ClassLoader, java.lang.Class) (Runtime.java:-2)
04-10 22:16:32.581 F/DEBUG   (10559):   at void java.lang.Runtime.loadLibrary0(java.lang.ClassLoader, java.lang.Class, java.lang.String) (Runtime.java:1079)
04-10 22:16:32.581 F/DEBUG   (10559):   at void java.lang.Runtime.loadLibrary0(java.lang.Class, java.lang.String) (Runtime.java:1003)
04-10 22:16:32.581 F/DEBUG   (10559):   at void java.lang.System.loadLibrary(java.lang.String) (System.java:1765)
04-10 22:16:32.581 F/DEBUG   (10559):   at void aenu.ax360e.Emulator.load_library() (Emulator.java:22)
04-10 22:16:32.581 F/DEBUG   (10559):   at void aenu.ax360e.MainActivity$5.run() (MainActivity.java:184)
04-10 22:16:32.581 F/DEBUG   (10559): 
04-10 22:16:32.581 F/DEBUG   (10559):     in call to NewGlobalRef
04-10 22:16:32.581 F/DEBUG   (10559):     from java.lang.String java.lang.Runtime.nativeLoad(java.lang.String, java.lang.ClassLoader, java.lang.Class)'
04-10 22:16:32.581 F/DEBUG   (10559):     x0  0000000000000000  x1  0000000000002930  x2  0000000000000006  x3  00000074e3491fa0
04-10 22:16:32.581 F/DEBUG   (10559):     x4  5151441f43445342  x5  5151441f43445342  x6  5151441f43445342  x7  0000000000000000
04-10 22:16:32.581 F/DEBUG   (10559):     x8  00000000000000f0  x9  0000007830ae0468  x10 ffffff80fffffb9f  x11 0000000000000000
04-10 22:16:32.581 F/DEBUG   (10559):     x12 00000074e3490cf0  x13 000000000000041e  x14 00000074e3490da0  x15 00000003766d723c
04-10 22:16:32.581 F/DEBUG   (10559):     x16 0000007830b97ff8  x17 0000007830b81e40  x18 00000074e336c000  x19 00000000000028e6
04-10 22:16:32.581 F/DEBUG   (10559):     x20 0000000000002930  x21 00000000ffffffff  x22 0000000000000002  x23 00000074e3493a80
04-10 22:16:32.581 F/DEBUG   (10559):     x24 000000757980e180  x25 00000074e34921c0  x26 000000781ab74600  x27 000000781ab74098
04-10 22:16:32.581 F/DEBUG   (10559):     x28 00000074e34921c0  x29 00000074e3492020
04-10 22:16:32.581 F/DEBUG   (10559):     lr  0000007830b1d128  sp  00000074e3491f80  pc  0000007830b1d158  pst 0000000000001000
04-10 22:16:32.581 F/DEBUG   (10559): 38 total frames
04-10 22:16:32.581 F/DEBUG   (10559): backtrace:
04-10 22:16:32.581 F/DEBUG   (10559):       #00 pc 0000000000060158  /apex/com.android.runtime/lib64/bionic/libc.so (abort+172) (BuildId: a20a70e70c441395f47417211b62894c)
04-10 22:16:32.581 F/DEBUG   (10559):       #01 pc 00000000008307f0  /apex/com.android.art/lib64/libart.so (art::Runtime::Abort(char const*)+1516) (BuildId: 9c5f13329e72afbf247eeea70836f05b)
04-10 22:16:32.581 F/DEBUG   (10559):       #02 pc 0000000000016358  /apex/com.android.art/lib64/libbase.so (android::base::SetAborter(std::__1::function<void (char const*)>&&)::$_0::__invoke(char const*)+84) (BuildId: ba6af1c779a37fdd9e96dbe7f2d68987)
04-10 22:16:32.581 F/DEBUG   (10559):       #03 pc 00000000000158c8  /apex/com.android.art/lib64/libbase.so (android::base::LogMessage::~LogMessage()+520) (BuildId: ba6af1c779a37fdd9e96dbe7f2d68987)
04-10 22:16:32.581 F/DEBUG   (10559):       #04 pc 0000000000653b40  /apex/com.android.art/lib64/libart.so (art::JavaVMExt::JniAbort(char const*, char const*)+2480) (BuildId: 9c5f13329e72afbf247eeea70836f05b)
04-10 22:16:32.581 F/DEBUG   (10559):       #05 pc 0000000000653bbc  /apex/com.android.art/lib64/libart.so (art::JavaVMExt::JniAbortV(char const*, char const*, std::__va_list)+112) (BuildId: 9c5f13329e72afbf247eeea70836f05b)
04-10 22:16:32.581 F/DEBUG   (10559):       #06 pc 00000000006467cc  /apex/com.android.art/lib64/libart.so (art::(anonymous namespace)::ScopedCheck::AbortF(char const*, ...) (.__uniq.99033978352804627313491551960229047428)+144) (BuildId: 9c5f13329e72afbf247eeea70836f05b)
04-10 22:16:32.581 F/DEBUG   (10559):       #07 pc 0000000000644948  /apex/com.android.art/lib64/libart.so (art::(anonymous namespace)::ScopedCheck::CheckPossibleHeapValue(art::ScopedObjectAccess&, char, art::(anonymous namespace)::JniValueType) (.__uniq.99033978352804627313491551960229047428)+1420) (BuildId: 9c5f13329e72afbf247eeea70836f05b)
04-10 22:16:32.581 F/DEBUG   (10559):       #08 pc 0000000000643c08  /apex/com.android.art/lib64/libart.so (art::(anonymous namespace)::ScopedCheck::Check(art::ScopedObjectAccess&, bool, char const*, art::(anonymous namespace)::JniValueType*) (.__uniq.99033978352804627313491551960229047428)+800) (BuildId: 9c5f13329e72afbf247eeea70836f05b)
04-10 22:16:32.581 F/DEBUG   (10559):       #09 pc 0000000000646e7c  /apex/com.android.art/lib64/libart.so (art::(anonymous namespace)::CheckJNI::NewRef(char const*, _JNIEnv*, _jobject*, art::IndirectRefKind) (.__uniq.99033978352804627313491551960229047428)+612) (BuildId: 9c5f13329e72afbf247eeea70836f05b)
04-10 22:16:32.581 F/DEBUG   (10559):       #10 pc 0000000000881f8c  /apex/com.android.art/lib64/libart.so (art::Thread::SetClassLoaderOverride(_jobject*)+68) (BuildId: 9c5f13329e72afbf247eeea70836f05b)
04-10 22:16:32.581 F/DEBUG   (10559):       #11 pc 00000000006575fc  /apex/com.android.art/lib64/libart.so (art::JavaVMExt::LoadNativeLibrary(_JNIEnv*, std::__1::basic_string<char, std::__1::char_traits<char>, std::__1::allocator<char>> const&, _jobject*, _jclass*, std::__1::basic_string<char, std::__1::char_traits<char>, std::__1::allocator<char>>*)+3152) (BuildId: 9c5f13329e72afbf247eeea70836f05b)
04-10 22:16:32.581 F/DEBUG   (10559):       #12 pc 0000000000005a24  /apex/com.android.art/lib64/libopenjdkjvm.so (JVM_NativeLoad+360) (BuildId: 71bf7595fb8554656b1aa355dab806cc)
04-10 22:16:32.581 F/DEBUG   (10559):       #13 pc 00000000003ce5e0  [anon_shmem:dalvik-jit-code-cache] (offset 0x2000000) (art_jni_trampoline+176)
04-10 22:16:32.581 F/DEBUG   (10559):       #14 pc 00000000000214d8  [anon_shmem:dalvik-jit-code-cache] (offset 0x2000000) (java.lang.Runtime.loadLibrary0+408)
04-10 22:16:32.581 F/DEBUG   (10559):       #15 pc 0000000000020c40  [anon_shmem:dalvik-jit-code-cache] (offset 0x2000000) (java.lang.Runtime.loadLibrary0+160)
04-10 22:16:32.581 F/DEBUG   (10559):       #16 pc 00000000000209d0  [anon_shmem:dalvik-jit-code-cache] (offset 0x2000000) (java.lang.System.loadLibrary+160)
04-10 22:16:32.581 F/DEBUG   (10559):       #17 pc 0000000000210a40  /apex/com.android.art/lib64/libart.so (art_quick_invoke_static_stub+640) (BuildId: 9c5f13329e72afbf247eeea70836f05b)
04-10 22:16:32.581 F/DEBUG   (10559):       #18 pc 0000000000472050  /apex/com.android.art/lib64/libart.so (art::ArtMethod::Invoke(art::Thread*, unsigned int*, unsigned int, art::JValue*, char const*)+216) (BuildId: 9c5f13329e72afbf247eeea70836f05b)
04-10 22:16:32.581 F/DEBUG   (10559):       #19 pc 00000000005d3ecc  /apex/com.android.art/lib64/libart.so (bool art::interpreter::DoCall<false>(art::ArtMethod*, art::Thread*, art::ShadowFrame&, art::Instruction const*, unsigned short, bool, art::JValue*)+1920) (BuildId: 9c5f13329e72afbf247eeea70836f05b)
04-10 22:16:32.581 F/DEBUG   (10559):       #20 pc 000000000022f5c0  /apex/com.android.art/lib64/libart.so (void art::interpreter::ExecuteSwitchImplCpp<false>(art::interpreter::SwitchImplContext*)+14392) (BuildId: 9c5f13329e72afbf247eeea70836f05b)
04-10 22:16:32.581 F/DEBUG   (10559):       #21 pc 00000000002295d8  /apex/com.android.art/lib64/libart.so (ExecuteSwitchImplAsm+8) (BuildId: 9c5f13329e72afbf247eeea70836f05b)
04-10 22:16:32.581 F/DEBUG   (10559):       #22 pc 000000000000f38c  <anonymous:754567f000> (aenu.ax360e.Emulator.load_library+0)
04-10 22:16:32.581 F/DEBUG   (10559):       #23 pc 00000000005ccc5c  /apex/com.android.art/lib64/libart.so (art::interpreter::Execute(art::Thread*, art::CodeItemDataAccessor const&, art::ShadowFrame&, art::JValue, bool, bool) (.__uniq.112435418011751916792819755956732575238)+444) (BuildId: 9c5f13329e72afbf247eeea70836f05b)
04-10 22:16:32.581 F/DEBUG   (10559):       #24 pc 00000000005d3390  /apex/com.android.art/lib64/libart.so (art::interpreter::ArtInterpreterToInterpreterBridge(art::Thread*, art::CodeItemDataAccessor const&, art::ShadowFrame*, art::JValue*)+104) (BuildId: 9c5f13329e72afbf247eeea70836f05b)
04-10 22:16:32.581 F/DEBUG   (10559):       #25 pc 00000000005d3eb0  /apex/com.android.art/lib64/libart.so (bool art::interpreter::DoCall<false>(art::ArtMethod*, art::Thread*, art::ShadowFrame&, art::Instruction const*, unsigned short, bool, art::JValue*)+1892) (BuildId: 9c5f13329e72afbf247eeea70836f05b)
04-10 22:16:32.581 F/DEBUG   (10559):       #26 pc 000000000022f5c0  /apex/com.android.art/lib64/libart.so (void art::interpreter::ExecuteSwitchImplCpp<false>(art::interpreter::SwitchImplContext*)+14392) (BuildId: 9c5f13329e72afbf247eeea70836f05b)
04-10 22:16:32.581 F/DEBUG   (10559):       #27 pc 00000000002295d8  /apex/com.android.art/lib64/libart.so (ExecuteSwitchImplAsm+8) (BuildId: 9c5f13329e72afbf247eeea70836f05b)
04-10 22:16:32.581 F/DEBUG   (10559):       #28 pc 0000000000012a80  <anonymous:754567f000> (aenu.ax360e.MainActivity$5.run+0)
04-10 22:16:32.581 F/DEBUG   (10559):       #29 pc 00000000005ccc5c  /apex/com.android.art/lib64/libart.so (art::interpreter::Execute(art::Thread*, art::CodeItemDataAccessor const&, art::ShadowFrame&, art::JValue, bool, bool) (.__uniq.112435418011751916792819755956732575238)+444) (BuildId: 9c5f13329e72afbf247eeea70836f05b)
04-10 22:16:32.581 F/DEBUG   (10559):       #30 pc 0000000000928598  /apex/com.android.art/lib64/libart.so (artQuickToInterpreterBridge+672) (BuildId: 9c5f13329e72afbf247eeea70836f05b)
04-10 22:16:32.581 F/DEBUG   (10559):       #31 pc 0000000000227098  /apex/com.android.art/lib64/libart.so (art_quick_to_interpreter_bridge+88) (BuildId: 9c5f13329e72afbf247eeea70836f05b)
04-10 22:16:32.581 F/DEBUG   (10559):       #32 pc 0000000000210774  /apex/com.android.art/lib64/libart.so (art_quick_invoke_stub+612) (BuildId: 9c5f13329e72afbf247eeea70836f05b)
04-10 22:16:32.581 F/DEBUG   (10559):       #33 pc 0000000000472018  /apex/com.android.art/lib64/libart.so (art::ArtMethod::Invoke(art::Thread*, unsigned int*, unsigned int, art::JValue*, char const*)+160) (BuildId: 9c5f13329e72afbf247eeea70836f05b)
04-10 22:16:32.581 F/DEBUG   (10559):       #34 pc 0000000000871e54  /apex/com.android.art/lib64/libart.so (art::Thread::CreateCallback(void*)+1420) (BuildId: 9c5f13329e72afbf247eeea70836f05b)
04-10 22:16:32.581 F/DEBUG   (10559):       #35 pc 00000000008718b4  /apex/com.android.art/lib64/libart.so (art::Thread::CreateCallbackWithUffdGc(void*)+12) (BuildId: 9c5f13329e72afbf247eeea70836f05b)
04-10 22:16:32.581 F/DEBUG   (10559):       #36 pc 0000000000071b3c  /apex/com.android.runtime/lib64/bionic/libc.so (__pthread_start(void*)+196) (BuildId: a20a70e70c441395f47417211b62894c)
04-10 22:16:32.581 F/DEBUG   (10559):       #37 pc 0000000000063c38  /apex/com.android.runtime/lib64/bionic/libc.so (__start_thread+68) (BuildId: a20a70e70c441395f47417211b62894c)
04-10 22:16:32.590 E/tombstoned( 1217): Tombstone written to: tombstone_30
04-10 22:16:32.592 E/ActivityTaskManager( 2396): Unable to get servicetracker HAL instance
04-10 22:16:32.594 E/ActivityTaskManager( 2396): Unable to get servicetracker HAL instance
04-10 22:16:32.594 E/ActivityTaskManager( 2396): Unable to get servicetracker HAL instance
04-10 22:16:32.594 E/ActivityTaskManager( 2396): Unable to get servicetracker HAL instance
04-10 22:16:32.594 E/ActivityTaskManager( 2396): Unable to get servicetracker HAL instance
04-10 22:16:32.595 E/Thermal-Lib( 3449): Thermal-Lib-Client:thermal_client_config_query: could not connect to socket
04-10 22:16:32.616 E/droid.deskclock(10568): Not starting debugger since process cannot load the jdwp agent.
04-10 22:16:32.620 E/ActivityTaskManager( 2396): Unable to get servicetracker HAL instance
04-10 22:16:32.620 E/ActivityTaskManager( 2396): Unable to get servicetracker HAL instance
04-10 22:16:32.620 E/ActivityTaskManager( 2396): Unable to get servicetracker HAL instance
04-10 22:16:32.620 E/ActivityTaskManager( 2396): Unable to get servicetracker HAL instance
04-10 22:16:32.623 E/.android.chrome(10571): Not starting debugger since process cannot load the jdwp agent.
04-10 22:16:32.792 E/BpTransactionCompletedListener( 1607): Failed to transact (-32)
04-10 22:16:32.929 E/IPCThreadState( 2396): Binder transaction failure. id: 511387, BR_*: 29189, error: -22 (Invalid argument)
04-10 22:16:32.950 E/BpTransactionCompletedListener( 1607): Failed to transact (-32)
04-10 22:16:33.688 E/ActivityTaskManager( 2396): Unable to get servicetracker HAL instance
04-10 22:16:33.688 E/ActivityTaskManager( 2396): Unable to get servicetracker HAL instance
04-10 22:16:33.689 E/CellBroadcastUtils( 2396): getDefaultCellBroadcastReceiverPackageName: no package found
04-10 22:16:33.691 E/ActivityTaskManager( 2396): Unable to get servicetracker HAL instance
04-10 22:16:33.691 E/Thermal-Lib( 3449): Thermal-Lib-Client:thermal_client_config_query: could not connect to socket
04-10 22:16:33.692 E/ActivityTaskManager( 2396): START u0 {act=android.intent.action.MAIN cat=[android.intent.category.LAUNCHER] flg=0x10200000 cmp=aenu.ax360e/.MainActivity bnds=[0,200][320,477]} with LAUNCH_SINGLE_TASK from uid 10079 (BAL_ALLOW_VISIBLE_WINDOW) result code=0
04-10 22:16:33.693 E/ActivityTaskManager( 2396): Unable to get servicetracker HAL instance
04-10 22:16:33.693 E/Thermal-Lib( 3449): Thermal-Lib-Client:thermal_client_config_query: could not connect to socket
04-10 22:16:33.710 E/PERFHAL-RESOURCEQS( 1521): PERFHAL-RESOURCEQS: AddAndApply() 136: Resource value ffffffff is not supported
04-10 22:16:33.710 E/PERFHAL-UTIL( 1521): PERFHAL-UTIL: change_node_val() 204: Failed to update node /proc/sys/walt/sched_per_task_boost with value 10470 0
04-10 22:16:33.710 E/PERFHAL-OPTSHANDLER( 1521): PERFHAL-OPTSHANDLER: sched_reset_task_boost() 3863: can't reset task 10470
04-10 22:16:33.710 E/PERFHAL-RESOURCEQS( 1521): PERFHAL-RESOURCEQS: RemoveAndApply() 385: Failed to reset optimization [3, 32]
04-10 22:16:33.843 E/ActivityTaskManager( 2396): Unable to get servicetracker HAL instance
04-10 22:16:33.848 E/qspmHal ( 1539): GPU profile file NOT found !!
04-10 22:16:33.946 E/PERFHAL-BOOSTCONFIG( 1521): PERFHAL-BOOSTCONFIG: GetBoostConfig() 1456: Not able to fetch object
04-10 22:16:33.946 E/ActivityTaskManager( 2396): Displayed aenu.ax360e/.MainActivity for user 0: +257ms
04-10 22:16:33.946 E/ActivityTaskManager( 2396): Displayed aenu.ax360e/.MainActivity for user 0: +257ms
04-10 22:16:34.098 E/sec_channel  : Modemcomm( 1468): Init Instance on handle:0 failed with -3 
04-10 22:16:34.098 E/sec_channel  : Modemcomm( 1468): Failed to get handle of SSGSCA service as well - exiting
04-10 22:16:34.222 E/ActivityTaskManager( 2396): Unable to get servicetracker HAL instance
04-10 22:16:34.222 E/ActivityTaskManager( 2396): Unable to get servicetracker HAL instance
04-10 22:16:34.237 E/ActivityTaskManager( 2396): Unable to get servicetracker HAL instance
04-10 22:16:34.237 E/ActivityTaskManager( 2396): Unable to get servicetracker HAL instance
04-10 22:16:34.405 E/aenu.ax360e(10608): ----- class 'Laenu/ax360e/Emulator;' cl=0x141213f8 -----
04-10 22:16:34.405 E/aenu.ax360e(10608):   objectSize=396 (328 from super)
04-10 22:16:34.405 E/aenu.ax360e(10608):   access=0x0000.0001
04-10 22:16:34.405 E/aenu.ax360e(10608):   super='java.lang.Class<aenu.emulator.Emulator>' (cl=0x141213f8)
04-10 22:16:34.405 E/aenu.ax360e(10608):   vtable (8 entries, 13 in super):
04-10 22:16:34.405 E/aenu.ax360e(10608):      0: java.lang.String aenu.ax360e.Emulator.generate_config_xml(java.lang.String)
04-10 22:16:34.405 E/aenu.ax360e(10608):      1: aenu.ax360e.Emulator$GameInfo aenu.ax360e.Emulator.meta_info_from_god_game(android.content.Context, java.lang.String)
04-10 22:16:34.405 E/aenu.ax360e(10608):      2: void aenu.ax360e.Emulator.push_performance_metrics(float, float, int, float, float, float)
04-10 22:16:34.405 E/aenu.ax360e(10608):      3: void aenu.ax360e.Emulator.setup_context(android.content.Context)
04-10 22:16:34.405 E/aenu.ax360e(10608):      4: void aenu.ax360e.Emulator.setup_document_file_tree(androidx.documentfile.provider.DocumentFile)
04-10 22:16:34.405 E/aenu.ax360e(10608):      5: void aenu.ax360e.Emulator.setup_launch_args(java.lang.String[])
04-10 22:16:34.405 E/aenu.ax360e(10608):      6: void aenu.ax360e.Emulator.setup_uri_info_list_file(java.lang.String)
04-10 22:16:34.405 E/aenu.ax360e(10608):      7: java.lang.String aenu.ax360e.Emulator.simple_device_info()
04-10 22:16:34.405 E/aenu.ax360e(10608):   direct methods (4 entries):
04-10 22:16:34.405 E/aenu.ax360e(10608):      0: void aenu.ax360e.Emulator.<clinit>()
04-10 22:16:34.405 E/aenu.ax360e(10608):      1: void aenu.ax360e.Emulator.<init>()
04-10 22:16:34.405 E/aenu.ax360e(10608):      2: void aenu.ax360e.Emulator.load_library()
04-10 22:16:34.405 E/aenu.ax360e(10608):      3: int aenu.ax360e.Emulator.nc_open_uri_fd(android.content.Context, android.net.Uri)
04-10 22:16:34.405 E/aenu.ax360e(10608):   static fields (1 entries):
04-10 22:16:34.405 E/aenu.ax360e(10608):      0: aenu.ax360e.Emulator aenu.ax360e.Emulator.get
04-10 22:16:34.405 E/aenu.ax360e(10608): Failed to register native method aenu.ax360e.Emulator.push_performance_metrics(FFIIFFF)V in /data/app/~~tmRh0ceXLu0qS9x8hHY9Gw==/aenu.ax360e-fxEPY9RiPsiYgtgwXi5o_Q==/base.apk!classes7.dex
04-10 22:16:34.405 F/aenu.ax360e(10608): java_vm_ext.cc:598] JNI DETECTED ERROR IN APPLICATION: JNI NewGlobalRef called with pending exception java.lang.NoSuchMethodError: no static or non-static method "Laenu/ax360e/Emulator;.push_performance_metrics(FFIIFFF)V"
04-10 22:16:34.405 F/aenu.ax360e(10608): java_vm_ext.cc:598]   at java.lang.String java.lang.Runtime.nativeLoad(java.lang.String, java.lang.ClassLoader, java.lang.Class) (Runtime.java:-2)
04-10 22:16:34.405 F/aenu.ax360e(10608): java_vm_ext.cc:598]   at void java.lang.Runtime.loadLibrary0(java.lang.ClassLoader, java.lang.Class, java.lang.String) (Runtime.java:1079)
04-10 22:16:34.405 F/aenu.ax360e(10608): java_vm_ext.cc:598]   at void java.lang.Runtime.loadLibrary0(java.lang.Class, java.lang.String) (Runtime.java:1003)
04-10 22:16:34.405 F/aenu.ax360e(10608): java_vm_ext.cc:598]   at void java.lang.System.loadLibrary(java.lang.String) (System.java:1765)
04-10 22:16:34.405 F/aenu.ax360e(10608): java_vm_ext.cc:598]   at void aenu.ax360e.Emulator.load_library() (Emulator.java:22)
04-10 22:16:34.405 F/aenu.ax360e(10608): java_vm_ext.cc:598]   at void aenu.ax360e.MainActivity$5.run() (MainActivity.java:184)
04-10 22:16:34.405 F/aenu.ax360e(10608): java_vm_ext.cc:598] 
04-10 22:16:34.405 F/aenu.ax360e(10608): java_vm_ext.cc:598]     in call to NewGlobalRef
04-10 22:16:34.405 F/aenu.ax360e(10608): java_vm_ext.cc:598]     from java.lang.String java.lang.Runtime.nativeLoad(java.lang.String, java.lang.ClassLoader, java.lang.Class)
04-10 22:16:34.462 F/aenu.ax360e(10608): runtime.cc:708] Runtime aborting...
04-10 22:16:34.462 F/aenu.ax360e(10608): runtime.cc:708] Dumping all threads without mutator lock held
04-10 22:16:34.462 F/aenu.ax360e(10608): runtime.cc:708] All threads:
04-10 22:16:34.462 F/aenu.ax360e(10608): runtime.cc:708] DALVIK THREADS (18):
04-10 22:16:34.462 F/aenu.ax360e(10608): runtime.cc:708] "main" prio=10 tid=1 Native
04-10 22:16:34.462 F/aenu.ax360e(10608): runtime.cc:708]   | group="" sCount=1 ucsCount=0 flags=1 obj=0x71dfa270 self=0xb40000772f298010
04-10 22:16:34.462 F/aenu.ax360e(10608): runtime.cc:708]   | sysTid=10608 nice=-10 cgrp=top-app sched=0/0 handle=0x784e0b8d20
04-10 22:16:34.462 F/aenu.ax360e(10608): runtime.cc:708]   | state=S schedstat=( 209367854 2710933 242 ) utm=17 stm=3 core=4 HZ=100
04-10 22:16:34.462 F/aenu.ax360e(10608): runtime.cc:708]   | stack=0x7ff78dd000-0x7ff78df000 stackSize=8188KB
04-10 22:16:34.462 F/aenu.ax360e(10608): runtime.cc:708]   | held mutexes=
04-10 22:16:34.462 F/aenu.ax360e(10608): runtime.cc:708]   native: #00 pc 00087d20  /apex/com.android.runtime/lib64/bionic/libc.so (syscall+32) (BuildId: a20a70e70c441395f47417211b62894c)
04-10 22:16:34.462 F/aenu.ax360e(10608): runtime.cc:708]   native: #01 pc 0047c7c8  /apex/com.android.art/lib64/libart.so (art::ConditionVariable::WaitHoldingLocks+140) (BuildId: 9c5f13329e72afbf247eeea70836f05b)
04-10 22:16:34.462 F/aenu.ax360e(10608): runtime.cc:708]   native: #02 pc 00927024  /apex/com.android.art/lib64/libart.so (artJniMethodEnd+388) (BuildId: 9c5f13329e72afbf247eeea70836f05b)
04-10 22:16:34.462 F/aenu.ax360e(10608): runtime.cc:708]   native: #03 pc 0020f93c  /apex/com.android.art/lib64/libart.so (art_jni_method_end+12) (BuildId: 9c5f13329e72afbf247eeea70836f05b)
04-10 22:16:34.462 F/aenu.ax360e(10608): runtime.cc:708]   native: #04 pc 003b7928  [anon_shmem:dalvik-jit-code-cache] (offset 2000000) (art_jni_trampoline+280)
04-10 22:16:34.462 F/aenu.ax360e(10608): runtime.cc:708]   native: #05 pc 00056c8c  [anon_shmem:dalvik-jit-code-cache] (offset 2000000) (android.os.MessageQueue.next+332)
04-10 22:16:34.462 F/aenu.ax360e(10608): runtime.cc:708]   native: #06 pc 00056094  [anon_shmem:dalvik-jit-code-cache] (offset 2000000) (android.os.Looper.loopOnce+164)
04-10 22:16:34.462 F/aenu.ax360e(10608): runtime.cc:708]   native: #07 pc 00210a40  /apex/com.android.art/lib64/libart.so (art_quick_invoke_static_stub+640) (BuildId: 9c5f13329e72afbf247eeea70836f05b)
04-10 22:16:34.462 F/aenu.ax360e(10608): runtime.cc:708]   native: #08 pc 00472050  /apex/com.android.art/lib64/libart.so (art::ArtMethod::Invoke+216) (BuildId: 9c5f13329e72afbf247eeea70836f05b)
04-10 22:16:34.462 F/aenu.ax360e(10608): runtime.cc:708]   native: #09 pc 005d3ecc  /apex/com.android.art/lib64/libart.so (bool art::interpreter::DoCall<false>+1920) (BuildId: 9c5f13329e72afbf247eeea70836f05b)
04-10 22:16:34.462 F/aenu.ax360e(10608): runtime.cc:708]   native: #10 pc 0022f5c0  /apex/com.android.art/lib64/libart.so (void art::interpreter::ExecuteSwitchImplCpp<false>+14392) (BuildId: 9c5f13329e72afbf247eeea70836f05b)
04-10 22:16:34.462 F/aenu.ax360e(10608): runtime.cc:708]   native: #11 pc 002295d8  /apex/com.android.art/lib64/libart.so (ExecuteSwitchImplAsm+8) (BuildId: 9c5f13329e72afbf247eeea70836f05b)
04-10 22:16:34.462 F/aenu.ax360e(10608): runtime.cc:708]   native: #12 pc 002177d4  /system/framework/framework.jar (android.os.Looper.loop)
04-10 22:16:34.462 F/aenu.ax360e(10608): runtime.cc:708]   native: #13 pc 005ccc5c  /apex/com.android.art/lib64/libart.so (art::interpreter::Execute +444) (BuildId: 9c5f13329e72afbf247eeea70836f05b)
04-10 22:16:34.462 F/aenu.ax360e(10608): runtime.cc:708]   native: #14 pc 005d3390  /apex/com.android.art/lib64/libart.so (art::interpreter::ArtInterpreterToInterpreterBridge+104) (BuildId: 9c5f13329e72afbf247eeea70836f05b)
04-10 22:16:34.462 F/aenu.ax360e(10608): runtime.cc:708]   native: #15 pc 005d3eb0  /apex/com.android.art/lib64/libart.so (bool art::interpreter::DoCall<false>+1892) (BuildId: 9c5f13329e72afbf247eeea70836f05b)
04-10 22:16:34.462 F/aenu.ax360e(10608): runtime.cc:708]   native: #16 pc 0022f5c0  /apex/com.android.art/lib64/libart.so (void art::interpreter::ExecuteSwitchImplCpp<false>+14392) (BuildId: 9c5f13329e72afbf247eeea70836f05b)
04-10 22:16:34.462 F/aenu.ax360e(10608): runtime.cc:708]   native: #17 pc 002295d8  /apex/com.android.art/lib64/libart.so (ExecuteSwitchImplAsm+8) (BuildId: 9c5f13329e72afbf247eeea70836f05b)
04-10 22:16:34.462 F/aenu.ax360e(10608): runtime.cc:708]   native: #18 pc 001d78f4  /system/framework/framework.jar (android.app.ActivityThread.main)
04-10 22:16:34.462 F/aenu.ax360e(10608): runtime.cc:708]   native: #19 pc 005ccc5c  /apex/com.android.art/lib64/libart.so (art::interpreter::Execute +444) (BuildId: 9c5f13329e72afbf247eeea70836f05b)
04-10 22:16:34.462 F/aenu.ax360e(10608): runtime.cc:708]   native: #20 pc 00928598  /apex/com.android.art/lib64/libart.so (artQuickToInterpreterBridge+672) (BuildId: 9c5f13329e72afbf247eeea70836f05b)
04-10 22:16:34.462 F/aenu.ax360e(10608): runtime.cc:708]   native: #21 pc 00227098  /apex/com.android.art/lib64/libart.so (art_quick_to_interpreter_bridge+88) (BuildId: 9c5f13329e72afbf247eeea70836f05b)
04-10 22:16:34.462 F/aenu.ax360e(10608): runtime.cc:708]   native: #22 pc 00210a40  /apex/com.android.art/lib64/libart.so (art_quick_invoke_static_stub+640) (BuildId: 9c5f13329e72afbf247eeea70836f05b)
04-10 22:16:34.462 F/aenu.ax360e(10608): runtime.cc:708]   native: #23 pc 00472050  /apex/com.android.art/lib64/libart.so (art::ArtMethod::Invoke+216) (BuildId: 9c5f13329e72afbf247eeea70836f05b)
04-10 22:16:34.462 F/aenu.ax360e(10608): runtime.cc:708]   native: #24 pc 00827278  /apex/com.android.art/lib64/libart.so (_jobject* art::InvokeMethod<8>+2108) (BuildId: 9c5f13329e72afbf247eeea70836f05b)
04-10 22:16:34.462 F/aenu.ax360e(10608): runtime.cc:708]   native: #25 pc 007938a4  /apex/com.android.art/lib64/libart.so (art::Method_invoke +36) (BuildId: 9c5f13329e72afbf247eeea70836f05b)
04-10 22:16:34.462 F/aenu.ax360e(10608): runtime.cc:708]   native: #26 pc 00226f70  /apex/com.android.art/lib64/libart.so (art_quick_generic_jni_trampoline+144) (BuildId: 9c5f13329e72afbf247eeea70836f05b)
04-10 22:16:34.462 F/aenu.ax360e(10608): runtime.cc:708]   native: #27 pc 00210774  /apex/com.android.art/lib64/libart.so (art_quick_invoke_stub+612) (BuildId: 9c5f13329e72afbf247eeea70836f05b)
04-10 22:16:34.462 F/aenu.ax360e(10608): runtime.cc:708]   native: #28 pc 00472018  /apex/com.android.art/lib64/libart.so (art::ArtMethod::Invoke+160) (BuildId: 9c5f13329e72afbf247eeea70836f05b)
04-10 22:16:34.462 F/aenu.ax360e(10608): runtime.cc:708]   native: #29 pc 005d3ecc  /apex/com.android.art/lib64/libart.so (bool art::interpreter::DoCall<false>+1920) (BuildId: 9c5f13329e72afbf247eeea70836f05b)
04-10 22:16:34.462 F/aenu.ax360e(10608): runtime.cc:708]   native: #30 pc 0022f248  /apex/com.android.art/lib64/libart.so (void art::interpreter::ExecuteSwitchImplCpp<false>+13504) (BuildId: 9c5f13329e72afbf247eeea70836f05b)
04-10 22:16:34.462 F/aenu.ax360e(10608): runtime.cc:708]   native: #31 pc 002295d8  /apex/com.android.art/lib64/libart.so (ExecuteSwitchImplAsm+8) (BuildId: 9c5f13329e72afbf247eeea70836f05b)
04-10 22:16:34.462 F/aenu.ax360e(10608): runtime.cc:708]   native: #32 pc 001d3f04  /system/framework/framework.jar (com.android.internal.os.RuntimeInit$MethodAndArgsCaller.run)
04-10 22:16:34.462 F/aenu.ax360e(10608): runtime.cc:708]   native: #33 pc 005ccc5c  /apex/com.android.art/lib64/libart.so (art::interpreter::Execute +444) (BuildId: 9c5f13329e72afbf247eeea70836f05b)
04-10 22:16:34.462 F/aenu.ax360e(10608): runtime.cc:708]   native: #34 pc 00928598  /apex/com.android.art/lib64/libart.so (artQuickToInterpreterBridge+672) (BuildId: 9c5f13329e72afbf247eeea70836f05b)
04-10 22:16:34.462 F/aenu.ax360e(10608): runtime.cc:708]   native: #35 pc 00227098  /apex/com.android.art/lib64/libart.so (art_quick_to_interpreter_bridge+88) (BuildId: 9c5f13329e72afbf247eeea70836f05b)
04-10 22:16:34.462 F/aenu.ax360e(10608): runtime.cc:708]   at android.os.MessageQueue.nativePollOnce(Native method)
04-10 22:16:34.462 F/aenu.ax360e(10608): runtime.cc:708]   at android.os.MessageQueue.next(MessageQueue.java:346)
04-10 22:16:34.462 F/aenu.ax360e(10608): runtime.cc:708]   at android.os.Looper.loopOnce(Looper.java:189)
04-10 22:16:34.462 F/aenu.ax360e(10608): runtime.cc:708]   at android.os.Looper.loop(Looper.java:317)
04-10 22:16:34.462 F/aenu.ax360e(10608): runtime.cc:708]   at android.app.ActivityThread.main(ActivityThread.java:8751)
04-10 22:16:34.462 F/aenu.ax360e(10608): runtime.cc:708]   at java.lang.reflect.Method.invoke(Native method)
04-10 22:16:34.462 F/aenu.ax360e(10608): runtime.cc:708]   at com.android.internal.os.RuntimeInit$MethodAndArgsCaller.run(RuntimeInit.java:580)
04-10 22:16:34.462 F/aenu.ax360e(10608): runtime.cc:708]   at com.android.internal.os.ZygoteInit.main(ZygoteInit.java:892)
04-10 22:16:34.462 F/aenu.ax360e(10608): runtime.cc:708] 
04-10 22:16:34.462 F/aenu.ax360e(10608): runtime.cc:708] "ReferenceQueueDaemon" prio=5 tid=7 Waiting
04-10 22:16:34.462 F/aenu.ax360e(10608): runtime.cc:708]   | group="" sCount=1 ucsCount=0 flags=1 obj=0x140e9440 self=0x772f29b7b0
04-10 22:16:34.462 F/aenu.ax360e(10608): runtime.cc:708]   | sysTid=10621 nice=4 cgrp=top-app sched=0/0 handle=0x754a498730
04-10 22:16:34.462 F/aenu.ax360e(10608): runtime.cc:708]   | state=S schedstat=( 83125 1875 2 ) utm=0 stm=0 core=1 HZ=100
04-10 22:16:34.462 F/aenu.ax360e(10608): runtime.cc:708]   | stack=0x754a395000-0x754a397000 stackSize=1037KB
04-10 22:16:34.462 F/aenu.ax360e(10608): runtime.cc:708]   | held mutexes=
04-10 22:16:34.462 F/aenu.ax360e(10608): runtime.cc:708]   native: #00 pc 00087d20  /apex/com.android.runtime/lib64/bionic/libc.so (syscall+32) (BuildId: a20a70e70c441395f47417211b62894c)
04-10 22:16:34.462 F/aenu.ax360e(10608): runtime.cc:708]   native: #01 pc 0047c7c8  /apex/com.android.art/lib64/libart.so (art::ConditionVariable::WaitHoldingLocks+140) (BuildId: 9c5f13329e72afbf247eeea70836f05b)
04-10 22:16:34.462 F/aenu.ax360e(10608): runtime.cc:708]   native: #02 pc 00759aa4  /apex/com.android.art/lib64/libart.so (art::Monitor::Wait+1316) (BuildId: 9c5f13329e72afbf247eeea70836f05b)
04-10 22:16:34.462 F/aenu.ax360e(10608): runtime.cc:708]   native: #03 pc 00226f70  /apex/com.android.art/lib64/libart.so (art_quick_generic_jni_trampoline+144) (BuildId: 9c5f13329e72afbf247eeea70836f05b)
04-10 22:16:34.462 F/aenu.ax360e(10608): runtime.cc:708]   native: #04 pc 00210774  /apex/com.android.art/lib64/libart.so (art_quick_invoke_stub+612) (BuildId: 9c5f13329e72afbf247eeea70836f05b)
04-10 22:16:34.462 F/aenu.ax360e(10608): runtime.cc:708]   native: #05 pc 00472018  /apex/com.android.art/lib64/libart.so (art::ArtMethod::Invoke+160) (BuildId: 9c5f13329e72afbf247eeea70836f05b)
04-10 22:16:34.462 F/aenu.ax360e(10608): runtime.cc:708]   native: #06 pc 005d3ecc  /apex/com.android.art/lib64/libart.so (bool art::interpreter::DoCall<false>+1920) (BuildId: 9c5f13329e72afbf247eeea70836f05b)
04-10 22:16:34.462 F/aenu.ax360e(10608): runtime.cc:708]   native: #07 pc 0022f248  /apex/com.android.art/lib64/libart.so (void art::interpreter::ExecuteSwitchImplCpp<false>+13504) (BuildId: 9c5f13329e72afbf247eeea70836f05b)
04-10 22:16:34.462 F/aenu.ax360e(10608): runtime.cc:708]   native: #08 pc 002295d8  /apex/com.android.art/lib64/libart.so (ExecuteSwitchImplAsm+8) (BuildId: 9c5f13329e72afbf247eeea70836f05b)
04-10 22:16:34.462 F/aenu.ax360e(10608): runtime.cc:708]   native: #09 pc 00106780  /apex/com.android.art/javalib/core-oj.jar (java.lang.Object.wait)
04-10 22:16:34.462 F/aenu.ax360e(10608): runtime.cc:708]   native: #10 pc 005ccc5c  /apex/com.android.art/lib64/libart.so (art::interpreter::Execute +444) (BuildId: 9c5f13329e72afbf247eeea70836f05b)
04-10 22:16:34.462 F/aenu.ax360e(10608): runtime.cc:708]   native: #11 pc 005d3390  /apex/com.android.art/lib64/libart.so (art::interpreter::ArtInterpreterToInterpreterBridge+104) (BuildId: 9c5f13329e72afbf247eeea70836f05b)
04-10 22:16:34.462 F/aenu.ax360e(10608): runtime.cc:708]   native: #12 pc 005d3eb0  /apex/com.android.art/lib64/libart.so (bool art::interpreter::DoCall<false>+1892) (BuildId: 9c5f13329e72afbf247eeea70836f05b)
04-10 22:16:34.462 F/aenu.ax360e(10608): runtime.cc:708]   native: #13 pc 0022f248  /apex/com.android.art/lib64/libart.so (void art::interpreter::ExecuteSwitchImplCpp<false>+13504) (BuildId: 9c5f13329e72afbf247eeea70836f05b)
04-10 22:16:34.462 F/aenu.ax360e(10608): runtime.cc:708]   native: #14 pc 002295d8  /apex/com.android.art/lib64/libart.so (ExecuteSwitchImplAsm+8) (BuildId: 9c5f13329e72afbf247eeea70836f05b)
04-10 22:16:34.462 F/aenu.ax360e(10608): runtime.cc:708]   native: #15 pc 00106764  /apex/com.android.art/javalib/core-oj.jar (java.lang.Object.wait)
04-10 22:16:34.462 F/aenu.ax360e(10608): runtime.cc:708]   native: #16 pc 005ccc5c  /apex/com.android.art/lib64/libart.so (art::interpreter::Execute +444) (BuildId: 9c5f13329e72afbf247eeea70836f05b)
04-10 22:16:34.462 F/aenu.ax360e(10608): runtime.cc:708]   native: #17 pc 005d3390  /apex/com.android.art/lib64/libart.so (art::interpreter::ArtInterpreterToInterpreterBridge+104) (BuildId: 9c5f13329e72afbf247eeea70836f05b)
04-10 22:16:34.462 F/aenu.ax360e(10608): runtime.cc:708]   native: #18 pc 005d3eb0  /apex/com.android.art/lib64/libart.so (bool art::interpreter::DoCall<false>+1892) (BuildId: 9c5f13329e72afbf247eeea70836f05b)
