04-12 14:17:10.993  2387  2552 V WindowManager:     info={id=430 t=OPEN f=0x0 trk=0 r=[0@Point(0, 0)] c=[
04-12 14:17:10.993  2387  2552 V WindowManager:         {null m=OPEN f=FILLS_TASK|IS_BEHIND_STARTING_WINDOW leash=Surface(name=ActivityRecord{558618 u0 aenu.ax360e/.EmulatorActivity)/@0xc29b3a sb=Rect(0, 0 - 0, 0) eb=Rect(0, 0 - 1920, 1080) d=-1->0 r=-1->1:-1 bc=fffef7ff component=aenu.ax360e/.EmulatorActivity},
04-12 14:17:10.993  2387  2552 V WindowManager:         {null m=TO_BACK f=FILLS_TASK|IS_BEHIND_STARTING_WINDOW leash=Surface(name=ActivityRecord{efb10a7 u0 aenu.ax360e/.MainActivity)/@0xef0e678 sb=Rect(0, 0 - 1920, 1080) eb=Rect(0, 0 - 1920, 1080) d=0 bc=fffef7ff component=aenu.ax360e/.MainActivity}
04-12 14:17:10.993  2387  2552 V WindowManager:     ]}
04-12 14:17:10.993  2858  3163 V WindowManagerShell: onTransitionReady(transaction=10252086973675)
04-12 14:17:10.994  2858  2994 V WindowManagerShell: onTransitionReady (#430) android.os.BinderProxy@217ef80: {id=430 t=OPEN f=0x0 trk=0 r=[0@Point(0, 0)] c=[{null m=OPEN f=FILLS_TASK|IS_BEHIND_STARTING_WINDOW leash=Surface(name=ActivityRecord{558618 u0 aenu.ax360e/.EmulatorActivity)/@0x5f8b957 sb=Rect(0, 0 - 0, 0) eb=Rect(0, 0 - 1920, 1080) d=-1->0 r=-1->1:-1 bc=fffef7ff component=aenu.ax360e/.EmulatorActivity},{null m=TO_BACK f=FILLS_TASK|IS_BEHIND_STARTING_WINDOW leash=Surface(name=ActivityRecord{efb10a7 u0 aenu.ax360e/.MainActivity)/@0x3a99c44 sb=Rect(0, 0 - 1920, 1080) eb=Rect(0, 0 - 1920, 1080) d=0 bc=fffef7ff component=aenu.ax360e/.MainActivity}]}
04-12 14:17:10.994  2858  2994 V WindowManagerShell: Playing animation for (#430) android.os.BinderProxy@217ef80@0
04-12 14:17:10.994  2858  2994 V WindowManagerShell:  try handler com.android.wm.shell.transition.DefaultMixedHandler@640c055
04-12 14:17:10.994  2858  2994 V WindowManagerShell:  try handler com.android.wm.shell.keyguard.KeyguardTransitionHandler@ae9fa6a
04-12 14:17:10.994  2858  2994 V WindowManagerShell:  try handler com.android.wm.shell.pip.PipTransition@612833
04-12 14:17:10.994  2858  2994 V WindowManagerShell:  try handler com.android.wm.shell.activityembedding.ActivityEmbeddingController@e0fd7f0
04-12 14:17:10.994  2858  2994 V WindowManagerShell:  try handler com.android.wm.shell.recents.RecentsTransitionHandler@42a4169
04-12 14:17:10.994  2858  2994 V ShellRecents: RecentsTransitionHandler.startAnimation: no controller found
04-12 14:17:10.994  2858  2994 V WindowManagerShell:  try handler com.android.wm.shell.splitscreen.StageCoordinator@62207ee
04-12 14:17:10.994  2858  2994 V WindowManagerShell:  try handler com.android.wm.shell.transition.RemoteTransitionHandler@afc148f
04-12 14:17:10.994  2858  2994 V WindowManagerShell: Transition doesn't have explicit remote, search filters for match for {id=430 t=OPEN f=0x0 trk=0 r=[0@Point(0, 0)] c=[{null m=OPEN f=FILLS_TASK|IS_BEHIND_STARTING_WINDOW leash=Surface(name=ActivityRecord{558618 u0 aenu.ax360e/.EmulatorActivity)/@0x5f8b957 sb=Rect(0, 0 - 0, 0) eb=Rect(0, 0 - 1920, 1080) d=-1->0 r=-1->1:-1 bc=fffef7ff component=aenu.ax360e/.EmulatorActivity},{null m=TO_BACK f=FILLS_TASK|IS_BEHIND_STARTING_WINDOW leash=Surface(name=ActivityRecord{efb10a7 u0 aenu.ax360e/.MainActivity)/@0x3a99c44 sb=Rect(0, 0 - 1920, 1080) eb=Rect(0, 0 - 1920, 1080) d=0 bc=fffef7ff component=aenu.ax360e/.MainActivity}]}
04-12 14:17:10.994  2858  2994 V WindowManagerShell:  Checking filter Pair{{types=[] flags=0x0] notFlags=0x100 checks=[{atype=home independent=true modes=[OPEN,TO_FRONT] flags=NONE mustBeTask=false order=TOP topActivity=ComponentInfo{com.android.launcher3/com.android.launcher3.uioverrides.QuickstepLauncher} launchCookie=null},{atype=standard independent=true modes=[CLOSE,TO_BACK] flags=NONE mustBeTask=false order=ANY topActivity=null launchCookie=null}]} RemoteTransition { remoteTransition = android.window.IRemoteTransition$Stub$Proxy@a87b72b, appThread = android.app.IApplicationThread$Stub$Proxy@bda4788, debugName = QuickstepLaunchHome }}
04-12 14:17:10.994  2858  2994 V WindowManagerShell:  Delegate animation for (#430) to null
04-12 14:17:10.994  2858  2994 V WindowManagerShell:  try handler com.android.wm.shell.transition.DefaultTransitionHandler@42ab4fa
04-12 14:17:10.994  2858  2994 V WindowManagerShell: start default transition animation, info = {id=430 t=OPEN f=0x0 trk=0 r=[0@Point(0, 0)] c=[{null m=OPEN f=FILLS_TASK|IS_BEHIND_STARTING_WINDOW leash=Surface(name=ActivityRecord{558618 u0 aenu.ax360e/.EmulatorActivity)/@0x5f8b957 sb=Rect(0, 0 - 0, 0) eb=Rect(0, 0 - 1920, 1080) d=-1->0 r=-1->1:-1 bc=fffef7ff component=aenu.ax360e/.EmulatorActivity},{null m=TO_BACK f=FILLS_TASK|IS_BEHIND_STARTING_WINDOW leash=Surface(name=ActivityRecord{efb10a7 u0 aenu.ax360e/.MainActivity)/@0x3a99c44 sb=Rect(0, 0 - 1920, 1080) eb=Rect(0, 0 - 1920, 1080) d=0 bc=fffef7ff component=aenu.ax360e/.MainActivity}]}
04-12 14:17:10.994  2858  2994 V WindowManagerShell: loadAnimation: anim=android.view.animation.AnimationSet@ac638b0 animAttr=0x5 type=OPEN isEntrance=false
04-12 14:17:10.994  2387 12698 W UserManagerService: Requested status bar icon for non-badged user 0
04-12 14:17:10.995 26509 26525 D vulkan  : searching for layers in '/data/app/~~ZoCnCUFxQJBc8fCg30Xanw==/aenu.ax360e-gECx2j7eoc-M_ZjhMplCmw==/lib/arm64'
04-12 14:17:10.995 26509 26525 D vulkan  : searching for layers in '/data/app/~~ZoCnCUFxQJBc8fCg30Xanw==/aenu.ax360e-gECx2j7eoc-M_ZjhMplCmw==/base.apk!/lib/arm64-v8a'
04-12 14:17:10.997  1534  1534 I qspmHal : enter getGpuProf at: -2087829547
04-12 14:17:10.997  1534  1534 I qspmHal : PID 26509 from GFX matched.
04-12 14:17:10.997  1534  1534 I qspmHal : gpuProfName:aenu.ax360e-gpu - gpu prof_info.path:/data/vendor/gaming/aenu.ax360e-gpu
04-12 14:17:10.997  1534  1534 E qspmHal : GPU profile file NOT found !!
04-12 14:17:10.997 26509 26525 I AdrenoVK-0: ===== BEGIN DUMP OF OVERRIDDEN SETTINGS =====
04-12 14:17:10.997 26509 26525 I AdrenoVK-0: ===== END DUMP OF OVERRIDDEN SETTINGS =====
04-12 14:17:10.998 26509 26525 D qdgralloc: Fetching IMapper5 from QtiMapper5
04-12 14:17:10.999 26509 26509 D CompatChangeReporter: Compat change id reported: 279646685; UID 10154; state: ENABLED
04-12 14:17:10.999 26509 26509 D CompatChangeReporter: Compat change id reported: 63938206; UID 10154; state: ENABLED
04-12 14:17:11.000 26509 26509 D CompatChangeReporter: Compat change id reported: 309578419; UID 10154; state: ENABLED
04-12 14:17:11.002 26509 26525 I Adreno-UNKNOWN: Using previously loaded IMapper library.
04-12 14:17:11.002 26509 26525 I AdrenoVK-0: QUALCOMM build          : a9ee82cd83, If0819e6d27
04-12 14:17:11.002 26509 26525 I AdrenoVK-0: Build Date              : 10/08/25
04-12 14:17:11.002 26509 26525 I AdrenoVK-0: Shader Compiler Version : E031.47.18.42
04-12 14:17:11.002 26509 26525 I AdrenoVK-0: Local Branch            : 
04-12 14:17:11.002 26509 26525 I AdrenoVK-0: Remote Branch           : refs/tags/AU_LINUX_ANDROID_LA.VENDOR.15.4.0.11.00.00.1088.743
04-12 14:17:11.002 26509 26525 I AdrenoVK-0: Remote Branch           : NONE
04-12 14:17:11.002 26509 26525 I AdrenoVK-0: Reconstruct Branch      : NOTHING
04-12 14:17:11.002 26509 26525 I AdrenoVK-0: Build Config            : S P 18.0.0 AArch64
04-12 14:17:11.002 26509 26525 I AdrenoVK-0: Driver Path             : /vendor/lib64/hw/vulkan.adreno.so
04-12 14:17:11.002 26509 26525 I AdrenoVK-0: Driver Version          : 0800.58
04-12 14:17:11.002 26509 26525 I AdrenoVK-0: PFP                     : 0x01500077
04-12 14:17:11.002 26509 26525 I AdrenoVK-0: ME                      : 0x01500014
04-12 14:17:11.002 26509 26525 I AdrenoVK-0: Application Name    : android framework
04-12 14:17:11.002 26509 26525 I AdrenoVK-0: Process Name        : aenu.ax360e:emu
04-12 14:17:11.002 26509 26525 I AdrenoVK-0: Application Version : 0x00000000
04-12 14:17:11.002 26509 26525 I AdrenoVK-0: Engine Name         : android framework
04-12 14:17:11.002 26509 26525 I AdrenoVK-0: Engine Version      : 0x00000000
04-12 14:17:11.002 26509 26525 I AdrenoVK-0: Api Version         : 0x00401000
04-12 14:17:11.006 26509 26527 W ziparchive: Unable to open '/system/framework/QXPerformance.dm': No such file or directory
04-12 14:17:11.006 26509 26527 W ziparchive: Unable to open '/system/framework/QXPerformance.dm': No such file or directory
04-12 14:17:11.007  2387 12698 I AppsFilter: interaction: PackageSetting{10d9410 aenu.ax360e/10154} -> PackageSetting{4f82ace com.android.cts.priv.ctsshim/10092} BLOCKED
04-12 14:17:11.007  2387 12698 I AppsFilter: interaction: PackageSetting{10d9410 aenu.ax360e/10154} -> PackageSetting{4092def com.android.uwb.resources/10094} BLOCKED
04-12 14:17:11.007  2387 12698 I AppsFilter: interaction: PackageSetting{10d9410 aenu.ax360e/10154} -> PackageSetting{64d3fb9 com.android.internal.display.cutout.emulation.corner/10008} BLOCKED
04-12 14:17:11.007  2387 12698 I AppsFilter: interaction: PackageSetting{10d9410 aenu.ax360e/10154} -> PackageSetting{a64affe com.android.internal.display.cutout.emulation.double/10017} BLOCKED
04-12 14:17:11.007  2387 12698 I AppsFilter: interaction: PackageSetting{10d9410 aenu.ax360e/10154} -> PackageSetting{9c190fc com.android.healthconnect.controller/10100} BLOCKED
04-12 14:17:11.007  2387 12698 I AppsFilter: interaction: PackageSetting{10d9410 aenu.ax360e/10154} -> PackageSetting{7fb385 in.krosbits.musicolet/10111} BLOCKED
04-12 14:17:11.007  2387 12698 I AppsFilter: interaction: PackageSetting{10d9410 aenu.ax360e/10154} -> PackageSetting{cf025da org.telegram.messenger/10112} BLOCKED
04-12 14:17:11.007  2387 12698 I AppsFilter: interaction: PackageSetting{10d9410 aenu.ax360e/10154} -> PackageSetting{e64ba0b com.rfandango.haku_x/10131} BLOCKED
04-12 14:17:11.007  2387 12698 I AppsFilter: interaction: PackageSetting{10d9410 aenu.ax360e/10154} -> PackageSetting{114c0e8 com.xiaoji.egggame/10118} BLOCKED
04-12 14:17:11.007  2387 12698 I AppsFilter: interaction: PackageSetting{10d9410 aenu.ax360e/10154} -> PackageSetting{40d0301 com.android.health.connect.backuprestore/10101} BLOCKED
04-12 14:17:11.007  2387 12698 I AppsFilter: interaction: PackageSetting{10d9410 aenu.ax360e/10154} -> PackageSetting{43ac5a6 com.android.virtualmachine.res/10097} BLOCKED
04-12 14:17:11.007  2387 12698 I AppsFilter: interaction: PackageSetting{10d9410 aenu.ax360e/10154} -> PackageSetting{9a2ebe7 com.antutu.ABenchMark/10120} BLOCKED
04-12 14:17:11.007  2387 12698 I AppsFilter: interaction: PackageSetting{10d9410 aenu.ax360e/10154} -> PackageSetting{9e90394 com.retroarch/10125} BLOCKED
04-12 14:17:11.007  2387 12698 I AppsFilter: interaction: PackageSetting{10d9410 aenu.ax360e/10154} -> PackageSetting{fc5ce3d dev.eden.eden_emulator/10122} BLOCKED
04-12 14:17:11.007  2387 12698 I AppsFilter: interaction: PackageSetting{10d9410 aenu.ax360e/10154} -> PackageSetting{ac1e493 ru.zdevs.zarchiver/10113} BLOCKED
04-12 14:17:11.007  2387 12698 I AppsFilter: interaction: PackageSetting{10d9410 aenu.ax360e/10154} -> PackageSetting{6a85f83 com.android.soundrecorder/10076} BLOCKED
04-12 14:17:11.007  2387 12698 I AppsFilter: interaction: PackageSetting{10d9410 aenu.ax360e/10154} -> PackageSetting{51cc500 com.antutu.benchmark.full/10121} BLOCKED
04-12 14:17:11.007  2387 12698 I AppsFilter: interaction: PackageSetting{10d9410 aenu.ax360e/10154} -> PackageSetting{f461139 com.android.safetycenter.resources/10105} BLOCKED
04-12 14:17:11.007  2387 12698 I AppsFilter: interaction: PackageSetting{10d9410 aenu.ax360e/10154} -> PackageSetting{52ae37e com.android.vending/10060} BLOCKED
04-12 14:17:11.007  2387 12698 I AppsFilter: interaction: PackageSetting{10d9410 aenu.ax360e/10154} -> PackageSetting{60770df com.android.connectivity.resources/10087} BLOCKED
04-12 14:17:11.007  2387 12698 I AppsFilter: interaction: PackageSetting{10d9410 aenu.ax360e/10154} -> PackageSetting{769024f com.android.internal.display.cutout.emulation.hole/10003} BLOCKED
04-12 14:17:11.007  2387 12698 I AppsFilter: interaction: PackageSetting{10d9410 aenu.ax360e/10154} -> PackageSetting{e843ddc com.android.internal.display.cutout.emulation.tall/10013} BLOCKED
04-12 14:17:11.007  2387 12698 I AppsFilter: interaction: PackageSetting{10d9410 aenu.ax360e/10154} -> PackageSetting{109312c com.android.modulemetadata/10063} BLOCKED
04-12 14:17:11.007  2387 12698 I AppsFilter: interaction: PackageSetting{10d9410 aenu.ax360e/10154} -> PackageSetting{287cdba com.android.internal.systemui.navbar.threebutton/10006} BLOCKED
04-12 14:17:11.007  2387 12698 I AppsFilter: interaction: PackageSetting{10d9410 aenu.ax360e/10154} -> PackageSetting{1ed87f5 com.android.wifi.dialog/10090} BLOCKED
04-12 14:17:11.007  2387 12698 I AppsFilter: interaction: PackageSetting{10d9410 aenu.ax360e/10154} -> PackageSetting{8a3089c com.izzy2lost.x1box/10132} BLOCKED
04-12 14:17:11.007  2387 12698 I AppsFilter: interaction: PackageSetting{10d9410 aenu.ax360e/10154} -> PackageSetting{e0db98a com.android.launcher3/10079} BLOCKED
04-12 14:17:11.007  2387 12698 I AppsFilter: interaction: PackageSetting{10d9410 aenu.ax360e/10154} -> PackageSetting{51c3bfb com.android.compos.payload/10086} BLOCKED
04-12 14:17:11.007  2387 12698 I AppsFilter: interaction: PackageSetting{10d9410 aenu.ax360e/10154} -> PackageSetting{66e3418 com.android.settings.intelligence/10057} BLOCKED
04-12 14:17:11.007  2387 12698 I AppsFilter: interaction: PackageSetting{10d9410 aenu.ax360e/10154} -> PackageSetting{35bae71 ch.protonvpn.android/10119} BLOCKED
04-12 14:17:11.007  2387 12698 I AppsFilter: interaction: PackageSetting{10d9410 aenu.ax360e/10154} -> PackageSetting{995e456 com.android.printspooler/10047} BLOCKED
04-12 14:17:11.007  2387 12698 I AppsFilter: interaction: PackageSetting{10d9410 aenu.ax360e/10154} -> PackageSetting{e89cd7 com.android.dreams.basic/10043} BLOCKED
04-12 14:17:11.007  2387 12698 I AppsFilter: interaction: PackageSetting{10d9410 aenu.ax360e/10154} -> PackageSetting{81e79c4 com.android.webview/10062} BLOCKED
04-12 14:17:11.007  2387 12698 I AppsFilter: interaction: PackageSetting{10d9410 aenu.ax360e/10154} -> PackageSetting{fabc0ad com.android.rkpdapp/10084} BLOCKED
04-12 14:17:11.007  2387 12698 I AppsFilter: interaction: PackageSetting{10d9410 aenu.ax360e/10154} -> PackageSetting{3a3efe2 net.rpcsx/10127} BLOCKED
04-12 14:17:11.007  2387 12698 I AppsFilter: interaction: PackageSetting{10d9410 aenu.ax360e/10154} -> PackageSetting{84c055e android.auto_generated_characteristics_rro/10000} BLOCKED
04-12 14:17:11.007  2387 12698 I AppsFilter: interaction: PackageSetting{10d9410 aenu.ax360e/10154} -> PackageSetting{ab02f73 com.android.musicfx/10035} BLOCKED
04-12 14:17:11.007  2387 12698 I AppsFilter: interaction: PackageSetting{10d9410 aenu.ax360e/10154} -> PackageSetting{16b6e30 com.google.android.apps.docs/10128} BLOCKED
04-12 14:17:11.007  2387 12698 I AppsFilter: interaction: PackageSetting{10d9410 aenu.ax360e/10154} -> PackageSetting{f70baa9 com.android.customization.themes/10061} BLOCKED
04-12 14:17:11.007  2387 12698 I AppsFilter: interaction: PackageSetting{10d9410 aenu.ax360e/10154} -> PackageSetting{395282e com.google.android.contactkeys/10109} BLOCKED
04-12 14:17:11.007  2387 12698 I AppsFilter: interaction: PackageSetting{10d9410 aenu.ax360e/10154} -> PackageSetting{a544fcf com.android.chrome/10069} BLOCKED
04-12 14:17:11.007  2387 12698 I AppsFilter: interaction: PackageSetting{10d9410 aenu.ax360e/10154} -> PackageSetting{f513d5c com.android.printservice.recommendation/10052} BLOCKED
04-12 14:17:11.007  2387 12698 I AppsFilter: interaction: PackageSetting{10d9410 aenu.ax360e/10154} -> PackageSetting{7715865 com.android.gallery3d/10077} BLOCKED
04-12 14:17:11.007  2387 12698 I AppsFilter: interaction: PackageSetting{10d9410 aenu.ax360e/10154} -> PackageSetting{74f993a com.android.wifi.resources/10088} BLOCKED
04-12 14:17:11.007  2387 12698 I AppsFilter: interaction: PackageSetting{10d9410 aenu.ax360e/10154} -> PackageSetting{a7019eb org.ppsspp.ppsspp/10129} BLOCKED
04-12 14:17:11.007  2387 12698 I AppsFilter: interaction: PackageSetting{10d9410 aenu.ax360e/10154} -> PackageSetting{62d348 xyz.aethersx2.android/10123} BLOCKED
04-12 14:17:11.007  2387 12698 I AppsFilter: interaction: PackageSetting{10d9410 aenu.ax360e/10154} -> PackageSetting{c68400d com.android.theme.font.notoserifsource/10014} BLOCKED
04-12 14:17:11.007  2387 12698 I AppsFilter: interaction: PackageSetting{10d9410 aenu.ax360e/10154} -> PackageSetting{2f56bc2 com.android.internal.display.cutout.emulation.waterfall/10007} BLOCKED
04-12 14:17:11.007  2387 12698 I AppsFilter: interaction: PackageSetting{10d9410 aenu.ax360e/10154} -> PackageSetting{3602dd3 com.android.internal.systemui.navbar.transparent/10016} BLOCKED
04-12 14:17:11.007  2387 12698 I AppsFilter: interaction: PackageSetting{10d9410 aenu.ax360e/10154} -> PackageSetting{82415e1 com.spotify.music/10110} BLOCKED
04-12 14:17:11.007  2387 12698 I AppsFilter: interaction: PackageSetting{10d9410 aenu.ax360e/10154} -> PackageSetting{30e0f06 com.android.dreams.phototable/10065} BLOCKED
04-12 14:17:11.007  2387 12698 I AppsFilter: interaction: PackageSetting{10d9410 aenu.ax360e/10154} -> PackageSetting{a3469c7 io.github.lime3ds.android/10126} BLOCKED
04-12 14:17:11.007  2387 12698 I AppsFilter: interaction: PackageSetting{10d9410 aenu.ax360e/10154} -> PackageSetting{775dbf4 org.mupen64plusae.v3.fzurita/10124} BLOCKED
04-12 14:17:11.007  2387 12698 I AppsFilter: interaction: PackageSetting{10d9410 aenu.ax360e/10154} -> PackageSetting{8eb2f1d org.freedownloadmanager.fdm/10138} BLOCKED
04-12 14:17:11.007  2387 12698 I AppsFilter: interaction: PackageSetting{10d9410 aenu.ax360e/10154} -> PackageSetting{1ec1592 com.android.providers.partnerbookmarks/10049} BLOCKED
04-12 14:17:11.007  2387 12698 I AppsFilter: interaction: PackageSetting{10d9410 aenu.ax360e/10154} -> PackageSetting{103db63 com.android.smspush/10082} BLOCKED
04-12 14:17:11.007  2387 12698 I AppsFilter: interaction: PackageSetting{10d9410 aenu.ax360e/10154} -> PackageSetting{d0ec360 com.android.wallpaper.livepicker/10031} BLOCKED
04-12 14:17:11.007  2387 12698 I AppsFilter: interaction: PackageSetting{10d9410 aenu.ax360e/10154} -> PackageSetting{b10a019 com.android.appsearch.apk/10085} BLOCKED
04-12 14:17:11.007  2387 12698 I AppsFilter: interaction: PackageSetting{10d9410 aenu.ax360e/10154} -> PackageSetting{331f8de com.android.bookmarkprovider/10042} BLOCKED
04-12 14:17:11.007  2387 12698 I AppsFilter: interaction: PackageSetting{10d9410 aenu.ax360e/10154} -> PackageSetting{fcecabf com.google.android.safetycore/10108} BLOCKED
04-12 14:17:11.007  2387 12698 I AppsFilter: interaction: PackageSetting{10d9410 aenu.ax360e/10154} -> PackageSetting{3e71d04 com.android.cts.ctsshim/10093} BLOCKED
04-12 14:17:11.007  2387 12698 I AppsFilter: interaction: PackageSetting{10d9410 aenu.ax360e/10154} -> PackageSetting{b8cb58c com.android.wallpaper/10073} BLOCKED
04-12 14:17:11.007  2387 12698 I AppsFilter: interaction: PackageSetting{10d9410 aenu.ax360e/10154} -> PackageSetting{769a0e9 com.android.microdroid.empty_payload/10098} BLOCKED
04-12 14:17:11.007  2387 12698 I AppsFilter: interaction: PackageSetting{10d9410 aenu.ax360e/10154} -> PackageSetting{8224d5 com.android.hotspot2.osulogin/10089} BLOCKED
04-12 14:17:11.007  2387 12698 I AppsFilter: interaction: PackageSetting{10d9410 aenu.ax360e/10154} -> PackageSetting{8044972 com.android.companiondevicemanager.auto_generated_characteristics_rro/10002} BLOCKED
04-12 14:17:11.007  2387 12698 I AppsFilter: interaction: PackageSetting{10d9410 aenu.ax360e/10154} -> PackageSetting{86031c3 com.android.internal.systemui.navbar.gestural/10001} BLOCKED
04-12 14:17:11.007  2387 12698 I AppsFilter: interaction: PackageSetting{10d9410 aenu.ax360e/10154} -> PackageSetting{60c4ea com.android.deskclock/10067} BLOCKED
04-12 14:17:11.007  2387 12698 I AppsFilter: interaction: PackageSetting{10d9410 aenu.ax360e/10154} -> PackageSetting{c2f53db com.android.bluetoothmidiservice/10051} BLOCKED
04-12 14:17:11.007  2387 12698 I AppsFilter: interaction: PackageSetting{10d9410 aenu.ax360e/10154} -> PackageSetting{2159e78 com.android.captiveportallogin/10053} BLOCKED
04-12 14:17:11.007  2387 12698 I AppsFilter: interaction: PackageSetting{10d9410 aenu.ax360e/10154} -> PackageSetting{24d3951 com.google.android.inputmethod.latin/10068} BLOCKED
04-12 14:17:11.009  2858  2994 V WindowManagerShell: loadAnimation: anim=android.view.animation.AnimationSet@1700fba animAttr=0x4 type=OPEN isEntrance=true
04-12 14:17:11.012  2387 12698 W WindowManager: Failed looking up window session=Session{bd0391d 26509:u0a10154} callers=com.android.server.wm.WindowManagerService.windowForClientLocked:6354 com.android.server.wm.Session.updateRequestedVisibleTypes:755 android.view.IWindowSession$Stub.onTransact:1078 
04-12 14:17:11.015  2858  2994 V WindowManagerShell:  animated by com.android.wm.shell.transition.DefaultTransitionHandler@42ab4fa
04-12 14:17:11.016  2387  3388 D CoreBackPreview: Window{e56d560 u0 aenu.ax360e/aenu.ax360e.EmulatorActivity}: Setting back callback OnBackInvokedCallbackInfo{mCallback=android.window.IOnBackInvokedCallback$Stub$Proxy@26d9c24, mPriority=0, mIsAnimationCallback=false}
04-12 14:17:11.022 26509 26525 I AdrenoUtils: <ReadGpuID:366>: Reading chip ID through GSL
04-12 14:17:11.026  2387  2552 W ziparchive: Unable to open '/data/app/~~ZoCnCUFxQJBc8fCg30Xanw==/aenu.ax360e-gECx2j7eoc-M_ZjhMplCmw==/base.dm': No such file or directory
04-12 14:17:11.026  2387  3388 D CoreBackPreview: Window{42351 u0 aenu.ax360e/aenu.ax360e.EmulatorActivity}: Setting back callback OnBackInvokedCallbackInfo{mCallback=android.window.IOnBackInvokedCallback$Stub$Proxy@986c942, mPriority=0, mIsAnimationCallback=false}
04-12 14:17:11.027  2387  2552 E ActivityTaskManager: Displayed aenu.ax360e/.EmulatorActivity for user 0: +185ms
04-12 14:17:11.027  1514  1673 E PERFHAL-BOOSTCONFIG: PERFHAL-BOOSTCONFIG: GetBoostConfig() 1456: Not able to fetch object
04-12 14:17:11.027  2387  2552 E ActivityTaskManager: Displayed aenu.ax360e/.EmulatorActivity for user 0: +185ms
04-12 14:17:11.046  1510  1970 I SDM     : ClstcAlgorithmAdapter::UcscToneMap():1634 Checksum for layer 1 is: 812191
04-12 14:17:11.079 26509 26515 I aenu.ax360e:emu: Compiler allocated 4206KB to compile void android.widget.TextView.<init>(android.content.Context, android.util.AttributeSet, int, int)
04-12 14:17:11.093  1504  1504 W ServiceManagerCppClient: Waited one second for vendor.qti.qesdsys.IQesdSys/default (is service started? Number of threads started in the threadpool: 0. Are binder threads started and available?)
04-12 14:17:11.094   556 26538 W libc    : Unable to set property "ctl.interface_start" to "aidl/vendor.qti.qesdsys.IQesdSys/default": PROP_ERROR_HANDLE_CONTROL_MESSAGE (0x20)
04-12 14:17:11.123  1547  2549 D audioserver: logFgsApiEnd: FGS Logger Transaction failed, -129
04-12 14:17:11.151 26509 26515 I aenu.ax360e:emu: Compiler allocated 5250KB to compile void android.view.ViewRootImpl.performTraversals()
04-12 14:17:11.300  1838 17580 W IPCThreadState: Sending oneway calls to frozen process.
04-12 14:17:11.300  2858  3024 W WindowOnBackDispatcher: sendCancelIfRunning: isInProgress=false callback=android.view.ViewRootImpl$$ExternalSyntheticLambda11@7527d5f
04-12 14:17:11.301  2387  3388 D CoreBackPreview: Window{cda4aad u0 Splash Screen aenu.ax360e EXITING}: Setting back callback null
04-12 14:17:11.301  2387  3388 W InputManager-JNI: Input channel object 'cda4aad Splash Screen aenu.ax360e (client)' was disposed without first being removed with the input manager!
04-12 14:17:11.473  2858  2994 V WindowManagerShell: Transition animation finished (aborted=false), notifying core (#430) android.os.BinderProxy@217ef80@0
04-12 14:17:11.473  2387  2552 V WindowManager: Finish Transition (#430): created at 04-12 14:17:10.842 collect-started=0.032ms request-sent=2.524ms started=10.122ms ready=150.287ms sent=150.954ms finished=631.169ms
04-12 14:17:11.474 22319 22319 D VRI[MainActivity]: visibilityChanged oldVisibility=true newVisibility=false
04-12 14:17:11.474  2387  2555 I HidlServiceManagement: Trying to get transport of vendor.qti.hardware.servicetracker@1.2::IServicetracker/default without hwservicemanager
04-12 14:17:11.474  2387  2555 W ActivityTaskManager: servicetracker HIDL not available
04-12 14:17:11.474  2387  2555 E ActivityTaskManager: Unable to get servicetracker HAL instance
04-12 14:17:11.474  2387  2555 I HidlServiceManagement: Trying to get transport of vendor.qti.hardware.servicetracker@1.2::IServicetracker/default without hwservicemanager
04-12 14:17:11.474  2387  2555 W ActivityTaskManager: servicetracker HIDL not available
04-12 14:17:11.474  2387  2555 E ActivityTaskManager: Unable to get servicetracker HAL instance
04-12 14:17:11.474  2858  2994 V WindowManagerShell: Track 0 became idle
04-12 14:17:11.474  2858  2994 V WindowManagerShell: All active transition animations finished
04-12 14:17:11.475  2387  3388 W UserManagerService: Requested status bar icon for non-badged user 0
04-12 14:17:11.475  2387  9493 W UserManagerService: Requested status bar icon for non-badged user 0
04-12 14:17:11.482 22319 22341 D HWUI    : endAllActiveAnimators on 0x751d7873a0 (MaterialCardView) with handle 0x738d7817c0
04-12 14:17:11.490  2387  9493 I HidlServiceManagement: Trying to get transport of vendor.qti.hardware.servicetracker@1.2::IServicetracker/default without hwservicemanager
04-12 14:17:11.490  2387  9493 W ActivityTaskManager: servicetracker HIDL not available
04-12 14:17:11.490  2387  9493 E ActivityTaskManager: Unable to get servicetracker HAL instance
04-12 14:17:11.490  2387  9493 I HidlServiceManagement: Trying to get transport of vendor.qti.hardware.servicetracker@1.2::IServicetracker/default without hwservicemanager
04-12 14:17:11.490  2387  9493 W ActivityTaskManager: servicetracker HIDL not available
04-12 14:17:11.490  2387  9493 E ActivityTaskManager: Unable to get servicetracker HAL instance
04-12 14:17:11.514 26509 26528 D nativeloader: Load /data/app/~~ZoCnCUFxQJBc8fCg30Xanw==/aenu.ax360e-gECx2j7eoc-M_ZjhMplCmw==/base.apk!/lib/arm64-v8a/libe.so using ns clns-7 from class loader (caller=/data/app/~~ZoCnCUFxQJBc8fCg30Xanw==/aenu.ax360e-gECx2j7eoc-M_ZjhMplCmw==/base.apk!classes7.dex): ok
04-12 14:17:11.514 26509 26528 I ax360e_native: JNI_OnLoad starting
04-12 14:17:11.514 26509 26528 I ax360e_native: Registering Emulator
04-12 14:17:11.515 26509 26528 I ax360e_native: Registering Emulator$Config
04-12 14:17:11.515 26509 26528 I ax360e_native: Registering ax360e_Emulator
04-12 14:17:11.515 26509 26528 I ax360e_native: JNI_OnLoad OK
04-12 14:17:11.615 26509 26509 W WindowOnBackDispatcher: sendCancelIfRunning: isInProgress=false callback=android.view.ViewRootImpl$$ExternalSyntheticLambda11@be5bfb
04-12 14:17:11.615  2387  9493 D CoreBackPreview: Window{e56d560 u0 aenu.ax360e/aenu.ax360e.EmulatorActivity}: Setting back callback null
04-12 14:17:11.616  2387  9493 W InputManager-JNI: Input channel object 'e56d560 aenu.ax360e/aenu.ax360e.EmulatorActivity (client)' was disposed without first being removed with the input manager!
04-12 14:17:11.617  2387  9493 D FileUtils: Rounded bytes from 24218796032 to 32000000000
04-12 14:17:11.621  2387  2555 V WindowManager: Unknown focus tokens, dropping reportFocusChanged
04-12 14:17:11.626  2387  9493 I AppsFilter: interaction: PackageSetting{10d9410 aenu.ax360e/10154} -> PackageSetting{3a3efe2 net.rpcsx/10127} BLOCKED
04-12 14:17:11.626  2387  9493 I AppsFilter: interaction: PackageSetting{10d9410 aenu.ax360e/10154} -> PackageSetting{fc5ce3d dev.eden.eden_emulator/10122} BLOCKED
04-12 14:17:11.626  2387  9493 I AppsFilter: interaction: PackageSetting{10d9410 aenu.ax360e/10154} -> PackageSetting{9e90394 com.retroarch/10125} BLOCKED
04-12 14:17:11.626  2387  9493 I AppsFilter: interaction: PackageSetting{10d9410 aenu.ax360e/10154} -> PackageSetting{16b6e30 com.google.android.apps.docs/10128} BLOCKED
04-12 14:17:11.626  2387  9493 I AppsFilter: interaction: PackageSetting{10d9410 aenu.ax360e/10154} -> PackageSetting{51cc500 com.antutu.benchmark.full/10121} BLOCKED
04-12 14:17:11.626  2387  9493 I AppsFilter: interaction: PackageSetting{10d9410 aenu.ax360e/10154} -> PackageSetting{9a2ebe7 com.antutu.ABenchMark/10120} BLOCKED
04-12 14:17:11.649 26509 26539 W InteractionJankMonitor: Initializing without READ_DEVICE_CONFIG permission. enabled=false, interval=1, missedFrameThreshold=3, frameTimeThreshold=64, package=aenu.ax360e
04-12 14:17:11.693  3003  3086 D FanBase : mSmartAction temp control curve; result /sys/devices/virtual/thermal/   null result.temperature = 67.7300033569336 speedPercentage = 34 smartSpeed = 17000
04-12 14:17:11.687  3003  3003 I pool-3-thread-4: type=1400 audit(0.0:9388): avc:  denied  { write } for  name="duty" dev="sysfs" ino=131064 scontext=u:r:system_app:s0 tcontext=u:object_r:sysfs:s0 tclass=file permissive=1
04-12 14:17:11.687  3003  3003 I pool-3-thread-4: type=1400 audit(0.0:9389): avc:  denied  { read } for  name="duty" dev="sysfs" ino=131064 scontext=u:r:system_app:s0 tcontext=u:object_r:sysfs:s0 tclass=file permissive=1
04-12 14:17:11.687  3003  3003 I pool-3-thread-4: type=1400 audit(0.0:9390): avc:  denied  { open } for  path="/sys/class/gpio5_pwm2/duty" dev="sysfs" ino=131064 scontext=u:r:system_app:s0 tcontext=u:object_r:sysfs:s0 tclass=file permissive=1
04-12 14:17:11.687  3003  3003 I pool-3-thread-4: type=1400 audit(0.0:9391): avc:  denied  { getattr } for  path="/sys/class/gpio5_pwm2/duty" dev="sysfs" ino=131064 scontext=u:r:system_app:s0 tcontext=u:object_r:sysfs:s0 tclass=file permissive=1
04-12 14:17:11.831 26544 26544 I me.Stats.Thread: type=1400 audit(0.0:9392): avc:  denied  { execute_no_trans } for  path="/system/bin/service" dev="dm-14" ino=502 scontext=u:r:system_server:s0 tcontext=u:object_r:system_file:s0 tclass=file permissive=1
04-12 14:17:11.842  2387  4075 E TaskPersister: File error accessing recents directory (directory doesn't exist?).
04-12 14:17:12.082  1639  1884 D pservice: cpu_init boot_completed cpugpumode=2
04-12 14:17:12.095  1504  1504 W ServiceManagerCppClient: Waited one second for vendor.qti.qesdsys.IQesdSys/default (is service started? Number of threads started in the threadpool: 0. Are binder threads started and available?)
04-12 14:17:12.095   556 26551 W libc    : Unable to set property "ctl.interface_start" to "aidl/vendor.qti.qesdsys.IQesdSys/default": PROP_ERROR_HANDLE_CONTROL_MESSAGE (0x20)
04-12 14:17:12.244 26509 26509 I Choreographer: Skipped 74 frames!  The application may be doing too much work on its main thread.
04-12 14:17:12.245 26509 26509 I EngineDetector: Loaded 46 title ID to engine mappings
04-12 14:17:12.245 26509 26509 I LaunchEnvResolver: Resolving launch environment for: content://com.android.externalstorage.documents/tree/primary%3ADownload%2FGameHub%2FPerfect%20Dark/document/primary%3ADownload%2FGameHub%2FPerfect%20Dark%2FForza%20Horizon%20(USA)%20(En%2CJa%2CFr%2CDe%2CEs%2CIt%2CPt%2CZh%2CPl%2CRu).iso
04-12 14:17:12.246 26509 26509 I GameProfileManager: No profiles file found, starting fresh
04-12 14:17:12.247 26509 26509 D EngineProfileMgr: No engine detected for: content://com.android.externalstorage.documents/tree/primary%3ADownload%2FGameHub%2FPerfect%20Dark/document/primary%3ADownload%2FGameHub%2FPerfect%20Dark%2FForza%20Horizon%20(USA)%20(En%2CJa%2CFr%2CDe%2CEs%2CIt%2CPt%2CZh%2CPl%2CRu).iso
04-12 14:17:12.247 26509 26509 I LaunchEnvResolver: No engine profile applied (unknown or no detection)
04-12 14:17:12.259 26509 26509 I CustomDriverUtils: Custom GPU driver path set: /data/user/0/aenu.ax360e/app_custom_drivers/libvulkan_freedreno.so
04-12 14:17:12.259 26509 26509 I CustomDriverUtils: Custom GPU driver environment variables set.
04-12 14:17:12.259 26509 26509 I LaunchEnvResolver: Driver selection: DEFAULT (using installed custom driver)
04-12 14:17:12.260 26509 26509 D LaunchEnvResolver: Set TU_DEBUG=sysmem,nolrz
04-12 14:17:12.260 26509 26509 I LaunchEnvResolver: Applied 1 Turnip environment variables
04-12 14:17:12.260 26509 26509 I LaunchEnvResolver: === Final Launch Environment ===
04-12 14:17:12.260 26509 26509 I LaunchEnvResolver:   CUSTOM_DRIVER_PATH=/data/user/0/aenu.ax360e/app_custom_drivers/libvulkan_freedreno.so
04-12 14:17:12.260 26509 26509 I LaunchEnvResolver:   VK_ICD_FILENAMES=/data/user/0/aenu.ax360e/app_custom_drivers/vk_icd.json
04-12 14:17:12.260 26509 26509 I LaunchEnvResolver:   VK_DRIVER_FILES=/data/user/0/aenu.ax360e/app_custom_drivers/vk_icd.json
04-12 14:17:12.260 26509 26509 I LaunchEnvResolver:   TU_DEBUG=sysmem,nolrz
04-12 14:17:12.260 26509 26509 I LaunchEnvResolver: ================================
04-12 14:17:12.260 26509 26554 W ax360e_native: new thr: 488916551472
04-12 14:17:12.260 26509 26554 I ax360e_native: main_thr: creating AndroidWindowedAppContext
04-12 14:17:12.260 26509 26554 I ax360e_native: main_thr: creating windowed app
04-12 14:17:12.260 26509 26554 I ax360e_native: main_thr: windowed app created, app_ref=0x735d710150
04-12 14:17:12.260 26509 26554 I ax360e_native: main_thr: boot_target=--target=content://com.android.externalstorage.documents/tree/primary%3ADownload%2FGameHub%2FPerfect%20Dark/document/primary%3ADownload%2FGameHub%2FPerfect%20Dark%2FForza%20Horizon%20(USA)%20(En%2CJa%2CFr%2CDe%2CEs%2CIt%2CPt%2CZh%2CPl%2CRu).iso
04-12 14:17:12.264  2387  2732 I ImeTracker: aenu.ax360e:e0ca2a05: onRequestHide at ORIGIN_SERVER reason HIDE_UNSPECIFIED_WINDOW fromUser false
04-12 14:17:12.264  2387  2732 I ImeTracker: aenu.ax360e:e0ca2a05: onCancelled at PHASE_SERVER_SHOULD_HIDE
04-12 14:17:12.266  3412  3412 I GoogleInputMethodService: GoogleInputMethodService.onFinishInput():2159 
04-12 14:17:12.266  3412  3412 I Module  : DeviceLockedStatusModuleProvider$Module.updateDeviceLockedStatus():103 repeatCheckTimes = 0, locked = false
04-12 14:17:12.266  3412  3412 I GoogleInputMethodService: GoogleInputMethodService.onStartInput():1434 onStartInput(EditorInfo{EditorInfo{packageName=aenu.ax360e, inputType=0, inputTypeString=NULL, enableLearning=false, autoCorrection=false, autoComplete=false, imeOptions=0, privateImeOptions=null, actionName=UNSPECIFIED, actionLabel=null, initialSelStart=-1, initialSelEnd=-1, initialCapsMode=0, label=null, fieldId=0, fieldName=null, extras=null, hintText=null, hintLocales=[]}}, false)
04-12 14:17:12.266  3412  3412 I AndroidIME: LatinIMEBase.updateInputViewCoverNavigation():312 Update input view padding, isNavbarOverInputWindow=false, bottom inset=55
04-12 14:17:12.266  3412  3412 I Module  : DeviceLockedStatusModuleProvider$Module.updateDeviceLockedStatus():103 repeatCheckTimes = 1, locked = false
04-12 14:17:12.266  2387  2513 W PackageConfigPersister: App-specific configuration not found for packageName: aenu.ax360e and userId: 0
04-12 14:17:12.273 26509 26554 I ax360e_native: main_thr: args parsed, initializing logging
04-12 14:17:12.273 26509 26554 I ax360e_native: main_thr: logging initialized, calling OnInitialize
04-12 14:17:12.273 26509 26555 I ax36e   : i> 000067BA Storage root: /storage/emulated/0/ax360e++
04-12 14:17:12.276 26509 26554 W ax360e_native: android_menu_item: 2  
04-12 14:17:12.276 26509 26554 W ax360e_native: android_menu_item: 0 &File 
04-12 14:17:12.276 26509 26554 W ax360e_native: android_menu_item: 3 &Open... Ctrl+O
04-12 14:17:12.276 26509 26554 W ax360e_native: android_menu_item: 1  
04-12 14:17:12.276 26509 26554 W ax360e_native: android_menu_item: 3 Show content directory... 
04-12 14:17:12.276 26509 26554 W ax360e_native: android_menu_item: 1  
04-12 14:17:12.276 26509 26554 W ax360e_native: android_menu_item: 3 E&xit Alt+F4
04-12 14:17:12.276 26509 26554 W ax360e_native: android_menu_item: 0 &CPU 
04-12 14:17:12.276 26509 26554 W ax360e_native: android_menu_item: 3 &Reset Time Scalar Numpad *
04-12 14:17:12.276 26509 26554 W ax360e_native: android_menu_item: 3 Time Scalar /= 2 Numpad -
04-12 14:17:12.276 26509 26554 W ax360e_native: android_menu_item: 3 Time Scalar *= 2 Numpad +
04-12 14:17:12.276 26509 26554 W ax360e_native: android_menu_item: 1  
04-12 14:17:12.276 26509 26554 W ax360e_native: android_menu_item: 3 Toggle Profiler &Display F3
04-12 14:17:12.276 26509 26554 W ax360e_native: android_menu_item: 3 &Pause/Resume Profiler `
04-12 14:17:12.276 26509 26554 W ax360e_native: android_menu_item: 1  
04-12 14:17:12.276 26509 26554 W ax360e_native: android_menu_item: 3 &Break and Show Guest Debugger Pause/Break
04-12 14:17:12.276 26509 26554 W ax360e_native: android_menu_item: 3 &Break into Host Debugger Ctrl+Pause/Break
04-12 14:17:12.276 26509 26554 W ax360e_native: android_menu_item: 0 &GPU 
04-12 14:17:12.276 26509 26554 W ax360e_native: android_menu_item: 3 &Trace Frame F4
04-12 14:17:12.276 26509 26554 W ax360e_native: android_menu_item: 1  
04-12 14:17:12.276 26509 26554 W ax360e_native: android_menu_item: 3 &Clear Runtime Caches F5
04-12 14:17:12.276 26509 26554 W ax360e_native: android_menu_item: 0 &Display 
04-12 14:17:12.276 26509 26554 W ax360e_native: android_menu_item: 3 &Post-processing settings F6
04-12 14:17:12.276 26509 26554 W ax360e_native: android_menu_item: 1  
04-12 14:17:12.276 26509 26554 W ax360e_native: android_menu_item: 3 &Fullscreen F11
04-12 14:17:12.276 26509 26554 W ax360e_native: android_menu_item: 0 &Help 
04-12 14:17:12.276 26509 26554 W ax360e_native: android_menu_item: 3 FA&Q... F1
04-12 14:17:12.276 26509 26554 W ax360e_native: android_menu_item: 1  
04-12 14:17:12.276 26509 26554 W ax360e_native: android_menu_item: 3 Game &compatibility... 
04-12 14:17:12.276 26509 26554 W ax360e_native: android_menu_item: 1  
04-12 14:17:12.276 26509 26554 W ax360e_native: android_menu_item: 3 Build commit on GitHub... F2
04-12 14:17:12.276 26509 26554 W ax360e_native: android_menu_item: 3 Recent changes on GitHub... 
04-12 14:17:12.276 26509 26554 W ax360e_native: android_menu_item: 1  
04-12 14:17:12.276 26509 26554 W ax360e_native: android_menu_item: 3 &About... 
04-12 14:17:12.276 26509 26554 I ax360e_native: main_thr: OnInitialize succeeded, entering main_loop
04-12 14:17:12.276 26509 26554 I ax360e_native: main_loop: entered
04-12 14:17:12.276 26509 26554 I ax360e_native: main_loop: first iteration, paint_requested=0, event=0
04-12 14:17:12.276 26509 26556 I ax360e_native: emu_thr_main: starting Setup...
04-12 14:17:12.276 26509 26555 I ax36e   : i> 000067BA Loaded config: /storage/emulated/0/ax360e++/xenia.config.toml
04-12 14:17:12.276 26509 26555 I ax36e   : i> 000067BA Content root: /storage/emulated/0/ax360e++/content
04-12 14:17:12.276 26509 26555 I ax36e   : i> 000067BA Host cache root: /storage/emulated/0/ax360e++/cache
04-12 14:17:12.276 26509 26555 W ax36e   : w> 000067BA Unable to load Japanese font; JP characters will be boxes
04-12 14:17:12.276 26509 26555 I ax36e   : i> 000067BA Opening Android window...
04-12 14:17:12.276 26509 26555 I ax36e   : i> 000067BA main_loop: entered, ui_thread running
04-12 14:17:12.276 26509 26555 I ax36e   : i> 000067BC Setup: Initializing Memory...
04-12 14:17:12.283 26509 26555 I ax36e   : i> 000067BC Setup: Initializing Exports...
04-12 14:17:12.283 26509 26555 I ax36e   : i> 000067BC Setup: Initializing Backend...
04-12 14:17:12.283 26509 26555 I ax36e   : i> 000067BC Setup: Initializing Processor...
04-12 14:17:12.283 26509 26555 I ax36e   : i> 000067BC Setup: Initializing Audio...
04-12 14:17:12.283 26509 26555 I ax36e   : i> 000067BC Setup: Initializing Graphics...
04-12 14:17:12.283 26509 26555 I ax36e   : i> 000067BC Setup: Initializing HID...
04-12 14:17:12.283 26509 26555 I ax36e   : i> 000067BC Setup: Initializing VFS...
04-12 14:17:12.330 26509 26555 E ax36e   : !> 000067BC PatchDB: Skipped loading file README.md due to incorrect filename
04-12 14:17:12.402 26509 26555 I ax36e   : i> 000067BC PatchDB: Loaded patches for 473 titles
04-12 14:17:12.402 26509 26555 I ax36e   : i> 000067BC Setup: Initializing Kernel...
04-12 14:17:12.402 26509 26555 I ax36e   : i> 000067BC FindProfiles: Adding profile E0300000A360E000 to profile list
04-12 14:17:12.402 26509 26555 I ax36e   : i> 000067BC ProfileManager: Found 1 Profiles
04-12 14:17:12.402 26509 26555 I ax36e   : i> 000067BC LoadAccount: Loading Account: E0300000A360E000
04-12 14:17:12.402 26509 26555 I ax36e   : i> 000067BC RegisterDevice device: User_E0300000A360E000:
04-12 14:17:12.402 26509 26555 I ax36e   : i> 000067BC devices_ count: 1
04-12 14:17:12.402 26509 26555 I ax36e   : i> 000067BC FIND User_E0300000A360E000: User_E0300000A360E000:
04-12 14:17:12.402 26509 26555 I ax36e   : F> 000067BC HostPathDevice::ResolvePath()
04-12 14:17:12.402 26509 26555 I ax36e   : i> 000067BC Loaded aX360e (GUID: E0300000A360E000) to slot 0
04-12 14:17:12.403 26509 26555 I ax36e   : i> 000067BC RegisterDevice device: User_E0300000A360E000:
04-12 14:17:12.403 26509 26555 I ax36e   : i> 000067BC devices_ count: 1
04-12 14:17:12.403 26509 26555 I ax36e   : i> 000067BC FIND User_E0300000A360E000:\FFFE07D1.gpd User_E0300000A360E000:
04-12 14:17:12.403 26509 26555 I ax36e   : F> 000067BC HostPathDevice::ResolvePath(\FFFE07D1.gpd)
04-12 14:17:12.403 26509 26555 I ax36e   : i> 000067BC devices_ count: 1
04-12 14:17:12.403 26509 26555 I ax36e   : i> 000067BC FIND User_E0300000A360E000:\445007F7.gpd User_E0300000A360E000:
04-12 14:17:12.403 26509 26555 I ax36e   : F> 000067BC HostPathDevice::ResolvePath(\445007F7.gpd)
04-12 14:17:12.404 26509 26555 I ax36e   : i> 000067BC devices_ count: 1
04-12 14:17:12.404 26509 26555 I ax36e   : i> 000067BC FIND User_E0300000A360E000:\4D5307EA.gpd User_E0300000A360E000:
04-12 14:17:12.404 26509 26555 I ax36e   : F> 000067BC HostPathDevice::ResolvePath(\4D5307EA.gpd)
04-12 14:17:12.405 26509 26555 I ax36e   : i> 000067BC devices_ count: 1
04-12 14:17:12.405 26509 26555 I ax36e   : i> 000067BC FIND User_E0300000A360E000:\4D5309C9.gpd User_E0300000A360E000:
04-12 14:17:12.405 26509 26555 I ax36e   : F> 000067BC HostPathDevice::ResolvePath(\4D5309C9.gpd)
04-12 14:17:12.407 26509 26555 I ax36e   : i> 000067BC devices_ count: 1
04-12 14:17:12.407 26509 26555 I ax36e   : i> 000067BC FIND User_E0300000A360E000:\4D530AA4.gpd User_E0300000A360E000:
04-12 14:17:12.407 26509 26555 I ax36e   : F> 000067BC HostPathDevice::ResolvePath(\4D530AA4.gpd)
04-12 14:17:12.408 26509 26555 I ax36e   : i> 000067BC devices_ count: 1
04-12 14:17:12.408 26509 26555 I ax36e   : i> 000067BC FIND User_E0300000A360E000:\584109C2.gpd User_E0300000A360E000:
04-12 14:17:12.408 26509 26555 I ax36e   : F> 000067BC HostPathDevice::ResolvePath(\584109C2.gpd)
04-12 14:17:12.408 26509 26555 I ax36e   : i> 000067BC devices_ count: 1
04-12 14:17:12.408 26509 26555 I ax36e   : i> 000067BC FIND User_E0300000A360E000: User_E0300000A360E000:
04-12 14:17:12.408 26509 26555 I ax36e   : F> 000067BC HostPathDevice::ResolvePath()
04-12 14:17:12.408 26509 26555 I ax36e   : i> 000067BC devices_ count: 1
04-12 14:17:12.408 26509 26555 I ax36e   : i> 000067BC FIND User_E0300000A360E000: User_E0300000A360E000:
04-12 14:17:12.408 26509 26555 I ax36e   : F> 000067BC HostPathDevice::ResolvePath()
04-12 14:17:12.408 26509 26555 I ax36e   : i> 000067BC kernel_guest_globals_: 30000000
04-12 14:17:12.408 26509 26555 I ax36e   : i> 000067BC CreateGuestTrampoline
04-12 14:17:12.408 26509 26555 I ax36e   : i> 000067BC Flush cache:        a0019f000        a001a0000
04-12 14:17:12.408 26509 26555 I ax36e   : i> 000067BC CreateGuestTrampoline->AddIndirection: 8003fe00 -> 0019f300
04-12 14:17:12.408 26509 26555 I ax36e   : i> 000067BC CreateGuestTrampoline
04-12 14:17:12.408 26509 26555 I ax36e   : i> 000067BC Flush cache:        a0019f000        a001a0000
04-12 14:17:12.408 26509 26555 I ax36e   : i> 000067BC CreateGuestTrampoline->AddIndirection: 8003fe08 -> 0019f334
04-12 14:17:12.408 26509 26555 I ax36e   : i> 000067BC CreateGuestTrampoline
04-12 14:17:12.408 26509 26555 I ax36e   : i> 000067BC Flush cache:        a0019f000        a001a0000
04-12 14:17:12.408 26509 26555 I ax36e   : i> 000067BC CreateGuestTrampoline->AddIndirection: 8003fe10 -> 0019f368
04-12 14:17:12.408 26509 26555 I ax36e   : i> 000067BC CreateGuestTrampoline
04-12 14:17:12.408 26509 26555 I ax36e   : i> 000067BC Flush cache:        a0019f000        a001a0000
04-12 14:17:12.408 26509 26555 I ax36e   : i> 000067BC CreateGuestTrampoline->AddIndirection: 8003fe18 -> 0019f39c
04-12 14:17:12.408 26509 26555 I ax36e   : i> 000067BC CreateGuestTrampoline
04-12 14:17:12.408 26509 26555 I ax36e   : i> 000067BC Flush cache:        a0019f000        a001a0000
04-12 14:17:12.408 26509 26555 I ax36e   : i> 000067BC CreateGuestTrampoline->AddIndirection: 8003fe20 -> 0019f3d0
04-12 14:17:12.408 26509 26555 I ax36e   : i> 000067BC CreateGuestTrampoline
04-12 14:17:12.408 26509 26555 I ax36e   : i> 000067BC Flush cache:        a0019f000        a001a0000
04-12 14:17:12.408 26509 26555 I ax36e   : i> 000067BC CreateGuestTrampoline->AddIndirection: 8003fe28 -> 0019f404
04-12 14:17:12.408 26509 26555 I ax36e   : i> 000067BC CreateGuestTrampoline
04-12 14:17:12.408 26509 26555 I ax36e   : i> 000067BC Flush cache:        a0019f000        a001a0000
04-12 14:17:12.408 26509 26555 I ax36e   : i> 000067BC CreateGuestTrampoline->AddIndirection: 8003fe30 -> 0019f438
04-12 14:17:12.408 26509 26555 I ax36e   : i> 000067BC CreateGuestTrampoline
04-12 14:17:12.408 26509 26555 I ax36e   : i> 000067BC Flush cache:        a0019f000        a001a0000
04-12 14:17:12.408 26509 26555 I ax36e   : i> 000067BC CreateGuestTrampoline->AddIndirection: 8003fe38 -> 0019f46c
04-12 14:17:12.408 26509 26555 I ax36e   : i> 000067BC CreateGuestTrampoline
04-12 14:17:12.408 26509 26555 I ax36e   : i> 000067BC Flush cache:        a0019f000        a001a0000
04-12 14:17:12.408 26509 26555 I ax36e   : i> 000067BC CreateGuestTrampoline->AddIndirection: 8003fe40 -> 0019f4a0
04-12 14:17:12.408 26509 26555 I ax36e   : i> 000067BC CreateGuestTrampoline
04-12 14:17:12.408 26509 26555 I ax36e   : i> 000067BC Flush cache:        a0019f000        a001a0000
04-12 14:17:12.408 26509 26555 I ax36e   : i> 000067BC CreateGuestTrampoline->AddIndirection: 8003fe48 -> 0019f4d4
04-12 14:17:12.408 26509 26555 I ax36e   : i> 000067BC CreateGuestTrampoline
04-12 14:17:12.408 26509 26555 I ax36e   : i> 000067BC Flush cache:        a0019f000        a001a0000
04-12 14:17:12.408 26509 26555 I ax36e   : i> 000067BC CreateGuestTrampoline->AddIndirection: 8003fe50 -> 0019f508
04-12 14:17:12.408 26509 26555 I ax36e   : i> 000067BC CreateGuestTrampoline
04-12 14:17:12.408 26509 26555 I ax36e   : i> 000067BC Flush cache:        a0019f000        a001a0000
04-12 14:17:12.408 26509 26555 I ax36e   : i> 000067BC CreateGuestTrampoline->AddIndirection: 8003fe58 -> 0019f53c
04-12 14:17:12.408 26509 26555 I ax36e   : i> 000067BC Added handle:F8000000 for N2xe6kernel7XObjectE
04-12 14:17:12.408 26509 26555 I ax36e   : i> 000067BC Added handle:01000004 for N2xe6kernel7XObjectE
04-12 14:17:12.408 26509 26555 I ax36e   : i> 000067BC Added handle:01000008 for N2xe6kernel7XObjectE
04-12 14:17:12.409 26509 26555 I ax36e   : i> 000067BC Added handle:0100000C for N2xe6kernel7XObjectE
04-12 14:17:12.409 26509 26555 I ax36e   : i> 000067BC Setup: Starting graphics_system...
04-12 14:17:12.409 26509 26555 I ax36e   : i> 000067BC Using custom Vulkan driver: /data/user/0/aenu.ax360e/app_custom_drivers/libvulkan_freedreno.so
04-12 14:17:12.409 26509 26555 I ax36e   : i> 000067BC Preparing Android stub preload for custom driver: /data/user/0/aenu.ax360e/app_custom_drivers/libvulkan_freedreno.so
04-12 14:17:12.409 26509 26555 I ax36e   : i> 000067BC Attempting Android stub preload from explicit path: /data/user/0/aenu.ax360e/android_stub/libcutils.so
04-12 14:17:12.410 26509 26555 I ax36e   : i> 000067BC Preloaded Android stub library from explicit path: /data/user/0/aenu.ax360e/android_stub/libcutils.so
04-12 14:17:12.410 26509 26555 I ax36e   : i> 000067BC Attempting Android stub preload from explicit path: /data/user/0/aenu.ax360e/android_stub/libhardware.so
04-12 14:17:12.410 26509 26555 I ax36e   : i> 000067BC Preloaded Android stub library from explicit path: /data/user/0/aenu.ax360e/android_stub/libhardware.so
04-12 14:17:12.410 26509 26555 I ax36e   : i> 000067BC Attempting Android stub preload from explicit path: /data/user/0/aenu.ax360e/android_stub/libsync.so
04-12 14:17:12.410 26509 26555 I ax36e   : i> 000067BC Preloaded Android stub library from explicit path: /data/user/0/aenu.ax360e/android_stub/libsync.so
04-12 14:17:12.410 26509 26555 I ax36e   : i> 000067BC Resolving android_get_exported_namespace for custom driver load
04-12 14:17:12.410 26509 26555 W ax36e   : w> 000067BC android_get_exported_namespace unavailable; skipping namespace loading and falling back to memfd/direct custom-driver load attempts
04-12 14:17:12.410 26509 26555 I ax36e   : i> 000067BC Attempting memfd-backed custom driver load without explicit namespace
04-12 14:17:12.433  1968  1968 I adbd    : Remote process closed the socket (on MSG_PEEK)
04-12 14:17:12.436  1411  1411 I Zygote  : Process 26509 exited due to signal 11 (Segmentation fault)
04-12 14:17:12.437  2387  3818 I ActivityManager: Process aenu.ax360e:emu (pid 26509) has died: fg  TOP 
04-12 14:17:12.437  2387  4067 I WindowManager: WIN DEATH: Window{42351 u0 aenu.ax360e/aenu.ax360e.EmulatorActivity}
04-12 14:17:12.437  2387  4067 W InputManager-JNI: Input channel object '42351 aenu.ax360e/aenu.ax360e.EmulatorActivity (client)' was disposed without first being removed with the input manager!
04-12 14:17:12.438  2387  2573 I libprocessgroup: Removed cgroup /sys/fs/cgroup/uid_10154/pid_26509
04-12 14:17:12.438  2387  3178 I ImeTracker: aenu.ax360e:e44f633f: onRequestHide at ORIGIN_SERVER reason HIDE_REMOVE_CLIENT fromUser false
04-12 14:17:12.438  2387  3178 I ImeTracker: aenu.ax360e:e44f633f: onCancelled at PHASE_SERVER_SHOULD_HIDE
04-12 14:17:12.438  1521  1521 I vendor.qti.hardware.servicetrackeraidl-service: killProcess is called for pid : 26509
