--------- beginning of main
04-12 14:13:25.595  1510 24218 I SDM     : RCParserIntfImpl::GenerateRCMask: RC mask generation in thread 24218...
04-12 14:13:25.596  1510 24218 W SDM     : RCParserIntfImpl::IsValidRcConfig: Invalid mask size: 0
04-12 14:13:25.596  1510 24218 I SDM     : RCParserIntfImpl::GenerateRCMask: Invalid RC config in mask generation thread 24218... Exit. err= -1
04-12 14:13:25.624  3003  3086 D FanBase : mSmartAction temp control curve; result /sys/devices/virtual/thermal/   null result.temperature = 40.84000015258789 speedPercentage = 31 smartSpeed = 15500
04-12 14:13:25.679  1510  1510 I SDM     : ClstcAlgorithmAdapter::UcscToneMap():1634 Checksum for layer 1 is: 812191
04-12 14:13:25.971  1504  1504 W ServiceManagerCppClient: Waited one second for vendor.qti.qesdsys.IQesdSys/default (is service started? Number of threads started in the threadpool: 0. Are binder threads started and available?)
04-12 14:13:25.971   556 24225 W libc    : Unable to set property "ctl.interface_start" to "aidl/vendor.qti.qesdsys.IQesdSys/default": PROP_ERROR_HANDLE_CONTROL_MESSAGE (0x20)
04-12 14:13:26.505  2387  2769 W IPCThreadState: Sending oneway calls to frozen process.
04-12 14:13:26.505  2387  2769 W IPCThreadState: Sending oneway calls to frozen process.
04-12 14:13:26.505  2387  2769 W IPCThreadState: Sending oneway calls to frozen process.
04-12 14:13:26.943  1410  1410 I binder:1410_5: type=1400 audit(0.0:9270): avc:  denied  { create } for  name="globalAlert" scontext=u:r:netd:s0 tcontext=u:object_r:proc_net:s0 tclass=file permissive=1
04-12 14:13:26.971  1504  1504 W ServiceManagerCppClient: Waited one second for vendor.qti.qesdsys.IQesdSys/default (is service started? Number of threads started in the threadpool: 0. Are binder threads started and available?)
04-12 14:13:26.971   556 24230 W libc    : Unable to set property "ctl.interface_start" to "aidl/vendor.qti.qesdsys.IQesdSys/default": PROP_ERROR_HANDLE_CONTROL_MESSAGE (0x20)
04-12 14:13:27.971  1504  1504 W ServiceManagerCppClient: Waited one second for vendor.qti.qesdsys.IQesdSys/default (is service started? Number of threads started in the threadpool: 0. Are binder threads started and available?)
04-12 14:13:27.972   556 24237 W libc    : Unable to set property "ctl.interface_start" to "aidl/vendor.qti.qesdsys.IQesdSys/default": PROP_ERROR_HANDLE_CONTROL_MESSAGE (0x20)
04-12 14:13:28.033  2893  3898 D ApfFilter: (wlan0): Ignoring RA RA fe80::c64f:d5ff:fe03:1e53 -> ff02::1 180s 2601:642:4e00:b720::/64 307376s/307376s DNS 180s 2001:558:feed::1 2001:558:feed::2 RIO 180s ::/0  which matches RA fe80::c64f:d5ff:fe03:1e53 -> ff02::1 180s 2601:642:4e00:b720::/64 307376s/307376s DNS 180s 2001:558:feed::1 2001:558:feed::2 RIO 180s ::/0 
04-12 14:13:28.580  2387  2555 I InputManager-JNI: Viewport [0] to add: local:4630946441858561683, isActive: true
04-12 14:13:28.580  2387  2555 W PointerChoreographer: updatePointerControllersLocked0.  name:ODIN Station Virtual Mouse 9
04-12 14:13:28.580  2387  2727 I InputReader: Reconfiguring input devices, changes=DISPLAY_INFO
04-12 14:13:28.580  2387  2727 I InputReader: start Device reconfigured: id=5, name='fts_ts', size 1080x1920, orientation Rotation0, mode DIRECT, display id 0, mRawPointerAxes (1081 1921) associatedDisplayIsExternal 0 mParameters.deviceType 0 viewport (1920, 1080) viewport.orientation 1
04-12 14:13:28.580  2387  2727 I InputReader: Device reconfigured: id=5, name='fts_ts', size 1080x1920, orientation Rotation0, mode DIRECT, display id 0
04-12 14:13:28.580  2387  2727 W PointerChoreographer: updatePointerControllersLocked0.  name:ODIN Station Virtual Mouse 9
04-12 14:13:28.581  2387  2555 W IPCThreadState: Sending oneway calls to frozen process.
04-12 14:13:28.581  3412  3412 I PkDeviceHelper: PkDeviceHelper.refreshDevices():87 refreshing devices
04-12 14:13:28.595  1510  1510 I SDM     : ClstcAlgorithmAdapter::UcscToneMap():1634 Checksum for layer 1 is: 812191
04-12 14:13:28.602  1510 24241 I SDM     : RCParserIntfImpl::GenerateRCMask: RC mask generation in thread 24241...
04-12 14:13:28.602  1510 24241 W SDM     : RCParserIntfImpl::IsValidRcConfig: Invalid mask size: 0
04-12 14:13:28.602  1510 24241 I SDM     : RCParserIntfImpl::GenerateRCMask: Invalid RC config in mask generation thread 24241... Exit. err= -1
04-12 14:13:28.694  1510  1510 I SDM     : ClstcAlgorithmAdapter::UcscToneMap():1634 Checksum for layer 1 is: 812191
04-12 14:13:28.971  1504  1504 W ServiceManagerCppClient: Waited one second for vendor.qti.qesdsys.IQesdSys/default (is service started? Number of threads started in the threadpool: 0. Are binder threads started and available?)
04-12 14:13:28.972   556 24247 W libc    : Unable to set property "ctl.interface_start" to "aidl/vendor.qti.qesdsys.IQesdSys/default": PROP_ERROR_HANDLE_CONTROL_MESSAGE (0x20)
04-12 14:13:29.511  2387  2769 W IPCThreadState: Sending oneway calls to frozen process.
04-12 14:13:29.511  2387  2769 W IPCThreadState: Sending oneway calls to frozen process.
04-12 14:13:29.511  2387  2769 W IPCThreadState: Sending oneway calls to frozen process.
04-12 14:13:29.627  3003  3086 D FanBase : mSmartAction temp control curve; result /sys/devices/virtual/thermal/   null result.temperature = 39.97999954223633 speedPercentage = 31 smartSpeed = 15500
04-12 14:13:29.971  1504  1504 W ServiceManagerCppClient: Waited one second for vendor.qti.qesdsys.IQesdSys/default (is service started? Number of threads started in the threadpool: 0. Are binder threads started and available?)
04-12 14:13:29.972   556 24252 W libc    : Unable to set property "ctl.interface_start" to "aidl/vendor.qti.qesdsys.IQesdSys/default": PROP_ERROR_HANDLE_CONTROL_MESSAGE (0x20)
04-12 14:13:30.972  1504  1504 W ServiceManagerCppClient: Waited one second for vendor.qti.qesdsys.IQesdSys/default (is service started? Number of threads started in the threadpool: 0. Are binder threads started and available?)
04-12 14:13:30.972   556 24257 W libc    : Unable to set property "ctl.interface_start" to "aidl/vendor.qti.qesdsys.IQesdSys/default": PROP_ERROR_HANDLE_CONTROL_MESSAGE (0x20)
04-12 14:13:31.437  1639  1884 D pservice: cpu_init boot_completed cpugpumode=2
04-12 14:13:31.435 24258 24258 I sh      : type=1400 audit(0.0:9271): avc:  denied  { dac_override } for  capability=1  scontext=u:r:pservice:s0 tcontext=u:r:pservice:s0 tclass=capability permissive=1
04-12 14:13:31.592  2387  2555 I InputManager-JNI: Viewport [0] to add: local:4630946441858561683, isActive: true
04-12 14:13:31.592  2387  2555 W PointerChoreographer: updatePointerControllersLocked0.  name:ODIN Station Virtual Mouse 9
04-12 14:13:31.593  2387  2727 I InputReader: Reconfiguring input devices, changes=DISPLAY_INFO
04-12 14:13:31.593  2387  2727 I InputReader: start Device reconfigured: id=5, name='fts_ts', size 1080x1920, orientation Rotation0, mode DIRECT, display id 0, mRawPointerAxes (1081 1921) associatedDisplayIsExternal 0 mParameters.deviceType 0 viewport (1920, 1080) viewport.orientation 1
04-12 14:13:31.593  2387  2727 I InputReader: Device reconfigured: id=5, name='fts_ts', size 1080x1920, orientation Rotation0, mode DIRECT, display id 0
04-12 14:13:31.593  2387  2727 W PointerChoreographer: updatePointerControllersLocked0.  name:ODIN Station Virtual Mouse 9
04-12 14:13:31.593  2387  2555 W IPCThreadState: Sending oneway calls to frozen process.
04-12 14:13:31.593  3412  3412 I PkDeviceHelper: PkDeviceHelper.refreshDevices():87 refreshing devices
04-12 14:13:31.617  1510 24267 I SDM     : RCParserIntfImpl::GenerateRCMask: RC mask generation in thread 24267...
04-12 14:13:31.618  1510 24267 W SDM     : RCParserIntfImpl::IsValidRcConfig: Invalid mask size: 0
04-12 14:13:31.618  1510 24267 I SDM     : RCParserIntfImpl::GenerateRCMask: Invalid RC config in mask generation thread 24267... Exit. err= -1
04-12 14:13:31.701  1510  1510 I SDM     : ClstcAlgorithmAdapter::UcscToneMap():1634 Checksum for layer 1 is: 812191
04-12 14:13:31.972  1504  1504 W ServiceManagerCppClient: Waited one second for vendor.qti.qesdsys.IQesdSys/default (is service started? Number of threads started in the threadpool: 0. Are binder threads started and available?)
04-12 14:13:31.972   556 24271 W libc    : Unable to set property "ctl.interface_start" to "aidl/vendor.qti.qesdsys.IQesdSys/default": PROP_ERROR_HANDLE_CONTROL_MESSAGE (0x20)
04-12 14:13:32.972  1504  1504 W ServiceManagerCppClient: Waited one second for vendor.qti.qesdsys.IQesdSys/default (is service started? Number of threads started in the threadpool: 0. Are binder threads started and available?)
04-12 14:13:32.972   556 24276 W libc    : Unable to set property "ctl.interface_start" to "aidl/vendor.qti.qesdsys.IQesdSys/default": PROP_ERROR_HANDLE_CONTROL_MESSAGE (0x20)
04-12 14:13:33.633  3003  3086 D FanBase : mSmartAction temp control curve; result /sys/devices/virtual/thermal/   null result.temperature = 40.7599983215332 speedPercentage = 31 smartSpeed = 15500
04-12 14:13:33.972  1504  1504 W ServiceManagerCppClient: Waited one second for vendor.qti.qesdsys.IQesdSys/default (is service started? Number of threads started in the threadpool: 0. Are binder threads started and available?)
04-12 14:13:33.972   556 24281 W libc    : Unable to set property "ctl.interface_start" to "aidl/vendor.qti.qesdsys.IQesdSys/default": PROP_ERROR_HANDLE_CONTROL_MESSAGE (0x20)
04-12 14:13:34.076  2893  3898 D ApfFilter: (wlan0): Adding RA fe80::c64f:d5ff:fe03:1e53 -> ff02::1 180s 2601:642:4e00:b720::/64 307376s/307376s DNS 180s 2001:558:feed::1 2001:558:feed::2 RIO 180s ::/0 
04-12 14:13:34.605  2387  2555 I InputManager-JNI: Viewport [0] to add: local:4630946441858561683, isActive: true
04-12 14:13:34.605  2387  2555 W PointerChoreographer: updatePointerControllersLocked0.  name:ODIN Station Virtual Mouse 9
04-12 14:13:34.605  2387  2727 I InputReader: Reconfiguring input devices, changes=DISPLAY_INFO
04-12 14:13:34.605  2387  2727 I InputReader: start Device reconfigured: id=5, name='fts_ts', size 1080x1920, orientation Rotation0, mode DIRECT, display id 0, mRawPointerAxes (1081 1921) associatedDisplayIsExternal 0 mParameters.deviceType 0 viewport (1920, 1080) viewport.orientation 1
04-12 14:13:34.605  2387  2727 I InputReader: Device reconfigured: id=5, name='fts_ts', size 1080x1920, orientation Rotation0, mode DIRECT, display id 0
04-12 14:13:34.605  2387  2727 W PointerChoreographer: updatePointerControllersLocked0.  name:ODIN Station Virtual Mouse 9
04-12 14:13:34.605  2387  2555 W IPCThreadState: Sending oneway calls to frozen process.
04-12 14:13:34.606  3412  3412 I PkDeviceHelper: PkDeviceHelper.refreshDevices():87 refreshing devices
04-12 14:13:34.632  1510 24284 I SDM     : RCParserIntfImpl::GenerateRCMask: RC mask generation in thread 24284...
04-12 14:13:34.633  1510 24284 I SDM     : RCParserIntfImpl::MarkMaskLayersAndCalculateMaskYSpans: rc not supported for dst_rect top = -1.000000, bottom = 1919.000000
04-12 14:13:34.779  1835  1835 I CNSS    : cnss_open_log_file: directory /data/vendor/wifi/wlan_logs/ created
04-12 14:13:34.972  1504  1504 W ServiceManagerCppClient: Waited one second for vendor.qti.qesdsys.IQesdSys/default (is service started? Number of threads started in the threadpool: 0. Are binder threads started and available?)
04-12 14:13:34.973   556 24287 W libc    : Unable to set property "ctl.interface_start" to "aidl/vendor.qti.qesdsys.IQesdSys/default": PROP_ERROR_HANDLE_CONTROL_MESSAGE (0x20)
04-12 14:13:35.058  1835  1835 I CNSS    : /sys/wifi/dump_in_progress doesn't exist
04-12 14:13:35.058  1835  1835 I CNSS    : /sys/wifi/max_chipset_log_size doesn't exist
04-12 14:13:35.521  2387  2769 W IPCThreadState: Sending oneway calls to frozen process.
04-12 14:13:35.522  2387  2769 W IPCThreadState: Sending oneway calls to frozen process.
04-12 14:13:35.522  2387  2769 W IPCThreadState: Sending oneway calls to frozen process.
04-12 14:13:35.966  2387  2555 I InputManager-JNI: Viewport [0] to add: local:4630946441858561683, isActive: true
04-12 14:13:35.966  2387  2555 W PointerChoreographer: updatePointerControllersLocked0.  name:ODIN Station Virtual Mouse 9
04-12 14:13:35.966  2387  2727 I InputReader: Reconfiguring input devices, changes=DISPLAY_INFO
04-12 14:13:35.966  2387  2727 I InputReader: start Device reconfigured: id=5, name='fts_ts', size 1080x1920, orientation Rotation0, mode DIRECT, display id 0, mRawPointerAxes (1081 1921) associatedDisplayIsExternal 0 mParameters.deviceType 0 viewport (1920, 1080) viewport.orientation 1
04-12 14:13:35.966  2387  2727 I InputReader: Device reconfigured: id=5, name='fts_ts', size 1080x1920, orientation Rotation0, mode DIRECT, display id 0
04-12 14:13:35.966  2387  2727 W PointerChoreographer: updatePointerControllersLocked0.  name:ODIN Station Virtual Mouse 9
04-12 14:13:35.967  2387  2555 W IPCThreadState: Sending oneway calls to frozen process.
04-12 14:13:35.967  3412  3412 I PkDeviceHelper: PkDeviceHelper.refreshDevices():87 refreshing devices
--------- beginning of system
04-12 14:13:35.968  2858  2994 D ShellBackPreview: Finishing gesture with event action: 3
04-12 14:13:35.968  2858  2994 D ShellBackPreview: onGestureFinished called while no gesture is started
04-12 14:13:35.972  1504  1504 W ServiceManagerCppClient: Waited one second for vendor.qti.qesdsys.IQesdSys/default (is service started? Number of threads started in the threadpool: 0. Are binder threads started and available?)
04-12 14:13:35.973   556 24293 W libc    : Unable to set property "ctl.interface_start" to "aidl/vendor.qti.qesdsys.IQesdSys/default": PROP_ERROR_HANDLE_CONTROL_MESSAGE (0x20)
04-12 14:13:35.982  1510  1510 I SDM     : ClstcAlgorithmAdapter::UcscToneMap():1634 Checksum for layer 1 is: 812191
04-12 14:13:35.989  1510 24294 I SDM     : RCParserIntfImpl::GenerateRCMask: RC mask generation in thread 24294...
04-12 14:13:35.990  1510 24294 W SDM     : RCParserIntfImpl::IsValidRcConfig: Invalid mask size: 0
04-12 14:13:35.990  1510 24294 I SDM     : RCParserIntfImpl::GenerateRCMask: Invalid RC config in mask generation thread 24294... Exit. err= -1
04-12 14:13:35.996  2387  2513 D CoreBackPreview: startBackNavigation currentTask=Task{8232954 #233 type=standard A=10154:aenu.ax360e}, topRunningActivity=ActivityRecord{d988323 u0 aenu.ax360e/.EmulatorSettings t233}, callbackInfo=OnBackInvokedCallbackInfo{mCallback=android.window.IOnBackInvokedCallback$Stub$Proxy@60a7876, mPriority=0, mIsAnimationCallback=false}, currentFocus=Window{a39339b u0 aenu.ax360e/aenu.ax360e.EmulatorSettings}
04-12 14:13:35.996  2858  2994 D ShellBackPreview: Received backNavigationInfo:BackNavigationInfo{mType=TYPE_CALLBACK (4), mOnBackNavigationDone=android.os.RemoteCallback@71d5f3, mOnBackInvokedCallback=android.window.IOnBackInvokedCallback$Stub$Proxy@c9a52b0, mPrepareRemoteAnimation=false, mAnimationCallback=false, mCustomizeAnimationInfo=null}
04-12 14:13:35.996  1523  1637 D vendor.qti.vibratorOL: Vibrator perform effect 2
04-12 14:13:35.996  2387  2513 I InputDispatcher: Channel [Gesture Monitor] edge-swipe (server) is stealing input gesture for device 5 from [a39339b aenu.ax360e/aenu.ax360e.EmulatorSettings, [Gesture Monitor] swipe-up]
04-12 14:13:35.998  1523 24296 D vendor.qti.vibratorOL: Starting perform on another thread
04-12 14:13:36.009  1523 24296 D vendor.qti.vibratorOL: Notifying perform complete
04-12 14:13:36.009  1523  1637 D vendor.qti.vibratorOL: QTI Vibrator off
04-12 14:13:36.015  1510  1510 I SDM     : ClstcAlgorithmAdapter::UcscToneMap():1634 Checksum for layer 1 is: 812191
04-12 14:13:36.071  2858  2994 D ShellBackPreview: Finishing gesture with event action: 1
04-12 14:13:36.071  2858  2994 D ShellBackPreview: onGestureFinished() mTriggerBack == true
04-12 14:13:36.071  2858  2994 D ShellBackPreview: Trigger back without dispatching to animator.
04-12 14:13:36.071  2858  2994 D ShellBackPreview: BackAnimationController: finishBackNavigation()
04-12 14:13:36.071  2387  2512 D CoreBackPreview: onBackNavigationDone backType=4, triggerBack=true
04-12 14:13:36.072  3412  3412 I StylusModule: StylusModule.onUpdateToolType():774 Update tool type = 0
04-12 14:13:36.364  1510  1510 I SDM     : ClstcAlgorithmAdapter::UcscToneMap():1634 Checksum for layer 1 is: 812191
04-12 14:13:36.592  2387  2661 D CoreBackPreview: startBackNavigation currentTask=Task{8232954 #233 type=standard A=10154:aenu.ax360e}, topRunningActivity=ActivityRecord{d988323 u0 aenu.ax360e/.EmulatorSettings t233}, callbackInfo=OnBackInvokedCallbackInfo{mCallback=android.window.IOnBackInvokedCallback$Stub$Proxy@60a7876, mPriority=0, mIsAnimationCallback=false}, currentFocus=Window{a39339b u0 aenu.ax360e/aenu.ax360e.EmulatorSettings}
04-12 14:13:36.592  2858  2994 D ShellBackPreview: Received backNavigationInfo:BackNavigationInfo{mType=TYPE_CALLBACK (4), mOnBackNavigationDone=android.os.RemoteCallback@bc9e9dc, mOnBackInvokedCallback=android.window.IOnBackInvokedCallback$Stub$Proxy@661cae5, mPrepareRemoteAnimation=false, mAnimationCallback=false, mCustomizeAnimationInfo=null}
04-12 14:13:36.602  2387  2661 I InputDispatcher: Channel [Gesture Monitor] edge-swipe (server) is stealing input gesture for device 5 from [a39339b aenu.ax360e/aenu.ax360e.EmulatorSettings, [Gesture Monitor] swipe-up]
04-12 14:13:36.603  1523  1637 D vendor.qti.vibratorOL: Vibrator perform effect 2
04-12 14:13:36.604  1523 24300 D vendor.qti.vibratorOL: Starting perform on another thread
04-12 14:13:36.615  1523 24300 D vendor.qti.vibratorOL: Notifying perform complete
04-12 14:13:36.615  1523  1637 D vendor.qti.vibratorOL: QTI Vibrator off
04-12 14:13:36.623  1510  1510 I SDM     : ClstcAlgorithmAdapter::UcscToneMap():1634 Checksum for layer 1 is: 812191
04-12 14:13:36.688  2858  2994 D ShellBackPreview: Finishing gesture with event action: 1
04-12 14:13:36.688  2858  2994 D ShellBackPreview: onGestureFinished() mTriggerBack == true
04-12 14:13:36.688  2858  2994 D ShellBackPreview: Trigger back without dispatching to animator.
04-12 14:13:36.688  2858  2994 D ShellBackPreview: BackAnimationController: finishBackNavigation()
04-12 14:13:36.688  2387  2661 D CoreBackPreview: onBackNavigationDone backType=4, triggerBack=true
04-12 14:13:36.688  3412  3412 I StylusModule: StylusModule.onUpdateToolType():774 Update tool type = 0
04-12 14:13:36.689  2858  2994 V WindowManagerShell: Transition requested (#421): android.os.BinderProxy@de93061 TransitionRequestInfo { type = CLOSE, triggerTask = null, pipTask = null, remoteTransition = null, displayChange = null, flags = 0, debugId = 421 }
04-12 14:13:36.689  2387  2661 D ActivityTrigger: ActivityTrigger activityPauseTrigger 
04-12 14:13:36.689  2387  2661 I HidlServiceManagement: Trying to get transport of vendor.qti.hardware.servicetracker@1.2::IServicetracker/default without hwservicemanager
04-12 14:13:36.689  2387  2661 W ActivityTaskManager: servicetracker HIDL not available
04-12 14:13:36.689  2387  2661 E ActivityTaskManager: Unable to get servicetracker HAL instance
04-12 14:13:36.691  2387  2661 I HidlServiceManagement: Trying to get transport of vendor.qti.hardware.servicetracker@1.2::IServicetracker/default without hwservicemanager
04-12 14:13:36.691  2387  2661 W ActivityTaskManager: servicetracker HIDL not available
04-12 14:13:36.691  2387  2661 E ActivityTaskManager: Unable to get servicetracker HAL instance
04-12 14:13:36.691  2387  2661 I HidlServiceManagement: Trying to get transport of vendor.qti.hardware.servicetracker@1.2::IServicetracker/default without hwservicemanager
04-12 14:13:36.691  2387  2661 W ActivityTaskManager: servicetracker HIDL not available
04-12 14:13:36.691  2387  2661 E ActivityTaskManager: Unable to get servicetracker HAL instance
04-12 14:13:36.691  2387  2661 I HidlServiceManagement: Trying to get transport of vendor.qti.hardware.servicetracker@1.2::IServicetracker/default without hwservicemanager
04-12 14:13:36.691  2387  2661 W ActivityTaskManager: servicetracker HIDL not available
04-12 14:13:36.691  2387  2661 E ActivityTaskManager: Unable to get servicetracker HAL instance
04-12 14:13:36.691  3449  3476 E Thermal-Lib: Thermal-Lib-Client:thermal_client_config_query: could not connect to socket
04-12 14:13:36.692  2387  2661 I HidlServiceManagement: Trying to get transport of vendor.qti.hardware.servicetracker@1.2::IServicetracker/default without hwservicemanager
04-12 14:13:36.692  2387  2661 W ActivityTaskManager: servicetracker HIDL not available
04-12 14:13:36.692  2387  2661 E ActivityTaskManager: Unable to get servicetracker HAL instance
04-12 14:13:36.697  1551  1551 I BpBinder: onLastStrongRef automatically unlinking death recipients: 
04-12 14:13:36.706  2387  2555 W ProcessStats: Tracking association SourceState{13b867c system/1000 ImpFg #16448} whose proc state 5 is better than process ProcessState{93a3b05 com.android.chrome/10069 pkg=com.android.chrome} proc state 14 (1 skipped)
04-12 14:13:36.707  2387  2552 V WindowManager: Sent Transition (#421) createdAt=04-12 14:13:36.689 via request=TransitionRequestInfo { type = CLOSE, triggerTask = null, pipTask = null, remoteTransition = null, displayChange = null, flags = 0, debugId = 421 }
04-12 14:13:36.707  2387  2552 V WindowManager:     startWCT=WindowContainerTransaction { changes = {} hops = [] errorCallbackToken=null taskFragmentOrganizer=null }
04-12 14:13:36.707  2387  2552 V WindowManager:     info={id=421 t=CLOSE f=0x0 trk=0 opt={t=FROM_STYLE} r=[0@Point(0, 0)] c=[
04-12 14:13:36.707  2387  2552 V WindowManager:         {null m=CLOSE f=FILLS_TASK leash=Surface(name=ActivityRecord{d988323 u0 aenu.ax360e/.EmulatorSettings)/@0x4407b13 sb=Rect(0, 0 - 1920, 1080) eb=Rect(0, 0 - 1920, 1080) d=0 bc=fffef7ff component=aenu.ax360e/.EmulatorSettings},
04-12 14:13:36.707  2387  2552 V WindowManager:         {null m=TO_FRONT f=FILLS_TASK leash=Surface(name=ActivityRecord{efb10a7 u0 aenu.ax360e/.MainActivity)/@0xef0e678 sb=Rect(0, 0 - 1920, 1080) eb=Rect(0, 0 - 1920, 1080) d=0 bc=fffef7ff component=aenu.ax360e/.MainActivity}
04-12 14:13:36.707  2387  2552 V WindowManager:     ]}
04-12 14:13:36.707  2858 28411 V WindowManagerShell: onTransitionReady(transaction=10252086973083)
04-12 14:13:36.707  2858  2994 V WindowManagerShell: onTransitionReady (#421) android.os.BinderProxy@de93061: {id=421 t=CLOSE f=0x0 trk=0 opt={t=FROM_STYLE} r=[0@Point(0, 0)] c=[{null m=CLOSE f=FILLS_TASK leash=Surface(name=ActivityRecord{d988323 u0 aenu.ax360e/.EmulatorSettings)/@0x50d5786 sb=Rect(0, 0 - 1920, 1080) eb=Rect(0, 0 - 1920, 1080) d=0 bc=fffef7ff component=aenu.ax360e/.EmulatorSettings},{null m=TO_FRONT f=FILLS_TASK leash=Surface(name=ActivityRecord{efb10a7 u0 aenu.ax360e/.MainActivity)/@0xefd4847 sb=Rect(0, 0 - 1920, 1080) eb=Rect(0, 0 - 1920, 1080) d=0 bc=fffef7ff component=aenu.ax360e/.MainActivity}]}
04-12 14:13:36.707  2858  2994 V WindowManagerShell: Playing animation for (#421) android.os.BinderProxy@de93061@0
04-12 14:13:36.707  2858  2994 V WindowManagerShell:  try handler com.android.wm.shell.transition.DefaultMixedHandler@640c055
04-12 14:13:36.707  2858  2994 V WindowManagerShell:  try handler com.android.wm.shell.keyguard.KeyguardTransitionHandler@ae9fa6a
04-12 14:13:36.707  2858  2994 V WindowManagerShell:  try handler com.android.wm.shell.pip.PipTransition@612833
04-12 14:13:36.707  2858  2994 V WindowManagerShell:  try handler com.android.wm.shell.activityembedding.ActivityEmbeddingController@e0fd7f0
04-12 14:13:36.707  2858  2994 V WindowManagerShell:  try handler com.android.wm.shell.recents.RecentsTransitionHandler@42a4169
04-12 14:13:36.707  2858  2994 V ShellRecents: RecentsTransitionHandler.startAnimation: no controller found
04-12 14:13:36.707  2858  2994 V WindowManagerShell:  try handler com.android.wm.shell.splitscreen.StageCoordinator@62207ee
04-12 14:13:36.708  2858  2994 V WindowManagerShell:  try handler com.android.wm.shell.transition.RemoteTransitionHandler@afc148f
04-12 14:13:36.708  2858  2994 V WindowManagerShell: Transition doesn't have explicit remote, search filters for match for {id=421 t=CLOSE f=0x0 trk=0 opt={t=FROM_STYLE} r=[0@Point(0, 0)] c=[{null m=CLOSE f=FILLS_TASK leash=Surface(name=ActivityRecord{d988323 u0 aenu.ax360e/.EmulatorSettings)/@0x50d5786 sb=Rect(0, 0 - 1920, 1080) eb=Rect(0, 0 - 1920, 1080) d=0 bc=fffef7ff component=aenu.ax360e/.EmulatorSettings},{null m=TO_FRONT f=FILLS_TASK leash=Surface(name=ActivityRecord{efb10a7 u0 aenu.ax360e/.MainActivity)/@0xefd4847 sb=Rect(0, 0 - 1920, 1080) eb=Rect(0, 0 - 1920, 1080) d=0 bc=fffef7ff component=aenu.ax360e/.MainActivity}]}
04-12 14:13:36.708  2858  2994 V WindowManagerShell:  Checking filter Pair{{types=[] flags=0x0] notFlags=0x100 checks=[{atype=home independent=true modes=[OPEN,TO_FRONT] flags=NONE mustBeTask=false order=TOP topActivity=ComponentInfo{com.android.launcher3/com.android.launcher3.uioverrides.QuickstepLauncher} launchCookie=null},{atype=standard independent=true modes=[CLOSE,TO_BACK] flags=NONE mustBeTask=false order=ANY topActivity=null launchCookie=null}]} RemoteTransition { remoteTransition = android.window.IRemoteTransition$Stub$Proxy@a87b72b, appThread = android.app.IApplicationThread$Stub$Proxy@bda4788, debugName = QuickstepLaunchHome }}
04-12 14:13:36.708  2858  2994 V WindowManagerShell:  Delegate animation for (#421) to null
04-12 14:13:36.708  2858  2994 V WindowManagerShell:  try handler com.android.wm.shell.transition.DefaultTransitionHandler@42ab4fa
04-12 14:13:36.708  2858  2994 V WindowManagerShell: start default transition animation, info = {id=421 t=CLOSE f=0x0 trk=0 opt={t=FROM_STYLE} r=[0@Point(0, 0)] c=[{null m=CLOSE f=FILLS_TASK leash=Surface(name=ActivityRecord{d988323 u0 aenu.ax360e/.EmulatorSettings)/@0x50d5786 sb=Rect(0, 0 - 1920, 1080) eb=Rect(0, 0 - 1920, 1080) d=0 bc=fffef7ff component=aenu.ax360e/.EmulatorSettings},{null m=TO_FRONT f=FILLS_TASK leash=Surface(name=ActivityRecord{efb10a7 u0 aenu.ax360e/.MainActivity)/@0xefd4847 sb=Rect(0, 0 - 1920, 1080) eb=Rect(0, 0 - 1920, 1080) d=0 bc=fffef7ff component=aenu.ax360e/.MainActivity}]}
04-12 14:13:36.708  2858  2994 V WindowManagerShell: loadAnimation: anim=android.view.animation.AnimationSet@bd76612 animAttr=0x6 type=CLOSE isEntrance=true
04-12 14:13:36.708  2858  2994 V WindowManagerShell: loadAnimation: anim=android.view.animation.AnimationSet@fbc21e3 animAttr=0x7 type=CLOSE isEntrance=false
04-12 14:13:36.708  2387  2512 W UserManagerService: Requested status bar icon for non-badged user 0
04-12 14:13:36.716  2858  2994 V WindowManagerShell:  animated by com.android.wm.shell.transition.DefaultTransitionHandler@42ab4fa
04-12 14:13:36.717  2387  2732 I ImeTracker: aenu.ax360e:7a9421a0: onRequestHide at ORIGIN_SERVER reason HIDE_UNSPECIFIED_WINDOW fromUser false
04-12 14:13:36.717  2387  2732 I ImeTracker: aenu.ax360e:7a9421a0: onCancelled at PHASE_SERVER_SHOULD_HIDE
04-12 14:13:36.718  3412  3412 I GoogleInputMethodService: GoogleInputMethodService.onFinishInput():2159 
04-12 14:13:36.718  3412  3412 I Module  : DeviceLockedStatusModuleProvider$Module.updateDeviceLockedStatus():103 repeatCheckTimes = 0, locked = false
04-12 14:13:36.718  3412  3412 I GoogleInputMethodService: GoogleInputMethodService.onStartInput():1434 onStartInput(EditorInfo{EditorInfo{packageName=aenu.ax360e, inputType=0, inputTypeString=NULL, enableLearning=false, autoCorrection=false, autoComplete=false, imeOptions=0, privateImeOptions=null, actionName=UNSPECIFIED, actionLabel=null, initialSelStart=-1, initialSelEnd=-1, initialCapsMode=0, label=null, fieldId=0, fieldName=null, extras=null, hintText=null, hintLocales=[]}}, false)
04-12 14:13:36.718  3412  3412 I AndroidIME: LatinIMEBase.updateInputViewCoverNavigation():312 Update input view padding, isNavbarOverInputWindow=false, bottom inset=55
04-12 14:13:36.718  3412  3412 I Module  : DeviceLockedStatusModuleProvider$Module.updateDeviceLockedStatus():103 repeatCheckTimes = 1, locked = false
04-12 14:13:36.719  2387  2512 W PackageConfigPersister: App-specific configuration not found for packageName: aenu.ax360e and userId: 0
04-12 14:13:36.723  1510  1510 I SDM     : ClstcAlgorithmAdapter::UcscToneMap():1634 Checksum for layer 1 is: 812191
04-12 14:13:36.739  1510  1510 I SDM     : ClstcAlgorithmAdapter::UcscToneMap():1634 Checksum for layer 1 is: 812191
04-12 14:13:36.856  1510  1510 I SDM     : ClstcAlgorithmAdapter::UcscToneMap():1634 Checksum for layer 1 is: 812191
04-12 14:13:36.973  1504  1504 W ServiceManagerCppClient: Waited one second for vendor.qti.qesdsys.IQesdSys/default (is service started? Number of threads started in the threadpool: 0. Are binder threads started and available?)
04-12 14:13:36.974   556 24305 W libc    : Unable to set property "ctl.interface_start" to "aidl/vendor.qti.qesdsys.IQesdSys/default": PROP_ERROR_HANDLE_CONTROL_MESSAGE (0x20)
04-12 14:13:37.014  1510  1510 I SDM     : ClstcAlgorithmAdapter::UcscToneMap():1634 Checksum for layer 1 is: 812191
04-12 14:13:37.039  1510  1510 I SDM     : ClstcAlgorithmAdapter::UcscToneMap():1634 Checksum for layer 1 is: 812191
04-12 14:13:37.064  1510  1510 I SDM     : ClstcAlgorithmAdapter::UcscToneMap():1634 Checksum for layer 1 is: 812191
04-12 14:13:37.089  1510  1510 I SDM     : ClstcAlgorithmAdapter::UcscToneMap():1634 Checksum for layer 1 is: 812191
04-12 14:13:37.122  1510  1510 I SDM     : ClstcAlgorithmAdapter::UcscToneMap():1634 Checksum for layer 1 is: 812191
04-12 14:13:37.166  2858  2994 V WindowManagerShell: Transition animation finished (aborted=false), notifying core (#421) android.os.BinderProxy@de93061@0
04-12 14:13:37.167  2387  2552 V WindowManager: Finish Transition (#421): created at 04-12 14:13:36.689 collect-started=0.023ms request-sent=0.152ms started=0.902ms ready=3.69ms sent=18.051ms finished=477.973ms
04-12 14:13:37.167 22319 22319 D VRI[EmulatorSettings]: visibilityChanged oldVisibility=true newVisibility=false
04-12 14:13:37.168  2387  2555 I HidlServiceManagement: Trying to get transport of vendor.qti.hardware.servicetracker@1.2::IServicetracker/default without hwservicemanager
04-12 14:13:37.168  2387  2555 W ActivityTaskManager: servicetracker HIDL not available
04-12 14:13:37.168  2387  2555 E ActivityTaskManager: Unable to get servicetracker HAL instance
04-12 14:13:37.168  2387  2555 I HidlServiceManagement: Trying to get transport of vendor.qti.hardware.servicetracker@1.2::IServicetracker/default without hwservicemanager
04-12 14:13:37.168  2387  2555 W ActivityTaskManager: servicetracker HIDL not available
04-12 14:13:37.168  2387  2555 E ActivityTaskManager: Unable to get servicetracker HAL instance
04-12 14:13:37.168  2858  2994 V WindowManagerShell: Track 0 became idle
04-12 14:13:37.168  2858  2994 V WindowManagerShell: All active transition animations finished
04-12 14:13:37.168  2387  2555 I HidlServiceManagement: Trying to get transport of vendor.qti.hardware.servicetracker@1.2::IServicetracker/default without hwservicemanager
04-12 14:13:37.168  2387  2555 W ActivityTaskManager: servicetracker HIDL not available
04-12 14:13:37.168  2387  2555 E ActivityTaskManager: Unable to get servicetracker HAL instance
04-12 14:13:37.168  2387  2555 I HidlServiceManagement: Trying to get transport of vendor.qti.hardware.servicetracker@1.2::IServicetracker/default without hwservicemanager
04-12 14:13:37.168  2387  2555 W ActivityTaskManager: servicetracker HIDL not available
04-12 14:13:37.168  2387  2555 E ActivityTaskManager: Unable to get servicetracker HAL instance
04-12 14:13:37.169  2387  2512 W UserManagerService: Requested status bar icon for non-badged user 0
04-12 14:13:37.169  2387  2512 W UserManagerService: Requested status bar icon for non-badged user 0
04-12 14:13:37.178 22319 22319 W WindowOnBackDispatcher: sendCancelIfRunning: isInProgress=false callback=android.view.ViewRootImpl$$ExternalSyntheticLambda11@ef5232d
04-12 14:13:37.178  2387  2513 D CoreBackPreview: Window{a39339b u0 aenu.ax360e/aenu.ax360e.EmulatorSettings}: Setting back callback null
04-12 14:13:37.178  2387  2512 W InputManager-JNI: Input channel object 'a39339b aenu.ax360e/aenu.ax360e.EmulatorSettings (client)' was disposed without first being removed with the input manager!
04-12 14:13:37.179  2387  2661 I HidlServiceManagement: Trying to get transport of vendor.qti.hardware.servicetracker@1.2::IServicetracker/default without hwservicemanager
04-12 14:13:37.179  2387  2661 W ActivityTaskManager: servicetracker HIDL not available
04-12 14:13:37.179  2387  2661 E ActivityTaskManager: Unable to get servicetracker HAL instance
04-12 14:13:37.179  2387  2661 I HidlServiceManagement: Trying to get transport of vendor.qti.hardware.servicetracker@1.2::IServicetracker/default without hwservicemanager
04-12 14:13:37.179  2387  2661 W ActivityTaskManager: servicetracker HIDL not available
04-12 14:13:37.179  2387  2661 E ActivityTaskManager: Unable to get servicetracker HAL instance
04-12 14:13:37.637  3003  3086 D FanBase : mSmartAction temp control curve; result /sys/devices/virtual/thermal/   null result.temperature = 41.595001220703125 speedPercentage = 31 smartSpeed = 15500
04-12 14:13:37.631  3003  3003 I pool-3-thread-3: type=1400 audit(0.0:9272): avc:  denied  { write } for  name="duty" dev="sysfs" ino=131064 scontext=u:r:system_app:s0 tcontext=u:object_r:sysfs:s0 tclass=file permissive=1
04-12 14:13:37.631  3003  3003 I pool-3-thread-3: type=1400 audit(0.0:9273): avc:  denied  { read } for  name="duty" dev="sysfs" ino=131064 scontext=u:r:system_app:s0 tcontext=u:object_r:sysfs:s0 tclass=file permissive=1
04-12 14:13:37.631  3003  3003 I pool-3-thread-3: type=1400 audit(0.0:9274): avc:  denied  { open } for  path="/sys/class/gpio5_pwm2/duty" dev="sysfs" ino=131064 scontext=u:r:system_app:s0 tcontext=u:object_r:sysfs:s0 tclass=file permissive=1
04-12 14:13:37.631  3003  3003 I pool-3-thread-3: type=1400 audit(0.0:9275): avc:  denied  { getattr } for  path="/sys/class/gpio5_pwm2/duty" dev="sysfs" ino=131064 scontext=u:r:system_app:s0 tcontext=u:object_r:sysfs:s0 tclass=file permissive=1
04-12 14:13:37.730  1510  1510 I SDM     : ClstcAlgorithmAdapter::UcscToneMap():1634 Checksum for layer 1 is: 812191
04-12 14:13:37.851  2387  2661 W OptProp : Cannot read opt property android.window.PROPERTY_COMPAT_ALLOW_ORIENTATION_OVERRIDE
04-12 14:13:37.851  2387  2661 I HidlServiceManagement: Trying to get transport of vendor.qti.hardware.servicetracker@1.2::IServicetracker/default without hwservicemanager
04-12 14:13:37.851  2387  2661 W ActivityTaskManager: servicetracker HIDL not available
04-12 14:13:37.851  2387  2661 E ActivityTaskManager: Unable to get servicetracker HAL instance
04-12 14:13:37.851  2387  2661 I HidlServiceManagement: Trying to get transport of vendor.qti.hardware.servicetracker@1.2::IServicetracker/default without hwservicemanager
04-12 14:13:37.851  2387  2661 W ActivityTaskManager: servicetracker HIDL not available
04-12 14:13:37.851  2387  2661 E ActivityTaskManager: Unable to get servicetracker HAL instance
04-12 14:13:37.851  1547  7957 D audioserver: logFgsApiBegin: FGS Logger Transaction failed, -129
04-12 14:13:37.851  2387  2661 V GrammaticalInflectionUtils: AttributionSource: android.content.AttributionSource@19b39ac2 does not have READ_SYSTEM_GRAMMATICAL_GENDER permission.
04-12 14:13:37.852  1498  2547 D AHAL_StreamOut_QTI: start : usecase: LOW_LATENCY_PLAYBACK IoHandle: 13 
04-12 14:13:37.852  2387  2513 W AS.PlaybackActivityMon: No piid assigned for invalid/internal port id 34
04-12 14:13:37.852  1498  2547 E PERFHAL-CLIENT: PERFHAL-CLIENT: perf_lock_acq() 170: opcode=1077936128 isMvOpcode=0
04-12 14:13:37.852  1498  2547 E PERFHAL-CLIENT: PERFHAL-CLIENT: perf_lock_acq() 170: opcode=1082130432 isMvOpcode=0
04-12 14:13:37.852  2387  2661 W OptProp : Cannot read opt property android.window.PROPERTY_COMPAT_ALLOW_RESIZEABLE_ACTIVITY_OVERRIDES
04-12 14:13:37.852  2387  2661 W OptProp : Cannot read opt property android.window.PROPERTY_COMPAT_ALLOW_MIN_ASPECT_RATIO_OVERRIDE
04-12 14:13:37.852  1498  2547 D audio_route: Apply path: speaker-vbat
04-12 14:13:37.852  1498  2547 I AgmIpc::Server: SessionInfo created for session 126
04-12 14:13:37.852  1498  2547 D AHAL_StreamOut_QTI: configure : usecase: LOW_LATENCY_PLAYBACK IoHandle: 13 set pal_stream_set_buffer_size to 768 with count 2
04-12 14:13:37.852  1498  2547 E PERFHAL-CLIENT: PERFHAL-CLIENT: perf_lock_acq() 170: opcode=1077936128 isMvOpcode=0
04-12 14:13:37.852  1498  2547 E PERFHAL-CLIENT: PERFHAL-CLIENT: perf_lock_acq() 170: opcode=1082130432 isMvOpcode=0
04-12 14:13:37.853  2387  2661 E CellBroadcastUtils: getDefaultCellBroadcastReceiverPackageName: no package found
04-12 14:13:37.854  1498  2547 I GPR:    : vendor/qcom/proprietary/args/gpr/core/src/gpr_drv.c:__gpr_cmd_register_v2:931 GPR Register: Source Port is 8208 heap_index: 0
04-12 14:13:37.855  2387  2661 D ActivityTrigger: ActivityTrigger activityPauseTrigger 
04-12 14:13:37.855  3449  3476 E Thermal-Lib: Thermal-Lib-Client:thermal_client_config_query: could not connect to socket
04-12 14:13:37.856  2387  2661 I HidlServiceManagement: Trying to get transport of vendor.qti.hardware.servicetracker@1.2::IServicetracker/default without hwservicemanager
04-12 14:13:37.856  2387  2661 W ActivityTaskManager: servicetracker HIDL not available
04-12 14:13:37.856  2387  2661 E ActivityTaskManager: Unable to get servicetracker HAL instance
04-12 14:13:37.857   529  1666 D audioadsprpcd: vendor/qcom/proprietary/adsprpc/src/apps_std_imp.c:382: apps_std_fopen_fd done for ./spv5_module.so.1 with       fopen:11us, read:0us, rpc_alloc:0us,       mmap:0us fd 0x0 error_code 0x2
04-12 14:13:37.857   529  1666 D audioadsprpcd: vendor/qcom/proprietary/adsprpc/src/apps_std_imp.c:382: apps_std_fopen_fd done for ./spv5_module.so.1 with       fopen:1us, read:0us, rpc_alloc:0us,       mmap:0us fd 0x0 error_code 0x2
04-12 14:13:37.857   529  1666 D audioadsprpcd: vendor/qcom/proprietary/adsprpc/src/apps_std_imp.c:382: apps_std_fopen_fd done for /vendor/lib64/rfs/dsp/adsp/./spv5_module.so.1 with       fopen:9us, read:0us, rpc_alloc:0us,       mmap:0us fd 0x0 error_code 0x2
04-12 14:13:37.857   529  1666 D audioadsprpcd: vendor/qcom/proprietary/adsprpc/src/apps_std_imp.c:382: apps_std_fopen_fd done for /vendor/lib64/rfs/dsp/./spv5_module.so.1 with       fopen:2us, read:0us, rpc_alloc:0us,       mmap:0us fd 0x0 error_code 0x2
04-12 14:13:37.857   529  1666 D audioadsprpcd: vendor/qcom/proprietary/adsprpc/src/apps_std_imp.c:382: apps_std_fopen_fd done for /vendor/lib/rfsa/adsp/adsp/./spv5_module.so.1 with       fopen:3us, read:0us, rpc_alloc:0us,       mmap:0us fd 0x0 error_code 0x2
04-12 14:13:37.857   529  1666 D audioadsprpcd: vendor/qcom/proprietary/adsprpc/src/apps_std_imp.c:382: apps_std_fopen_fd done for /vendor/lib/rfsa/adsp/./spv5_module.so.1 with       fopen:2us, read:0us, rpc_alloc:0us,       mmap:0us fd 0x0 error_code 0x2
04-12 14:13:37.857   529  1666 D audioadsprpcd: vendor/qcom/proprietary/adsprpc/src/apps_std_imp.c:382: apps_std_fopen_fd done for /vendor/lib/rfsa/dsp/adsp/./spv5_module.so.1 with       fopen:2us, read:0us, rpc_alloc:0us,       mmap:0us fd 0x0 error_code 0x2
04-12 14:13:37.857   529  1666 D audioadsprpcd: vendor/qcom/proprietary/adsprpc/src/apps_std_imp.c:382: apps_std_fopen_fd done for /vendor/lib/rfsa/dsp/./spv5_module.so.1 with       fopen:1us, read:0us, rpc_alloc:0us,       mmap:0us fd 0x0 error_code 0x2
04-12 14:13:37.857  2387  2661 E ActivityTaskManager: START u0 {act=aenu.intent.action.AX360E pkg=aenu.ax360e cmp=aenu.ax360e/.EmulatorActivity (has extras)} with LAUNCH_SINGLE_TASK from uid 10154 (BAL_ALLOW_VISIBLE_WINDOW) result code=0
04-12 14:13:37.857   529  1666 D audioadsprpcd: vendor/qcom/proprietary/adsprpc/src/apps_std_imp.c:382: apps_std_fopen_fd done for /vendor/dsp/adsp/./spv5_module.so.1 with       fopen:14us, read:71us, rpc_alloc:38us,       mmap:421us fd 0xc error_code 0x0
04-12 14:13:37.857   529  1666 I audioadsprpcd: vendor/qcom/proprietary/adsprpc/src/apps_std_imp.c:1133: Successfully opened file /vendor/dsp/adsp/./spv5_module.so.1
04-12 14:13:37.857  2387  2555 V GrammaticalInflectionUtils: AttributionSource: android.content.AttributionSource@19b39ac2 does not have READ_SYSTEM_GRAMMATICAL_GENDER permission.
04-12 14:13:37.858   529  1666 D audioadsprpcd: vendor/qcom/proprietary/adsprpc/src/apps_std_imp.c:382: apps_std_fopen_fd done for ./CFCM.so.1 with       fopen:4us, read:0us, rpc_alloc:0us,       mmap:0us fd 0x0 error_code 0x2
04-12 14:13:37.858   529  1666 D audioadsprpcd: vendor/qcom/proprietary/adsprpc/src/apps_std_imp.c:382: apps_std_fopen_fd done for ./CFCM.so.1 with       fopen:1us, read:0us, rpc_alloc:0us,       mmap:0us fd 0x0 error_code 0x2
04-12 14:13:37.858   529  1666 D audioadsprpcd: vendor/qcom/proprietary/adsprpc/src/apps_std_imp.c:382: apps_std_fopen_fd done for /vendor/lib64/rfs/dsp/adsp/./CFCM.so.1 with       fopen:2us, read:0us, rpc_alloc:0us,       mmap:0us fd 0x0 error_code 0x2
04-12 14:13:37.858   529  1666 D audioadsprpcd: vendor/qcom/proprietary/adsprpc/src/apps_std_imp.c:382: apps_std_fopen_fd done for /vendor/lib64/rfs/dsp/./CFCM.so.1 with       fopen:2us, read:0us, rpc_alloc:0us,       mmap:0us fd 0x0 error_code 0x2
04-12 14:13:37.858   529  1666 D audioadsprpcd: vendor/qcom/proprietary/adsprpc/src/apps_std_imp.c:382: apps_std_fopen_fd done for /vendor/lib/rfsa/adsp/adsp/./CFCM.so.1 with       fopen:1us, read:0us, rpc_alloc:0us,       mmap:0us fd 0x0 error_code 0x2
04-12 14:13:37.858   529  1666 D audioadsprpcd: vendor/qcom/proprietary/adsprpc/src/apps_std_imp.c:382: apps_std_fopen_fd done for /vendor/lib/rfsa/adsp/./CFCM.so.1 with       fopen:1us, read:0us, rpc_alloc:0us,       mmap:0us fd 0x0 error_code 0x2
04-12 14:13:37.858   529  1666 D audioadsprpcd: vendor/qcom/proprietary/adsprpc/src/apps_std_imp.c:382: apps_std_fopen_fd done for /vendor/lib/rfsa/dsp/adsp/./CFCM.so.1 with       fopen:1us, read:0us, rpc_alloc:0us,       mmap:0us fd 0x0 error_code 0x2
04-12 14:13:37.858   529  1666 D audioadsprpcd: vendor/qcom/proprietary/adsprpc/src/apps_std_imp.c:382: apps_std_fopen_fd done for /vendor/lib/rfsa/dsp/./CFCM.so.1 with       fopen:1us, read:0us, rpc_alloc:0us,       mmap:0us fd 0x0 error_code 0x2
04-12 14:13:37.859   529  1666 D audioadsprpcd: vendor/qcom/proprietary/adsprpc/src/apps_std_imp.c:382: apps_std_fopen_fd done for /vendor/dsp/adsp/./CFCM.so.1 with       fopen:5us, read:10us, rpc_alloc:27us,       mmap:342us fd 0xe error_code 0x0
04-12 14:13:37.859   529  1666 I audioadsprpcd: vendor/qcom/proprietary/adsprpc/src/apps_std_imp.c:1133: Successfully opened file /vendor/dsp/adsp/./CFCM.so.1
04-12 14:13:37.860  2858  2994 V WindowManagerShell: Transition requested (#422): android.os.BinderProxy@3d9ea5b TransitionRequestInfo { type = OPEN, triggerTask = TaskInfo{userId=0 taskId=233 displayId=0 isRunning=true baseIntent=Intent { act=android.intent.action.MAIN cat=[android.intent.category.LAUNCHER] flg=0x10200000 cmp=aenu.ax360e/.MainActivity } baseActivity=ComponentInfo{aenu.ax360e/aenu.ax360e.MainActivity} topActivity=ComponentInfo{aenu.ax360e/aenu.ax360e.EmulatorActivity} origActivity=null realActivity=ComponentInfo{aenu.ax360e/aenu.ax360e.MainActivity} numActivities=2 lastActiveTime=25832865 supportsMultiWindow=true resizeMode=1 isResizeable=true minWidth=-1 minHeight=-1 defaultMinSize=220 token=WCT{android.window.IWindowContainerToken$Stub$Proxy@692b2f8} topActivityType=1 pictureInPictureParams=null shouldDockBigOverlays=false launchIntoPipHostTaskId=-1 lastParentTaskIdBeforePip=-1 displayCutoutSafeInsets=null topActivityInfo=ActivityInfo{2cdf3d1 aenu.ax360e.EmulatorActivity} launchCookies=[android.os.BinderProxy@c1d601e] positionInParent=Point(0, 0) parentTaskId=-1 isFocused=true isVisible=true isVisibleRequested=true isSleeping=false locusId=null displayAreaFeatureId=1 isTopActivityTransparent=false appCompatTaskInfo=AppCompatTaskInfo { topActivityInSizeCompat=false topActivityEligibleForLetterboxEducation= falseisLetterboxEducationEnabled= false isLetterboxDoubleTapEnabled= false topActivityEligibleForUserAspectRatioButton= false topActivityBoundsLetterboxed= false isFromLetterboxDoubleTap= false topActivityLetterboxVerticalPosition= -1 topActivityLetterboxHorizontalPosition= -1 topActivityLetterboxWidth=1920 topActivityLetterboxHeight=1080 isUserFullscreenOverrideEnabled=false isSystemFullscreenOverrideEnabled=false cameraCompatTaskInfo=CameraCompatTaskInfo { cameraCompatControlState=hidden freeformCameraCompatMode=inactive}}}, pipTask = null, remoteTransition = null, displayChange = null, flags = 0, debugId = 422 }
04-12 14:13:37.860  2387  2513 I HidlServiceManagement: Trying to get transport of vendor.qti.hardware.servicetracker@1.2::IServicetracker/default without hwservicemanager
04-12 14:13:37.860   529  1666 D audioadsprpcd: vendor/qcom/proprietary/adsprpc/src/apps_std_imp.c:382: apps_std_fopen_fd done for ./SAPlusCmnModule.so.1 with       fopen:4us, read:0us, rpc_alloc:0us,       mmap:0us fd 0x0 error_code 0x2
04-12 14:13:37.860   529  1666 D audioadsprpcd: vendor/qcom/proprietary/adsprpc/src/apps_std_imp.c:382: apps_std_fopen_fd done for ./SAPlusCmnModule.so.1 with       fopen:1us, read:0us, rpc_alloc:0us,       mmap:0us fd 0x0 error_code 0x2
04-12 14:13:37.860   529  1666 D audioadsprpcd: vendor/qcom/proprietary/adsprpc/src/apps_std_imp.c:382: apps_std_fopen_fd done for /vendor/lib64/rfs/dsp/adsp/./SAPlusCmnModule.so.1 with       fopen:4us, read:0us, rpc_alloc:0us,       mmap:0us fd 0x0 error_code 0x2
04-12 14:13:37.860   529  1666 D audioadsprpcd: vendor/qcom/proprietary/adsprpc/src/apps_std_imp.c:382: apps_std_fopen_fd done for /vendor/lib64/rfs/dsp/./SAPlusCmnModule.so.1 with       fopen:1us, read:0us, rpc_alloc:0us,       mmap:0us fd 0x0 error_code 0x2
04-12 14:13:37.860   529  1666 D audioadsprpcd: vendor/qcom/proprietary/adsprpc/src/apps_std_imp.c:382: apps_std_fopen_fd done for /vendor/lib/rfsa/adsp/adsp/./SAPlusCmnModule.so.1 with       fopen:2us, read:0us, rpc_alloc:0us,       mmap:0us fd 0x0 error_code 0x2
04-12 14:13:37.860   529  1666 D audioadsprpcd: vendor/qcom/proprietary/adsprpc/src/apps_std_imp.c:382: apps_std_fopen_fd done for /vendor/lib/rfsa/adsp/./SAPlusCmnModule.so.1 with       fopen:1us, read:0us, rpc_alloc:0us,       mmap:0us fd 0x0 error_code 0x2
04-12 14:13:37.860   529  1666 D audioadsprpcd: vendor/qcom/proprietary/adsprpc/src/apps_std_imp.c:382: apps_std_fopen_fd done for /vendor/lib/rfsa/dsp/adsp/./SAPlusCmnModule.so.1 with       fopen:2us, read:0us, rpc_alloc:0us,       mmap:0us fd 0x0 error_code 0x2
04-12 14:13:37.860   529  1666 D audioadsprpcd: vendor/qcom/proprietary/adsprpc/src/apps_std_imp.c:382: apps_std_fopen_fd done for /vendor/lib/rfsa/dsp/./SAPlusCmnModule.so.1 with       fopen:1us, read:0us, rpc_alloc:0us,       mmap:0us fd 0x0 error_code 0x2
04-12 14:13:37.860  1514  1670 E PERFHAL-RESOURCEQS: PERFHAL-RESOURCEQS: AddAndApply() 136: Resource value ffffffff is not supported
04-12 14:13:37.860   529  1666 D audioadsprpcd: vendor/qcom/proprietary/adsprpc/src/apps_std_imp.c:382: apps_std_fopen_fd done for /vendor/dsp/adsp/./SAPlusCmnModule.so.1 with       fopen:4us, read:30us, rpc_alloc:20us,       mmap:343us fd 0xe error_code 0x0
04-12 14:13:37.860   529  1666 I audioadsprpcd: vendor/qcom/proprietary/adsprpc/src/apps_std_imp.c:1133: Successfully opened file /vendor/dsp/adsp/./SAPlusCmnModule.so.1
04-12 14:13:37.861  2387  2513 W ActivityTaskManager: servicetracker HIDL not available
04-12 14:13:37.861  2387  2513 E ActivityTaskManager: Unable to get servicetracker HAL instance
04-12 14:13:37.862  3449  3476 E Thermal-Lib: Thermal-Lib-Client:thermal_client_config_query: could not connect to socket
04-12 14:13:37.864  1411  1411 D Zygote  : Forked child process 24310
04-12 14:13:37.866  1498  2547 I AgmIpc::Server: addSessionHandle sessionId 126 handle b40000763788e190 
04-12 14:13:37.866 24310 24310 I Zygote  : seccomp disabled by setenforce 0
04-12 14:13:37.866 24310 24310 I libc    : SetHeapTaggingLevel: tag level set to 0
04-12 14:13:37.867  2387  2569 I ActivityManager: Start proc 24310:aenu.ax360e:emu/u0a154 for next-top-activity {aenu.ax360e/aenu.ax360e.EmulatorActivity}
04-12 14:13:37.867  2387 24311 W ContextImpl: Calling a method in the system process without a qualified user: android.app.ContextImpl.sendBroadcast:1249 com.qualcomm.qti.Performance$SendGameLaunchBroadcast.run:273 java.lang.Thread.run:1012 <bottom of call stack> <bottom of call stack> 
04-12 14:13:37.867  1498  2547 D audio_route: Apply path: PM_QOS_Vote
04-12 14:13:37.868  2387  2512 D CoreBackPreview: Window{55d3595 u0 Splash Screen aenu.ax360e}: Setting back callback OnBackInvokedCallbackInfo{mCallback=android.window.IOnBackInvokedCallback$Stub$Proxy@f057638, mPriority=0, mIsAnimationCallback=false}
04-12 14:13:37.869 24310 24310 I aenu.ax360e:emu: Late-enabling -Xcheck:jni
04-12 14:13:37.870  1498  2547 E AGM: graph: configure_buffer_params: 296 Unsupported buffer mode : 0, Default to Blocking
04-12 14:13:37.875  1498  2547 I AHAL_StreamOut_QTI: configure : usecase: LOW_LATENCY_PLAYBACK IoHandle: 13 : stream is configured
04-12 14:13:37.875  1498  2547 I AHAL_StreamOut_QTI: configure : usecase: LOW_LATENCY_PLAYBACK IoHandle: 13 : completed in 23.097 ms [pal_stream_open: 0.321719, ms pal_stream_start: 22.7189 ms]
04-12 14:13:37.879 24310 24310 I aenu.ax360e:emu: Using CollectorTypeCMC GC.
04-12 14:13:37.881  1968  2077 I adbd    : jdwp connection from 24310
04-12 14:13:37.882 24310 24310 D nativeloader: Load libframework-connectivity-tiramisu-jni.so using APEX ns com_android_tethering for caller /apex/com.android.tethering/javalib/framework-connectivity-t.jar: ok
04-12 14:13:37.885  2387  2661 D CompatibilityInfo: mCompatibilityFlags - 0
04-12 14:13:37.885  2387  2661 D CompatibilityInfo: applicationDensity - 369
04-12 14:13:37.885  2387  2661 D CompatibilityInfo: applicationScale - 1.0
04-12 14:13:37.888  1551  1551 I BpBinder: onLastStrongRef automatically unlinking death recipients: 
