04-12 14:17:13.913  2387  3818 I AppsFilter: interaction: PackageSetting{10d9410 aenu.ax360e/10154} -> PackageSetting{3a3efe2 net.rpcsx/10127} BLOCKED
04-12 14:17:13.913  2387  3818 I AppsFilter: interaction: PackageSetting{10d9410 aenu.ax360e/10154} -> PackageSetting{fc5ce3d dev.eden.eden_emulator/10122} BLOCKED
04-12 14:17:13.913  2387  3818 I AppsFilter: interaction: PackageSetting{10d9410 aenu.ax360e/10154} -> PackageSetting{9e90394 com.retroarch/10125} BLOCKED
04-12 14:17:13.913  2387  3818 I AppsFilter: interaction: PackageSetting{10d9410 aenu.ax360e/10154} -> PackageSetting{16b6e30 com.google.android.apps.docs/10128} BLOCKED
04-12 14:17:13.913  2387  3818 I AppsFilter: interaction: PackageSetting{10d9410 aenu.ax360e/10154} -> PackageSetting{51cc500 com.antutu.benchmark.full/10121} BLOCKED
04-12 14:17:13.913  2387  3818 I AppsFilter: interaction: PackageSetting{10d9410 aenu.ax360e/10154} -> PackageSetting{9a2ebe7 com.antutu.ABenchMark/10120} BLOCKED
04-12 14:17:13.939 26562 26592 W InteractionJankMonitor: Initializing without READ_DEVICE_CONFIG permission. enabled=false, interval=1, missedFrameThreshold=3, frameTimeThreshold=64, package=aenu.ax360e
04-12 14:17:14.095  1504  1504 W ServiceManagerCppClient: Waited one second for vendor.qti.qesdsys.IQesdSys/default (is service started? Number of threads started in the threadpool: 0. Are binder threads started and available?)
04-12 14:17:14.096   556 26597 W libc    : Unable to set property "ctl.interface_start" to "aidl/vendor.qti.qesdsys.IQesdSys/default": PROP_ERROR_HANDLE_CONTROL_MESSAGE (0x20)
04-12 14:17:14.119 26598 26598 I me.Stats.Thread: type=1400 audit(0.0:9400): avc:  denied  { execute_no_trans } for  path="/system/bin/service" dev="dm-14" ino=502 scontext=u:r:system_server:s0 tcontext=u:object_r:system_file:s0 tclass=file permissive=1
04-12 14:17:14.247  2387  2689 D ActivityManager: freezing 4864 com.android.documentsui
04-12 14:17:14.249  2387  2769 D InetDiagMessage: Destroyed 0 sockets, proto=IPPROTO_TCP, family=AF_INET, states=14
04-12 14:17:14.250  2387  2769 D InetDiagMessage: Destroyed 0 sockets, proto=IPPROTO_TCP, family=AF_INET6, states=14
04-12 14:17:14.250  2387  2769 D InetDiagMessage: Destroyed live tcp sockets for uids={10036} in 1ms
04-12 14:17:14.259  2387  2387 I CachedAppOptimi: type=1400 audit(0.0:9401): avc:  denied  { write } for  dev="tmpfs" ino=1194 scontext=u:r:system_server:s0 tcontext=u:object_r:zygote_tmpfs:s0 tclass=file permissive=1
04-12 14:17:14.534 26562 26562 I Choreographer: Skipped 75 frames!  The application may be doing too much work on its main thread.
04-12 14:17:14.535 26562 26562 I EngineDetector: Loaded 46 title ID to engine mappings
04-12 14:17:14.535 26562 26562 I LaunchEnvResolver: Resolving launch environment for: content://com.android.externalstorage.documents/tree/primary%3ADownload%2FGameHub%2FPerfect%20Dark/document/primary%3ADownload%2FGameHub%2FPerfect%20Dark%2FForza%20Horizon%20(USA)%20(En%2CJa%2CFr%2CDe%2CEs%2CIt%2CPt%2CZh%2CPl%2CRu).iso
04-12 14:17:14.536 26562 26562 I GameProfileManager: No profiles file found, starting fresh
04-12 14:17:14.537 26562 26562 D EngineProfileMgr: No engine detected for: content://com.android.externalstorage.documents/tree/primary%3ADownload%2FGameHub%2FPerfect%20Dark/document/primary%3ADownload%2FGameHub%2FPerfect%20Dark%2FForza%20Horizon%20(USA)%20(En%2CJa%2CFr%2CDe%2CEs%2CIt%2CPt%2CZh%2CPl%2CRu).iso
04-12 14:17:14.537 26562 26562 I LaunchEnvResolver: No engine profile applied (unknown or no detection)
04-12 14:17:14.549 26562 26562 I CustomDriverUtils: Custom GPU driver path set: /data/user/0/aenu.ax360e/app_custom_drivers/libvulkan_freedreno.so
04-12 14:17:14.549 26562 26562 I CustomDriverUtils: Custom GPU driver environment variables set.
04-12 14:17:14.549 26562 26562 I LaunchEnvResolver: Driver selection: DEFAULT (using installed custom driver)
04-12 14:17:14.550 26562 26562 D LaunchEnvResolver: Set TU_DEBUG=sysmem,nolrz
04-12 14:17:14.550 26562 26562 I LaunchEnvResolver: Applied 1 Turnip environment variables
04-12 14:17:14.550 26562 26562 I LaunchEnvResolver: === Final Launch Environment ===
04-12 14:17:14.550 26562 26562 I LaunchEnvResolver:   CUSTOM_DRIVER_PATH=/data/user/0/aenu.ax360e/app_custom_drivers/libvulkan_freedreno.so
04-12 14:17:14.550 26562 26562 I LaunchEnvResolver:   VK_ICD_FILENAMES=/data/user/0/aenu.ax360e/app_custom_drivers/vk_icd.json
04-12 14:17:14.550 26562 26562 I LaunchEnvResolver:   VK_DRIVER_FILES=/data/user/0/aenu.ax360e/app_custom_drivers/vk_icd.json
04-12 14:17:14.550 26562 26562 I LaunchEnvResolver:   TU_DEBUG=sysmem,nolrz
04-12 14:17:14.550 26562 26562 I LaunchEnvResolver: ================================
04-12 14:17:14.550 26562 26600 W ax360e_native: new thr: 488977909552
04-12 14:17:14.550 26562 26600 I ax360e_native: main_thr: creating AndroidWindowedAppContext
04-12 14:17:14.550 26562 26600 I ax360e_native: main_thr: creating windowed app
04-12 14:17:14.550 26562 26600 I ax360e_native: main_thr: windowed app created, app_ref=0x735d71b670
04-12 14:17:14.550 26562 26600 I ax360e_native: main_thr: boot_target=--target=content://com.android.externalstorage.documents/tree/primary%3ADownload%2FGameHub%2FPerfect%20Dark/document/primary%3ADownload%2FGameHub%2FPerfect%20Dark%2FForza%20Horizon%20(USA)%20(En%2CJa%2CFr%2CDe%2CEs%2CIt%2CPt%2CZh%2CPl%2CRu).iso
04-12 14:17:14.555  2387  2732 I ImeTracker: aenu.ax360e:12980948: onRequestHide at ORIGIN_SERVER reason HIDE_UNSPECIFIED_WINDOW fromUser false
04-12 14:17:14.555  2387  2732 I ImeTracker: aenu.ax360e:12980948: onCancelled at PHASE_SERVER_SHOULD_HIDE
04-12 14:17:14.557  3412  3412 I GoogleInputMethodService: GoogleInputMethodService.onFinishInput():2159 
04-12 14:17:14.557  3412  3412 I Module  : DeviceLockedStatusModuleProvider$Module.updateDeviceLockedStatus():103 repeatCheckTimes = 0, locked = false
04-12 14:17:14.557  3412  3412 I GoogleInputMethodService: GoogleInputMethodService.onStartInput():1434 onStartInput(EditorInfo{EditorInfo{packageName=aenu.ax360e, inputType=0, inputTypeString=NULL, enableLearning=false, autoCorrection=false, autoComplete=false, imeOptions=0, privateImeOptions=null, actionName=UNSPECIFIED, actionLabel=null, initialSelStart=-1, initialSelEnd=-1, initialCapsMode=0, label=null, fieldId=0, fieldName=null, extras=null, hintText=null, hintLocales=[]}}, false)
04-12 14:17:14.557  3412  3412 I AndroidIME: LatinIMEBase.updateInputViewCoverNavigation():312 Update input view padding, isNavbarOverInputWindow=false, bottom inset=55
04-12 14:17:14.558  3412  3412 I Module  : DeviceLockedStatusModuleProvider$Module.updateDeviceLockedStatus():103 repeatCheckTimes = 1, locked = false
04-12 14:17:14.558  2387  2512 W PackageConfigPersister: App-specific configuration not found for packageName: aenu.ax360e and userId: 0
04-12 14:17:14.564 26562 26600 I ax360e_native: main_thr: args parsed, initializing logging
04-12 14:17:14.564 26562 26600 I ax360e_native: main_thr: logging initialized, calling OnInitialize
04-12 14:17:14.564 26562 26601 I ax36e   : i> 000067E8 Storage root: /storage/emulated/0/ax360e++
04-12 14:17:14.566 26562 26600 W ax360e_native: android_menu_item: 2  
04-12 14:17:14.566 26562 26600 W ax360e_native: android_menu_item: 0 &File 
04-12 14:17:14.566 26562 26600 W ax360e_native: android_menu_item: 3 &Open... Ctrl+O
04-12 14:17:14.566 26562 26600 W ax360e_native: android_menu_item: 1  
04-12 14:17:14.566 26562 26600 W ax360e_native: android_menu_item: 3 Show content directory... 
04-12 14:17:14.566 26562 26600 W ax360e_native: android_menu_item: 1  
04-12 14:17:14.566 26562 26600 W ax360e_native: android_menu_item: 3 E&xit Alt+F4
04-12 14:17:14.566 26562 26600 W ax360e_native: android_menu_item: 0 &CPU 
04-12 14:17:14.566 26562 26600 W ax360e_native: android_menu_item: 3 &Reset Time Scalar Numpad *
04-12 14:17:14.566 26562 26600 W ax360e_native: android_menu_item: 3 Time Scalar /= 2 Numpad -
04-12 14:17:14.566 26562 26600 W ax360e_native: android_menu_item: 3 Time Scalar *= 2 Numpad +
04-12 14:17:14.566 26562 26600 W ax360e_native: android_menu_item: 1  
04-12 14:17:14.566 26562 26600 W ax360e_native: android_menu_item: 3 Toggle Profiler &Display F3
04-12 14:17:14.566 26562 26600 W ax360e_native: android_menu_item: 3 &Pause/Resume Profiler `
04-12 14:17:14.566 26562 26600 W ax360e_native: android_menu_item: 1  
04-12 14:17:14.566 26562 26600 W ax360e_native: android_menu_item: 3 &Break and Show Guest Debugger Pause/Break
04-12 14:17:14.566 26562 26600 W ax360e_native: android_menu_item: 3 &Break into Host Debugger Ctrl+Pause/Break
04-12 14:17:14.566 26562 26600 W ax360e_native: android_menu_item: 0 &GPU 
04-12 14:17:14.566 26562 26600 W ax360e_native: android_menu_item: 3 &Trace Frame F4
04-12 14:17:14.566 26562 26600 W ax360e_native: android_menu_item: 1  
04-12 14:17:14.566 26562 26600 W ax360e_native: android_menu_item: 3 &Clear Runtime Caches F5
04-12 14:17:14.566 26562 26600 W ax360e_native: android_menu_item: 0 &Display 
04-12 14:17:14.566 26562 26600 W ax360e_native: android_menu_item: 3 &Post-processing settings F6
04-12 14:17:14.566 26562 26600 W ax360e_native: android_menu_item: 1  
04-12 14:17:14.566 26562 26600 W ax360e_native: android_menu_item: 3 &Fullscreen F11
04-12 14:17:14.566 26562 26600 W ax360e_native: android_menu_item: 0 &Help 
04-12 14:17:14.566 26562 26600 W ax360e_native: android_menu_item: 3 FA&Q... F1
04-12 14:17:14.566 26562 26600 W ax360e_native: android_menu_item: 1  
04-12 14:17:14.566 26562 26600 W ax360e_native: android_menu_item: 3 Game &compatibility... 
04-12 14:17:14.566 26562 26600 W ax360e_native: android_menu_item: 1  
04-12 14:17:14.566 26562 26600 W ax360e_native: android_menu_item: 3 Build commit on GitHub... F2
04-12 14:17:14.566 26562 26600 W ax360e_native: android_menu_item: 3 Recent changes on GitHub... 
04-12 14:17:14.566 26562 26600 W ax360e_native: android_menu_item: 1  
04-12 14:17:14.566 26562 26600 W ax360e_native: android_menu_item: 3 &About... 
04-12 14:17:14.566 26562 26600 I ax360e_native: main_thr: OnInitialize succeeded, entering main_loop
04-12 14:17:14.566 26562 26600 I ax360e_native: main_loop: entered
04-12 14:17:14.566 26562 26600 I ax360e_native: main_loop: first iteration, paint_requested=0, event=0
04-12 14:17:14.566 26562 26601 I ax36e   : i> 000067E8 Loaded config: /storage/emulated/0/ax360e++/xenia.config.toml
04-12 14:17:14.566 26562 26601 I ax36e   : i> 000067E8 Content root: /storage/emulated/0/ax360e++/content
04-12 14:17:14.566 26562 26601 I ax36e   : i> 000067E8 Host cache root: /storage/emulated/0/ax360e++/cache
04-12 14:17:14.566 26562 26601 W ax36e   : w> 000067E8 Unable to load Japanese font; JP characters will be boxes
04-12 14:17:14.566 26562 26601 I ax36e   : i> 000067E8 Opening Android window...
04-12 14:17:14.566 26562 26601 I ax36e   : i> 000067E8 main_loop: entered, ui_thread running
04-12 14:17:14.567 26562 26602 I ax360e_native: emu_thr_main: starting Setup...
04-12 14:17:14.567 26562 26601 I ax36e   : i> 000067EA Setup: Initializing Memory...
04-12 14:17:14.573 26562 26601 I ax36e   : i> 000067EA Setup: Initializing Exports...
04-12 14:17:14.573 26562 26601 I ax36e   : i> 000067EA Setup: Initializing Backend...
04-12 14:17:14.573 26562 26601 I ax36e   : i> 000067EA Setup: Initializing Processor...
04-12 14:17:14.574 26562 26601 I ax36e   : i> 000067EA Setup: Initializing Audio...
04-12 14:17:14.574 26562 26601 I ax36e   : i> 000067EA Setup: Initializing Graphics...
04-12 14:17:14.574 26562 26601 I ax36e   : i> 000067EA Setup: Initializing HID...
04-12 14:17:14.574 26562 26601 I ax36e   : i> 000067EA Setup: Initializing VFS...
04-12 14:17:14.620 26562 26601 E ax36e   : !> 000067EA PatchDB: Skipped loading file README.md due to incorrect filename
04-12 14:17:14.682 26562 26601 I ax36e   : i> 000067EA PatchDB: Loaded patches for 473 titles
04-12 14:17:14.682 26562 26601 I ax36e   : i> 000067EA Setup: Initializing Kernel...
04-12 14:17:14.682 26562 26601 I ax36e   : i> 000067EA FindProfiles: Adding profile E0300000A360E000 to profile list
04-12 14:17:14.682 26562 26601 I ax36e   : i> 000067EA ProfileManager: Found 1 Profiles
04-12 14:17:14.682 26562 26601 I ax36e   : i> 000067EA LoadAccount: Loading Account: E0300000A360E000
04-12 14:17:14.682 26562 26601 I ax36e   : i> 000067EA RegisterDevice device: User_E0300000A360E000:
04-12 14:17:14.682 26562 26601 I ax36e   : i> 000067EA devices_ count: 1
04-12 14:17:14.682 26562 26601 I ax36e   : i> 000067EA FIND User_E0300000A360E000: User_E0300000A360E000:
04-12 14:17:14.682 26562 26601 I ax36e   : F> 000067EA HostPathDevice::ResolvePath()
04-12 14:17:14.682 26562 26601 I ax36e   : i> 000067EA Loaded aX360e (GUID: E0300000A360E000) to slot 0
04-12 14:17:14.682 26562 26601 I ax36e   : i> 000067EA RegisterDevice device: User_E0300000A360E000:
04-12 14:17:14.682 26562 26601 I ax36e   : i> 000067EA devices_ count: 1
04-12 14:17:14.682 26562 26601 I ax36e   : i> 000067EA FIND User_E0300000A360E000:\FFFE07D1.gpd User_E0300000A360E000:
04-12 14:17:14.682 26562 26601 I ax36e   : F> 000067EA HostPathDevice::ResolvePath(\FFFE07D1.gpd)
04-12 14:17:14.683 26562 26601 I ax36e   : i> 000067EA devices_ count: 1
04-12 14:17:14.683 26562 26601 I ax36e   : i> 000067EA FIND User_E0300000A360E000:\445007F7.gpd User_E0300000A360E000:
04-12 14:17:14.683 26562 26601 I ax36e   : F> 000067EA HostPathDevice::ResolvePath(\445007F7.gpd)
04-12 14:17:14.685 26562 26601 I ax36e   : i> 000067EA devices_ count: 1
04-12 14:17:14.685 26562 26601 I ax36e   : i> 000067EA FIND User_E0300000A360E000:\4D5307EA.gpd User_E0300000A360E000:
04-12 14:17:14.685 26562 26601 I ax36e   : F> 000067EA HostPathDevice::ResolvePath(\4D5307EA.gpd)
04-12 14:17:14.686 26562 26601 I ax36e   : i> 000067EA devices_ count: 1
04-12 14:17:14.686 26562 26601 I ax36e   : i> 000067EA FIND User_E0300000A360E000:\4D5309C9.gpd User_E0300000A360E000:
04-12 14:17:14.686 26562 26601 I ax36e   : F> 000067EA HostPathDevice::ResolvePath(\4D5309C9.gpd)
04-12 14:17:14.687 26562 26601 I ax36e   : i> 000067EA devices_ count: 1
04-12 14:17:14.687 26562 26601 I ax36e   : i> 000067EA FIND User_E0300000A360E000:\4D530AA4.gpd User_E0300000A360E000:
04-12 14:17:14.687 26562 26601 I ax36e   : F> 000067EA HostPathDevice::ResolvePath(\4D530AA4.gpd)
04-12 14:17:14.688 26562 26601 I ax36e   : i> 000067EA devices_ count: 1
04-12 14:17:14.688 26562 26601 I ax36e   : i> 000067EA FIND User_E0300000A360E000:\584109C2.gpd User_E0300000A360E000:
04-12 14:17:14.688 26562 26601 I ax36e   : F> 000067EA HostPathDevice::ResolvePath(\584109C2.gpd)
04-12 14:17:14.688 26562 26601 I ax36e   : i> 000067EA devices_ count: 1
04-12 14:17:14.688 26562 26601 I ax36e   : i> 000067EA FIND User_E0300000A360E000: User_E0300000A360E000:
04-12 14:17:14.688 26562 26601 I ax36e   : F> 000067EA HostPathDevice::ResolvePath()
04-12 14:17:14.688 26562 26601 I ax36e   : i> 000067EA devices_ count: 1
04-12 14:17:14.688 26562 26601 I ax36e   : i> 000067EA FIND User_E0300000A360E000: User_E0300000A360E000:
04-12 14:17:14.688 26562 26601 I ax36e   : F> 000067EA HostPathDevice::ResolvePath()
04-12 14:17:14.688 26562 26601 I ax36e   : i> 000067EA kernel_guest_globals_: 30000000
04-12 14:17:14.688 26562 26601 I ax36e   : i> 000067EA CreateGuestTrampoline
04-12 14:17:14.688 26562 26601 I ax36e   : i> 000067EA Flush cache:        a0019f000        a001a0000
04-12 14:17:14.688 26562 26601 I ax36e   : i> 000067EA CreateGuestTrampoline->AddIndirection: 8003fe00 -> 0019f300
04-12 14:17:14.688 26562 26601 I ax36e   : i> 000067EA CreateGuestTrampoline
04-12 14:17:14.688 26562 26601 I ax36e   : i> 000067EA Flush cache:        a0019f000        a001a0000
04-12 14:17:14.688 26562 26601 I ax36e   : i> 000067EA CreateGuestTrampoline->AddIndirection: 8003fe08 -> 0019f334
04-12 14:17:14.688 26562 26601 I ax36e   : i> 000067EA CreateGuestTrampoline
04-12 14:17:14.688 26562 26601 I ax36e   : i> 000067EA Flush cache:        a0019f000        a001a0000
04-12 14:17:14.688 26562 26601 I ax36e   : i> 000067EA CreateGuestTrampoline->AddIndirection: 8003fe10 -> 0019f368
04-12 14:17:14.688 26562 26601 I ax36e   : i> 000067EA CreateGuestTrampoline
04-12 14:17:14.688 26562 26601 I ax36e   : i> 000067EA Flush cache:        a0019f000        a001a0000
04-12 14:17:14.688 26562 26601 I ax36e   : i> 000067EA CreateGuestTrampoline->AddIndirection: 8003fe18 -> 0019f39c
04-12 14:17:14.688 26562 26601 I ax36e   : i> 000067EA CreateGuestTrampoline
04-12 14:17:14.688 26562 26601 I ax36e   : i> 000067EA Flush cache:        a0019f000        a001a0000
04-12 14:17:14.688 26562 26601 I ax36e   : i> 000067EA CreateGuestTrampoline->AddIndirection: 8003fe20 -> 0019f3d0
04-12 14:17:14.688 26562 26601 I ax36e   : i> 000067EA CreateGuestTrampoline
04-12 14:17:14.688 26562 26601 I ax36e   : i> 000067EA Flush cache:        a0019f000        a001a0000
04-12 14:17:14.688 26562 26601 I ax36e   : i> 000067EA CreateGuestTrampoline->AddIndirection: 8003fe28 -> 0019f404
04-12 14:17:14.688 26562 26601 I ax36e   : i> 000067EA CreateGuestTrampoline
04-12 14:17:14.688 26562 26601 I ax36e   : i> 000067EA Flush cache:        a0019f000        a001a0000
04-12 14:17:14.688 26562 26601 I ax36e   : i> 000067EA CreateGuestTrampoline->AddIndirection: 8003fe30 -> 0019f438
04-12 14:17:14.688 26562 26601 I ax36e   : i> 000067EA CreateGuestTrampoline
04-12 14:17:14.688 26562 26601 I ax36e   : i> 000067EA Flush cache:        a0019f000        a001a0000
04-12 14:17:14.688 26562 26601 I ax36e   : i> 000067EA CreateGuestTrampoline->AddIndirection: 8003fe38 -> 0019f46c
04-12 14:17:14.688 26562 26601 I ax36e   : i> 000067EA CreateGuestTrampoline
04-12 14:17:14.688 26562 26601 I ax36e   : i> 000067EA Flush cache:        a0019f000        a001a0000
04-12 14:17:14.688 26562 26601 I ax36e   : i> 000067EA CreateGuestTrampoline->AddIndirection: 8003fe40 -> 0019f4a0
04-12 14:17:14.688 26562 26601 I ax36e   : i> 000067EA CreateGuestTrampoline
04-12 14:17:14.688 26562 26601 I ax36e   : i> 000067EA Flush cache:        a0019f000        a001a0000
04-12 14:17:14.688 26562 26601 I ax36e   : i> 000067EA CreateGuestTrampoline->AddIndirection: 8003fe48 -> 0019f4d4
04-12 14:17:14.688 26562 26601 I ax36e   : i> 000067EA CreateGuestTrampoline
04-12 14:17:14.688 26562 26601 I ax36e   : i> 000067EA Flush cache:        a0019f000        a001a0000
04-12 14:17:14.688 26562 26601 I ax36e   : i> 000067EA CreateGuestTrampoline->AddIndirection: 8003fe50 -> 0019f508
04-12 14:17:14.688 26562 26601 I ax36e   : i> 000067EA CreateGuestTrampoline
04-12 14:17:14.688 26562 26601 I ax36e   : i> 000067EA Flush cache:        a0019f000        a001a0000
04-12 14:17:14.688 26562 26601 I ax36e   : i> 000067EA CreateGuestTrampoline->AddIndirection: 8003fe58 -> 0019f53c
04-12 14:17:14.689 26562 26601 I ax36e   : i> 000067EA Added handle:F8000000 for N2xe6kernel7XObjectE
04-12 14:17:14.689 26562 26601 I ax36e   : i> 000067EA Added handle:01000004 for N2xe6kernel7XObjectE
04-12 14:17:14.689 26562 26601 I ax36e   : i> 000067EA Added handle:01000008 for N2xe6kernel7XObjectE
04-12 14:17:14.687 26562 26562 W Emulator: type=1400 audit(0.0:9402): avc:  granted  { execute } for  path="/data/data/aenu.ax360e/android_stub/libcutils.so" dev="dm-61" ino=101889 scontext=u:r:untrusted_app:s0:c154,c256,c512,c768 tcontext=u:object_r:app_data_file:s0:c154,c256,c512,c768 tclass=file app=aenu.ax360e
04-12 14:17:14.687 26562 26562 W Emulator: type=1400 audit(0.0:9403): avc:  granted  { execute } for  path="/data/data/aenu.ax360e/android_stub/libhardware.so" dev="dm-61" ino=101890 scontext=u:r:untrusted_app:s0:c154,c256,c512,c768 tcontext=u:object_r:app_data_file:s0:c154,c256,c512,c768 tclass=file app=aenu.ax360e
04-12 14:17:14.690 26562 26601 I ax36e   : i> 000067EA Added handle:0100000C for N2xe6kernel7XObjectE
04-12 14:17:14.687 26562 26562 W Emulator: type=1400 audit(0.0:9404): avc:  granted  { execute } for  path="/data/data/aenu.ax360e/android_stub/libsync.so" dev="dm-61" ino=101895 scontext=u:r:untrusted_app:s0:c154,c256,c512,c768 tcontext=u:object_r:app_data_file:s0:c154,c256,c512,c768 tclass=file app=aenu.ax360e
04-12 14:17:14.690 26562 26601 I ax36e   : i> 000067EA Using custom Vulkan driver: /data/user/0/aenu.ax360e/app_custom_drivers/libvulkan_freedreno.so
04-12 14:17:14.690 26562 26601 I ax36e   : i> 000067EA Preparing Android stub preload for custom driver: /data/user/0/aenu.ax360e/app_custom_drivers/libvulkan_freedreno.so
04-12 14:17:14.690 26562 26601 I ax36e   : i> 000067EA Attempting Android stub preload from explicit path: /data/user/0/aenu.ax360e/android_stub/libcutils.so
04-12 14:17:14.690 26562 26601 I ax36e   : i> 000067EA Preloaded Android stub library from explicit path: /data/user/0/aenu.ax360e/android_stub/libcutils.so
04-12 14:17:14.690 26562 26601 I ax36e   : i> 000067EA Attempting Android stub preload from explicit path: /data/user/0/aenu.ax360e/android_stub/libhardware.so
04-12 14:17:14.690 26562 26601 I ax36e   : i> 000067EA Preloaded Android stub library from explicit path: /data/user/0/aenu.ax360e/android_stub/libhardware.so
04-12 14:17:14.690 26562 26601 I ax36e   : i> 000067EA Attempting Android stub preload from explicit path: /data/user/0/aenu.ax360e/android_stub/libsync.so
04-12 14:17:14.691 26562 26601 I ax36e   : i> 000067EA Preloaded Android stub library from explicit path: /data/user/0/aenu.ax360e/android_stub/libsync.so
04-12 14:17:14.691 26562 26601 I ax36e   : i> 000067EA Resolving android_get_exported_namespace for custom driver load
04-12 14:17:14.691 26562 26601 W ax36e   : w> 000067EA android_get_exported_namespace unavailable; skipping namespace loading and falling back to memfd/direct custom-driver load attempts
04-12 14:17:14.691 26562 26601 I ax36e   : i> 000067EA Attempting memfd-backed custom driver load without explicit namespace
04-12 14:17:14.716  1968  1968 I adbd    : Remote process closed the socket (on MSG_PEEK)
04-12 14:17:14.718  1411  1411 I Zygote  : Process 26562 exited due to signal 11 (Segmentation fault)
04-12 14:17:14.719  2387  2661 I ActivityManager: Process aenu.ax360e:emu (pid 26562) has died: fg  TOP 
04-12 14:17:14.719  1521  1521 I vendor.qti.hardware.servicetrackeraidl-service: killProcess is called for pid : 26562
04-12 14:17:14.719  2387  3818 I WindowManager: WIN DEATH: Window{517f080 u0 aenu.ax360e/aenu.ax360e.EmulatorActivity}
04-12 14:17:14.719  2387  3818 W InputManager-JNI: Input channel object '517f080 aenu.ax360e/aenu.ax360e.EmulatorActivity (client)' was disposed without first being removed with the input manager!
04-12 14:17:14.720  2387  9493 I ImeTracker: aenu.ax360e:e6db9fb1: onRequestHide at ORIGIN_SERVER reason HIDE_REMOVE_CLIENT fromUser false
04-12 14:17:14.720  2387  9493 I ImeTracker: aenu.ax360e:e6db9fb1: onCancelled at PHASE_SERVER_SHOULD_HIDE
04-12 14:17:14.720  2387  2573 I libprocessgroup: Removed cgroup /sys/fs/cgroup/uid_10154/pid_26562
04-12 14:17:14.721  2387  2661 W ActivityTaskManager: Force removing ActivityRecord{4d43d23 u0 aenu.ax360e/.EmulatorActivity t233}: app died, no saved state
04-12 14:17:14.721  2387  2661 I HidlServiceManagement: Trying to get transport of vendor.qti.hardware.servicetracker@1.2::IServicetracker/default without hwservicemanager
04-12 14:17:14.721  2387  2661 W ActivityTaskManager: servicetracker HIDL not available
04-12 14:17:14.721  2387  2661 E ActivityTaskManager: Unable to get servicetracker HAL instance
04-12 14:17:14.721  2387  2661 I HidlServiceManagement: Trying to get transport of vendor.qti.hardware.servicetracker@1.2::IServicetracker/default without hwservicemanager
04-12 14:17:14.721  2387  2661 W ActivityTaskManager: servicetracker HIDL not available
04-12 14:17:14.721  2387  2661 E ActivityTaskManager: Unable to get servicetracker HAL instance
04-12 14:17:14.721  2387  2661 I HidlServiceManagement: Trying to get transport of vendor.qti.hardware.servicetracker@1.2::IServicetracker/default without hwservicemanager
04-12 14:17:14.721  2387  2661 W ActivityTaskManager: servicetracker HIDL not available
04-12 14:17:14.721  2387  2661 E ActivityTaskManager: Unable to get servicetracker HAL instance
04-12 14:17:14.722  1514  1673 E PERFHAL-BOOSTCONFIG: PERFHAL-BOOSTCONFIG: GetBoostConfig() 1456: Not able to fetch object
04-12 14:17:14.722  3449  3476 E Thermal-Lib: Thermal-Lib-Client:thermal_client_config_query: could not connect to socket
04-12 14:17:14.722  2387  2661 I HidlServiceManagement: Trying to get transport of vendor.qti.hardware.servicetracker@1.2::IServicetracker/default without hwservicemanager
04-12 14:17:14.722  2387  2661 W ActivityTaskManager: servicetracker HIDL not available
04-12 14:17:14.722  2387  2661 E ActivityTaskManager: Unable to get servicetracker HAL instance
04-12 14:17:14.722  2858  2994 V WindowManagerShell: Transition requested (#433): android.os.BinderProxy@ded900f TransitionRequestInfo { type = CLOSE, triggerTask = null, pipTask = null, remoteTransition = null, displayChange = null, flags = 0, debugId = 433 }
04-12 14:17:14.723  2387  2555 W ActivityManager: setHasOverlayUi called on unknown pid: 26562
04-12 14:17:14.727  2387  2555 V WindowManager: Unknown focus tokens, dropping reportFocusChanged
04-12 14:17:14.734  1551  1551 I BpBinder: onLastStrongRef automatically unlinking death recipients: 
04-12 14:17:14.735  2858  3232 V WindowManagerShell: onTransitionReady(transaction=10252086973957)
04-12 14:17:14.735  2858  2994 V WindowManagerShell: onTransitionReady (#433) android.os.BinderProxy@ded900f: {id=433 t=CLOSE f=0x0 trk=0 opt={t=FROM_STYLE} r=[0@Point(0, 0)] c=[{null m=TO_FRONT f=FILLS_TASK leash=Surface(name=ActivityRecord{efb10a7 u0 aenu.ax360e/.MainActivity)/@0xaa5189c sb=Rect(0, 0 - 1920, 1080) eb=Rect(0, 0 - 1920, 1080) d=0 bc=fffef7ff component=aenu.ax360e/.MainActivity}]}
04-12 14:17:14.735  2858  2994 V WindowManagerShell: Playing animation for (#433) android.os.BinderProxy@ded900f@0
04-12 14:17:14.735  2858  2994 V WindowManagerShell:  try handler com.android.wm.shell.transition.DefaultMixedHandler@640c055
04-12 14:17:14.735  2858  2994 V WindowManagerShell:  try handler com.android.wm.shell.keyguard.KeyguardTransitionHandler@ae9fa6a
04-12 14:17:14.735  2858  2994 V WindowManagerShell:  try handler com.android.wm.shell.pip.PipTransition@612833
04-12 14:17:14.735  2858  2994 V WindowManagerShell:  try handler com.android.wm.shell.activityembedding.ActivityEmbeddingController@e0fd7f0
04-12 14:17:14.735  2858  2994 V WindowManagerShell:  try handler com.android.wm.shell.recents.RecentsTransitionHandler@42a4169
04-12 14:17:14.735  2858  2994 V ShellRecents: RecentsTransitionHandler.startAnimation: no controller found
04-12 14:17:14.735  2858  2994 V WindowManagerShell:  try handler com.android.wm.shell.splitscreen.StageCoordinator@62207ee
04-12 14:17:14.735  2858  2994 V WindowManagerShell:  try handler com.android.wm.shell.transition.RemoteTransitionHandler@afc148f
04-12 14:17:14.735  2858  2994 V WindowManagerShell: Transition doesn't have explicit remote, search filters for match for {id=433 t=CLOSE f=0x0 trk=0 opt={t=FROM_STYLE} r=[0@Point(0, 0)] c=[{null m=TO_FRONT f=FILLS_TASK leash=Surface(name=ActivityRecord{efb10a7 u0 aenu.ax360e/.MainActivity)/@0xaa5189c sb=Rect(0, 0 - 1920, 1080) eb=Rect(0, 0 - 1920, 1080) d=0 bc=fffef7ff component=aenu.ax360e/.MainActivity}]}
04-12 14:17:14.735  2858  2994 V WindowManagerShell:  Checking filter Pair{{types=[] flags=0x0] notFlags=0x100 checks=[{atype=home independent=true modes=[OPEN,TO_FRONT] flags=NONE mustBeTask=false order=TOP topActivity=ComponentInfo{com.android.launcher3/com.android.launcher3.uioverrides.QuickstepLauncher} launchCookie=null},{atype=standard independent=true modes=[CLOSE,TO_BACK] flags=NONE mustBeTask=false order=ANY topActivity=null launchCookie=null}]} RemoteTransition { remoteTransition = android.window.IRemoteTransition$Stub$Proxy@a87b72b, appThread = android.app.IApplicationThread$Stub$Proxy@bda4788, debugName = QuickstepLaunchHome }}
04-12 14:17:14.735  2858  2994 V WindowManagerShell:  Delegate animation for (#433) to null
04-12 14:17:14.735  2858  2994 V WindowManagerShell:  try handler com.android.wm.shell.transition.DefaultTransitionHandler@42ab4fa
04-12 14:17:14.735  2858  2994 V WindowManagerShell: start default transition animation, info = {id=433 t=CLOSE f=0x0 trk=0 opt={t=FROM_STYLE} r=[0@Point(0, 0)] c=[{null m=TO_FRONT f=FILLS_TASK leash=Surface(name=ActivityRecord{efb10a7 u0 aenu.ax360e/.MainActivity)/@0xaa5189c sb=Rect(0, 0 - 1920, 1080) eb=Rect(0, 0 - 1920, 1080) d=0 bc=fffef7ff component=aenu.ax360e/.MainActivity}]}
04-12 14:17:14.735  2858  2994 V WindowManagerShell: loadAnimation: anim=android.view.animation.AnimationSet@ffd1e2b animAttr=0x6 type=CLOSE isEntrance=true
04-12 14:17:14.736  2387  2552 V WindowManager: Sent Transition (#433) createdAt=04-12 14:17:14.721 via request=TransitionRequestInfo { type = CLOSE, triggerTask = null, pipTask = null, remoteTransition = null, displayChange = null, flags = 0, debugId = 433 }
04-12 14:17:14.736  2387  2552 V WindowManager:     startWCT=WindowContainerTransaction { changes = {} hops = [] errorCallbackToken=null taskFragmentOrganizer=null }
04-12 14:17:14.736  2387  2552 V WindowManager:     info={id=433 t=CLOSE f=0x0 trk=0 opt={t=FROM_STYLE} r=[0@Point(0, 0)] c=[
04-12 14:17:14.736  2387  2552 V WindowManager:         {null m=TO_FRONT f=FILLS_TASK leash=Surface(name=ActivityRecord{efb10a7 u0 aenu.ax360e/.MainActivity)/@0xef0e678 sb=Rect(0, 0 - 1920, 1080) eb=Rect(0, 0 - 1920, 1080) d=0 bc=fffef7ff component=aenu.ax360e/.MainActivity}
04-12 14:17:14.736  2387  2552 V WindowManager:     ]}
04-12 14:17:14.737  2387  3818 W UserManagerService: Requested status bar icon for non-badged user 0
04-12 14:17:14.743  1551  1551 E BpTransactionCompletedListener: Failed to transact (-32)
04-12 14:17:14.745  2387  2732 I ImeTracker: aenu.ax360e:b0cca0c: onRequestHide at ORIGIN_SERVER reason HIDE_UNSPECIFIED_WINDOW fromUser false
04-12 14:17:14.745  2387  2732 I ImeTracker: aenu.ax360e:b0cca0c: onCancelled at PHASE_SERVER_SHOULD_HIDE
04-12 14:17:14.746  3412  3412 I GoogleInputMethodService: GoogleInputMethodService.onFinishInput():2159 
04-12 14:17:14.746  3412  3412 I Module  : DeviceLockedStatusModuleProvider$Module.updateDeviceLockedStatus():103 repeatCheckTimes = 0, locked = false
04-12 14:17:14.746  3412  3412 I GoogleInputMethodService: GoogleInputMethodService.onStartInput():1434 onStartInput(EditorInfo{EditorInfo{packageName=aenu.ax360e, inputType=0, inputTypeString=NULL, enableLearning=false, autoCorrection=false, autoComplete=false, imeOptions=0, privateImeOptions=null, actionName=UNSPECIFIED, actionLabel=null, initialSelStart=-1, initialSelEnd=-1, initialCapsMode=0, label=null, fieldId=0, fieldName=null, extras=null, hintText=null, hintLocales=[]}}, false)
04-12 14:17:14.746  3412  3412 I AndroidIME: LatinIMEBase.updateInputViewCoverNavigation():312 Update input view padding, isNavbarOverInputWindow=false, bottom inset=55
04-12 14:17:14.747  3412  3412 I Module  : DeviceLockedStatusModuleProvider$Module.updateDeviceLockedStatus():103 repeatCheckTimes = 1, locked = false
04-12 14:17:14.748  2387  2661 W PackageConfigPersister: App-specific configuration not found for packageName: aenu.ax360e and userId: 0
04-12 14:17:14.749  2858  2994 V WindowManagerShell:  animated by com.android.wm.shell.transition.DefaultTransitionHandler@42ab4fa
04-12 14:17:14.752  1510  1970 I SDM     : ClstcAlgorithmAdapter::UcscToneMap():1634 Checksum for layer 1 is: 812191
04-12 14:17:15.096  1504  1504 W ServiceManagerCppClient: Waited one second for vendor.qti.qesdsys.IQesdSys/default (is service started? Number of threads started in the threadpool: 0. Are binder threads started and available?)
04-12 14:17:15.097   556 26605 W libc    : Unable to set property "ctl.interface_start" to "aidl/vendor.qti.qesdsys.IQesdSys/default": PROP_ERROR_HANDLE_CONTROL_MESSAGE (0x20)
04-12 14:17:15.123 26606 26606 I me.Stats.Thread: type=1400 audit(0.0:9405): avc:  denied  { execute_no_trans } for  path="/system/bin/service" dev="dm-14" ino=502 scontext=u:r:system_server:s0 tcontext=u:object_r:system_file:s0 tclass=file permissive=1
04-12 14:17:15.153  1514  1670 E PERFHAL-UTIL: PERFHAL-UTIL: change_node_val() 204: Failed to update node /proc/sys/walt/sched_per_task_boost with value 26562 0
04-12 14:17:15.153  1514  1670 E PERFHAL-OPTSHANDLER: PERFHAL-OPTSHANDLER: sched_reset_task_boost() 3863: can't reset task 26562
04-12 14:17:15.153  1514  1670 E PERFHAL-RESOURCEQS: PERFHAL-RESOURCEQS: RemoveAndApply() 385: Failed to reset optimization [3, 32]
04-12 14:17:15.198  1835  1835 I CNSS    : /sys/wifi/dump_in_progress doesn't exist
04-12 14:17:15.198  1835  1835 I CNSS    : /sys/wifi/max_chipset_log_size doesn't exist
04-12 14:17:15.204  2387  2769 W IPCThreadState: Sending oneway calls to frozen process.
04-12 14:17:15.204  2858  2994 V WindowManagerShell: Transition animation finished (aborted=false), notifying core (#433) android.os.BinderProxy@ded900f@0
04-12 14:17:15.204  2387  2769 W IPCThreadState: Sending oneway calls to frozen process.
04-12 14:17:15.205  2387  2552 V WindowManager: Finish Transition (#433): created at 04-12 14:17:14.721 collect-started=0.027ms request-sent=0.048ms started=1.827ms ready=1.825ms sent=13.408ms finished=483.864ms
04-12 14:17:15.206  2387  2769 W IPCThreadState: Sending oneway calls to frozen process.
04-12 14:17:15.206  2858  2994 V WindowManagerShell: Track 0 became idle
04-12 14:17:15.206  2858  2994 V WindowManagerShell: All active transition animations finished
04-12 14:17:15.206  2387  2769 W IPCThreadState: Sending oneway calls to frozen process.
04-12 14:17:15.206  2387  2769 W IPCThreadState: Sending oneway calls to frozen process.
04-12 14:17:15.206  2387 12698 W UserManagerService: Requested status bar icon for non-badged user 0
04-12 14:17:15.206  2387 12698 W UserManagerService: Requested status bar icon for non-badged user 0
04-12 14:17:15.207  2387  2769 W IPCThreadState: Sending oneway calls to frozen process.
04-12 14:17:15.207  2387  2769 W IPCThreadState: Sending oneway calls to frozen process.
04-12 14:17:15.207  2387  2769 W IPCThreadState: Sending oneway calls to frozen process.
04-12 14:17:15.207  2387  2769 W IPCThreadState: Sending oneway calls to frozen process.
04-12 14:17:15.207  2387  2769 W IPCThreadState: Sending oneway calls to frozen process.
04-12 14:17:15.207 31595  1768 I NearbyMediums: [WifiNetworkV2] defaultNetworkCallback onCapabilitiesChanged network:101 [ WIFI VPN ] isNonBypassable:true
04-12 14:17:15.207  2387  2769 W IPCThreadState: Sending oneway calls to frozen process.
04-12 14:17:15.208  2387  2769 W IPCThreadState: Sending oneway calls to frozen process.
04-12 14:17:15.208  2387  2769 W IPCThreadState: Sending oneway calls to frozen process.
04-12 14:17:15.208  2387  2769 W IPCThreadState: Sending oneway calls to frozen process.
04-12 14:17:15.208  2387  2769 W IPCThreadState: Sending oneway calls to frozen process.
04-12 14:17:15.208  2387  2769 W IPCThreadState: Sending oneway calls to frozen process.
04-12 14:17:15.208  2387  2769 W IPCThreadState: Sending oneway calls to frozen process.
04-12 14:17:15.208  2387  2769 W IPCThreadState: Sending oneway calls to frozen process.
04-12 14:17:15.208 31595 31889 D TrafficStats: tagSocket(87) with statsTag=0xffffffff, statsUid=-1
04-12 14:17:15.357  1547  2549 D StreamHalAidl: [out|ioHandle:13] standby
04-12 14:17:15.357  1547  2549 D StreamHalAidl: [out|ioHandle:13] pause
04-12 14:17:15.357  1547  2549 D StreamHalAidl: [out|ioHandle:13] flush
04-12 14:17:15.691  1498  2547 I AgmIpc::Server: removeSessionHandle removing handle b40000763788e190 for session 126
04-12 14:17:15.693  1498  2547 D AHAL_StreamOut_QTI: standby : usecase: LOW_LATENCY_PLAYBACK IoHandle: 13 
04-12 14:17:15.698  3003  3086 D FanBase : mSmartAction temp control curve; result /sys/devices/virtual/thermal/   null result.temperature = 60.310001373291016 speedPercentage = 33 smartSpeed = 16500
04-12 14:17:15.695  3003  3003 I pool-3-thread-5: type=1400 audit(0.0:9406): avc:  denied  { write } for  name="duty" dev="sysfs" ino=131064 scontext=u:r:system_app:s0 tcontext=u:object_r:sysfs:s0 tclass=file permissive=1
04-12 14:17:15.695  3003  3003 I pool-3-thread-5: type=1400 audit(0.0:9407): avc:  denied  { read } for  name="duty" dev="sysfs" ino=131064 scontext=u:r:system_app:s0 tcontext=u:object_r:sysfs:s0 tclass=file permissive=1
04-12 14:17:15.695  3003  3003 I pool-3-thread-5: type=1400 audit(0.0:9408): avc:  denied  { open } for  path="/sys/class/gpio5_pwm2/duty" dev="sysfs" ino=131064 scontext=u:r:system_app:s0 tcontext=u:object_r:sysfs:s0 tclass=file permissive=1
04-12 14:17:15.695  3003  3003 I pool-3-thread-5: type=1400 audit(0.0:9409): avc:  denied  { getattr } for  path="/sys/class/gpio5_pwm2/duty" dev="sysfs" ino=131064 scontext=u:r:system_app:s0 tcontext=u:object_r:sysfs:s0 tclass=file permissive=1
04-12 14:17:15.759  1510  1970 I SDM     : ClstcAlgorithmAdapter::UcscToneMap():1634 Checksum for layer 1 is: 812191
04-12 14:17:15.944  2387  4075 E TaskPersister: File error accessing recents directory (directory doesn't exist?).
04-12 14:17:16.096  1504  1504 W ServiceManagerCppClient: Waited one second for vendor.qti.qesdsys.IQesdSys/default (is service started? Number of threads started in the threadpool: 0. Are binder threads started and available?)
04-12 14:17:16.097   556 26608 W libc    : Unable to set property "ctl.interface_start" to "aidl/vendor.qti.qesdsys.IQesdSys/default": PROP_ERROR_HANDLE_CONTROL_MESSAGE (0x20)
04-12 14:17:16.119  2387  2555 I InputManager-JNI: Viewport [0] to add: local:4630946441858561683, isActive: true
04-12 14:17:16.119  2387  2555 W PointerChoreographer: updatePointerControllersLocked0.  name:ODIN Station Virtual Mouse 9
04-12 14:17:16.119  2387  2727 I InputReader: Reconfiguring input devices, changes=DISPLAY_INFO
04-12 14:17:16.119  2387  2727 I InputReader: start Device reconfigured: id=5, name='fts_ts', size 1080x1920, orientation Rotation0, mode DIRECT, display id 0, mRawPointerAxes (1081 1921) associatedDisplayIsExternal 0 mParameters.deviceType 0 viewport (1920, 1080) viewport.orientation 1
04-12 14:17:16.119  2387  2727 I InputReader: Device reconfigured: id=5, name='fts_ts', size 1080x1920, orientation Rotation0, mode DIRECT, display id 0
04-12 14:17:16.120  2387  2727 W PointerChoreographer: updatePointerControllersLocked0.  name:ODIN Station Virtual Mouse 9
04-12 14:17:16.120  2387  2555 W IPCThreadState: Sending oneway calls to frozen process.
04-12 14:17:16.120  2387  2555 W IPCThreadState: Sending oneway calls to frozen process.
04-12 14:17:16.120  3412  3412 I PkDeviceHelper: PkDeviceHelper.refreshDevices():87 refreshing devices
04-12 14:17:16.142  1510 26610 I SDM     : RCParserIntfImpl::GenerateRCMask: RC mask generation in thread 26610...
04-12 14:17:16.142  1510 26610 W SDM     : RCParserIntfImpl::IsValidRcConfig: Invalid mask size: 0
04-12 14:17:16.142  1510 26610 I SDM     : RCParserIntfImpl::GenerateRCMask: Invalid RC config in mask generation thread 26610... Exit. err= -1
04-12 14:17:16.192  2893  3898 D ApfFilter: (wlan0): Ignoring RA RA fe80::c64f:d5ff:fe03:1e53 -> ff02::1 180s 2601:642:4e00:b720::/64 307376s/307376s DNS 180s 2001:558:feed::1 2001:558:feed::2 RIO 180s ::/0  which matches RA fe80::c64f:d5ff:fe03:1e53 -> ff02::1 180s 2601:642:4e00:b720::/64 307376s/307376s DNS 180s 2001:558:feed::1 2001:558:feed::2 RIO 180s ::/0 
04-12 14:17:17.096  1504  1504 W ServiceManagerCppClient: Waited one second for vendor.qti.qesdsys.IQesdSys/default (is service started? Number of threads started in the threadpool: 0. Are binder threads started and available?)
04-12 14:17:17.097   556 26617 W libc    : Unable to set property "ctl.interface_start" to "aidl/vendor.qti.qesdsys.IQesdSys/default": PROP_ERROR_HANDLE_CONTROL_MESSAGE (0x20)
04-12 14:17:18.097  1504  1504 W ServiceManagerCppClient: Waited one second for vendor.qti.qesdsys.IQesdSys/default (is service started? Number of threads started in the threadpool: 0. Are binder threads started and available?)
04-12 14:17:18.097   556 26624 W libc    : Unable to set property "ctl.interface_start" to "aidl/vendor.qti.qesdsys.IQesdSys/default": PROP_ERROR_HANDLE_CONTROL_MESSAGE (0x20)
04-12 14:17:19.097  1504  1504 W ServiceManagerCppClient: Waited one second for vendor.qti.qesdsys.IQesdSys/default (is service started? Number of threads started in the threadpool: 0. Are binder threads started and available?)
04-12 14:17:19.097   556 26629 W libc    : Unable to set property "ctl.interface_start" to "aidl/vendor.qti.qesdsys.IQesdSys/default": PROP_ERROR_HANDLE_CONTROL_MESSAGE (0x20)
04-12 14:17:19.700  3003  3086 D FanBase : mSmartAction temp control curve; result /sys/devices/virtual/thermal/   null result.temperature = 51.654998779296875 speedPercentage = 32 smartSpeed = 16000
04-12 14:17:19.760  2387  2689 D ActivityManager: freezing 12150 com.android.externalstorage
04-12 14:17:19.761  2387  2769 D InetDiagMessage: Destroyed 0 sockets, proto=IPPROTO_TCP, family=AF_INET, states=14
04-12 14:17:19.762  2387  2769 D InetDiagMessage: Destroyed 0 sockets, proto=IPPROTO_TCP, family=AF_INET6, states=14
04-12 14:17:19.762  2387  2769 D InetDiagMessage: Destroyed live tcp sockets for uids={10039} in 1ms
04-12 14:17:19.859  1492  1526 I android.hardware.thermal-service.qti: sensor: sys-therm-2 temperature: 46.733 old: 2 new: 1
04-12 14:17:19.859  2387  2552 D BrightnessThermalClamper: New thermal throttling status = 1
04-12 14:17:19.859  2387  2552 W IPCThreadState: Sending oneway calls to frozen process.
04-12 14:17:19.860  1521  1521 I vendor.qti.hardware.servicetrackeraidl-service: bindService is called for service : com.android.chrome/org.chromium.components.background_task_scheduler.internal.BackgroundTaskJobService and for client system
04-12 14:17:19.860  1521  1521 I vendor.qti.hardware.servicetrackeraidl-service: total connections for service : com.android.chrome/org.chromium.components.background_task_scheduler.internal.BackgroundTaskJobServiceare :1
04-12 14:17:19.860  1521  1521 I vendor.qti.hardware.servicetrackeraidl-service: total connections for client : systemare :19
04-12 14:17:19.866  2387  2680 D ActivityManager: sync unfroze 26321 com.android.chrome for 6
04-12 14:17:19.867 26321 12344 D TrafficStats: tagSocket(126) with statsTag=0xffffffff, statsUid=-1
04-12 14:17:19.870  2387  2513 D ConnectivityService: Returning BLOCKED NetworkInfo to uid=10069
04-12 14:17:19.870  2387  2680 D ActivityManager: sync unfroze 20606 com.android.chrome:sandboxed_process0:org.chromium.content.app.SandboxedProcessService0:13 for 6
04-12 14:17:19.870  2387  2680 D ActivityManager: sync unfroze 12266 com.android.chrome:sandboxed_process0:org.chromium.content.app.SandboxedProcessService0:0 for 6
04-12 14:17:19.871  2387  2680 D ActivityManager: sync unfroze 12275 com.android.chrome:privileged_process0 for 6
04-12 14:17:19.881 26321 12344 D TrafficStats: tagSocket(160) with statsTag=0xffffffff, statsUid=-1
04-12 14:17:19.882  2387  2512 D ConnectivityService: Returning UNBLOCKED NetworkInfo to uid=10069
04-12 14:17:19.882 26321 12344 D TrafficStats: tagSocket(160) with statsTag=0xffffffff, statsUid=-1
04-12 14:17:19.882 26321 12344 D TrafficStats: tagSocket(160) with statsTag=0xffffffff, statsUid=-1
04-12 14:17:19.883 26321 12344 D TrafficStats: tagSocket(160) with statsTag=0xffffffff, statsUid=-1
04-12 14:17:19.887 26321 26321 D TrafficStats: tagSocket(160) with statsTag=0xffffffff, statsUid=-1
04-12 14:17:19.889 26321 26321 D TrafficStats: tagSocket(160) with statsTag=0xffffffff, statsUid=-1
04-12 14:17:19.890 26321 26321 D TrafficStats: tagSocket(160) with statsTag=0xffffffff, statsUid=-1
04-12 14:17:19.891 26321 26321 D TrafficStats: tagSocket(160) with statsTag=0xffffffff, statsUid=-1
04-12 14:17:19.891 26321 26321 D TrafficStats: tagSocket(160) with statsTag=0xffffffff, statsUid=-1
04-12 14:17:19.893   391 20762 D MediaProvider: Open with FUSE. FilePath: /storage/emulated/0/Download/.pending-1776632714-Gears of War.iso. Uid: 10069. Media Capabilities Uid: 0. ShouldRedact: false. ShouldTranscode: false
04-12 14:17:19.893 26321 26321 E chromium: [ERROR:chrome/browser/commerce/merchant_viewer/merchant_viewer_data_manager.cc:103] Clearing 0 merchants.
04-12 14:17:19.908 26321 26321 W cr_BkgrdTaskJS: Starting background task (jobId=71300)
04-12 14:17:19.908  1521  1521 I vendor.qti.hardware.servicetrackeraidl-service: unbindService is called for service : com.android.chrome/org.chromium.components.background_task_scheduler.internal.BackgroundTaskJobService and for client system
04-12 14:17:19.909  1521  1521 I vendor.qti.hardware.servicetrackeraidl-service: size of service connections for service: com.android.chrome/org.chromium.components.background_task_scheduler.internal.BackgroundTaskJobServiceafter removal is 0
04-12 14:17:19.909  1521  1521 I vendor.qti.hardware.servicetrackeraidl-service: size of client connections for client: systemafter removal is 18
04-12 14:17:19.909  1521  1521 I vendor.qti.hardware.servicetrackeraidl-service: destroyService is called for service : com.android.chrome/org.chromium.components.background_task_scheduler.internal.BackgroundTaskJobService
04-12 14:17:19.911 26321 26321 E cr_BkgrdTaskJS: Tried finishing non-current BackgroundTask.
04-12 14:17:19.918 26321 12223 I cr_BindingManager: onTrimMemory: level=40, size=0
04-12 14:17:20.097  1504  1504 W ServiceManagerCppClient: Waited one second for vendor.qti.qesdsys.IQesdSys/default (is service started? Number of threads started in the threadpool: 0. Are binder threads started and available?)
04-12 14:17:20.097   556 26638 W libc    : Unable to set property "ctl.interface_start" to "aidl/vendor.qti.qesdsys.IQesdSys/default": PROP_ERROR_HANDLE_CONTROL_MESSAGE (0x20)
04-12 14:17:20.140  2387  2555 I InputManager-JNI: Viewport [0] to add: local:4630946441858561683, isActive: true
04-12 14:17:20.140  2387  2555 W PointerChoreographer: updatePointerControllersLocked0.  name:ODIN Station Virtual Mouse 9
04-12 14:17:20.140  2387  2727 I InputReader: Reconfiguring input devices, changes=DISPLAY_INFO
04-12 14:17:20.140  2387  2727 I InputReader: start Device reconfigured: id=5, name='fts_ts', size 1080x1920, orientation Rotation0, mode DIRECT, display id 0, mRawPointerAxes (1081 1921) associatedDisplayIsExternal 0 mParameters.deviceType 0 viewport (1920, 1080) viewport.orientation 1
04-12 14:17:20.140  2387  2727 I InputReader: Device reconfigured: id=5, name='fts_ts', size 1080x1920, orientation Rotation0, mode DIRECT, display id 0
04-12 14:17:20.140  2387  2727 W PointerChoreographer: updatePointerControllersLocked0.  name:ODIN Station Virtual Mouse 9
04-12 14:17:20.141  2387  2555 W IPCThreadState: Sending oneway calls to frozen process.
04-12 14:17:20.141  3412  3412 I PkDeviceHelper: PkDeviceHelper.refreshDevices():87 refreshing devices
04-12 14:17:20.164  1510 26641 I SDM     : RCParserIntfImpl::GenerateRCMask: RC mask generation in thread 26641...
04-12 14:17:20.165  1510 26641 W SDM     : RCParserIntfImpl::IsValidRcConfig: Invalid mask size: 0
04-12 14:17:20.165  1510 26641 I SDM     : RCParserIntfImpl::GenerateRCMask: Invalid RC config in mask generation thread 26641... Exit. err= -1
04-12 14:17:21.097  1504  1504 W ServiceManagerCppClient: Waited one second for vendor.qti.qesdsys.IQesdSys/default (is service started? Number of threads started in the threadpool: 0. Are binder threads started and available?)
04-12 14:17:21.098   556 26646 W libc    : Unable to set property "ctl.interface_start" to "aidl/vendor.qti.qesdsys.IQesdSys/default": PROP_ERROR_HANDLE_CONTROL_MESSAGE (0x20)
04-12 14:17:21.221  2387  2769 W IPCThreadState: Sending oneway calls to frozen process.
04-12 14:17:21.221  2387  2769 W IPCThreadState: Sending oneway calls to frozen process.
04-12 14:17:21.221  2387  2769 W IPCThreadState: Sending oneway calls to frozen process.
04-12 14:17:21.222  2387  2769 W IPCThreadState: Sending oneway calls to frozen process.
04-12 14:17:21.222  2387  2769 W IPCThreadState: Sending oneway calls to frozen process.
04-12 14:17:21.222  2387  2769 W IPCThreadState: Sending oneway calls to frozen process.
04-12 14:17:21.222  2387  2769 W IPCThreadState: Sending oneway calls to frozen process.
04-12 14:17:21.222  2387  2769 W IPCThreadState: Sending oneway calls to frozen process.
04-12 14:17:21.222  2387  2769 W IPCThreadState: Sending oneway calls to frozen process.
04-12 14:17:21.222  2387  2769 W IPCThreadState: Sending oneway calls to frozen process.
04-12 14:17:21.223 31595  1768 I NearbyMediums: [WifiNetworkV2] defaultNetworkCallback onCapabilitiesChanged network:101 [ WIFI VPN ] isNonBypassable:true
04-12 14:17:21.223 31595 31889 D TrafficStats: tagSocket(87) with statsTag=0xffffffff, statsUid=-1
04-12 14:17:21.224  2387  2769 W IPCThreadState: Sending oneway calls to frozen process.
04-12 14:17:21.224  2387  2769 W IPCThreadState: Sending oneway calls to frozen process.
04-12 14:17:21.224 26321 26321 D TrafficStats: tagSocket(150) with statsTag=0xffffffff, statsUid=-1
04-12 14:17:21.224 26321 12344 D TrafficStats: tagSocket(158) with statsTag=0xffffffff, statsUid=-1
04-12 14:17:22.098  1504  1504 W ServiceManagerCppClient: Waited one second for vendor.qti.qesdsys.IQesdSys/default (is service started? Number of threads started in the threadpool: 0. Are binder threads started and available?)
04-12 14:17:22.098   556 26653 W libc    : Unable to set property "ctl.interface_start" to "aidl/vendor.qti.qesdsys.IQesdSys/default": PROP_ERROR_HANDLE_CONTROL_MESSAGE (0x20)
04-12 14:17:22.101  1639  1884 D pservice: cpu_init boot_completed cpugpumode=2
04-12 14:17:22.099 26654 26654 I sh      : type=1400 audit(0.0:9410): avc:  denied  { dac_override } for  capability=1  scontext=u:r:pservice:s0 tcontext=u:r:pservice:s0 tclass=capability permissive=1
