04-12 14:17:08.338  2387  2513 D ActivityTrigger: ActivityTrigger activityPauseTrigger 
04-12 14:17:08.338  2387  2513 I HidlServiceManagement: Trying to get transport of vendor.qti.hardware.servicetracker@1.2::IServicetracker/default without hwservicemanager
04-12 14:17:08.338  2387  2513 W ActivityTaskManager: servicetracker HIDL not available
04-12 14:17:08.338  2387  2513 E ActivityTaskManager: Unable to get servicetracker HAL instance
04-12 14:17:08.339  3449  3476 E Thermal-Lib: Thermal-Lib-Client:thermal_client_config_query: could not connect to socket
04-12 14:17:08.339  1498  2547 I GPR:    : vendor/qcom/proprietary/args/gpr/core/src/gpr_drv.c:__gpr_cmd_register_v2:931 GPR Register: Source Port is 8208 heap_index: 0
04-12 14:17:08.339  2387  2555 V GrammaticalInflectionUtils: AttributionSource: android.content.AttributionSource@19b39ac2 does not have READ_SYSTEM_GRAMMATICAL_GENDER permission.
04-12 14:17:08.340  2387  2513 E ActivityTaskManager: START u0 {act=aenu.intent.action.AX360E pkg=aenu.ax360e cmp=aenu.ax360e/.EmulatorActivity (has extras)} with LAUNCH_SINGLE_TASK from uid 10154 (BAL_ALLOW_VISIBLE_WINDOW) result code=0
04-12 14:17:08.341   529  1666 D audioadsprpcd: vendor/qcom/proprietary/adsprpc/src/apps_std_imp.c:382: apps_std_fopen_fd done for ./CFCM.so.1 with       fopen:11us, read:0us, rpc_alloc:0us,       mmap:0us fd 0x0 error_code 0x2
04-12 14:17:08.341   529  1666 D audioadsprpcd: vendor/qcom/proprietary/adsprpc/src/apps_std_imp.c:382: apps_std_fopen_fd done for ./CFCM.so.1 with       fopen:1us, read:0us, rpc_alloc:0us,       mmap:0us fd 0x0 error_code 0x2
04-12 14:17:08.341   529  1666 D audioadsprpcd: vendor/qcom/proprietary/adsprpc/src/apps_std_imp.c:382: apps_std_fopen_fd done for /vendor/lib64/rfs/dsp/adsp/./CFCM.so.1 with       fopen:8us, read:0us, rpc_alloc:0us,       mmap:0us fd 0x0 error_code 0x2
04-12 14:17:08.341   529  1666 D audioadsprpcd: vendor/qcom/proprietary/adsprpc/src/apps_std_imp.c:382: apps_std_fopen_fd done for /vendor/lib64/rfs/dsp/./CFCM.so.1 with       fopen:2us, read:0us, rpc_alloc:0us,       mmap:0us fd 0x0 error_code 0x2
04-12 14:17:08.341   529  1666 D audioadsprpcd: vendor/qcom/proprietary/adsprpc/src/apps_std_imp.c:382: apps_std_fopen_fd done for /vendor/lib/rfsa/adsp/adsp/./CFCM.so.1 with       fopen:4us, read:0us, rpc_alloc:0us,       mmap:0us fd 0x0 error_code 0x2
04-12 14:17:08.341   529  1666 D audioadsprpcd: vendor/qcom/proprietary/adsprpc/src/apps_std_imp.c:382: apps_std_fopen_fd done for /vendor/lib/rfsa/adsp/./CFCM.so.1 with       fopen:1us, read:0us, rpc_alloc:0us,       mmap:0us fd 0x0 error_code 0x2
04-12 14:17:08.341   529  1666 D audioadsprpcd: vendor/qcom/proprietary/adsprpc/src/apps_std_imp.c:382: apps_std_fopen_fd done for /vendor/lib/rfsa/dsp/adsp/./CFCM.so.1 with       fopen:1us, read:0us, rpc_alloc:0us,       mmap:0us fd 0x0 error_code 0x2
04-12 14:17:08.341   529  1666 D audioadsprpcd: vendor/qcom/proprietary/adsprpc/src/apps_std_imp.c:382: apps_std_fopen_fd done for /vendor/lib/rfsa/dsp/./CFCM.so.1 with       fopen:0us, read:0us, rpc_alloc:0us,       mmap:0us fd 0x0 error_code 0x2
04-12 14:17:08.341  1514  1670 E PERFHAL-RESOURCEQS: PERFHAL-RESOURCEQS: AddAndApply() 136: Resource value ffffffff is not supported
04-12 14:17:08.342   529  1666 D audioadsprpcd: vendor/qcom/proprietary/adsprpc/src/apps_std_imp.c:382: apps_std_fopen_fd done for /vendor/dsp/adsp/./CFCM.so.1 with       fopen:16us, read:11us, rpc_alloc:36us,       mmap:1066us fd 0xc error_code 0x0
04-12 14:17:08.342   529  1666 I audioadsprpcd: vendor/qcom/proprietary/adsprpc/src/apps_std_imp.c:1133: Successfully opened file /vendor/dsp/adsp/./CFCM.so.1
04-12 14:17:08.342   529  1666 D audioadsprpcd: vendor/qcom/proprietary/adsprpc/src/apps_std_imp.c:382: apps_std_fopen_fd done for ./spv5_module.so.1 with       fopen:5us, read:0us, rpc_alloc:0us,       mmap:0us fd 0x0 error_code 0x2
04-12 14:17:08.342   529  1666 D audioadsprpcd: vendor/qcom/proprietary/adsprpc/src/apps_std_imp.c:382: apps_std_fopen_fd done for ./spv5_module.so.1 with       fopen:1us, read:0us, rpc_alloc:0us,       mmap:0us fd 0x0 error_code 0x2
04-12 14:17:08.342   529  1666 D audioadsprpcd: vendor/qcom/proprietary/adsprpc/src/apps_std_imp.c:382: apps_std_fopen_fd done for /vendor/lib64/rfs/dsp/adsp/./spv5_module.so.1 with       fopen:4us, read:0us, rpc_alloc:0us,       mmap:0us fd 0x0 error_code 0x2
04-12 14:17:08.342   529  1666 D audioadsprpcd: vendor/qcom/proprietary/adsprpc/src/apps_std_imp.c:382: apps_std_fopen_fd done for /vendor/lib64/rfs/dsp/./spv5_module.so.1 with       fopen:1us, read:0us, rpc_alloc:0us,       mmap:0us fd 0x0 error_code 0x2
04-12 14:17:08.342   529  1666 D audioadsprpcd: vendor/qcom/proprietary/adsprpc/src/apps_std_imp.c:382: apps_std_fopen_fd done for /vendor/lib/rfsa/adsp/adsp/./spv5_module.so.1 with       fopen:2us, read:0us, rpc_alloc:0us,       mmap:0us fd 0x0 error_code 0x2
04-12 14:17:08.342   529  1666 D audioadsprpcd: vendor/qcom/proprietary/adsprpc/src/apps_std_imp.c:382: apps_std_fopen_fd done for /vendor/lib/rfsa/adsp/./spv5_module.so.1 with       fopen:1us, read:0us, rpc_alloc:0us,       mmap:0us fd 0x0 error_code 0x2
04-12 14:17:08.342   529  1666 D audioadsprpcd: vendor/qcom/proprietary/adsprpc/src/apps_std_imp.c:382: apps_std_fopen_fd done for /vendor/lib/rfsa/dsp/adsp/./spv5_module.so.1 with       fopen:1us, read:0us, rpc_alloc:0us,       mmap:0us fd 0x0 error_code 0x2
04-12 14:17:08.342   529  1666 D audioadsprpcd: vendor/qcom/proprietary/adsprpc/src/apps_std_imp.c:382: apps_std_fopen_fd done for /vendor/lib/rfsa/dsp/./spv5_module.so.1 with       fopen:1us, read:0us, rpc_alloc:0us,       mmap:0us fd 0x0 error_code 0x2
04-12 14:17:08.343  2858  2994 V WindowManagerShell: Transition requested (#428): android.os.BinderProxy@6a01d97 TransitionRequestInfo { type = OPEN, triggerTask = TaskInfo{userId=0 taskId=233 displayId=0 isRunning=true baseIntent=Intent { act=android.intent.action.MAIN cat=[android.intent.category.LAUNCHER] flg=0x10200000 cmp=aenu.ax360e/.MainActivity } baseActivity=ComponentInfo{aenu.ax360e/aenu.ax360e.MainActivity} topActivity=ComponentInfo{aenu.ax360e/aenu.ax360e.EmulatorActivity} origActivity=null realActivity=ComponentInfo{aenu.ax360e/aenu.ax360e.MainActivity} numActivities=2 lastActiveTime=26043347 supportsMultiWindow=true resizeMode=1 isResizeable=true minWidth=-1 minHeight=-1 defaultMinSize=220 token=WCT{android.window.IWindowContainerToken$Stub$Proxy@4e30f6d} topActivityType=1 pictureInPictureParams=null shouldDockBigOverlays=false launchIntoPipHostTaskId=-1 lastParentTaskIdBeforePip=-1 displayCutoutSafeInsets=null topActivityInfo=ActivityInfo{eaef7a2 aenu.ax360e.EmulatorActivity} launchCookies=[android.os.BinderProxy@c1d601e] positionInParent=Point(0, 0) parentTaskId=-1 isFocused=true isVisible=true isVisibleRequested=true isSleeping=false locusId=null displayAreaFeatureId=1 isTopActivityTransparent=false appCompatTaskInfo=AppCompatTaskInfo { topActivityInSizeCompat=false topActivityEligibleForLetterboxEducation= falseisLetterboxEducationEnabled= false isLetterboxDoubleTapEnabled= false topActivityEligibleForUserAspectRatioButton= false topActivityBoundsLetterboxed= false isFromLetterboxDoubleTap= false topActivityLetterboxVerticalPosition= -1 topActivityLetterboxHorizontalPosition= -1 topActivityLetterboxWidth=1920 topActivityLetterboxHeight=1080 isUserFullscreenOverrideEnabled=false isSystemFullscreenOverrideEnabled=false cameraCompatTaskInfo=CameraCompatTaskInfo { cameraCompatControlState=hidden freeformCameraCompatMode=inactive}}}, pipTask = null, remoteTransition = null, displayChange = null, flags = 0, debugId = 428 }
04-12 14:17:08.344   529  1666 D audioadsprpcd: vendor/qcom/proprietary/adsprpc/src/apps_std_imp.c:382: apps_std_fopen_fd done for /vendor/dsp/adsp/./spv5_module.so.1 with       fopen:6us, read:264us, rpc_alloc:23us,       mmap:808us fd 0xe error_code 0x0
04-12 14:17:08.344   529  1666 I audioadsprpcd: vendor/qcom/proprietary/adsprpc/src/apps_std_imp.c:1133: Successfully opened file /vendor/dsp/adsp/./spv5_module.so.1
04-12 14:17:08.344   529  1666 D audioadsprpcd: vendor/qcom/proprietary/adsprpc/src/apps_std_imp.c:382: apps_std_fopen_fd done for ./SAPlusCmnModule.so.1 with       fopen:3us, read:0us, rpc_alloc:0us,       mmap:0us fd 0x0 error_code 0x2
04-12 14:17:08.344   529  1666 D audioadsprpcd: vendor/qcom/proprietary/adsprpc/src/apps_std_imp.c:382: apps_std_fopen_fd done for ./SAPlusCmnModule.so.1 with       fopen:1us, read:0us, rpc_alloc:0us,       mmap:0us fd 0x0 error_code 0x2
04-12 14:17:08.344   529  1666 D audioadsprpcd: vendor/qcom/proprietary/adsprpc/src/apps_std_imp.c:382: apps_std_fopen_fd done for /vendor/lib64/rfs/dsp/adsp/./SAPlusCmnModule.so.1 with       fopen:1us, read:0us, rpc_alloc:0us,       mmap:0us fd 0x0 error_code 0x2
04-12 14:17:08.344   529  1666 D audioadsprpcd: vendor/qcom/proprietary/adsprpc/src/apps_std_imp.c:382: apps_std_fopen_fd done for /vendor/lib64/rfs/dsp/./SAPlusCmnModule.so.1 with       fopen:1us, read:0us, rpc_alloc:0us,       mmap:0us fd 0x0 error_code 0x2
04-12 14:17:08.344   529  1666 D audioadsprpcd: vendor/qcom/proprietary/adsprpc/src/apps_std_imp.c:382: apps_std_fopen_fd done for /vendor/lib/rfsa/adsp/adsp/./SAPlusCmnModule.so.1 with       fopen:1us, read:0us, rpc_alloc:0us,       mmap:0us fd 0x0 error_code 0x2
04-12 14:17:08.344   529  1666 D audioadsprpcd: vendor/qcom/proprietary/adsprpc/src/apps_std_imp.c:382: apps_std_fopen_fd done for /vendor/lib/rfsa/adsp/./SAPlusCmnModule.so.1 with       fopen:1us, read:0us, rpc_alloc:0us,       mmap:0us fd 0x0 error_code 0x2
04-12 14:17:08.344   529  1666 D audioadsprpcd: vendor/qcom/proprietary/adsprpc/src/apps_std_imp.c:382: apps_std_fopen_fd done for /vendor/lib/rfsa/dsp/adsp/./SAPlusCmnModule.so.1 with       fopen:1us, read:0us, rpc_alloc:0us,       mmap:0us fd 0x0 error_code 0x2
04-12 14:17:08.344   529  1666 D audioadsprpcd: vendor/qcom/proprietary/adsprpc/src/apps_std_imp.c:382: apps_std_fopen_fd done for /vendor/lib/rfsa/dsp/./SAPlusCmnModule.so.1 with       fopen:1us, read:0us, rpc_alloc:0us,       mmap:0us fd 0x0 error_code 0x2
04-12 14:17:08.345   529  1666 D audioadsprpcd: vendor/qcom/proprietary/adsprpc/src/apps_std_imp.c:382: apps_std_fopen_fd done for /vendor/dsp/adsp/./SAPlusCmnModule.so.1 with       fopen:3us, read:29us, rpc_alloc:13us,       mmap:234us fd 0xc error_code 0x0
04-12 14:17:08.345   529  1666 I audioadsprpcd: vendor/qcom/proprietary/adsprpc/src/apps_std_imp.c:1133: Successfully opened file /vendor/dsp/adsp/./SAPlusCmnModule.so.1
04-12 14:17:08.345  1411  1411 D Zygote  : Forked child process 26460
04-12 14:17:08.346  1838 17580 W IPCThreadState: Sending oneway calls to frozen process.
04-12 14:17:08.346  2387  2569 I ActivityManager: Start proc 26460:aenu.ax360e:emu/u0a154 for next-top-activity {aenu.ax360e/aenu.ax360e.EmulatorActivity}
04-12 14:17:08.346  2387 26461 W ContextImpl: Calling a method in the system process without a qualified user: android.app.ContextImpl.sendBroadcast:1249 com.qualcomm.qti.Performance$SendGameLaunchBroadcast.run:273 java.lang.Thread.run:1012 <bottom of call stack> <bottom of call stack> 
04-12 14:17:08.347  2387  2891 I HidlServiceManagement: Trying to get transport of vendor.qti.hardware.servicetracker@1.2::IServicetracker/default without hwservicemanager
04-12 14:17:08.347  2387  2891 W ActivityTaskManager: servicetracker HIDL not available
04-12 14:17:08.347  2387  2891 E ActivityTaskManager: Unable to get servicetracker HAL instance
04-12 14:17:08.347 26460 26460 I Zygote  : seccomp disabled by setenforce 0
04-12 14:17:08.347 26460 26460 I libc    : SetHeapTaggingLevel: tag level set to 0
04-12 14:17:08.348  3449  3476 E Thermal-Lib: Thermal-Lib-Client:thermal_client_config_query: could not connect to socket
04-12 14:17:08.350 26460 26460 I aenu.ax360e:emu: Late-enabling -Xcheck:jni
04-12 14:17:08.350  2387  2891 D CoreBackPreview: Window{2907009 u0 Splash Screen aenu.ax360e}: Setting back callback OnBackInvokedCallbackInfo{mCallback=android.window.IOnBackInvokedCallback$Stub$Proxy@7c703c5, mPriority=0, mIsAnimationCallback=false}
04-12 14:17:08.350  1498  2547 I AgmIpc::Server: addSessionHandle sessionId 126 handle b40000763788e190 
04-12 14:17:08.352  1498  2547 D audio_route: Apply path: PM_QOS_Vote
04-12 14:17:08.355  1498  2547 E AGM: graph: configure_buffer_params: 296 Unsupported buffer mode : 0, Default to Blocking
04-12 14:17:08.359  1498  2547 I AHAL_StreamOut_QTI: configure : usecase: LOW_LATENCY_PLAYBACK IoHandle: 13 : stream is configured
04-12 14:17:08.359  1498  2547 I AHAL_StreamOut_QTI: configure : usecase: LOW_LATENCY_PLAYBACK IoHandle: 13 : completed in 22.5987 ms [pal_stream_open: 0.162083, ms pal_stream_start: 22.3923 ms]
04-12 14:17:08.361 26460 26460 I aenu.ax360e:emu: Using CollectorTypeCMC GC.
04-12 14:17:08.362  1968  2077 I adbd    : jdwp connection from 26460
04-12 14:17:08.364  1551  1551 I BpBinder: onLastStrongRef automatically unlinking death recipients: 
04-12 14:17:08.364 26460 26460 D nativeloader: Load libframework-connectivity-tiramisu-jni.so using APEX ns com_android_tethering for caller /apex/com.android.tethering/javalib/framework-connectivity-t.jar: ok
04-12 14:17:08.367  2387  2891 D CompatibilityInfo: mCompatibilityFlags - 0
04-12 14:17:08.367  2387  2891 D CompatibilityInfo: applicationDensity - 369
04-12 14:17:08.368  2387  2891 D CompatibilityInfo: applicationScale - 1.0
04-12 14:17:08.374 26460 26460 D ApplicationLoaders: Returning zygote-cached class loader: /system_ext/framework/androidx.window.extensions.jar
04-12 14:17:08.374 26460 26460 D ApplicationLoaders: Returning zygote-cached class loader: /system_ext/framework/androidx.window.sidecar.jar
04-12 14:17:08.374 26460 26460 W ziparchive: Unable to open '/data/app/~~ZoCnCUFxQJBc8fCg30Xanw==/aenu.ax360e-gECx2j7eoc-M_ZjhMplCmw==/base.dm': No such file or directory
04-12 14:17:08.374 26460 26460 W ziparchive: Unable to open '/data/app/~~ZoCnCUFxQJBc8fCg30Xanw==/aenu.ax360e-gECx2j7eoc-M_ZjhMplCmw==/base.dm': No such file or directory
04-12 14:17:08.425 26460 26460 D nativeloader: Configuring clns-7 for other apk /data/app/~~ZoCnCUFxQJBc8fCg30Xanw==/aenu.ax360e-gECx2j7eoc-M_ZjhMplCmw==/base.apk. target_sdk_version=35, uses_libraries=, library_path=/data/app/~~ZoCnCUFxQJBc8fCg30Xanw==/aenu.ax360e-gECx2j7eoc-M_ZjhMplCmw==/lib/arm64:/data/app/~~ZoCnCUFxQJBc8fCg30Xanw==/aenu.ax360e-gECx2j7eoc-M_ZjhMplCmw==/base.apk!/lib/arm64-v8a, permitted_path=/data:/mnt/expand:/data/user/0/aenu.ax360e
04-12 14:17:08.426 26460 26460 D CompatChangeReporter: Compat change id reported: 202956589; UID 10154; state: ENABLED
04-12 14:17:08.428 26460 26460 I Perf    : Connecting to perf service.
04-12 14:17:08.429 26460 26460 V GraphicsEnvironment: Currently set values for:
04-12 14:17:08.429 26460 26460 V GraphicsEnvironment:   angle_gl_driver_selection_pkgs=[]
04-12 14:17:08.429 26460 26460 V GraphicsEnvironment:   angle_gl_driver_selection_values=[]
04-12 14:17:08.429 26460 26460 V GraphicsEnvironment: Global.Settings values are invalid: number of packages: 0, number of values: 0
04-12 14:17:08.429 26460 26460 V GraphicsEnvironment: Updatable production driver is not supported on the device.
04-12 14:17:08.450 26460 26460 D nativeloader: Load /data/app/~~ZoCnCUFxQJBc8fCg30Xanw==/aenu.ax360e-gECx2j7eoc-M_ZjhMplCmw==/base.apk!/lib/arm64-v8a/libhardware_ProcessorInfo.so using ns clns-7 from class loader (caller=/data/app/~~ZoCnCUFxQJBc8fCg30Xanw==/aenu.ax360e-gECx2j7eoc-M_ZjhMplCmw==/base.apk!classes6.dex): ok
04-12 14:17:08.450 26460 26460 I ax360e_hwinfo: GPU name from sysfs: Adreno830
04-12 14:17:08.484 26460 26460 I CustomDriverUtils: Custom GPU driver path set: /data/user/0/aenu.ax360e/app_custom_drivers/libvulkan_freedreno.so
04-12 14:17:08.484 26460 26460 I CustomDriverUtils: Custom GPU driver environment variables set.
04-12 14:17:08.485  2387  2891 I HidlServiceManagement: Trying to get transport of vendor.qti.hardware.servicetracker@1.2::IServicetracker/default without hwservicemanager
04-12 14:17:08.485  2387  2891 W ActivityTaskManager: servicetracker HIDL not available
04-12 14:17:08.485  2387  2891 E ActivityTaskManager: Unable to get servicetracker HAL instance
04-12 14:17:08.486  2387  2552 V WindowManager: Sent Transition (#428) createdAt=04-12 14:17:08.336 via request=TransitionRequestInfo { type = OPEN, triggerTask = TaskInfo{userId=0 taskId=233 displayId=0 isRunning=true baseIntent=Intent { act=android.intent.action.MAIN cat=[android.intent.category.LAUNCHER] flg=0x10200000 cmp=aenu.ax360e/.MainActivity } baseActivity=ComponentInfo{aenu.ax360e/aenu.ax360e.MainActivity} topActivity=ComponentInfo{aenu.ax360e/aenu.ax360e.EmulatorActivity} origActivity=null realActivity=ComponentInfo{aenu.ax360e/aenu.ax360e.MainActivity} numActivities=2 lastActiveTime=26043347 supportsMultiWindow=true resizeMode=1 isResizeable=true minWidth=-1 minHeight=-1 defaultMinSize=220 token=WCT{RemoteToken{924ee09 Task{8232954 #233 type=standard A=10154:aenu.ax360e}}} topActivityType=1 pictureInPictureParams=null shouldDockBigOverlays=false launchIntoPipHostTaskId=-1 lastParentTaskIdBeforePip=-1 displayCutoutSafeInsets=null topActivityInfo=ActivityInfo{61ee67d aenu.ax360e.EmulatorActivity} launchCookies=[android.os.BinderProxy@ee5222f] positionInParent=Point(0, 0) parentTaskId=-1 isFocused=true isVisible=true isVisibleRequested=true isSleeping=false locusId=null displayAreaFeatureId=1 isTopActivityTransparent=false appCompatTaskInfo=AppCompatTaskInfo { topActivityInSizeCompat=false topActivityEligibleForLetterboxEducation= falseisLetterboxEducationEnabled= false isLetterboxDoubleTapEnabled= false topActivityEligibleForUserAspectRatioButton= false topActivityBoundsLetterboxed= false isFromLetterboxDoubleTap= false topActivityLetterboxVerticalPosition= -1 topActivityLetterboxHorizontalPosition= -1 topActivityLetterboxWidth=1920 topActivityLetterboxHeight=1080 isUserFullscreenOverrideEnabled=false isSystemFullscreenOverrideEnabled=false cameraCompatTaskInfo=CameraCompatTaskInfo { cameraCompatControlState=hidden freeformCameraCompatMode=inactive}}}, pipTask = null, remoteTransition = null, displayChange = null, flags = 0, debugId = 428 }
04-12 14:17:08.486  2387  2552 V WindowManager:     startWCT=WindowContainerTransaction { changes = {} hops = [] errorCallbackToken=null taskFragmentOrganizer=null }
04-12 14:17:08.486  2387  2552 V WindowManager:     info={id=428 t=OPEN f=0x0 trk=0 r=[0@Point(0, 0)] c=[
04-12 14:17:08.486  2387  2552 V WindowManager:         {null m=OPEN f=FILLS_TASK|IS_BEHIND_STARTING_WINDOW leash=Surface(name=ActivityRecord{da8faa4 u0 aenu.ax360e/.EmulatorActivity)/@0x145ba27 sb=Rect(0, 0 - 0, 0) eb=Rect(0, 0 - 1920, 1080) d=-1->0 r=-1->1:-1 bc=fffef7ff component=aenu.ax360e/.EmulatorActivity},
04-12 14:17:08.486  2387  2552 V WindowManager:         {null m=TO_BACK f=FILLS_TASK|IS_BEHIND_STARTING_WINDOW leash=Surface(name=ActivityRecord{efb10a7 u0 aenu.ax360e/.MainActivity)/@0xef0e678 sb=Rect(0, 0 - 1920, 1080) eb=Rect(0, 0 - 1920, 1080) d=0 bc=fffef7ff component=aenu.ax360e/.MainActivity}
04-12 14:17:08.486  2387  2552 V WindowManager:     ]}
04-12 14:17:08.486  2858  4091 V WindowManagerShell: onTransitionReady(transaction=10252086973523)
04-12 14:17:08.486  2858  2994 V WindowManagerShell: onTransitionReady (#428) android.os.BinderProxy@6a01d97: {id=428 t=OPEN f=0x0 trk=0 r=[0@Point(0, 0)] c=[{null m=OPEN f=FILLS_TASK|IS_BEHIND_STARTING_WINDOW leash=Surface(name=ActivityRecord{da8faa4 u0 aenu.ax360e/.EmulatorActivity)/@0x6be28a1 sb=Rect(0, 0 - 0, 0) eb=Rect(0, 0 - 1920, 1080) d=-1->0 r=-1->1:-1 bc=fffef7ff component=aenu.ax360e/.EmulatorActivity},{null m=TO_BACK f=FILLS_TASK|IS_BEHIND_STARTING_WINDOW leash=Surface(name=ActivityRecord{efb10a7 u0 aenu.ax360e/.MainActivity)/@0xcde8ac6 sb=Rect(0, 0 - 1920, 1080) eb=Rect(0, 0 - 1920, 1080) d=0 bc=fffef7ff component=aenu.ax360e/.MainActivity}]}
04-12 14:17:08.486  2858  2994 V WindowManagerShell: Playing animation for (#428) android.os.BinderProxy@6a01d97@0
04-12 14:17:08.486  2858  2994 V WindowManagerShell:  try handler com.android.wm.shell.transition.DefaultMixedHandler@640c055
04-12 14:17:08.486  2858  2994 V WindowManagerShell:  try handler com.android.wm.shell.keyguard.KeyguardTransitionHandler@ae9fa6a
04-12 14:17:08.486  2858  2994 V WindowManagerShell:  try handler com.android.wm.shell.pip.PipTransition@612833
04-12 14:17:08.486  2858  2994 V WindowManagerShell:  try handler com.android.wm.shell.activityembedding.ActivityEmbeddingController@e0fd7f0
04-12 14:17:08.486  2858  2994 V WindowManagerShell:  try handler com.android.wm.shell.recents.RecentsTransitionHandler@42a4169
04-12 14:17:08.486  2858  2994 V ShellRecents: RecentsTransitionHandler.startAnimation: no controller found
04-12 14:17:08.486  2858  2994 V WindowManagerShell:  try handler com.android.wm.shell.splitscreen.StageCoordinator@62207ee
04-12 14:17:08.486  2858  2994 V WindowManagerShell:  try handler com.android.wm.shell.transition.RemoteTransitionHandler@afc148f
04-12 14:17:08.486  2858  2994 V WindowManagerShell: Transition doesn't have explicit remote, search filters for match for {id=428 t=OPEN f=0x0 trk=0 r=[0@Point(0, 0)] c=[{null m=OPEN f=FILLS_TASK|IS_BEHIND_STARTING_WINDOW leash=Surface(name=ActivityRecord{da8faa4 u0 aenu.ax360e/.EmulatorActivity)/@0x6be28a1 sb=Rect(0, 0 - 0, 0) eb=Rect(0, 0 - 1920, 1080) d=-1->0 r=-1->1:-1 bc=fffef7ff component=aenu.ax360e/.EmulatorActivity},{null m=TO_BACK f=FILLS_TASK|IS_BEHIND_STARTING_WINDOW leash=Surface(name=ActivityRecord{efb10a7 u0 aenu.ax360e/.MainActivity)/@0xcde8ac6 sb=Rect(0, 0 - 1920, 1080) eb=Rect(0, 0 - 1920, 1080) d=0 bc=fffef7ff component=aenu.ax360e/.MainActivity}]}
04-12 14:17:08.486  2858  2994 V WindowManagerShell:  Checking filter Pair{{types=[] flags=0x0] notFlags=0x100 checks=[{atype=home independent=true modes=[OPEN,TO_FRONT] flags=NONE mustBeTask=false order=TOP topActivity=ComponentInfo{com.android.launcher3/com.android.launcher3.uioverrides.QuickstepLauncher} launchCookie=null},{atype=standard independent=true modes=[CLOSE,TO_BACK] flags=NONE mustBeTask=false order=ANY topActivity=null launchCookie=null}]} RemoteTransition { remoteTransition = android.window.IRemoteTransition$Stub$Proxy@a87b72b, appThread = android.app.IApplicationThread$Stub$Proxy@bda4788, debugName = QuickstepLaunchHome }}
04-12 14:17:08.486  2858  2994 V WindowManagerShell:  Delegate animation for (#428) to null
04-12 14:17:08.486  2858  2994 V WindowManagerShell:  try handler com.android.wm.shell.transition.DefaultTransitionHandler@42ab4fa
04-12 14:17:08.486  2858  2994 V WindowManagerShell: start default transition animation, info = {id=428 t=OPEN f=0x0 trk=0 r=[0@Point(0, 0)] c=[{null m=OPEN f=FILLS_TASK|IS_BEHIND_STARTING_WINDOW leash=Surface(name=ActivityRecord{da8faa4 u0 aenu.ax360e/.EmulatorActivity)/@0x6be28a1 sb=Rect(0, 0 - 0, 0) eb=Rect(0, 0 - 1920, 1080) d=-1->0 r=-1->1:-1 bc=fffef7ff component=aenu.ax360e/.EmulatorActivity},{null m=TO_BACK f=FILLS_TASK|IS_BEHIND_STARTING_WINDOW leash=Surface(name=ActivityRecord{efb10a7 u0 aenu.ax360e/.MainActivity)/@0xcde8ac6 sb=Rect(0, 0 - 1920, 1080) eb=Rect(0, 0 - 1920, 1080) d=0 bc=fffef7ff component=aenu.ax360e/.MainActivity}]}
04-12 14:17:08.487  2858  2994 V WindowManagerShell: loadAnimation: anim=android.view.animation.AnimationSet@ca88d52 animAttr=0x5 type=OPEN isEntrance=false
04-12 14:17:08.489  2387  2513 W UserManagerService: Requested status bar icon for non-badged user 0
04-12 14:17:08.490 26460 26478 D vulkan  : searching for layers in '/data/app/~~ZoCnCUFxQJBc8fCg30Xanw==/aenu.ax360e-gECx2j7eoc-M_ZjhMplCmw==/lib/arm64'
04-12 14:17:08.490 26460 26478 D vulkan  : searching for layers in '/data/app/~~ZoCnCUFxQJBc8fCg30Xanw==/aenu.ax360e-gECx2j7eoc-M_ZjhMplCmw==/base.apk!/lib/arm64-v8a'
04-12 14:17:08.490  2858  2994 V WindowManagerShell: loadAnimation: anim=android.view.animation.AnimationSet@28f6f4c animAttr=0x4 type=OPEN isEntrance=true
04-12 14:17:08.492  1534  1534 I qspmHal : enter getGpuProf at: -2087832052
04-12 14:17:08.492  1534  1534 I qspmHal : PID 26460 from GFX matched.
04-12 14:17:08.492  1534  1534 I qspmHal : gpuProfName:aenu.ax360e-gpu - gpu prof_info.path:/data/vendor/gaming/aenu.ax360e-gpu
04-12 14:17:08.492  1534  1534 E qspmHal : GPU profile file NOT found !!
04-12 14:17:08.492 26460 26478 I AdrenoVK-0: ===== BEGIN DUMP OF OVERRIDDEN SETTINGS =====
04-12 14:17:08.492 26460 26478 I AdrenoVK-0: ===== END DUMP OF OVERRIDDEN SETTINGS =====
04-12 14:17:08.493 26460 26478 D qdgralloc: Fetching IMapper5 from QtiMapper5
04-12 14:17:08.497 26460 26478 I Adreno-UNKNOWN: Using previously loaded IMapper library.
04-12 14:17:08.497 26460 26478 I AdrenoVK-0: QUALCOMM build          : a9ee82cd83, If0819e6d27
04-12 14:17:08.497 26460 26478 I AdrenoVK-0: Build Date              : 10/08/25
04-12 14:17:08.497 26460 26478 I AdrenoVK-0: Shader Compiler Version : E031.47.18.42
04-12 14:17:08.497 26460 26478 I AdrenoVK-0: Local Branch            : 
04-12 14:17:08.497 26460 26478 I AdrenoVK-0: Remote Branch           : refs/tags/AU_LINUX_ANDROID_LA.VENDOR.15.4.0.11.00.00.1088.743
04-12 14:17:08.497 26460 26478 I AdrenoVK-0: Remote Branch           : NONE
04-12 14:17:08.497 26460 26478 I AdrenoVK-0: Reconstruct Branch      : NOTHING
04-12 14:17:08.497 26460 26478 I AdrenoVK-0: Build Config            : S P 18.0.0 AArch64
04-12 14:17:08.497 26460 26478 I AdrenoVK-0: Driver Path             : /vendor/lib64/hw/vulkan.adreno.so
04-12 14:17:08.497 26460 26478 I AdrenoVK-0: Driver Version          : 0800.58
04-12 14:17:08.497 26460 26478 I AdrenoVK-0: PFP                     : 0x01500077
04-12 14:17:08.497 26460 26478 I AdrenoVK-0: ME                      : 0x01500014
04-12 14:17:08.497 26460 26478 I AdrenoVK-0: Application Name    : android framework
04-12 14:17:08.497 26460 26478 I AdrenoVK-0: Process Name        : aenu.ax360e:emu
04-12 14:17:08.497 26460 26478 I AdrenoVK-0: Application Version : 0x00000000
04-12 14:17:08.497 26460 26478 I AdrenoVK-0: Engine Name         : android framework
04-12 14:17:08.497 26460 26478 I AdrenoVK-0: Engine Version      : 0x00000000
04-12 14:17:08.497 26460 26478 I AdrenoVK-0: Api Version         : 0x00401000
04-12 14:17:08.500  2858  2994 V WindowManagerShell:  animated by com.android.wm.shell.transition.DefaultTransitionHandler@42ab4fa
04-12 14:17:08.503 26460 26460 D CompatChangeReporter: Compat change id reported: 279646685; UID 10154; state: ENABLED
04-12 14:17:08.504 26460 26460 D CompatChangeReporter: Compat change id reported: 63938206; UID 10154; state: ENABLED
04-12 14:17:08.504 26460 26460 D CompatChangeReporter: Compat change id reported: 309578419; UID 10154; state: ENABLED
04-12 14:17:08.510 26460 26480 W ziparchive: Unable to open '/system/framework/QXPerformance.dm': No such file or directory
04-12 14:17:08.510 26460 26480 W ziparchive: Unable to open '/system/framework/QXPerformance.dm': No such file or directory
04-12 14:17:08.511  2387  2512 I AppsFilter: interaction: PackageSetting{10d9410 aenu.ax360e/10154} -> PackageSetting{4f82ace com.android.cts.priv.ctsshim/10092} BLOCKED
04-12 14:17:08.511  2387  2512 I AppsFilter: interaction: PackageSetting{10d9410 aenu.ax360e/10154} -> PackageSetting{4092def com.android.uwb.resources/10094} BLOCKED
04-12 14:17:08.511  2387  2512 I AppsFilter: interaction: PackageSetting{10d9410 aenu.ax360e/10154} -> PackageSetting{64d3fb9 com.android.internal.display.cutout.emulation.corner/10008} BLOCKED
04-12 14:17:08.511  2387  2512 I AppsFilter: interaction: PackageSetting{10d9410 aenu.ax360e/10154} -> PackageSetting{a64affe com.android.internal.display.cutout.emulation.double/10017} BLOCKED
04-12 14:17:08.511  2387  2512 I AppsFilter: interaction: PackageSetting{10d9410 aenu.ax360e/10154} -> PackageSetting{9c190fc com.android.healthconnect.controller/10100} BLOCKED
04-12 14:17:08.511  2387  2512 I AppsFilter: interaction: PackageSetting{10d9410 aenu.ax360e/10154} -> PackageSetting{7fb385 in.krosbits.musicolet/10111} BLOCKED
04-12 14:17:08.511  2387  2512 I AppsFilter: interaction: PackageSetting{10d9410 aenu.ax360e/10154} -> PackageSetting{cf025da org.telegram.messenger/10112} BLOCKED
04-12 14:17:08.511  2387  2512 I AppsFilter: interaction: PackageSetting{10d9410 aenu.ax360e/10154} -> PackageSetting{e64ba0b com.rfandango.haku_x/10131} BLOCKED
04-12 14:17:08.511  2387  2512 I AppsFilter: interaction: PackageSetting{10d9410 aenu.ax360e/10154} -> PackageSetting{114c0e8 com.xiaoji.egggame/10118} BLOCKED
04-12 14:17:08.511  2387  2512 I AppsFilter: interaction: PackageSetting{10d9410 aenu.ax360e/10154} -> PackageSetting{40d0301 com.android.health.connect.backuprestore/10101} BLOCKED
04-12 14:17:08.511  2387  2512 I AppsFilter: interaction: PackageSetting{10d9410 aenu.ax360e/10154} -> PackageSetting{43ac5a6 com.android.virtualmachine.res/10097} BLOCKED
04-12 14:17:08.511  2387  2512 I AppsFilter: interaction: PackageSetting{10d9410 aenu.ax360e/10154} -> PackageSetting{9a2ebe7 com.antutu.ABenchMark/10120} BLOCKED
04-12 14:17:08.511  2387  2512 I AppsFilter: interaction: PackageSetting{10d9410 aenu.ax360e/10154} -> PackageSetting{9e90394 com.retroarch/10125} BLOCKED
04-12 14:17:08.511  2387  2512 I AppsFilter: interaction: PackageSetting{10d9410 aenu.ax360e/10154} -> PackageSetting{fc5ce3d dev.eden.eden_emulator/10122} BLOCKED
04-12 14:17:08.511  2387  2512 I AppsFilter: interaction: PackageSetting{10d9410 aenu.ax360e/10154} -> PackageSetting{ac1e493 ru.zdevs.zarchiver/10113} BLOCKED
04-12 14:17:08.511  2387  2512 I AppsFilter: interaction: PackageSetting{10d9410 aenu.ax360e/10154} -> PackageSetting{6a85f83 com.android.soundrecorder/10076} BLOCKED
04-12 14:17:08.511  2387  2512 I AppsFilter: interaction: PackageSetting{10d9410 aenu.ax360e/10154} -> PackageSetting{51cc500 com.antutu.benchmark.full/10121} BLOCKED
04-12 14:17:08.511  2387  2512 I AppsFilter: interaction: PackageSetting{10d9410 aenu.ax360e/10154} -> PackageSetting{f461139 com.android.safetycenter.resources/10105} BLOCKED
04-12 14:17:08.511  2387  2512 I AppsFilter: interaction: PackageSetting{10d9410 aenu.ax360e/10154} -> PackageSetting{52ae37e com.android.vending/10060} BLOCKED
04-12 14:17:08.511  2387  2512 I AppsFilter: interaction: PackageSetting{10d9410 aenu.ax360e/10154} -> PackageSetting{60770df com.android.connectivity.resources/10087} BLOCKED
04-12 14:17:08.511  2387  2512 I AppsFilter: interaction: PackageSetting{10d9410 aenu.ax360e/10154} -> PackageSetting{769024f com.android.internal.display.cutout.emulation.hole/10003} BLOCKED
04-12 14:17:08.511  2387  2512 I AppsFilter: interaction: PackageSetting{10d9410 aenu.ax360e/10154} -> PackageSetting{e843ddc com.android.internal.display.cutout.emulation.tall/10013} BLOCKED
04-12 14:17:08.511  2387  2512 I AppsFilter: interaction: PackageSetting{10d9410 aenu.ax360e/10154} -> PackageSetting{109312c com.android.modulemetadata/10063} BLOCKED
04-12 14:17:08.511  2387  2512 I AppsFilter: interaction: PackageSetting{10d9410 aenu.ax360e/10154} -> PackageSetting{287cdba com.android.internal.systemui.navbar.threebutton/10006} BLOCKED
04-12 14:17:08.511  2387  2512 I AppsFilter: interaction: PackageSetting{10d9410 aenu.ax360e/10154} -> PackageSetting{1ed87f5 com.android.wifi.dialog/10090} BLOCKED
04-12 14:17:08.511  2387  2512 I AppsFilter: interaction: PackageSetting{10d9410 aenu.ax360e/10154} -> PackageSetting{8a3089c com.izzy2lost.x1box/10132} BLOCKED
04-12 14:17:08.511  2387  2512 I AppsFilter: interaction: PackageSetting{10d9410 aenu.ax360e/10154} -> PackageSetting{e0db98a com.android.launcher3/10079} BLOCKED
04-12 14:17:08.511  2387  2512 I AppsFilter: interaction: PackageSetting{10d9410 aenu.ax360e/10154} -> PackageSetting{51c3bfb com.android.compos.payload/10086} BLOCKED
04-12 14:17:08.511  2387  2512 I AppsFilter: interaction: PackageSetting{10d9410 aenu.ax360e/10154} -> PackageSetting{66e3418 com.android.settings.intelligence/10057} BLOCKED
04-12 14:17:08.511  2387  2512 I AppsFilter: interaction: PackageSetting{10d9410 aenu.ax360e/10154} -> PackageSetting{35bae71 ch.protonvpn.android/10119} BLOCKED
04-12 14:17:08.511  2387  2512 I AppsFilter: interaction: PackageSetting{10d9410 aenu.ax360e/10154} -> PackageSetting{995e456 com.android.printspooler/10047} BLOCKED
04-12 14:17:08.511  2387  2512 I AppsFilter: interaction: PackageSetting{10d9410 aenu.ax360e/10154} -> PackageSetting{e89cd7 com.android.dreams.basic/10043} BLOCKED
04-12 14:17:08.511  2387  2512 I AppsFilter: interaction: PackageSetting{10d9410 aenu.ax360e/10154} -> PackageSetting{81e79c4 com.android.webview/10062} BLOCKED
04-12 14:17:08.511  2387  2512 I AppsFilter: interaction: PackageSetting{10d9410 aenu.ax360e/10154} -> PackageSetting{fabc0ad com.android.rkpdapp/10084} BLOCKED
04-12 14:17:08.511  2387  2512 I AppsFilter: interaction: PackageSetting{10d9410 aenu.ax360e/10154} -> PackageSetting{3a3efe2 net.rpcsx/10127} BLOCKED
04-12 14:17:08.511  2387  2512 I AppsFilter: interaction: PackageSetting{10d9410 aenu.ax360e/10154} -> PackageSetting{84c055e android.auto_generated_characteristics_rro/10000} BLOCKED
04-12 14:17:08.511  2387  2512 I AppsFilter: interaction: PackageSetting{10d9410 aenu.ax360e/10154} -> PackageSetting{ab02f73 com.android.musicfx/10035} BLOCKED
04-12 14:17:08.511  2387  2512 I AppsFilter: interaction: PackageSetting{10d9410 aenu.ax360e/10154} -> PackageSetting{16b6e30 com.google.android.apps.docs/10128} BLOCKED
04-12 14:17:08.511  2387  2512 I AppsFilter: interaction: PackageSetting{10d9410 aenu.ax360e/10154} -> PackageSetting{f70baa9 com.android.customization.themes/10061} BLOCKED
04-12 14:17:08.511  2387  2512 I AppsFilter: interaction: PackageSetting{10d9410 aenu.ax360e/10154} -> PackageSetting{395282e com.google.android.contactkeys/10109} BLOCKED
04-12 14:17:08.511  2387  2512 I AppsFilter: interaction: PackageSetting{10d9410 aenu.ax360e/10154} -> PackageSetting{a544fcf com.android.chrome/10069} BLOCKED
04-12 14:17:08.511  2387  2512 I AppsFilter: interaction: PackageSetting{10d9410 aenu.ax360e/10154} -> PackageSetting{f513d5c com.android.printservice.recommendation/10052} BLOCKED
04-12 14:17:08.511  2387  2512 I AppsFilter: interaction: PackageSetting{10d9410 aenu.ax360e/10154} -> PackageSetting{7715865 com.android.gallery3d/10077} BLOCKED
04-12 14:17:08.511  2387  2512 I AppsFilter: interaction: PackageSetting{10d9410 aenu.ax360e/10154} -> PackageSetting{74f993a com.android.wifi.resources/10088} BLOCKED
04-12 14:17:08.511  2387  2512 I AppsFilter: interaction: PackageSetting{10d9410 aenu.ax360e/10154} -> PackageSetting{a7019eb org.ppsspp.ppsspp/10129} BLOCKED
04-12 14:17:08.511  2387  2512 I AppsFilter: interaction: PackageSetting{10d9410 aenu.ax360e/10154} -> PackageSetting{62d348 xyz.aethersx2.android/10123} BLOCKED
04-12 14:17:08.511  2387  2512 I AppsFilter: interaction: PackageSetting{10d9410 aenu.ax360e/10154} -> PackageSetting{c68400d com.android.theme.font.notoserifsource/10014} BLOCKED
04-12 14:17:08.511  2387  2512 I AppsFilter: interaction: PackageSetting{10d9410 aenu.ax360e/10154} -> PackageSetting{2f56bc2 com.android.internal.display.cutout.emulation.waterfall/10007} BLOCKED
04-12 14:17:08.511  2387  2512 I AppsFilter: interaction: PackageSetting{10d9410 aenu.ax360e/10154} -> PackageSetting{3602dd3 com.android.internal.systemui.navbar.transparent/10016} BLOCKED
04-12 14:17:08.511  2387  2512 I AppsFilter: interaction: PackageSetting{10d9410 aenu.ax360e/10154} -> PackageSetting{82415e1 com.spotify.music/10110} BLOCKED
04-12 14:17:08.511  2387  2512 I AppsFilter: interaction: PackageSetting{10d9410 aenu.ax360e/10154} -> PackageSetting{30e0f06 com.android.dreams.phototable/10065} BLOCKED
04-12 14:17:08.511  2387  2512 I AppsFilter: interaction: PackageSetting{10d9410 aenu.ax360e/10154} -> PackageSetting{a3469c7 io.github.lime3ds.android/10126} BLOCKED
04-12 14:17:08.511  2387  2512 I AppsFilter: interaction: PackageSetting{10d9410 aenu.ax360e/10154} -> PackageSetting{775dbf4 org.mupen64plusae.v3.fzurita/10124} BLOCKED
04-12 14:17:08.511  2387  2512 I AppsFilter: interaction: PackageSetting{10d9410 aenu.ax360e/10154} -> PackageSetting{8eb2f1d org.freedownloadmanager.fdm/10138} BLOCKED
04-12 14:17:08.511  2387  2512 I AppsFilter: interaction: PackageSetting{10d9410 aenu.ax360e/10154} -> PackageSetting{1ec1592 com.android.providers.partnerbookmarks/10049} BLOCKED
04-12 14:17:08.511  2387  2512 I AppsFilter: interaction: PackageSetting{10d9410 aenu.ax360e/10154} -> PackageSetting{103db63 com.android.smspush/10082} BLOCKED
04-12 14:17:08.511  2387  2512 I AppsFilter: interaction: PackageSetting{10d9410 aenu.ax360e/10154} -> PackageSetting{d0ec360 com.android.wallpaper.livepicker/10031} BLOCKED
04-12 14:17:08.511  2387  2512 I AppsFilter: interaction: PackageSetting{10d9410 aenu.ax360e/10154} -> PackageSetting{b10a019 com.android.appsearch.apk/10085} BLOCKED
04-12 14:17:08.511  2387  2512 I AppsFilter: interaction: PackageSetting{10d9410 aenu.ax360e/10154} -> PackageSetting{331f8de com.android.bookmarkprovider/10042} BLOCKED
04-12 14:17:08.511  2387  2512 I AppsFilter: interaction: PackageSetting{10d9410 aenu.ax360e/10154} -> PackageSetting{fcecabf com.google.android.safetycore/10108} BLOCKED
04-12 14:17:08.511  2387  2512 I AppsFilter: interaction: PackageSetting{10d9410 aenu.ax360e/10154} -> PackageSetting{3e71d04 com.android.cts.ctsshim/10093} BLOCKED
04-12 14:17:08.511  2387  2512 I AppsFilter: interaction: PackageSetting{10d9410 aenu.ax360e/10154} -> PackageSetting{b8cb58c com.android.wallpaper/10073} BLOCKED
04-12 14:17:08.511  2387  2512 I AppsFilter: interaction: PackageSetting{10d9410 aenu.ax360e/10154} -> PackageSetting{769a0e9 com.android.microdroid.empty_payload/10098} BLOCKED
04-12 14:17:08.511  2387  2512 I AppsFilter: interaction: PackageSetting{10d9410 aenu.ax360e/10154} -> PackageSetting{8224d5 com.android.hotspot2.osulogin/10089} BLOCKED
04-12 14:17:08.511  2387  2512 I AppsFilter: interaction: PackageSetting{10d9410 aenu.ax360e/10154} -> PackageSetting{8044972 com.android.companiondevicemanager.auto_generated_characteristics_rro/10002} BLOCKED
04-12 14:17:08.511  2387  2512 I AppsFilter: interaction: PackageSetting{10d9410 aenu.ax360e/10154} -> PackageSetting{86031c3 com.android.internal.systemui.navbar.gestural/10001} BLOCKED
04-12 14:17:08.511  2387  2512 I AppsFilter: interaction: PackageSetting{10d9410 aenu.ax360e/10154} -> PackageSetting{60c4ea com.android.deskclock/10067} BLOCKED
04-12 14:17:08.511  2387  2512 I AppsFilter: interaction: PackageSetting{10d9410 aenu.ax360e/10154} -> PackageSetting{c2f53db com.android.bluetoothmidiservice/10051} BLOCKED
04-12 14:17:08.511  2387  2512 I AppsFilter: interaction: PackageSetting{10d9410 aenu.ax360e/10154} -> PackageSetting{2159e78 com.android.captiveportallogin/10053} BLOCKED
04-12 14:17:08.511  2387  2512 I AppsFilter: interaction: PackageSetting{10d9410 aenu.ax360e/10154} -> PackageSetting{24d3951 com.google.android.inputmethod.latin/10068} BLOCKED
04-12 14:17:08.515  2387  2891 W WindowManager: Failed looking up window session=Session{777aabe 26460:u0a10154} callers=com.android.server.wm.WindowManagerService.windowForClientLocked:6354 com.android.server.wm.Session.updateRequestedVisibleTypes:755 android.view.IWindowSession$Stub.onTransact:1078 
04-12 14:17:08.518  2387  2512 D CoreBackPreview: Window{ec96835 u0 aenu.ax360e/aenu.ax360e.EmulatorActivity}: Setting back callback OnBackInvokedCallbackInfo{mCallback=android.window.IOnBackInvokedCallback$Stub$Proxy@c52a6e9, mPriority=0, mIsAnimationCallback=false}
04-12 14:17:08.523 26460 26478 I AdrenoUtils: <ReadGpuID:366>: Reading chip ID through GSL
04-12 14:17:08.525  1547  2549 D audioserver: logFgsApiEnd: FGS Logger Transaction failed, -129
04-12 14:17:08.527  2387  2552 W ziparchive: Unable to open '/data/app/~~ZoCnCUFxQJBc8fCg30Xanw==/aenu.ax360e-gECx2j7eoc-M_ZjhMplCmw==/base.dm': No such file or directory
04-12 14:17:08.528  2387  2513 D CoreBackPreview: Window{b721322 u0 aenu.ax360e/aenu.ax360e.EmulatorActivity}: Setting back callback OnBackInvokedCallbackInfo{mCallback=android.window.IOnBackInvokedCallback$Stub$Proxy@b9cb60f, mPriority=0, mIsAnimationCallback=false}
04-12 14:17:08.529  1514  1673 E PERFHAL-BOOSTCONFIG: PERFHAL-BOOSTCONFIG: GetBoostConfig() 1456: Not able to fetch object
04-12 14:17:08.529  2387  2552 E ActivityTaskManager: Displayed aenu.ax360e/.EmulatorActivity for user 0: +192ms
04-12 14:17:08.530  2387  2552 E ActivityTaskManager: Displayed aenu.ax360e/.EmulatorActivity for user 0: +192ms
04-12 14:17:08.531  1510  1970 I SDM     : ClstcAlgorithmAdapter::UcscToneMap():1634 Checksum for layer 1 is: 812191
04-12 14:17:08.565 26460 26466 I aenu.ax360e:emu: Compiler allocated 4206KB to compile void android.widget.TextView.<init>(android.content.Context, android.util.AttributeSet, int, int)
04-12 14:17:08.636 26460 26466 I aenu.ax360e:emu: Compiler allocated 5250KB to compile void android.view.ViewRootImpl.performTraversals()
04-12 14:17:08.801  1838 17580 W IPCThreadState: Sending oneway calls to frozen process.
04-12 14:17:08.802  2858  3024 W WindowOnBackDispatcher: sendCancelIfRunning: isInProgress=false callback=android.view.ViewRootImpl$$ExternalSyntheticLambda11@ae3569
04-12 14:17:08.802  2387  2513 D CoreBackPreview: Window{2907009 u0 Splash Screen aenu.ax360e EXITING}: Setting back callback null
04-12 14:17:08.803  2387  2512 W InputManager-JNI: Input channel object '2907009 Splash Screen aenu.ax360e (client)' was disposed without first being removed with the input manager!
04-12 14:17:08.853  2858  3024 W FrameTracker: Missing SF jank callback for vsyncId: 6991776, CUJ=J<SPLASHSCREEN_EXIT_ANIM>
04-12 14:17:08.853  2387  2567 W IPCThreadState: Sending oneway calls to frozen process.
04-12 14:17:08.853  2387  2567 W IPCThreadState: Sending oneway calls to frozen process.
04-12 14:17:08.853  2387  2567 W IPCThreadState: Sending oneway calls to frozen process.
04-12 14:17:08.966  2858  2994 V WindowManagerShell: Transition animation finished (aborted=false), notifying core (#428) android.os.BinderProxy@6a01d97@0
04-12 14:17:08.967  2387  2552 V WindowManager: Finish Transition (#428): created at 04-12 14:17:08.336 collect-started=0.018ms request-sent=3.707ms started=7.975ms ready=149.429ms sent=150.142ms finished=631.208ms
04-12 14:17:08.967 22319 22319 D VRI[MainActivity]: visibilityChanged oldVisibility=true newVisibility=false
04-12 14:17:08.968  2858  2994 V WindowManagerShell: Track 0 became idle
04-12 14:17:08.968  2387  2555 I HidlServiceManagement: Trying to get transport of vendor.qti.hardware.servicetracker@1.2::IServicetracker/default without hwservicemanager
04-12 14:17:08.968  2858  2994 V WindowManagerShell: All active transition animations finished
04-12 14:17:08.968  2387  2555 W ActivityTaskManager: servicetracker HIDL not available
04-12 14:17:08.968  2387  2555 E ActivityTaskManager: Unable to get servicetracker HAL instance
04-12 14:17:08.968  2387  2555 I HidlServiceManagement: Trying to get transport of vendor.qti.hardware.servicetracker@1.2::IServicetracker/default without hwservicemanager
04-12 14:17:08.968  2387  2555 W ActivityTaskManager: servicetracker HIDL not available
04-12 14:17:08.968  2387  2555 E ActivityTaskManager: Unable to get servicetracker HAL instance
04-12 14:17:08.969  2387  2513 W UserManagerService: Requested status bar icon for non-badged user 0
04-12 14:17:08.969  2387  2512 W UserManagerService: Requested status bar icon for non-badged user 0
04-12 14:17:08.975 22319 22341 D HWUI    : endAllActiveAnimators on 0x751d7873a0 (MaterialCardView) with handle 0x738d78ba50
04-12 14:17:08.984  2387  2512 I HidlServiceManagement: Trying to get transport of vendor.qti.hardware.servicetracker@1.2::IServicetracker/default without hwservicemanager
04-12 14:17:08.984  2387  2512 W ActivityTaskManager: servicetracker HIDL not available
04-12 14:17:08.984  2387  2512 E ActivityTaskManager: Unable to get servicetracker HAL instance
04-12 14:17:08.984  2387  2512 I HidlServiceManagement: Trying to get transport of vendor.qti.hardware.servicetracker@1.2::IServicetracker/default without hwservicemanager
04-12 14:17:08.984  2387  2512 W ActivityTaskManager: servicetracker HIDL not available
04-12 14:17:08.984  2387  2512 E ActivityTaskManager: Unable to get servicetracker HAL instance
04-12 14:17:09.018 26460 26481 D nativeloader: Load /data/app/~~ZoCnCUFxQJBc8fCg30Xanw==/aenu.ax360e-gECx2j7eoc-M_ZjhMplCmw==/base.apk!/lib/arm64-v8a/libe.so using ns clns-7 from class loader (caller=/data/app/~~ZoCnCUFxQJBc8fCg30Xanw==/aenu.ax360e-gECx2j7eoc-M_ZjhMplCmw==/base.apk!classes7.dex): ok
04-12 14:17:09.018 26460 26481 I ax360e_native: JNI_OnLoad starting
04-12 14:17:09.018 26460 26481 I ax360e_native: Registering Emulator
04-12 14:17:09.018 26460 26481 I ax360e_native: Registering Emulator$Config
04-12 14:17:09.018 26460 26481 I ax360e_native: Registering ax360e_Emulator
04-12 14:17:09.018 26460 26481 I ax360e_native: JNI_OnLoad OK
04-12 14:17:09.093  1504  1504 W ServiceManagerCppClient: Waited one second for vendor.qti.qesdsys.IQesdSys/default (is service started? Number of threads started in the threadpool: 0. Are binder threads started and available?)
04-12 14:17:09.093   556 26494 W libc    : Unable to set property "ctl.interface_start" to "aidl/vendor.qti.qesdsys.IQesdSys/default": PROP_ERROR_HANDLE_CONTROL_MESSAGE (0x20)
04-12 14:17:09.118 26460 26460 W WindowOnBackDispatcher: sendCancelIfRunning: isInProgress=false callback=android.view.ViewRootImpl$$ExternalSyntheticLambda11@be5bfb
04-12 14:17:09.118  2387  2512 D CoreBackPreview: Window{ec96835 u0 aenu.ax360e/aenu.ax360e.EmulatorActivity}: Setting back callback null
04-12 14:17:09.119  2387  2512 W InputManager-JNI: Input channel object 'ec96835 aenu.ax360e/aenu.ax360e.EmulatorActivity (client)' was disposed without first being removed with the input manager!
04-12 14:17:09.120  2387  2512 D FileUtils: Rounded bytes from 24218796032 to 32000000000
04-12 14:17:09.122  2387  2555 V WindowManager: Unknown focus tokens, dropping reportFocusChanged
04-12 14:17:09.129  2387  2513 I AppsFilter: interaction: PackageSetting{10d9410 aenu.ax360e/10154} -> PackageSetting{3a3efe2 net.rpcsx/10127} BLOCKED
04-12 14:17:09.129  2387  2513 I AppsFilter: interaction: PackageSetting{10d9410 aenu.ax360e/10154} -> PackageSetting{fc5ce3d dev.eden.eden_emulator/10122} BLOCKED
04-12 14:17:09.129  2387  2513 I AppsFilter: interaction: PackageSetting{10d9410 aenu.ax360e/10154} -> PackageSetting{9e90394 com.retroarch/10125} BLOCKED
04-12 14:17:09.129  2387  2513 I AppsFilter: interaction: PackageSetting{10d9410 aenu.ax360e/10154} -> PackageSetting{16b6e30 com.google.android.apps.docs/10128} BLOCKED
04-12 14:17:09.129  2387  2513 I AppsFilter: interaction: PackageSetting{10d9410 aenu.ax360e/10154} -> PackageSetting{51cc500 com.antutu.benchmark.full/10121} BLOCKED
04-12 14:17:09.129  2387  2513 I AppsFilter: interaction: PackageSetting{10d9410 aenu.ax360e/10154} -> PackageSetting{9a2ebe7 com.antutu.ABenchMark/10120} BLOCKED
04-12 14:17:09.159 26460 26492 W InteractionJankMonitor: Initializing without READ_DEVICE_CONFIG permission. enabled=false, interval=1, missedFrameThreshold=3, frameTimeThreshold=64, package=aenu.ax360e
04-12 14:17:09.331 26497 26497 I me.Stats.Thread: type=1400 audit(0.0:9384): avc:  denied  { execute_no_trans } for  path="/system/bin/service" dev="dm-14" ino=502 scontext=u:r:system_server:s0 tcontext=u:object_r:system_file:s0 tclass=file permissive=1
04-12 14:17:09.740 26460 26460 I Choreographer: Skipped 73 frames!  The application may be doing too much work on its main thread.
04-12 14:17:09.742 26460 26460 I EngineDetector: Loaded 46 title ID to engine mappings
04-12 14:17:09.742 26460 26460 I LaunchEnvResolver: Resolving launch environment for: content://com.android.externalstorage.documents/tree/primary%3ADownload%2FGameHub%2FPerfect%20Dark/document/primary%3ADownload%2FGameHub%2FPerfect%20Dark%2FForza%20Horizon%20(USA)%20(En%2CJa%2CFr%2CDe%2CEs%2CIt%2CPt%2CZh%2CPl%2CRu).iso
04-12 14:17:09.742 26460 26460 I GameProfileManager: No profiles file found, starting fresh
04-12 14:17:09.742 26460 26460 D EngineProfileMgr: No engine detected for: content://com.android.externalstorage.documents/tree/primary%3ADownload%2FGameHub%2FPerfect%20Dark/document/primary%3ADownload%2FGameHub%2FPerfect%20Dark%2FForza%20Horizon%20(USA)%20(En%2CJa%2CFr%2CDe%2CEs%2CIt%2CPt%2CZh%2CPl%2CRu).iso
04-12 14:17:09.742 26460 26460 I LaunchEnvResolver: No engine profile applied (unknown or no detection)
04-12 14:17:09.756 26460 26460 I CustomDriverUtils: Custom GPU driver path set: /data/user/0/aenu.ax360e/app_custom_drivers/libvulkan_freedreno.so
04-12 14:17:09.756 26460 26460 I CustomDriverUtils: Custom GPU driver environment variables set.
04-12 14:17:09.756 26460 26460 I LaunchEnvResolver: Driver selection: DEFAULT (using installed custom driver)
04-12 14:17:09.756 26460 26460 D LaunchEnvResolver: Set TU_DEBUG=sysmem,nolrz
04-12 14:17:09.756 26460 26460 I LaunchEnvResolver: Applied 1 Turnip environment variables
04-12 14:17:09.756 26460 26460 I LaunchEnvResolver: === Final Launch Environment ===
04-12 14:17:09.756 26460 26460 I LaunchEnvResolver:   CUSTOM_DRIVER_PATH=/data/user/0/aenu.ax360e/app_custom_drivers/libvulkan_freedreno.so
04-12 14:17:09.756 26460 26460 I LaunchEnvResolver:   VK_ICD_FILENAMES=/data/user/0/aenu.ax360e/app_custom_drivers/vk_icd.json
04-12 14:17:09.756 26460 26460 I LaunchEnvResolver:   VK_DRIVER_FILES=/data/user/0/aenu.ax360e/app_custom_drivers/vk_icd.json
04-12 14:17:09.756 26460 26460 I LaunchEnvResolver:   TU_DEBUG=sysmem,nolrz
04-12 14:17:09.756 26460 26460 I LaunchEnvResolver: ================================
04-12 14:17:09.756 26460 26500 W ax360e_native: new thr: 488924694320
04-12 14:17:09.756 26460 26500 I ax360e_native: main_thr: creating AndroidWindowedAppContext
04-12 14:17:09.756 26460 26500 I ax360e_native: main_thr: creating windowed app
04-12 14:17:09.757 26460 26500 I ax360e_native: main_thr: windowed app created, app_ref=0x735d70b9e0
