04-12 14:13:37.891 24310 24310 D ApplicationLoaders: Returning zygote-cached class loader: /system_ext/framework/androidx.window.extensions.jar
04-12 14:13:37.891 24310 24310 D ApplicationLoaders: Returning zygote-cached class loader: /system_ext/framework/androidx.window.sidecar.jar
04-12 14:13:37.892 24310 24310 W ziparchive: Unable to open '/data/app/~~ZoCnCUFxQJBc8fCg30Xanw==/aenu.ax360e-gECx2j7eoc-M_ZjhMplCmw==/base.dm': No such file or directory
04-12 14:13:37.892 24310 24310 W ziparchive: Unable to open '/data/app/~~ZoCnCUFxQJBc8fCg30Xanw==/aenu.ax360e-gECx2j7eoc-M_ZjhMplCmw==/base.dm': No such file or directory
04-12 14:13:37.945 24310 24310 D nativeloader: Configuring clns-7 for other apk /data/app/~~ZoCnCUFxQJBc8fCg30Xanw==/aenu.ax360e-gECx2j7eoc-M_ZjhMplCmw==/base.apk. target_sdk_version=35, uses_libraries=, library_path=/data/app/~~ZoCnCUFxQJBc8fCg30Xanw==/aenu.ax360e-gECx2j7eoc-M_ZjhMplCmw==/lib/arm64:/data/app/~~ZoCnCUFxQJBc8fCg30Xanw==/aenu.ax360e-gECx2j7eoc-M_ZjhMplCmw==/base.apk!/lib/arm64-v8a, permitted_path=/data:/mnt/expand:/data/user/0/aenu.ax360e
04-12 14:13:37.945 24310 24310 D CompatChangeReporter: Compat change id reported: 202956589; UID 10154; state: ENABLED
04-12 14:13:37.947 24310 24310 I Perf    : Connecting to perf service.
04-12 14:13:37.949 24310 24310 V GraphicsEnvironment: Currently set values for:
04-12 14:13:37.949 24310 24310 V GraphicsEnvironment:   angle_gl_driver_selection_pkgs=[]
04-12 14:13:37.949 24310 24310 V GraphicsEnvironment:   angle_gl_driver_selection_values=[]
04-12 14:13:37.949 24310 24310 V GraphicsEnvironment: Global.Settings values are invalid: number of packages: 0, number of values: 0
04-12 14:13:37.949 24310 24310 V GraphicsEnvironment: Updatable production driver is not supported on the device.
04-12 14:13:37.970 24310 24310 D nativeloader: Load /data/app/~~ZoCnCUFxQJBc8fCg30Xanw==/aenu.ax360e-gECx2j7eoc-M_ZjhMplCmw==/base.apk!/lib/arm64-v8a/libhardware_ProcessorInfo.so using ns clns-7 from class loader (caller=/data/app/~~ZoCnCUFxQJBc8fCg30Xanw==/aenu.ax360e-gECx2j7eoc-M_ZjhMplCmw==/base.apk!classes6.dex): ok
04-12 14:13:37.970 24310 24310 I ax360e_hwinfo: GPU name from sysfs: Adreno830
04-12 14:13:37.973  1504  1504 W ServiceManagerCppClient: Waited one second for vendor.qti.qesdsys.IQesdSys/default (is service started? Number of threads started in the threadpool: 0. Are binder threads started and available?)
04-12 14:13:37.974  2387  2513 I HidlServiceManagement: Trying to get transport of vendor.qti.hardware.servicetracker@1.2::IServicetracker/default without hwservicemanager
04-12 14:13:37.974  2387  2513 W ActivityTaskManager: servicetracker HIDL not available
04-12 14:13:37.974  2387  2513 E ActivityTaskManager: Unable to get servicetracker HAL instance
04-12 14:13:37.974   556 24327 W libc    : Unable to set property "ctl.interface_start" to "aidl/vendor.qti.qesdsys.IQesdSys/default": PROP_ERROR_HANDLE_CONTROL_MESSAGE (0x20)
04-12 14:13:37.975  2387  2552 V WindowManager: Sent Transition (#422) createdAt=04-12 14:13:37.853 via request=TransitionRequestInfo { type = OPEN, triggerTask = TaskInfo{userId=0 taskId=233 displayId=0 isRunning=true baseIntent=Intent { act=android.intent.action.MAIN cat=[android.intent.category.LAUNCHER] flg=0x10200000 cmp=aenu.ax360e/.MainActivity } baseActivity=ComponentInfo{aenu.ax360e/aenu.ax360e.MainActivity} topActivity=ComponentInfo{aenu.ax360e/aenu.ax360e.EmulatorActivity} origActivity=null realActivity=ComponentInfo{aenu.ax360e/aenu.ax360e.MainActivity} numActivities=2 lastActiveTime=25832865 supportsMultiWindow=true resizeMode=1 isResizeable=true minWidth=-1 minHeight=-1 defaultMinSize=220 token=WCT{RemoteToken{924ee09 Task{8232954 #233 type=standard A=10154:aenu.ax360e}}} topActivityType=1 pictureInPictureParams=null shouldDockBigOverlays=false launchIntoPipHostTaskId=-1 lastParentTaskIdBeforePip=-1 displayCutoutSafeInsets=null topActivityInfo=ActivityInfo{f3ef649 aenu.ax360e.EmulatorActivity} launchCookies=[android.os.BinderProxy@ee5222f] positionInParent=Point(0, 0) parentTaskId=-1 isFocused=true isVisible=true isVisibleRequested=true isSleeping=false locusId=null displayAreaFeatureId=1 isTopActivityTransparent=false appCompatTaskInfo=AppCompatTaskInfo { topActivityInSizeCompat=false topActivityEligibleForLetterboxEducation= falseisLetterboxEducationEnabled= false isLetterboxDoubleTapEnabled= false topActivityEligibleForUserAspectRatioButton= false topActivityBoundsLetterboxed= false isFromLetterboxDoubleTap= false topActivityLetterboxVerticalPosition= -1 topActivityLetterboxHorizontalPosition= -1 topActivityLetterboxWidth=1920 topActivityLetterboxHeight=1080 isUserFullscreenOverrideEnabled=false isSystemFullscreenOverrideEnabled=false cameraCompatTaskInfo=CameraCompatTaskInfo { cameraCompatControlState=hidden freeformCameraCompatMode=inactive}}}, pipTask = null, remoteTransition = null, displayChange = null, flags = 0, debugId = 422 }
04-12 14:13:37.975  2387  2552 V WindowManager:     startWCT=WindowContainerTransaction { changes = {} hops = [] errorCallbackToken=null taskFragmentOrganizer=null }
04-12 14:13:37.975  2858 28411 V WindowManagerShell: onTransitionReady(transaction=10252086973110)
04-12 14:13:37.975  2387  2552 V WindowManager:     info={id=422 t=OPEN f=0x0 trk=0 r=[0@Point(0, 0)] c=[
04-12 14:13:37.975  2387  2552 V WindowManager:         {null m=OPEN f=FILLS_TASK|IS_BEHIND_STARTING_WINDOW leash=Surface(name=ActivityRecord{6a26320 u0 aenu.ax360e/.EmulatorActivity)/@0xb4da13 sb=Rect(0, 0 - 0, 0) eb=Rect(0, 0 - 1920, 1080) d=-1->0 r=-1->1:-1 bc=fffef7ff component=aenu.ax360e/.EmulatorActivity},
04-12 14:13:37.975  2387  2552 V WindowManager:         {null m=TO_BACK f=FILLS_TASK|IS_BEHIND_STARTING_WINDOW leash=Surface(name=ActivityRecord{efb10a7 u0 aenu.ax360e/.MainActivity)/@0xef0e678 sb=Rect(0, 0 - 1920, 1080) eb=Rect(0, 0 - 1920, 1080) d=0 bc=fffef7ff component=aenu.ax360e/.MainActivity}
04-12 14:13:37.975  2387  2552 V WindowManager:     ]}
04-12 14:13:37.975  2858  2994 V WindowManagerShell: onTransitionReady (#422) android.os.BinderProxy@3d9ea5b: {id=422 t=OPEN f=0x0 trk=0 r=[0@Point(0, 0)] c=[{null m=OPEN f=FILLS_TASK|IS_BEHIND_STARTING_WINDOW leash=Surface(name=ActivityRecord{6a26320 u0 aenu.ax360e/.EmulatorActivity)/@0xb729fc5 sb=Rect(0, 0 - 0, 0) eb=Rect(0, 0 - 1920, 1080) d=-1->0 r=-1->1:-1 bc=fffef7ff component=aenu.ax360e/.EmulatorActivity},{null m=TO_BACK f=FILLS_TASK|IS_BEHIND_STARTING_WINDOW leash=Surface(name=ActivityRecord{efb10a7 u0 aenu.ax360e/.MainActivity)/@0x3da3d1a sb=Rect(0, 0 - 1920, 1080) eb=Rect(0, 0 - 1920, 1080) d=0 bc=fffef7ff component=aenu.ax360e/.MainActivity}]}
04-12 14:13:37.975  2858  2994 V WindowManagerShell: Playing animation for (#422) android.os.BinderProxy@3d9ea5b@0
04-12 14:13:37.975  2858  2994 V WindowManagerShell:  try handler com.android.wm.shell.transition.DefaultMixedHandler@640c055
04-12 14:13:37.975  2858  2994 V WindowManagerShell:  try handler com.android.wm.shell.keyguard.KeyguardTransitionHandler@ae9fa6a
04-12 14:13:37.975  2858  2994 V WindowManagerShell:  try handler com.android.wm.shell.pip.PipTransition@612833
04-12 14:13:37.975  2858  2994 V WindowManagerShell:  try handler com.android.wm.shell.activityembedding.ActivityEmbeddingController@e0fd7f0
04-12 14:13:37.975  2858  2994 V WindowManagerShell:  try handler com.android.wm.shell.recents.RecentsTransitionHandler@42a4169
04-12 14:13:37.975  2858  2994 V ShellRecents: RecentsTransitionHandler.startAnimation: no controller found
04-12 14:13:37.975  2858  2994 V WindowManagerShell:  try handler com.android.wm.shell.splitscreen.StageCoordinator@62207ee
04-12 14:13:37.975  2858  2994 V WindowManagerShell:  try handler com.android.wm.shell.transition.RemoteTransitionHandler@afc148f
04-12 14:13:37.975  2858  2994 V WindowManagerShell: Transition doesn't have explicit remote, search filters for match for {id=422 t=OPEN f=0x0 trk=0 r=[0@Point(0, 0)] c=[{null m=OPEN f=FILLS_TASK|IS_BEHIND_STARTING_WINDOW leash=Surface(name=ActivityRecord{6a26320 u0 aenu.ax360e/.EmulatorActivity)/@0xb729fc5 sb=Rect(0, 0 - 0, 0) eb=Rect(0, 0 - 1920, 1080) d=-1->0 r=-1->1:-1 bc=fffef7ff component=aenu.ax360e/.EmulatorActivity},{null m=TO_BACK f=FILLS_TASK|IS_BEHIND_STARTING_WINDOW leash=Surface(name=ActivityRecord{efb10a7 u0 aenu.ax360e/.MainActivity)/@0x3da3d1a sb=Rect(0, 0 - 1920, 1080) eb=Rect(0, 0 - 1920, 1080) d=0 bc=fffef7ff component=aenu.ax360e/.MainActivity}]}
04-12 14:13:37.975  2858  2994 V WindowManagerShell:  Checking filter Pair{{types=[] flags=0x0] notFlags=0x100 checks=[{atype=home independent=true modes=[OPEN,TO_FRONT] flags=NONE mustBeTask=false order=TOP topActivity=ComponentInfo{com.android.launcher3/com.android.launcher3.uioverrides.QuickstepLauncher} launchCookie=null},{atype=standard independent=true modes=[CLOSE,TO_BACK] flags=NONE mustBeTask=false order=ANY topActivity=null launchCookie=null}]} RemoteTransition { remoteTransition = android.window.IRemoteTransition$Stub$Proxy@a87b72b, appThread = android.app.IApplicationThread$Stub$Proxy@bda4788, debugName = QuickstepLaunchHome }}
04-12 14:13:37.975  2858  2994 V WindowManagerShell:  Delegate animation for (#422) to null
04-12 14:13:37.975  2858  2994 V WindowManagerShell:  try handler com.android.wm.shell.transition.DefaultTransitionHandler@42ab4fa
04-12 14:13:37.975  2858  2994 V WindowManagerShell: start default transition animation, info = {id=422 t=OPEN f=0x0 trk=0 r=[0@Point(0, 0)] c=[{null m=OPEN f=FILLS_TASK|IS_BEHIND_STARTING_WINDOW leash=Surface(name=ActivityRecord{6a26320 u0 aenu.ax360e/.EmulatorActivity)/@0xb729fc5 sb=Rect(0, 0 - 0, 0) eb=Rect(0, 0 - 1920, 1080) d=-1->0 r=-1->1:-1 bc=fffef7ff component=aenu.ax360e/.EmulatorActivity},{null m=TO_BACK f=FILLS_TASK|IS_BEHIND_STARTING_WINDOW leash=Surface(name=ActivityRecord{efb10a7 u0 aenu.ax360e/.MainActivity)/@0x3da3d1a sb=Rect(0, 0 - 1920, 1080) eb=Rect(0, 0 - 1920, 1080) d=0 bc=fffef7ff component=aenu.ax360e/.MainActivity}]}
04-12 14:13:37.975  2858  2994 V WindowManagerShell: loadAnimation: anim=android.view.animation.AnimationSet@5347627 animAttr=0x5 type=OPEN isEntrance=false
04-12 14:13:37.978  2387  2512 W UserManagerService: Requested status bar icon for non-badged user 0
04-12 14:13:37.979  2858  2994 V WindowManagerShell: loadAnimation: anim=android.view.animation.AnimationSet@7ecb640 animAttr=0x4 type=OPEN isEntrance=true
04-12 14:13:37.982  2858  2994 V WindowManagerShell:  animated by com.android.wm.shell.transition.DefaultTransitionHandler@42ab4fa
04-12 14:13:37.984 24310 24310 D CompatChangeReporter: Compat change id reported: 279646685; UID 10154; state: ENABLED
04-12 14:13:37.985 24310 24310 D CompatChangeReporter: Compat change id reported: 63938206; UID 10154; state: ENABLED
04-12 14:13:37.985 24310 24310 D CompatChangeReporter: Compat change id reported: 309578419; UID 10154; state: ENABLED
04-12 14:13:37.991 24310 24328 D vulkan  : searching for layers in '/data/app/~~ZoCnCUFxQJBc8fCg30Xanw==/aenu.ax360e-gECx2j7eoc-M_ZjhMplCmw==/lib/arm64'
04-12 14:13:37.991 24310 24328 D vulkan  : searching for layers in '/data/app/~~ZoCnCUFxQJBc8fCg30Xanw==/aenu.ax360e-gECx2j7eoc-M_ZjhMplCmw==/base.apk!/lib/arm64-v8a'
04-12 14:13:37.992 24310 24330 W ziparchive: Unable to open '/system/framework/QXPerformance.dm': No such file or directory
04-12 14:13:37.992 24310 24330 W ziparchive: Unable to open '/system/framework/QXPerformance.dm': No such file or directory
04-12 14:13:37.992  2387  2512 I AppsFilter: interaction: PackageSetting{10d9410 aenu.ax360e/10154} -> PackageSetting{4f82ace com.android.cts.priv.ctsshim/10092} BLOCKED
04-12 14:13:37.992  2387  2512 I AppsFilter: interaction: PackageSetting{10d9410 aenu.ax360e/10154} -> PackageSetting{4092def com.android.uwb.resources/10094} BLOCKED
04-12 14:13:37.992  2387  2512 I AppsFilter: interaction: PackageSetting{10d9410 aenu.ax360e/10154} -> PackageSetting{64d3fb9 com.android.internal.display.cutout.emulation.corner/10008} BLOCKED
04-12 14:13:37.992  2387  2512 I AppsFilter: interaction: PackageSetting{10d9410 aenu.ax360e/10154} -> PackageSetting{a64affe com.android.internal.display.cutout.emulation.double/10017} BLOCKED
04-12 14:13:37.992  2387  2512 I AppsFilter: interaction: PackageSetting{10d9410 aenu.ax360e/10154} -> PackageSetting{9c190fc com.android.healthconnect.controller/10100} BLOCKED
04-12 14:13:37.992  2387  2512 I AppsFilter: interaction: PackageSetting{10d9410 aenu.ax360e/10154} -> PackageSetting{7fb385 in.krosbits.musicolet/10111} BLOCKED
04-12 14:13:37.992  2387  2512 I AppsFilter: interaction: PackageSetting{10d9410 aenu.ax360e/10154} -> PackageSetting{cf025da org.telegram.messenger/10112} BLOCKED
04-12 14:13:37.992  2387  2512 I AppsFilter: interaction: PackageSetting{10d9410 aenu.ax360e/10154} -> PackageSetting{e64ba0b com.rfandango.haku_x/10131} BLOCKED
04-12 14:13:37.992  2387  2512 I AppsFilter: interaction: PackageSetting{10d9410 aenu.ax360e/10154} -> PackageSetting{114c0e8 com.xiaoji.egggame/10118} BLOCKED
04-12 14:13:37.992  2387  2512 I AppsFilter: interaction: PackageSetting{10d9410 aenu.ax360e/10154} -> PackageSetting{40d0301 com.android.health.connect.backuprestore/10101} BLOCKED
04-12 14:13:37.992  2387  2512 I AppsFilter: interaction: PackageSetting{10d9410 aenu.ax360e/10154} -> PackageSetting{43ac5a6 com.android.virtualmachine.res/10097} BLOCKED
04-12 14:13:37.992  2387  2512 I AppsFilter: interaction: PackageSetting{10d9410 aenu.ax360e/10154} -> PackageSetting{9a2ebe7 com.antutu.ABenchMark/10120} BLOCKED
04-12 14:13:37.992  2387  2512 I AppsFilter: interaction: PackageSetting{10d9410 aenu.ax360e/10154} -> PackageSetting{9e90394 com.retroarch/10125} BLOCKED
04-12 14:13:37.992  2387  2512 I AppsFilter: interaction: PackageSetting{10d9410 aenu.ax360e/10154} -> PackageSetting{fc5ce3d dev.eden.eden_emulator/10122} BLOCKED
04-12 14:13:37.992  2387  2512 I AppsFilter: interaction: PackageSetting{10d9410 aenu.ax360e/10154} -> PackageSetting{ac1e493 ru.zdevs.zarchiver/10113} BLOCKED
04-12 14:13:37.992  2387  2512 I AppsFilter: interaction: PackageSetting{10d9410 aenu.ax360e/10154} -> PackageSetting{6a85f83 com.android.soundrecorder/10076} BLOCKED
04-12 14:13:37.992  2387  2512 I AppsFilter: interaction: PackageSetting{10d9410 aenu.ax360e/10154} -> PackageSetting{51cc500 com.antutu.benchmark.full/10121} BLOCKED
04-12 14:13:37.992  2387  2512 I AppsFilter: interaction: PackageSetting{10d9410 aenu.ax360e/10154} -> PackageSetting{f461139 com.android.safetycenter.resources/10105} BLOCKED
04-12 14:13:37.992  2387  2512 I AppsFilter: interaction: PackageSetting{10d9410 aenu.ax360e/10154} -> PackageSetting{52ae37e com.android.vending/10060} BLOCKED
04-12 14:13:37.992  2387  2512 I AppsFilter: interaction: PackageSetting{10d9410 aenu.ax360e/10154} -> PackageSetting{60770df com.android.connectivity.resources/10087} BLOCKED
04-12 14:13:37.992  2387  2512 I AppsFilter: interaction: PackageSetting{10d9410 aenu.ax360e/10154} -> PackageSetting{769024f com.android.internal.display.cutout.emulation.hole/10003} BLOCKED
04-12 14:13:37.992  2387  2512 I AppsFilter: interaction: PackageSetting{10d9410 aenu.ax360e/10154} -> PackageSetting{e843ddc com.android.internal.display.cutout.emulation.tall/10013} BLOCKED
04-12 14:13:37.992  2387  2512 I AppsFilter: interaction: PackageSetting{10d9410 aenu.ax360e/10154} -> PackageSetting{109312c com.android.modulemetadata/10063} BLOCKED
04-12 14:13:37.992  2387  2512 I AppsFilter: interaction: PackageSetting{10d9410 aenu.ax360e/10154} -> PackageSetting{287cdba com.android.internal.systemui.navbar.threebutton/10006} BLOCKED
04-12 14:13:37.992  2387  2512 I AppsFilter: interaction: PackageSetting{10d9410 aenu.ax360e/10154} -> PackageSetting{1ed87f5 com.android.wifi.dialog/10090} BLOCKED
04-12 14:13:37.992  2387  2512 I AppsFilter: interaction: PackageSetting{10d9410 aenu.ax360e/10154} -> PackageSetting{8a3089c com.izzy2lost.x1box/10132} BLOCKED
04-12 14:13:37.992  2387  2512 I AppsFilter: interaction: PackageSetting{10d9410 aenu.ax360e/10154} -> PackageSetting{e0db98a com.android.launcher3/10079} BLOCKED
04-12 14:13:37.992  2387  2512 I AppsFilter: interaction: PackageSetting{10d9410 aenu.ax360e/10154} -> PackageSetting{51c3bfb com.android.compos.payload/10086} BLOCKED
04-12 14:13:37.992  2387  2512 I AppsFilter: interaction: PackageSetting{10d9410 aenu.ax360e/10154} -> PackageSetting{66e3418 com.android.settings.intelligence/10057} BLOCKED
04-12 14:13:37.992  2387  2512 I AppsFilter: interaction: PackageSetting{10d9410 aenu.ax360e/10154} -> PackageSetting{35bae71 ch.protonvpn.android/10119} BLOCKED
04-12 14:13:37.992  2387  2512 I AppsFilter: interaction: PackageSetting{10d9410 aenu.ax360e/10154} -> PackageSetting{995e456 com.android.printspooler/10047} BLOCKED
04-12 14:13:37.992  2387  2512 I AppsFilter: interaction: PackageSetting{10d9410 aenu.ax360e/10154} -> PackageSetting{e89cd7 com.android.dreams.basic/10043} BLOCKED
04-12 14:13:37.992  2387  2512 I AppsFilter: interaction: PackageSetting{10d9410 aenu.ax360e/10154} -> PackageSetting{81e79c4 com.android.webview/10062} BLOCKED
04-12 14:13:37.992  2387  2512 I AppsFilter: interaction: PackageSetting{10d9410 aenu.ax360e/10154} -> PackageSetting{fabc0ad com.android.rkpdapp/10084} BLOCKED
04-12 14:13:37.992  2387  2512 I AppsFilter: interaction: PackageSetting{10d9410 aenu.ax360e/10154} -> PackageSetting{3a3efe2 net.rpcsx/10127} BLOCKED
04-12 14:13:37.992  2387  2512 I AppsFilter: interaction: PackageSetting{10d9410 aenu.ax360e/10154} -> PackageSetting{84c055e android.auto_generated_characteristics_rro/10000} BLOCKED
04-12 14:13:37.992  2387  2512 I AppsFilter: interaction: PackageSetting{10d9410 aenu.ax360e/10154} -> PackageSetting{ab02f73 com.android.musicfx/10035} BLOCKED
04-12 14:13:37.992  2387  2512 I AppsFilter: interaction: PackageSetting{10d9410 aenu.ax360e/10154} -> PackageSetting{16b6e30 com.google.android.apps.docs/10128} BLOCKED
04-12 14:13:37.992  2387  2512 I AppsFilter: interaction: PackageSetting{10d9410 aenu.ax360e/10154} -> PackageSetting{f70baa9 com.android.customization.themes/10061} BLOCKED
04-12 14:13:37.992  2387  2512 I AppsFilter: interaction: PackageSetting{10d9410 aenu.ax360e/10154} -> PackageSetting{395282e com.google.android.contactkeys/10109} BLOCKED
04-12 14:13:37.992  2387  2512 I AppsFilter: interaction: PackageSetting{10d9410 aenu.ax360e/10154} -> PackageSetting{a544fcf com.android.chrome/10069} BLOCKED
04-12 14:13:37.992  2387  2512 I AppsFilter: interaction: PackageSetting{10d9410 aenu.ax360e/10154} -> PackageSetting{f513d5c com.android.printservice.recommendation/10052} BLOCKED
04-12 14:13:37.992  2387  2512 I AppsFilter: interaction: PackageSetting{10d9410 aenu.ax360e/10154} -> PackageSetting{7715865 com.android.gallery3d/10077} BLOCKED
04-12 14:13:37.992  2387  2512 I AppsFilter: interaction: PackageSetting{10d9410 aenu.ax360e/10154} -> PackageSetting{74f993a com.android.wifi.resources/10088} BLOCKED
04-12 14:13:37.992  2387  2512 I AppsFilter: interaction: PackageSetting{10d9410 aenu.ax360e/10154} -> PackageSetting{a7019eb org.ppsspp.ppsspp/10129} BLOCKED
04-12 14:13:37.992  2387  2512 I AppsFilter: interaction: PackageSetting{10d9410 aenu.ax360e/10154} -> PackageSetting{62d348 xyz.aethersx2.android/10123} BLOCKED
04-12 14:13:37.992  2387  2512 I AppsFilter: interaction: PackageSetting{10d9410 aenu.ax360e/10154} -> PackageSetting{c68400d com.android.theme.font.notoserifsource/10014} BLOCKED
04-12 14:13:37.992  2387  2512 I AppsFilter: interaction: PackageSetting{10d9410 aenu.ax360e/10154} -> PackageSetting{2f56bc2 com.android.internal.display.cutout.emulation.waterfall/10007} BLOCKED
04-12 14:13:37.992  2387  2512 I AppsFilter: interaction: PackageSetting{10d9410 aenu.ax360e/10154} -> PackageSetting{3602dd3 com.android.internal.systemui.navbar.transparent/10016} BLOCKED
04-12 14:13:37.992  2387  2512 I AppsFilter: interaction: PackageSetting{10d9410 aenu.ax360e/10154} -> PackageSetting{82415e1 com.spotify.music/10110} BLOCKED
04-12 14:13:37.992  2387  2512 I AppsFilter: interaction: PackageSetting{10d9410 aenu.ax360e/10154} -> PackageSetting{30e0f06 com.android.dreams.phototable/10065} BLOCKED
04-12 14:13:37.992  2387  2512 I AppsFilter: interaction: PackageSetting{10d9410 aenu.ax360e/10154} -> PackageSetting{a3469c7 io.github.lime3ds.android/10126} BLOCKED
04-12 14:13:37.992  2387  2512 I AppsFilter: interaction: PackageSetting{10d9410 aenu.ax360e/10154} -> PackageSetting{775dbf4 org.mupen64plusae.v3.fzurita/10124} BLOCKED
04-12 14:13:37.992  2387  2512 I AppsFilter: interaction: PackageSetting{10d9410 aenu.ax360e/10154} -> PackageSetting{8eb2f1d org.freedownloadmanager.fdm/10138} BLOCKED
04-12 14:13:37.992  2387  2512 I AppsFilter: interaction: PackageSetting{10d9410 aenu.ax360e/10154} -> PackageSetting{1ec1592 com.android.providers.partnerbookmarks/10049} BLOCKED
04-12 14:13:37.992  2387  2512 I AppsFilter: interaction: PackageSetting{10d9410 aenu.ax360e/10154} -> PackageSetting{103db63 com.android.smspush/10082} BLOCKED
04-12 14:13:37.992  2387  2512 I AppsFilter: interaction: PackageSetting{10d9410 aenu.ax360e/10154} -> PackageSetting{d0ec360 com.android.wallpaper.livepicker/10031} BLOCKED
04-12 14:13:37.992  2387  2512 I AppsFilter: interaction: PackageSetting{10d9410 aenu.ax360e/10154} -> PackageSetting{b10a019 com.android.appsearch.apk/10085} BLOCKED
04-12 14:13:37.992  2387  2512 I AppsFilter: interaction: PackageSetting{10d9410 aenu.ax360e/10154} -> PackageSetting{331f8de com.android.bookmarkprovider/10042} BLOCKED
04-12 14:13:37.992  2387  2512 I AppsFilter: interaction: PackageSetting{10d9410 aenu.ax360e/10154} -> PackageSetting{fcecabf com.google.android.safetycore/10108} BLOCKED
04-12 14:13:37.992  2387  2512 I AppsFilter: interaction: PackageSetting{10d9410 aenu.ax360e/10154} -> PackageSetting{3e71d04 com.android.cts.ctsshim/10093} BLOCKED
04-12 14:13:37.992  2387  2512 I AppsFilter: interaction: PackageSetting{10d9410 aenu.ax360e/10154} -> PackageSetting{b8cb58c com.android.wallpaper/10073} BLOCKED
04-12 14:13:37.992  2387  2512 I AppsFilter: interaction: PackageSetting{10d9410 aenu.ax360e/10154} -> PackageSetting{769a0e9 com.android.microdroid.empty_payload/10098} BLOCKED
04-12 14:13:37.992  2387  2512 I AppsFilter: interaction: PackageSetting{10d9410 aenu.ax360e/10154} -> PackageSetting{8224d5 com.android.hotspot2.osulogin/10089} BLOCKED
04-12 14:13:37.992  2387  2512 I AppsFilter: interaction: PackageSetting{10d9410 aenu.ax360e/10154} -> PackageSetting{8044972 com.android.companiondevicemanager.auto_generated_characteristics_rro/10002} BLOCKED
04-12 14:13:37.992  2387  2512 I AppsFilter: interaction: PackageSetting{10d9410 aenu.ax360e/10154} -> PackageSetting{86031c3 com.android.internal.systemui.navbar.gestural/10001} BLOCKED
04-12 14:13:37.992  2387  2512 I AppsFilter: interaction: PackageSetting{10d9410 aenu.ax360e/10154} -> PackageSetting{60c4ea com.android.deskclock/10067} BLOCKED
04-12 14:13:37.992  2387  2512 I AppsFilter: interaction: PackageSetting{10d9410 aenu.ax360e/10154} -> PackageSetting{c2f53db com.android.bluetoothmidiservice/10051} BLOCKED
04-12 14:13:37.992  2387  2512 I AppsFilter: interaction: PackageSetting{10d9410 aenu.ax360e/10154} -> PackageSetting{2159e78 com.android.captiveportallogin/10053} BLOCKED
04-12 14:13:37.992  2387  2512 I AppsFilter: interaction: PackageSetting{10d9410 aenu.ax360e/10154} -> PackageSetting{24d3951 com.google.android.inputmethod.latin/10068} BLOCKED
04-12 14:13:37.994  1534  1534 I qspmHal : enter getGpuProf at: -2088042550
04-12 14:13:37.994  1534  1534 I qspmHal : PID 24310 from GFX matched.
04-12 14:13:37.994  1534  1534 I qspmHal : gpuProfName:aenu.ax360e-gpu - gpu prof_info.path:/data/vendor/gaming/aenu.ax360e-gpu
04-12 14:13:37.994  1534  1534 E qspmHal : GPU profile file NOT found !!
04-12 14:13:37.994 24310 24328 I AdrenoVK-0: ===== BEGIN DUMP OF OVERRIDDEN SETTINGS =====
04-12 14:13:37.994 24310 24328 I AdrenoVK-0: ===== END DUMP OF OVERRIDDEN SETTINGS =====
04-12 14:13:37.995 24310 24328 D qdgralloc: Fetching IMapper5 from QtiMapper5
04-12 14:13:37.999 24310 24328 I Adreno-UNKNOWN: Using previously loaded IMapper library.
04-12 14:13:37.999 24310 24328 I AdrenoVK-0: QUALCOMM build          : a9ee82cd83, If0819e6d27
04-12 14:13:37.999 24310 24328 I AdrenoVK-0: Build Date              : 10/08/25
04-12 14:13:37.999 24310 24328 I AdrenoVK-0: Shader Compiler Version : E031.47.18.42
04-12 14:13:37.999 24310 24328 I AdrenoVK-0: Local Branch            : 
04-12 14:13:37.999 24310 24328 I AdrenoVK-0: Remote Branch           : refs/tags/AU_LINUX_ANDROID_LA.VENDOR.15.4.0.11.00.00.1088.743
04-12 14:13:37.999 24310 24328 I AdrenoVK-0: Remote Branch           : NONE
04-12 14:13:37.999 24310 24328 I AdrenoVK-0: Reconstruct Branch      : NOTHING
04-12 14:13:37.999 24310 24328 I AdrenoVK-0: Build Config            : S P 18.0.0 AArch64
04-12 14:13:37.999 24310 24328 I AdrenoVK-0: Driver Path             : /vendor/lib64/hw/vulkan.adreno.so
04-12 14:13:37.999 24310 24328 I AdrenoVK-0: Driver Version          : 0800.58
04-12 14:13:37.999 24310 24328 I AdrenoVK-0: PFP                     : 0x01500077
04-12 14:13:37.999 24310 24328 I AdrenoVK-0: ME                      : 0x01500014
04-12 14:13:37.999 24310 24328 I AdrenoVK-0: Application Name    : android framework
04-12 14:13:37.999 24310 24328 I AdrenoVK-0: Process Name        : aenu.ax360e:emu
04-12 14:13:37.999 24310 24328 I AdrenoVK-0: Application Version : 0x00000000
04-12 14:13:37.999 24310 24328 I AdrenoVK-0: Engine Name         : android framework
04-12 14:13:37.999 24310 24328 I AdrenoVK-0: Engine Version      : 0x00000000
04-12 14:13:37.999 24310 24328 I AdrenoVK-0: Api Version         : 0x00401000
04-12 14:13:38.008  2387  2512 W WindowManager: Failed looking up window session=Session{bd8ce5a 24310:u0a10154} callers=com.android.server.wm.WindowManagerService.windowForClientLocked:6354 com.android.server.wm.Session.updateRequestedVisibleTypes:755 android.view.IWindowSession$Stub.onTransact:1078 
04-12 14:13:38.011  2387  2513 D CoreBackPreview: Window{ca2581 u0 aenu.ax360e/aenu.ax360e.EmulatorActivity}: Setting back callback OnBackInvokedCallbackInfo{mCallback=android.window.IOnBackInvokedCallback$Stub$Proxy@8192275, mPriority=0, mIsAnimationCallback=false}
04-12 14:13:38.014  1510  1970 I SDM     : ClstcAlgorithmAdapter::UcscToneMap():1634 Checksum for layer 1 is: 812191
04-12 14:13:38.017 24310 24328 I AdrenoUtils: <ReadGpuID:366>: Reading chip ID through GSL
04-12 14:13:38.021  2387  2513 D CoreBackPreview: Window{cb23fe u0 aenu.ax360e/aenu.ax360e.EmulatorActivity}: Setting back callback OnBackInvokedCallbackInfo{mCallback=android.window.IOnBackInvokedCallback$Stub$Proxy@cef9a7b, mPriority=0, mIsAnimationCallback=false}
04-12 14:13:38.021  2387  2552 W ziparchive: Unable to open '/data/app/~~ZoCnCUFxQJBc8fCg30Xanw==/aenu.ax360e-gECx2j7eoc-M_ZjhMplCmw==/base.dm': No such file or directory
04-12 14:13:38.022  2387  2552 E ActivityTaskManager: Displayed aenu.ax360e/.EmulatorActivity for user 0: +170ms
04-12 14:13:38.022  1514  1673 E PERFHAL-BOOSTCONFIG: PERFHAL-BOOSTCONFIG: GetBoostConfig() 1456: Not able to fetch object
04-12 14:13:38.022  2387  2552 E ActivityTaskManager: Displayed aenu.ax360e/.EmulatorActivity for user 0: +170ms
04-12 14:13:38.041  1547  2549 D audioserver: logFgsApiEnd: FGS Logger Transaction failed, -129
04-12 14:13:38.074 24310 24316 I aenu.ax360e:emu: Compiler allocated 4206KB to compile void android.widget.TextView.<init>(android.content.Context, android.util.AttributeSet, int, int)
04-12 14:13:38.144 24310 24316 I aenu.ax360e:emu: Compiler allocated 5250KB to compile void android.view.ViewRootImpl.performTraversals()
04-12 14:13:38.294  2858  3024 W WindowOnBackDispatcher: sendCancelIfRunning: isInProgress=false callback=android.view.ViewRootImpl$$ExternalSyntheticLambda11@6ecfc0d
04-12 14:13:38.294  2387  2513 D CoreBackPreview: Window{55d3595 u0 Splash Screen aenu.ax360e EXITING}: Setting back callback null
04-12 14:13:38.294  2387  2512 W InputManager-JNI: Input channel object '55d3595 Splash Screen aenu.ax360e (client)' was disposed without first being removed with the input manager!
04-12 14:13:38.343  2858  3024 W FrameTracker: Missing SF jank callback for vsyncId: 6880407, CUJ=J<SPLASHSCREEN_EXIT_ANIM>
04-12 14:13:38.441  2858  2994 V WindowManagerShell: Transition animation finished (aborted=false), notifying core (#422) android.os.BinderProxy@3d9ea5b@0
04-12 14:13:38.441  2387  2552 V WindowManager: Finish Transition (#422): created at 04-12 14:13:37.853 collect-started=0.01ms request-sent=3.875ms started=10.663ms ready=121.195ms sent=121.789ms finished=588.228ms
04-12 14:13:38.442 22319 22319 D VRI[MainActivity]: visibilityChanged oldVisibility=true newVisibility=false
04-12 14:13:38.442  2858  2994 V WindowManagerShell: Track 0 became idle
04-12 14:13:38.442  2858  2994 V WindowManagerShell: All active transition animations finished
04-12 14:13:38.442  2387  2555 I HidlServiceManagement: Trying to get transport of vendor.qti.hardware.servicetracker@1.2::IServicetracker/default without hwservicemanager
04-12 14:13:38.442  2387  2555 W ActivityTaskManager: servicetracker HIDL not available
04-12 14:13:38.442  2387  2555 E ActivityTaskManager: Unable to get servicetracker HAL instance
04-12 14:13:38.442  2387  2555 I HidlServiceManagement: Trying to get transport of vendor.qti.hardware.servicetracker@1.2::IServicetracker/default without hwservicemanager
04-12 14:13:38.442  2387  2555 W ActivityTaskManager: servicetracker HIDL not available
04-12 14:13:38.442  2387  2555 E ActivityTaskManager: Unable to get servicetracker HAL instance
04-12 14:13:38.443  2387  2513 W UserManagerService: Requested status bar icon for non-badged user 0
04-12 14:13:38.443  2387  2512 W UserManagerService: Requested status bar icon for non-badged user 0
04-12 14:13:38.450 22319 22341 D HWUI    : endAllActiveAnimators on 0x751d7873a0 (MaterialCardView) with handle 0x738d774b90
04-12 14:13:38.458  2387  2512 I HidlServiceManagement: Trying to get transport of vendor.qti.hardware.servicetracker@1.2::IServicetracker/default without hwservicemanager
04-12 14:13:38.458  2387  2512 W ActivityTaskManager: servicetracker HIDL not available
04-12 14:13:38.458  2387  2512 E ActivityTaskManager: Unable to get servicetracker HAL instance
04-12 14:13:38.458  2387  2512 I HidlServiceManagement: Trying to get transport of vendor.qti.hardware.servicetracker@1.2::IServicetracker/default without hwservicemanager
04-12 14:13:38.458  2387  2512 W ActivityTaskManager: servicetracker HIDL not available
04-12 14:13:38.458  2387  2512 E ActivityTaskManager: Unable to get servicetracker HAL instance
04-12 14:13:38.511 24310 24331 D nativeloader: Load /data/app/~~ZoCnCUFxQJBc8fCg30Xanw==/aenu.ax360e-gECx2j7eoc-M_ZjhMplCmw==/base.apk!/lib/arm64-v8a/libe.so using ns clns-7 from class loader (caller=/data/app/~~ZoCnCUFxQJBc8fCg30Xanw==/aenu.ax360e-gECx2j7eoc-M_ZjhMplCmw==/base.apk!classes7.dex): ok
04-12 14:13:38.511 24310 24331 I ax360e_native: JNI_OnLoad starting
04-12 14:13:38.511 24310 24331 I ax360e_native: Registering Emulator
04-12 14:13:38.511 24310 24331 I ax360e_native: Registering Emulator$Config
04-12 14:13:38.511 24310 24331 I ax360e_native: Registering ax360e_Emulator
04-12 14:13:38.511 24310 24331 I ax360e_native: JNI_OnLoad OK
04-12 14:13:38.528  2387  2769 W IPCThreadState: Sending oneway calls to frozen process.
04-12 14:13:38.528  2387  2769 W IPCThreadState: Sending oneway calls to frozen process.
04-12 14:13:38.528  2387  2769 W IPCThreadState: Sending oneway calls to frozen process.
04-12 14:13:38.611 24310 24310 W WindowOnBackDispatcher: sendCancelIfRunning: isInProgress=false callback=android.view.ViewRootImpl$$ExternalSyntheticLambda11@f3eda0b
04-12 14:13:38.612  2387  2513 D CoreBackPreview: Window{ca2581 u0 aenu.ax360e/aenu.ax360e.EmulatorActivity}: Setting back callback null
04-12 14:13:38.612  2387  2513 W InputManager-JNI: Input channel object 'ca2581 aenu.ax360e/aenu.ax360e.EmulatorActivity (client)' was disposed without first being removed with the input manager!
04-12 14:13:38.613  2387  2513 D FileUtils: Rounded bytes from 24218796032 to 32000000000
04-12 14:13:38.614  2387  2555 V WindowManager: Unknown focus tokens, dropping reportFocusChanged
04-12 14:13:38.624  2387  2513 I AppsFilter: interaction: PackageSetting{10d9410 aenu.ax360e/10154} -> PackageSetting{3a3efe2 net.rpcsx/10127} BLOCKED
04-12 14:13:38.624  2387  2513 I AppsFilter: interaction: PackageSetting{10d9410 aenu.ax360e/10154} -> PackageSetting{fc5ce3d dev.eden.eden_emulator/10122} BLOCKED
04-12 14:13:38.624  2387  2513 I AppsFilter: interaction: PackageSetting{10d9410 aenu.ax360e/10154} -> PackageSetting{9e90394 com.retroarch/10125} BLOCKED
04-12 14:13:38.624  2387  2513 I AppsFilter: interaction: PackageSetting{10d9410 aenu.ax360e/10154} -> PackageSetting{16b6e30 com.google.android.apps.docs/10128} BLOCKED
04-12 14:13:38.624  2387  2513 I AppsFilter: interaction: PackageSetting{10d9410 aenu.ax360e/10154} -> PackageSetting{51cc500 com.antutu.benchmark.full/10121} BLOCKED
04-12 14:13:38.624  2387  2513 I AppsFilter: interaction: PackageSetting{10d9410 aenu.ax360e/10154} -> PackageSetting{9a2ebe7 com.antutu.ABenchMark/10120} BLOCKED
04-12 14:13:38.641 24310 24342 W InteractionJankMonitor: Initializing without READ_DEVICE_CONFIG permission. enabled=false, interval=1, missedFrameThreshold=3, frameTimeThreshold=64, package=aenu.ax360e
04-12 14:13:38.843 24347 24347 I me.Stats.Thread: type=1400 audit(0.0:9276): avc:  denied  { execute_no_trans } for  path="/system/bin/service" dev="dm-14" ino=502 scontext=u:r:system_server:s0 tcontext=u:object_r:system_file:s0 tclass=file permissive=1
04-12 14:13:38.903  1410  1410 I binder:1410_5: type=1400 audit(0.0:9277): avc:  denied  { add_name } for  name="globalAlert" scontext=u:r:netd:s0 tcontext=u:object_r:proc_net:s0 tclass=dir permissive=1
04-12 14:13:38.903  1410  1410 I binder:1410_5: type=1400 audit(0.0:9278): avc:  denied  { create } for  name="globalAlert" scontext=u:r:netd:s0 tcontext=u:object_r:proc_net:s0 tclass=file permissive=1
04-12 14:13:38.974  1504  1504 W ServiceManagerCppClient: Waited one second for vendor.qti.qesdsys.IQesdSys/default (is service started? Number of threads started in the threadpool: 0. Are binder threads started and available?)
04-12 14:13:38.975   556 24348 W libc    : Unable to set property "ctl.interface_start" to "aidl/vendor.qti.qesdsys.IQesdSys/default": PROP_ERROR_HANDLE_CONTROL_MESSAGE (0x20)
04-12 14:13:39.232 24310 24310 I Choreographer: Skipped 73 frames!  The application may be doing too much work on its main thread.
04-12 14:13:39.234 24310 24310 I EngineDetector: Loaded 46 title ID to engine mappings
04-12 14:13:39.234 24310 24310 I LaunchEnvResolver: Resolving launch environment for: content://com.android.externalstorage.documents/tree/primary%3ADownload%2FGameHub%2FPerfect%20Dark/document/primary%3ADownload%2FGameHub%2FPerfect%20Dark%2FForza%20Horizon%20(USA)%20(En%2CJa%2CFr%2CDe%2CEs%2CIt%2CPt%2CZh%2CPl%2CRu).iso
04-12 14:13:39.235 24310 24310 I GameProfileManager: No profiles file found, starting fresh
04-12 14:13:39.235 24310 24310 D EngineProfileMgr: No engine detected for: content://com.android.externalstorage.documents/tree/primary%3ADownload%2FGameHub%2FPerfect%20Dark/document/primary%3ADownload%2FGameHub%2FPerfect%20Dark%2FForza%20Horizon%20(USA)%20(En%2CJa%2CFr%2CDe%2CEs%2CIt%2CPt%2CZh%2CPl%2CRu).iso
04-12 14:13:39.235 24310 24310 I LaunchEnvResolver: No engine profile applied (unknown or no detection)
04-12 14:13:39.235 24310 24310 I LaunchEnvResolver: Driver selection: DEFAULT (using system driver, no custom driver installed)
04-12 14:13:39.235 24310 24310 I LaunchEnvResolver: Skipping Turnip environment variables because system driver is active
04-12 14:13:39.235 24310 24310 I LaunchEnvResolver: === Final Launch Environment ===
04-12 14:13:39.235 24310 24310 I LaunchEnvResolver: ================================
04-12 14:13:39.235 24310 24350 W ax360e_native: new thr: 488940402480
04-12 14:13:39.235 24310 24350 I ax360e_native: main_thr: creating AndroidWindowedAppContext
04-12 14:13:39.235 24310 24350 I ax360e_native: main_thr: creating windowed app
04-12 14:13:39.235 24310 24350 I ax360e_native: main_thr: windowed app created, app_ref=0x735d70d600
04-12 14:13:39.235 24310 24350 I ax360e_native: main_thr: boot_target=--target=content://com.android.externalstorage.documents/tree/primary%3ADownload%2FGameHub%2FPerfect%20Dark/document/primary%3ADownload%2FGameHub%2FPerfect%20Dark%2FForza%20Horizon%20(USA)%20(En%2CJa%2CFr%2CDe%2CEs%2CIt%2CPt%2CZh%2CPl%2CRu).iso
04-12 14:13:39.240  2387  2732 I ImeTracker: aenu.ax360e:ccbd583f: onRequestHide at ORIGIN_SERVER reason HIDE_UNSPECIFIED_WINDOW fromUser false
04-12 14:13:39.240  2387  2732 I ImeTracker: aenu.ax360e:ccbd583f: onCancelled at PHASE_SERVER_SHOULD_HIDE
04-12 14:13:39.243  3412  3412 I GoogleInputMethodService: GoogleInputMethodService.onFinishInput():2159 
04-12 14:13:39.243  3412  3412 I Module  : DeviceLockedStatusModuleProvider$Module.updateDeviceLockedStatus():103 repeatCheckTimes = 0, locked = false
04-12 14:13:39.243  3412  3412 I GoogleInputMethodService: GoogleInputMethodService.onStartInput():1434 onStartInput(EditorInfo{EditorInfo{packageName=aenu.ax360e, inputType=0, inputTypeString=NULL, enableLearning=false, autoCorrection=false, autoComplete=false, imeOptions=0, privateImeOptions=null, actionName=UNSPECIFIED, actionLabel=null, initialSelStart=-1, initialSelEnd=-1, initialCapsMode=0, label=null, fieldId=0, fieldName=null, extras=null, hintText=null, hintLocales=[]}}, false)
04-12 14:13:39.243  3412  3412 I AndroidIME: LatinIMEBase.updateInputViewCoverNavigation():312 Update input view padding, isNavbarOverInputWindow=false, bottom inset=55
04-12 14:13:39.244  3412  3412 I Module  : DeviceLockedStatusModuleProvider$Module.updateDeviceLockedStatus():103 repeatCheckTimes = 1, locked = false
04-12 14:13:39.244  2387  2661 W PackageConfigPersister: App-specific configuration not found for packageName: aenu.ax360e and userId: 0
04-12 14:13:39.245 24310 24350 I ax360e_native: main_thr: args parsed, initializing logging
04-12 14:13:39.245 24310 24350 I ax360e_native: main_thr: logging initialized, calling OnInitialize
04-12 14:13:39.245 24310 24351 I ax36e   : i> 00005F1E Storage root: /storage/emulated/0/ax360e++
04-12 14:13:39.248 24310 24351 I ax36e   : i> 00005F1E Loaded config: /storage/emulated/0/ax360e++/xenia.config.toml
04-12 14:13:39.248 24310 24351 I ax36e   : i> 00005F1E Content root: /storage/emulated/0/ax360e++/content
04-12 14:13:39.248 24310 24351 I ax36e   : i> 00005F1E Host cache root: /storage/emulated/0/ax360e++/cache
04-12 14:13:39.249 24310 24350 W ax360e_native: android_menu_item: 2  
04-12 14:13:39.249 24310 24350 W ax360e_native: android_menu_item: 0 &File 
04-12 14:13:39.249 24310 24350 W ax360e_native: android_menu_item: 3 &Open... Ctrl+O
04-12 14:13:39.249 24310 24350 W ax360e_native: android_menu_item: 1  
04-12 14:13:39.249 24310 24350 W ax360e_native: android_menu_item: 3 Show content directory... 
04-12 14:13:39.249 24310 24350 W ax360e_native: android_menu_item: 1  
04-12 14:13:39.249 24310 24350 W ax360e_native: android_menu_item: 3 E&xit Alt+F4
04-12 14:13:39.249 24310 24350 W ax360e_native: android_menu_item: 0 &CPU 
04-12 14:13:39.249 24310 24350 W ax360e_native: android_menu_item: 3 &Reset Time Scalar Numpad *
04-12 14:13:39.249 24310 24350 W ax360e_native: android_menu_item: 3 Time Scalar /= 2 Numpad -
04-12 14:13:39.249 24310 24350 W ax360e_native: android_menu_item: 3 Time Scalar *= 2 Numpad +
04-12 14:13:39.249 24310 24350 W ax360e_native: android_menu_item: 1  
04-12 14:13:39.249 24310 24350 W ax360e_native: android_menu_item: 3 Toggle Profiler &Display F3
04-12 14:13:39.249 24310 24350 W ax360e_native: android_menu_item: 3 &Pause/Resume Profiler `
04-12 14:13:39.249 24310 24350 W ax360e_native: android_menu_item: 1  
04-12 14:13:39.249 24310 24350 W ax360e_native: android_menu_item: 3 &Break and Show Guest Debugger Pause/Break
04-12 14:13:39.249 24310 24350 W ax360e_native: android_menu_item: 3 &Break into Host Debugger Ctrl+Pause/Break
04-12 14:13:39.249 24310 24350 W ax360e_native: android_menu_item: 0 &GPU 
04-12 14:13:39.249 24310 24350 W ax360e_native: android_menu_item: 3 &Trace Frame F4
04-12 14:13:39.249 24310 24350 W ax360e_native: android_menu_item: 1  
04-12 14:13:39.249 24310 24350 W ax360e_native: android_menu_item: 3 &Clear Runtime Caches F5
04-12 14:13:39.249 24310 24350 W ax360e_native: android_menu_item: 0 &Display 
04-12 14:13:39.249 24310 24350 W ax360e_native: android_menu_item: 3 &Post-processing settings F6
04-12 14:13:39.249 24310 24350 W ax360e_native: android_menu_item: 1  
04-12 14:13:39.249 24310 24350 W ax360e_native: android_menu_item: 3 &Fullscreen F11
04-12 14:13:39.249 24310 24350 W ax360e_native: android_menu_item: 0 &Help 
04-12 14:13:39.249 24310 24350 W ax360e_native: android_menu_item: 3 FA&Q... F1
04-12 14:13:39.249 24310 24350 W ax360e_native: android_menu_item: 1  
04-12 14:13:39.249 24310 24350 W ax360e_native: android_menu_item: 3 Game &compatibility... 
04-12 14:13:39.249 24310 24350 W ax360e_native: android_menu_item: 1  
04-12 14:13:39.249 24310 24350 W ax360e_native: android_menu_item: 3 Build commit on GitHub... F2
04-12 14:13:39.249 24310 24350 W ax360e_native: android_menu_item: 3 Recent changes on GitHub... 
04-12 14:13:39.249 24310 24350 W ax360e_native: android_menu_item: 1  
04-12 14:13:39.249 24310 24350 W ax360e_native: android_menu_item: 3 &About... 
04-12 14:13:39.249 24310 24350 I ax360e_native: main_thr: OnInitialize succeeded, entering main_loop
04-12 14:13:39.249 24310 24350 I ax360e_native: main_loop: entered
04-12 14:13:39.249 24310 24350 I ax360e_native: main_loop: first iteration, paint_requested=0, event=0
04-12 14:13:39.249 24310 24352 I ax360e_native: emu_thr_main: starting Setup...
04-12 14:13:39.257 24310 24351 W ax36e   : w> 00005F1E Unable to load Japanese font; JP characters will be boxes
04-12 14:13:39.257 24310 24351 I ax36e   : i> 00005F1E Opening Android window...
04-12 14:13:39.257 24310 24351 I ax36e   : i> 00005F1E main_loop: entered, ui_thread running
04-12 14:13:39.257 24310 24351 I ax36e   : i> 00005F20 Setup: Initializing Memory...
04-12 14:13:39.257 24310 24351 I ax36e   : i> 00005F20 Setup: Initializing Exports...
04-12 14:13:39.257 24310 24351 I ax36e   : i> 00005F20 Setup: Initializing Backend...
04-12 14:13:39.257 24310 24351 I ax36e   : i> 00005F20 Setup: Initializing Processor...
04-12 14:13:39.257 24310 24351 I ax36e   : i> 00005F20 Setup: Initializing Audio...
04-12 14:13:39.257 24310 24351 I ax36e   : i> 00005F20 Setup: Initializing Graphics...
04-12 14:13:39.257 24310 24351 I ax36e   : i> 00005F20 Setup: Initializing HID...
04-12 14:13:39.257 24310 24351 I ax36e   : i> 00005F20 Setup: Initializing VFS...
04-12 14:13:39.306 24310 24351 E ax36e   : !> 00005F20 PatchDB: Skipped loading file README.md due to incorrect filename
04-12 14:13:39.371 24310 24351 I ax36e   : i> 00005F20 PatchDB: Loaded patches for 473 titles
04-12 14:13:39.371 24310 24351 I ax36e   : i> 00005F20 Setup: Initializing Kernel...
04-12 14:13:39.371 24310 24351 I ax36e   : i> 00005F20 FindProfiles: Adding profile E0300000A360E000 to profile list
04-12 14:13:39.371 24310 24351 I ax36e   : i> 00005F20 ProfileManager: Found 1 Profiles
04-12 14:13:39.371 24310 24351 I ax36e   : i> 00005F20 LoadAccount: Loading Account: E0300000A360E000
04-12 14:13:39.371 24310 24351 I ax36e   : i> 00005F20 RegisterDevice device: User_E0300000A360E000:
04-12 14:13:39.371 24310 24351 I ax36e   : i> 00005F20 devices_ count: 1
04-12 14:13:39.371 24310 24351 I ax36e   : i> 00005F20 FIND User_E0300000A360E000: User_E0300000A360E000:
04-12 14:13:39.371 24310 24351 I ax36e   : F> 00005F20 HostPathDevice::ResolvePath()
04-12 14:13:39.371 24310 24351 I ax36e   : i> 00005F20 Loaded aX360e (GUID: E0300000A360E000) to slot 0
04-12 14:13:39.371 24310 24351 I ax36e   : i> 00005F20 RegisterDevice device: User_E0300000A360E000:
04-12 14:13:39.371 24310 24351 I ax36e   : i> 00005F20 devices_ count: 1
04-12 14:13:39.371 24310 24351 I ax36e   : i> 00005F20 FIND User_E0300000A360E000:\FFFE07D1.gpd User_E0300000A360E000:
04-12 14:13:39.371 24310 24351 I ax36e   : F> 00005F20 HostPathDevice::ResolvePath(\FFFE07D1.gpd)
04-12 14:13:39.372 24310 24351 I ax36e   : i> 00005F20 devices_ count: 1
04-12 14:13:39.372 24310 24351 I ax36e   : i> 00005F20 FIND User_E0300000A360E000:\445007F7.gpd User_E0300000A360E000:
04-12 14:13:39.372 24310 24351 I ax36e   : F> 00005F20 HostPathDevice::ResolvePath(\445007F7.gpd)
04-12 14:13:39.373 24310 24351 I ax36e   : i> 00005F20 devices_ count: 1
04-12 14:13:39.373 24310 24351 I ax36e   : i> 00005F20 FIND User_E0300000A360E000:\4D5307EA.gpd User_E0300000A360E000:
04-12 14:13:39.373 24310 24351 I ax36e   : F> 00005F20 HostPathDevice::ResolvePath(\4D5307EA.gpd)
04-12 14:13:39.374 24310 24351 I ax36e   : i> 00005F20 devices_ count: 1
04-12 14:13:39.374 24310 24351 I ax36e   : i> 00005F20 FIND User_E0300000A360E000:\4D5309C9.gpd User_E0300000A360E000:
04-12 14:13:39.374 24310 24351 I ax36e   : F> 00005F20 HostPathDevice::ResolvePath(\4D5309C9.gpd)
04-12 14:13:39.376 24310 24351 I ax36e   : i> 00005F20 devices_ count: 1
04-12 14:13:39.376 24310 24351 I ax36e   : i> 00005F20 FIND User_E0300000A360E000:\4D530AA4.gpd User_E0300000A360E000:
04-12 14:13:39.376 24310 24351 I ax36e   : F> 00005F20 HostPathDevice::ResolvePath(\4D530AA4.gpd)
04-12 14:13:39.377 24310 24351 I ax36e   : i> 00005F20 devices_ count: 1
04-12 14:13:39.377 24310 24351 I ax36e   : i> 00005F20 FIND User_E0300000A360E000:\584109C2.gpd User_E0300000A360E000:
04-12 14:13:39.377 24310 24351 I ax36e   : F> 00005F20 HostPathDevice::ResolvePath(\584109C2.gpd)
04-12 14:13:39.377 24310 24351 I ax36e   : i> 00005F20 devices_ count: 1
04-12 14:13:39.377 24310 24351 I ax36e   : i> 00005F20 FIND User_E0300000A360E000: User_E0300000A360E000:
04-12 14:13:39.377 24310 24351 I ax36e   : F> 00005F20 HostPathDevice::ResolvePath()
04-12 14:13:39.377 24310 24351 I ax36e   : i> 00005F20 devices_ count: 1
04-12 14:13:39.377 24310 24351 I ax36e   : i> 00005F20 FIND User_E0300000A360E000: User_E0300000A360E000:
04-12 14:13:39.377 24310 24351 I ax36e   : F> 00005F20 HostPathDevice::ResolvePath()
04-12 14:13:39.377 24310 24351 I ax36e   : i> 00005F20 kernel_guest_globals_: 30000000
04-12 14:13:39.377 24310 24351 I ax36e   : i> 00005F20 CreateGuestTrampoline
04-12 14:13:39.377 24310 24351 I ax36e   : i> 00005F20 Flush cache:        a0019f000        a001a0000
04-12 14:13:39.377 24310 24351 I ax36e   : i> 00005F20 CreateGuestTrampoline->AddIndirection: 8003fe00 -> 0019f300
04-12 14:13:39.377 24310 24351 I ax36e   : i> 00005F20 CreateGuestTrampoline
04-12 14:13:39.377 24310 24351 I ax36e   : i> 00005F20 Flush cache:        a0019f000        a001a0000
04-12 14:13:39.377 24310 24351 I ax36e   : i> 00005F20 CreateGuestTrampoline->AddIndirection: 8003fe08 -> 0019f334
04-12 14:13:39.377 24310 24351 I ax36e   : i> 00005F20 CreateGuestTrampoline
04-12 14:13:39.377 24310 24351 I ax36e   : i> 00005F20 Flush cache:        a0019f000        a001a0000
04-12 14:13:39.377 24310 24351 I ax36e   : i> 00005F20 CreateGuestTrampoline->AddIndirection: 8003fe10 -> 0019f368
04-12 14:13:39.377 24310 24351 I ax36e   : i> 00005F20 CreateGuestTrampoline
04-12 14:13:39.377 24310 24351 I ax36e   : i> 00005F20 Flush cache:        a0019f000        a001a0000
04-12 14:13:39.377 24310 24351 I ax36e   : i> 00005F20 CreateGuestTrampoline->AddIndirection: 8003fe18 -> 0019f39c
04-12 14:13:39.377 24310 24351 I ax36e   : i> 00005F20 CreateGuestTrampoline
04-12 14:13:39.377 24310 24351 I ax36e   : i> 00005F20 Flush cache:        a0019f000        a001a0000
04-12 14:13:39.377 24310 24351 I ax36e   : i> 00005F20 CreateGuestTrampoline->AddIndirection: 8003fe20 -> 0019f3d0
04-12 14:13:39.377 24310 24351 I ax36e   : i> 00005F20 CreateGuestTrampoline
04-12 14:13:39.377 24310 24351 I ax36e   : i> 00005F20 Flush cache:        a0019f000        a001a0000
04-12 14:13:39.377 24310 24351 I ax36e   : i> 00005F20 CreateGuestTrampoline->AddIndirection: 8003fe28 -> 0019f404
04-12 14:13:39.377 24310 24351 I ax36e   : i> 00005F20 CreateGuestTrampoline
04-12 14:13:39.377 24310 24351 I ax36e   : i> 00005F20 Flush cache:        a0019f000        a001a0000
04-12 14:13:39.377 24310 24351 I ax36e   : i> 00005F20 CreateGuestTrampoline->AddIndirection: 8003fe30 -> 0019f438
04-12 14:13:39.377 24310 24351 I ax36e   : i> 00005F20 CreateGuestTrampoline
04-12 14:13:39.377 24310 24351 I ax36e   : i> 00005F20 Flush cache:        a0019f000        a001a0000
04-12 14:13:39.377 24310 24351 I ax36e   : i> 00005F20 CreateGuestTrampoline->AddIndirection: 8003fe38 -> 0019f46c
04-12 14:13:39.377 24310 24351 I ax36e   : i> 00005F20 CreateGuestTrampoline
04-12 14:13:39.377 24310 24351 I ax36e   : i> 00005F20 Flush cache:        a0019f000        a001a0000
04-12 14:13:39.377 24310 24351 I ax36e   : i> 00005F20 CreateGuestTrampoline->AddIndirection: 8003fe40 -> 0019f4a0
04-12 14:13:39.377 24310 24351 I ax36e   : i> 00005F20 CreateGuestTrampoline
04-12 14:13:39.377 24310 24351 I ax36e   : i> 00005F20 Flush cache:        a0019f000        a001a0000
04-12 14:13:39.377 24310 24351 I ax36e   : i> 00005F20 CreateGuestTrampoline->AddIndirection: 8003fe48 -> 0019f4d4
04-12 14:13:39.377 24310 24351 I ax36e   : i> 00005F20 CreateGuestTrampoline
04-12 14:13:39.377 24310 24351 I ax36e   : i> 00005F20 Flush cache:        a0019f000        a001a0000
04-12 14:13:39.377 24310 24351 I ax36e   : i> 00005F20 CreateGuestTrampoline->AddIndirection: 8003fe50 -> 0019f508
04-12 14:13:39.377 24310 24351 I ax36e   : i> 00005F20 CreateGuestTrampoline
04-12 14:13:39.377 24310 24351 I ax36e   : i> 00005F20 Flush cache:        a0019f000        a001a0000
04-12 14:13:39.377 24310 24351 I ax36e   : i> 00005F20 CreateGuestTrampoline->AddIndirection: 8003fe58 -> 0019f53c
