04-12 14:17:09.757 26460 26500 I ax360e_native: main_thr: boot_target=--target=content://com.android.externalstorage.documents/tree/primary%3ADownload%2FGameHub%2FPerfect%20Dark/document/primary%3ADownload%2FGameHub%2FPerfect%20Dark%2FForza%20Horizon%20(USA)%20(En%2CJa%2CFr%2CDe%2CEs%2CIt%2CPt%2CZh%2CPl%2CRu).iso
04-12 14:17:09.760  2387  2732 I ImeTracker: aenu.ax360e:62bbc27e: onRequestHide at ORIGIN_SERVER reason HIDE_UNSPECIFIED_WINDOW fromUser false
04-12 14:17:09.760  2387  2732 I ImeTracker: aenu.ax360e:62bbc27e: onCancelled at PHASE_SERVER_SHOULD_HIDE
04-12 14:17:09.762  3412  3412 I GoogleInputMethodService: GoogleInputMethodService.onFinishInput():2159 
04-12 14:17:09.763  3412  3412 I Module  : DeviceLockedStatusModuleProvider$Module.updateDeviceLockedStatus():103 repeatCheckTimes = 0, locked = false
04-12 14:17:09.763  3412  3412 I GoogleInputMethodService: GoogleInputMethodService.onStartInput():1434 onStartInput(EditorInfo{EditorInfo{packageName=aenu.ax360e, inputType=0, inputTypeString=NULL, enableLearning=false, autoCorrection=false, autoComplete=false, imeOptions=0, privateImeOptions=null, actionName=UNSPECIFIED, actionLabel=null, initialSelStart=-1, initialSelEnd=-1, initialCapsMode=0, label=null, fieldId=0, fieldName=null, extras=null, hintText=null, hintLocales=[]}}, false)
04-12 14:17:09.763  3412  3412 I AndroidIME: LatinIMEBase.updateInputViewCoverNavigation():312 Update input view padding, isNavbarOverInputWindow=false, bottom inset=55
04-12 14:17:09.763  3412  3412 I Module  : DeviceLockedStatusModuleProvider$Module.updateDeviceLockedStatus():103 repeatCheckTimes = 1, locked = false
04-12 14:17:09.764  2387  2891 W PackageConfigPersister: App-specific configuration not found for packageName: aenu.ax360e and userId: 0
04-12 14:17:09.771 26460 26500 I ax360e_native: main_thr: args parsed, initializing logging
04-12 14:17:09.771 26460 26500 I ax360e_native: main_thr: logging initialized, calling OnInitialize
04-12 14:17:09.771 26460 26501 I ax36e   : i> 00006784 Storage root: /storage/emulated/0/ax360e++
04-12 14:17:09.774 26460 26500 W ax360e_native: android_menu_item: 2  
04-12 14:17:09.774 26460 26500 W ax360e_native: android_menu_item: 0 &File 
04-12 14:17:09.774 26460 26500 W ax360e_native: android_menu_item: 3 &Open... Ctrl+O
04-12 14:17:09.774 26460 26500 W ax360e_native: android_menu_item: 1  
04-12 14:17:09.774 26460 26500 W ax360e_native: android_menu_item: 3 Show content directory... 
04-12 14:17:09.774 26460 26500 W ax360e_native: android_menu_item: 1  
04-12 14:17:09.774 26460 26500 W ax360e_native: android_menu_item: 3 E&xit Alt+F4
04-12 14:17:09.774 26460 26500 W ax360e_native: android_menu_item: 0 &CPU 
04-12 14:17:09.774 26460 26500 W ax360e_native: android_menu_item: 3 &Reset Time Scalar Numpad *
04-12 14:17:09.774 26460 26500 W ax360e_native: android_menu_item: 3 Time Scalar /= 2 Numpad -
04-12 14:17:09.774 26460 26500 W ax360e_native: android_menu_item: 3 Time Scalar *= 2 Numpad +
04-12 14:17:09.774 26460 26500 W ax360e_native: android_menu_item: 1  
04-12 14:17:09.774 26460 26500 W ax360e_native: android_menu_item: 3 Toggle Profiler &Display F3
04-12 14:17:09.774 26460 26500 W ax360e_native: android_menu_item: 3 &Pause/Resume Profiler `
04-12 14:17:09.774 26460 26500 W ax360e_native: android_menu_item: 1  
04-12 14:17:09.774 26460 26500 W ax360e_native: android_menu_item: 3 &Break and Show Guest Debugger Pause/Break
04-12 14:17:09.774 26460 26500 W ax360e_native: android_menu_item: 3 &Break into Host Debugger Ctrl+Pause/Break
04-12 14:17:09.774 26460 26500 W ax360e_native: android_menu_item: 0 &GPU 
04-12 14:17:09.774 26460 26500 W ax360e_native: android_menu_item: 3 &Trace Frame F4
04-12 14:17:09.774 26460 26500 W ax360e_native: android_menu_item: 1  
04-12 14:17:09.774 26460 26500 W ax360e_native: android_menu_item: 3 &Clear Runtime Caches F5
04-12 14:17:09.774 26460 26500 W ax360e_native: android_menu_item: 0 &Display 
04-12 14:17:09.774 26460 26500 W ax360e_native: android_menu_item: 3 &Post-processing settings F6
04-12 14:17:09.774 26460 26500 W ax360e_native: android_menu_item: 1  
04-12 14:17:09.774 26460 26500 W ax360e_native: android_menu_item: 3 &Fullscreen F11
04-12 14:17:09.774 26460 26500 W ax360e_native: android_menu_item: 0 &Help 
04-12 14:17:09.774 26460 26500 W ax360e_native: android_menu_item: 3 FA&Q... F1
04-12 14:17:09.774 26460 26500 W ax360e_native: android_menu_item: 1  
04-12 14:17:09.774 26460 26500 W ax360e_native: android_menu_item: 3 Game &compatibility... 
04-12 14:17:09.774 26460 26500 W ax360e_native: android_menu_item: 1  
04-12 14:17:09.774 26460 26500 W ax360e_native: android_menu_item: 3 Build commit on GitHub... F2
04-12 14:17:09.774 26460 26500 W ax360e_native: android_menu_item: 3 Recent changes on GitHub... 
04-12 14:17:09.774 26460 26500 W ax360e_native: android_menu_item: 1  
04-12 14:17:09.774 26460 26500 W ax360e_native: android_menu_item: 3 &About... 
04-12 14:17:09.774 26460 26501 I ax36e   : i> 00006784 Loaded config: /storage/emulated/0/ax360e++/xenia.config.toml
04-12 14:17:09.774 26460 26501 I ax36e   : i> 00006784 Content root: /storage/emulated/0/ax360e++/content
04-12 14:17:09.774 26460 26501 I ax36e   : i> 00006784 Host cache root: /storage/emulated/0/ax360e++/cache
04-12 14:17:09.774 26460 26501 W ax36e   : w> 00006784 Unable to load Japanese font; JP characters will be boxes
04-12 14:17:09.774 26460 26501 I ax36e   : i> 00006784 Opening Android window...
04-12 14:17:09.774 26460 26500 I ax360e_native: main_thr: OnInitialize succeeded, entering main_loop
04-12 14:17:09.774 26460 26500 I ax360e_native: main_loop: entered
04-12 14:17:09.774 26460 26500 I ax360e_native: main_loop: first iteration, paint_requested=0, event=0
04-12 14:17:09.774 26460 26501 I ax36e   : i> 00006784 main_loop: entered, ui_thread running
04-12 14:17:09.774 26460 26502 I ax360e_native: emu_thr_main: starting Setup...
04-12 14:17:09.775 26460 26501 I ax36e   : i> 00006786 Setup: Initializing Memory...
04-12 14:17:09.782 26460 26501 I ax36e   : i> 00006786 Setup: Initializing Exports...
04-12 14:17:09.782 26460 26501 I ax36e   : i> 00006786 Setup: Initializing Backend...
04-12 14:17:09.782 26460 26501 I ax36e   : i> 00006786 Setup: Initializing Processor...
04-12 14:17:09.783 26460 26501 I ax36e   : i> 00006786 Setup: Initializing Audio...
04-12 14:17:09.783 26460 26501 I ax36e   : i> 00006786 Setup: Initializing Graphics...
04-12 14:17:09.783 26460 26501 I ax36e   : i> 00006786 Setup: Initializing HID...
04-12 14:17:09.783 26460 26501 I ax36e   : i> 00006786 Setup: Initializing VFS...
04-12 14:17:09.828 26460 26501 E ax36e   : !> 00006786 PatchDB: Skipped loading file README.md due to incorrect filename
04-12 14:17:09.891 26460 26501 I ax36e   : i> 00006786 PatchDB: Loaded patches for 473 titles
04-12 14:17:09.891 26460 26501 I ax36e   : i> 00006786 Setup: Initializing Kernel...
04-12 14:17:09.891 26460 26501 I ax36e   : i> 00006786 FindProfiles: Adding profile E0300000A360E000 to profile list
04-12 14:17:09.891 26460 26501 I ax36e   : i> 00006786 ProfileManager: Found 1 Profiles
04-12 14:17:09.891 26460 26501 I ax36e   : i> 00006786 LoadAccount: Loading Account: E0300000A360E000
04-12 14:17:09.891 26460 26501 I ax36e   : i> 00006786 RegisterDevice device: User_E0300000A360E000:
04-12 14:17:09.891 26460 26501 I ax36e   : i> 00006786 devices_ count: 1
04-12 14:17:09.891 26460 26501 I ax36e   : i> 00006786 FIND User_E0300000A360E000: User_E0300000A360E000:
04-12 14:17:09.891 26460 26501 I ax36e   : F> 00006786 HostPathDevice::ResolvePath()
04-12 14:17:09.891 26460 26501 I ax36e   : i> 00006786 Loaded aX360e (GUID: E0300000A360E000) to slot 0
04-12 14:17:09.892 26460 26501 I ax36e   : i> 00006786 RegisterDevice device: User_E0300000A360E000:
04-12 14:17:09.892 26460 26501 I ax36e   : i> 00006786 devices_ count: 1
04-12 14:17:09.892 26460 26501 I ax36e   : i> 00006786 FIND User_E0300000A360E000:\FFFE07D1.gpd User_E0300000A360E000:
04-12 14:17:09.892 26460 26501 I ax36e   : F> 00006786 HostPathDevice::ResolvePath(\FFFE07D1.gpd)
04-12 14:17:09.892 26460 26501 I ax36e   : i> 00006786 devices_ count: 1
04-12 14:17:09.892 26460 26501 I ax36e   : i> 00006786 FIND User_E0300000A360E000:\445007F7.gpd User_E0300000A360E000:
04-12 14:17:09.892 26460 26501 I ax36e   : F> 00006786 HostPathDevice::ResolvePath(\445007F7.gpd)
04-12 14:17:09.893 26460 26501 I ax36e   : i> 00006786 devices_ count: 1
04-12 14:17:09.893 26460 26501 I ax36e   : i> 00006786 FIND User_E0300000A360E000:\4D5307EA.gpd User_E0300000A360E000:
04-12 14:17:09.893 26460 26501 I ax36e   : F> 00006786 HostPathDevice::ResolvePath(\4D5307EA.gpd)
04-12 14:17:09.894 26460 26501 I ax36e   : i> 00006786 devices_ count: 1
04-12 14:17:09.894 26460 26501 I ax36e   : i> 00006786 FIND User_E0300000A360E000:\4D5309C9.gpd User_E0300000A360E000:
04-12 14:17:09.894 26460 26501 I ax36e   : F> 00006786 HostPathDevice::ResolvePath(\4D5309C9.gpd)
04-12 14:17:09.895 26460 26501 I ax36e   : i> 00006786 devices_ count: 1
04-12 14:17:09.895 26460 26501 I ax36e   : i> 00006786 FIND User_E0300000A360E000:\4D530AA4.gpd User_E0300000A360E000:
04-12 14:17:09.895 26460 26501 I ax36e   : F> 00006786 HostPathDevice::ResolvePath(\4D530AA4.gpd)
04-12 14:17:09.896 26460 26501 I ax36e   : i> 00006786 devices_ count: 1
04-12 14:17:09.896 26460 26501 I ax36e   : i> 00006786 FIND User_E0300000A360E000:\584109C2.gpd User_E0300000A360E000:
04-12 14:17:09.896 26460 26501 I ax36e   : F> 00006786 HostPathDevice::ResolvePath(\584109C2.gpd)
04-12 14:17:09.898 26460 26501 I ax36e   : i> 00006786 devices_ count: 1
04-12 14:17:09.898 26460 26501 I ax36e   : i> 00006786 FIND User_E0300000A360E000: User_E0300000A360E000:
04-12 14:17:09.898 26460 26501 I ax36e   : F> 00006786 HostPathDevice::ResolvePath()
04-12 14:17:09.898 26460 26501 I ax36e   : i> 00006786 devices_ count: 1
04-12 14:17:09.898 26460 26501 I ax36e   : i> 00006786 FIND User_E0300000A360E000: User_E0300000A360E000:
04-12 14:17:09.898 26460 26501 I ax36e   : F> 00006786 HostPathDevice::ResolvePath()
04-12 14:17:09.898 26460 26501 I ax36e   : i> 00006786 kernel_guest_globals_: 30000000
04-12 14:17:09.898 26460 26501 I ax36e   : i> 00006786 CreateGuestTrampoline
04-12 14:17:09.898 26460 26501 I ax36e   : i> 00006786 Flush cache:        a0019f000        a001a0000
04-12 14:17:09.898 26460 26501 I ax36e   : i> 00006786 CreateGuestTrampoline->AddIndirection: 8003fe00 -> 0019f300
04-12 14:17:09.898 26460 26501 I ax36e   : i> 00006786 CreateGuestTrampoline
04-12 14:17:09.898 26460 26501 I ax36e   : i> 00006786 Flush cache:        a0019f000        a001a0000
04-12 14:17:09.898 26460 26501 I ax36e   : i> 00006786 CreateGuestTrampoline->AddIndirection: 8003fe08 -> 0019f334
04-12 14:17:09.898 26460 26501 I ax36e   : i> 00006786 CreateGuestTrampoline
04-12 14:17:09.898 26460 26501 I ax36e   : i> 00006786 Flush cache:        a0019f000        a001a0000
04-12 14:17:09.898 26460 26501 I ax36e   : i> 00006786 CreateGuestTrampoline->AddIndirection: 8003fe10 -> 0019f368
04-12 14:17:09.898 26460 26501 I ax36e   : i> 00006786 CreateGuestTrampoline
04-12 14:17:09.898 26460 26501 I ax36e   : i> 00006786 Flush cache:        a0019f000        a001a0000
04-12 14:17:09.898 26460 26501 I ax36e   : i> 00006786 CreateGuestTrampoline->AddIndirection: 8003fe18 -> 0019f39c
04-12 14:17:09.898 26460 26501 I ax36e   : i> 00006786 CreateGuestTrampoline
04-12 14:17:09.898 26460 26501 I ax36e   : i> 00006786 Flush cache:        a0019f000        a001a0000
04-12 14:17:09.898 26460 26501 I ax36e   : i> 00006786 CreateGuestTrampoline->AddIndirection: 8003fe20 -> 0019f3d0
04-12 14:17:09.898 26460 26501 I ax36e   : i> 00006786 CreateGuestTrampoline
04-12 14:17:09.898 26460 26501 I ax36e   : i> 00006786 Flush cache:        a0019f000        a001a0000
04-12 14:17:09.898 26460 26501 I ax36e   : i> 00006786 CreateGuestTrampoline->AddIndirection: 8003fe28 -> 0019f404
04-12 14:17:09.898 26460 26501 I ax36e   : i> 00006786 CreateGuestTrampoline
04-12 14:17:09.898 26460 26501 I ax36e   : i> 00006786 Flush cache:        a0019f000        a001a0000
04-12 14:17:09.898 26460 26501 I ax36e   : i> 00006786 CreateGuestTrampoline->AddIndirection: 8003fe30 -> 0019f438
04-12 14:17:09.898 26460 26501 I ax36e   : i> 00006786 CreateGuestTrampoline
04-12 14:17:09.898 26460 26501 I ax36e   : i> 00006786 Flush cache:        a0019f000        a001a0000
04-12 14:17:09.898 26460 26501 I ax36e   : i> 00006786 CreateGuestTrampoline->AddIndirection: 8003fe38 -> 0019f46c
04-12 14:17:09.898 26460 26501 I ax36e   : i> 00006786 CreateGuestTrampoline
04-12 14:17:09.898 26460 26501 I ax36e   : i> 00006786 Flush cache:        a0019f000        a001a0000
04-12 14:17:09.898 26460 26501 I ax36e   : i> 00006786 CreateGuestTrampoline->AddIndirection: 8003fe40 -> 0019f4a0
04-12 14:17:09.898 26460 26501 I ax36e   : i> 00006786 CreateGuestTrampoline
04-12 14:17:09.898 26460 26501 I ax36e   : i> 00006786 Flush cache:        a0019f000        a001a0000
04-12 14:17:09.898 26460 26501 I ax36e   : i> 00006786 CreateGuestTrampoline->AddIndirection: 8003fe48 -> 0019f4d4
04-12 14:17:09.898 26460 26501 I ax36e   : i> 00006786 CreateGuestTrampoline
04-12 14:17:09.898 26460 26501 I ax36e   : i> 00006786 Flush cache:        a0019f000        a001a0000
04-12 14:17:09.898 26460 26501 I ax36e   : i> 00006786 CreateGuestTrampoline->AddIndirection: 8003fe50 -> 0019f508
04-12 14:17:09.898 26460 26501 I ax36e   : i> 00006786 CreateGuestTrampoline
04-12 14:17:09.898 26460 26501 I ax36e   : i> 00006786 Flush cache:        a0019f000        a001a0000
04-12 14:17:09.898 26460 26501 I ax36e   : i> 00006786 CreateGuestTrampoline->AddIndirection: 8003fe58 -> 0019f53c
04-12 14:17:09.898 26460 26501 I ax36e   : i> 00006786 Added handle:F8000000 for N2xe6kernel7XObjectE
04-12 14:17:09.898 26460 26501 I ax36e   : i> 00006786 Added handle:01000004 for N2xe6kernel7XObjectE
04-12 14:17:09.898 26460 26501 I ax36e   : i> 00006786 Added handle:01000008 for N2xe6kernel7XObjectE
04-12 14:17:09.895 26460 26460 W Emulator: type=1400 audit(0.0:9385): avc:  granted  { execute } for  path="/data/data/aenu.ax360e/android_stub/libcutils.so" dev="dm-61" ino=101889 scontext=u:r:untrusted_app:s0:c154,c256,c512,c768 tcontext=u:object_r:app_data_file:s0:c154,c256,c512,c768 tclass=file
04-12 14:17:09.895 26460 26460 W Emulator: type=1400 audit(0.0:9386): avc:  granted  { execute } for  path="/data/data/aenu.ax360e/android_stub/libhardware.so" dev="dm-61" ino=101890 scontext=u:r:untrusted_app:s0:c154,c256,c512,c768 tcontext=u:object_r:app_data_file:s0:c154,c256,c512,c768 tclass=file
04-12 14:17:09.895 26460 26460 W Emulator: type=1400 audit(0.0:9387): avc:  granted  { execute } for  path="/data/data/aenu.ax360e/android_stub/libsync.so" dev="dm-61" ino=101895 scontext=u:r:untrusted_app:s0:c154,c256,c512,c768 tcontext=u:object_r:app_data_file:s0:c154,c256,c512,c768 tclass=file
04-12 14:17:09.899 26460 26501 I ax36e   : i> 00006786 Added handle:0100000C for N2xe6kernel7XObjectE
04-12 14:17:09.899 26460 26501 I ax36e   : i> 00006786 Setup: Starting graphics_system...
04-12 14:17:09.900 26460 26501 I ax36e   : i> 00006786 Using custom Vulkan driver: /data/user/0/aenu.ax360e/app_custom_drivers/libvulkan_freedreno.so
04-12 14:17:09.900 26460 26501 I ax36e   : i> 00006786 Preparing Android stub preload for custom driver: /data/user/0/aenu.ax360e/app_custom_drivers/libvulkan_freedreno.so
04-12 14:17:09.900 26460 26501 I ax36e   : i> 00006786 Attempting Android stub preload from explicit path: /data/user/0/aenu.ax360e/android_stub/libcutils.so
04-12 14:17:09.900 26460 26501 I ax36e   : i> 00006786 Preloaded Android stub library from explicit path: /data/user/0/aenu.ax360e/android_stub/libcutils.so
04-12 14:17:09.900 26460 26501 I ax36e   : i> 00006786 Attempting Android stub preload from explicit path: /data/user/0/aenu.ax360e/android_stub/libhardware.so
04-12 14:17:09.900 26460 26501 I ax36e   : i> 00006786 Preloaded Android stub library from explicit path: /data/user/0/aenu.ax360e/android_stub/libhardware.so
04-12 14:17:09.900 26460 26501 I ax36e   : i> 00006786 Attempting Android stub preload from explicit path: /data/user/0/aenu.ax360e/android_stub/libsync.so
04-12 14:17:09.900 26460 26501 I ax36e   : i> 00006786 Preloaded Android stub library from explicit path: /data/user/0/aenu.ax360e/android_stub/libsync.so
04-12 14:17:09.900 26460 26501 I ax36e   : i> 00006786 Resolving android_get_exported_namespace for custom driver load
04-12 14:17:09.900 26460 26501 W ax36e   : w> 00006786 android_get_exported_namespace unavailable; skipping namespace loading and falling back to memfd/direct custom-driver load attempts
04-12 14:17:09.900 26460 26501 I ax36e   : i> 00006786 Attempting memfd-backed custom driver load without explicit namespace
04-12 14:17:09.923  1968  1968 I adbd    : Remote process closed the socket (on MSG_PEEK)
04-12 14:17:09.926  2387  2512 I WindowManager: WIN DEATH: Window{b721322 u0 aenu.ax360e/aenu.ax360e.EmulatorActivity}
04-12 14:17:09.926  1411  1411 I Zygote  : Process 26460 exited due to signal 11 (Segmentation fault)
04-12 14:17:09.926  2387  2512 W InputManager-JNI: Input channel object 'b721322 aenu.ax360e/aenu.ax360e.EmulatorActivity (client)' was disposed without first being removed with the input manager!
04-12 14:17:09.927  2387  3388 I ImeTracker: aenu.ax360e:fe4e36f4: onRequestHide at ORIGIN_SERVER reason HIDE_REMOVE_CLIENT fromUser false
04-12 14:17:09.927  2387  3388 I ImeTracker: aenu.ax360e:fe4e36f4: onCancelled at PHASE_SERVER_SHOULD_HIDE
04-12 14:17:09.927  2387  2997 I ActivityManager: Process aenu.ax360e:emu (pid 26460) has died: fg  TOP 
04-12 14:17:09.927  1521  1521 I vendor.qti.hardware.servicetrackeraidl-service: killProcess is called for pid : 26460
04-12 14:17:09.927  2387  4063 W WindowManager: Cannot find window which accessibility connection is added to
04-12 14:17:09.928  2387  2997 W ActivityTaskManager: Force removing ActivityRecord{da8faa4 u0 aenu.ax360e/.EmulatorActivity t233}: app died, no saved state
04-12 14:17:09.928  2387  2997 I HidlServiceManagement: Trying to get transport of vendor.qti.hardware.servicetracker@1.2::IServicetracker/default without hwservicemanager
04-12 14:17:09.928  2387  2997 W ActivityTaskManager: servicetracker HIDL not available
04-12 14:17:09.928  2387  2997 E ActivityTaskManager: Unable to get servicetracker HAL instance
04-12 14:17:09.928  2387  2997 I HidlServiceManagement: Trying to get transport of vendor.qti.hardware.servicetracker@1.2::IServicetracker/default without hwservicemanager
04-12 14:17:09.928  2387  2997 W ActivityTaskManager: servicetracker HIDL not available
04-12 14:17:09.928  2387  2997 E ActivityTaskManager: Unable to get servicetracker HAL instance
04-12 14:17:09.928  2387  2997 I HidlServiceManagement: Trying to get transport of vendor.qti.hardware.servicetracker@1.2::IServicetracker/default without hwservicemanager
04-12 14:17:09.928  2387  2997 W ActivityTaskManager: servicetracker HIDL not available
04-12 14:17:09.928  2387  2997 E ActivityTaskManager: Unable to get servicetracker HAL instance
04-12 14:17:09.929  1514  1673 E PERFHAL-BOOSTCONFIG: PERFHAL-BOOSTCONFIG: GetBoostConfig() 1456: Not able to fetch object
04-12 14:17:09.929  3449  3476 E Thermal-Lib: Thermal-Lib-Client:thermal_client_config_query: could not connect to socket
04-12 14:17:09.929  2387  2997 I HidlServiceManagement: Trying to get transport of vendor.qti.hardware.servicetracker@1.2::IServicetracker/default without hwservicemanager
04-12 14:17:09.929  2387  2997 W ActivityTaskManager: servicetracker HIDL not available
04-12 14:17:09.929  2387  2997 E ActivityTaskManager: Unable to get servicetracker HAL instance
04-12 14:17:09.929  2858  2994 V WindowManagerShell: Transition requested (#429): android.os.BinderProxy@3fe9c49 TransitionRequestInfo { type = CLOSE, triggerTask = null, pipTask = null, remoteTransition = null, displayChange = null, flags = 0, debugId = 429 }
04-12 14:17:09.929  2387  2555 W ActivityManager: setHasOverlayUi called on unknown pid: 26460
04-12 14:17:09.931  2387  2555 V WindowManager: Unknown focus tokens, dropping reportFocusChanged
04-12 14:17:09.931  2387  2573 I libprocessgroup: Removed cgroup /sys/fs/cgroup/uid_10154/pid_26460
04-12 14:17:09.938  1551  1551 I BpBinder: onLastStrongRef automatically unlinking death recipients: 
04-12 14:17:09.939  2858  7480 V WindowManagerShell: onTransitionReady(transaction=10252086973652)
04-12 14:17:09.939  2858  2994 V WindowManagerShell: onTransitionReady (#429) android.os.BinderProxy@3fe9c49: {id=429 t=CLOSE f=0x0 trk=0 opt={t=FROM_STYLE} r=[0@Point(0, 0)] c=[{null m=TO_FRONT f=FILLS_TASK leash=Surface(name=ActivityRecord{efb10a7 u0 aenu.ax360e/.MainActivity)/@0x7cf94e sb=Rect(0, 0 - 1920, 1080) eb=Rect(0, 0 - 1920, 1080) d=0 bc=fffef7ff component=aenu.ax360e/.MainActivity}]}
04-12 14:17:09.939  2858  2994 V WindowManagerShell: Playing animation for (#429) android.os.BinderProxy@3fe9c49@0
04-12 14:17:09.939  2858  2994 V WindowManagerShell:  try handler com.android.wm.shell.transition.DefaultMixedHandler@640c055
04-12 14:17:09.939  2858  2994 V WindowManagerShell:  try handler com.android.wm.shell.keyguard.KeyguardTransitionHandler@ae9fa6a
04-12 14:17:09.939  2858  2994 V WindowManagerShell:  try handler com.android.wm.shell.pip.PipTransition@612833
04-12 14:17:09.939  2858  2994 V WindowManagerShell:  try handler com.android.wm.shell.activityembedding.ActivityEmbeddingController@e0fd7f0
04-12 14:17:09.939  2858  2994 V WindowManagerShell:  try handler com.android.wm.shell.recents.RecentsTransitionHandler@42a4169
04-12 14:17:09.939  2858  2994 V ShellRecents: RecentsTransitionHandler.startAnimation: no controller found
04-12 14:17:09.939  2858  2994 V WindowManagerShell:  try handler com.android.wm.shell.splitscreen.StageCoordinator@62207ee
04-12 14:17:09.939  2858  2994 V WindowManagerShell:  try handler com.android.wm.shell.transition.RemoteTransitionHandler@afc148f
04-12 14:17:09.939  2858  2994 V WindowManagerShell: Transition doesn't have explicit remote, search filters for match for {id=429 t=CLOSE f=0x0 trk=0 opt={t=FROM_STYLE} r=[0@Point(0, 0)] c=[{null m=TO_FRONT f=FILLS_TASK leash=Surface(name=ActivityRecord{efb10a7 u0 aenu.ax360e/.MainActivity)/@0x7cf94e sb=Rect(0, 0 - 1920, 1080) eb=Rect(0, 0 - 1920, 1080) d=0 bc=fffef7ff component=aenu.ax360e/.MainActivity}]}
04-12 14:17:09.940  2858  2994 V WindowManagerShell:  Checking filter Pair{{types=[] flags=0x0] notFlags=0x100 checks=[{atype=home independent=true modes=[OPEN,TO_FRONT] flags=NONE mustBeTask=false order=TOP topActivity=ComponentInfo{com.android.launcher3/com.android.launcher3.uioverrides.QuickstepLauncher} launchCookie=null},{atype=standard independent=true modes=[CLOSE,TO_BACK] flags=NONE mustBeTask=false order=ANY topActivity=null launchCookie=null}]} RemoteTransition { remoteTransition = android.window.IRemoteTransition$Stub$Proxy@a87b72b, appThread = android.app.IApplicationThread$Stub$Proxy@bda4788, debugName = QuickstepLaunchHome }}
04-12 14:17:09.940  2858  2994 V WindowManagerShell:  Delegate animation for (#429) to null
04-12 14:17:09.940  2858  2994 V WindowManagerShell:  try handler com.android.wm.shell.transition.DefaultTransitionHandler@42ab4fa
04-12 14:17:09.940  2858  2994 V WindowManagerShell: start default transition animation, info = {id=429 t=CLOSE f=0x0 trk=0 opt={t=FROM_STYLE} r=[0@Point(0, 0)] c=[{null m=TO_FRONT f=FILLS_TASK leash=Surface(name=ActivityRecord{efb10a7 u0 aenu.ax360e/.MainActivity)/@0x7cf94e sb=Rect(0, 0 - 1920, 1080) eb=Rect(0, 0 - 1920, 1080) d=0 bc=fffef7ff component=aenu.ax360e/.MainActivity}]}
04-12 14:17:09.941  2858  2994 V WindowManagerShell: loadAnimation: anim=android.view.animation.AnimationSet@18bb405 animAttr=0x6 type=CLOSE isEntrance=true
04-12 14:17:09.941  2387  2552 V WindowManager: Sent Transition (#429) createdAt=04-12 14:17:09.928 via request=TransitionRequestInfo { type = CLOSE, triggerTask = null, pipTask = null, remoteTransition = null, displayChange = null, flags = 0, debugId = 429 }
04-12 14:17:09.941  2387  2552 V WindowManager:     startWCT=WindowContainerTransaction { changes = {} hops = [] errorCallbackToken=null taskFragmentOrganizer=null }
04-12 14:17:09.941  2387  2552 V WindowManager:     info={id=429 t=CLOSE f=0x0 trk=0 opt={t=FROM_STYLE} r=[0@Point(0, 0)] c=[
04-12 14:17:09.941  2387  2552 V WindowManager:         {null m=TO_FRONT f=FILLS_TASK leash=Surface(name=ActivityRecord{efb10a7 u0 aenu.ax360e/.MainActivity)/@0xef0e678 sb=Rect(0, 0 - 1920, 1080) eb=Rect(0, 0 - 1920, 1080) d=0 bc=fffef7ff component=aenu.ax360e/.MainActivity}
04-12 14:17:09.941  2387  2552 V WindowManager:     ]}
04-12 14:17:09.942  2387  3388 W UserManagerService: Requested status bar icon for non-badged user 0
04-12 14:17:09.946  1551  1551 E BpTransactionCompletedListener: Failed to transact (-32)
04-12 14:17:09.950  2387  2732 I ImeTracker: aenu.ax360e:2b4abcd8: onRequestHide at ORIGIN_SERVER reason HIDE_UNSPECIFIED_WINDOW fromUser false
04-12 14:17:09.950  2387  2732 I ImeTracker: aenu.ax360e:2b4abcd8: onCancelled at PHASE_SERVER_SHOULD_HIDE
04-12 14:17:09.951  3412  3412 I GoogleInputMethodService: GoogleInputMethodService.onFinishInput():2159 
04-12 14:17:09.951  3412  3412 I Module  : DeviceLockedStatusModuleProvider$Module.updateDeviceLockedStatus():103 repeatCheckTimes = 0, locked = false
04-12 14:17:09.951  3412  3412 I GoogleInputMethodService: GoogleInputMethodService.onStartInput():1434 onStartInput(EditorInfo{EditorInfo{packageName=aenu.ax360e, inputType=0, inputTypeString=NULL, enableLearning=false, autoCorrection=false, autoComplete=false, imeOptions=0, privateImeOptions=null, actionName=UNSPECIFIED, actionLabel=null, initialSelStart=-1, initialSelEnd=-1, initialCapsMode=0, label=null, fieldId=0, fieldName=null, extras=null, hintText=null, hintLocales=[]}}, false)
04-12 14:17:09.951  3412  3412 I AndroidIME: LatinIMEBase.updateInputViewCoverNavigation():312 Update input view padding, isNavbarOverInputWindow=false, bottom inset=55
04-12 14:17:09.951  3412  3412 I Module  : DeviceLockedStatusModuleProvider$Module.updateDeviceLockedStatus():103 repeatCheckTimes = 1, locked = false
04-12 14:17:09.951  2858  2994 V WindowManagerShell:  animated by com.android.wm.shell.transition.DefaultTransitionHandler@42ab4fa
04-12 14:17:09.952  2387  2997 W PackageConfigPersister: App-specific configuration not found for packageName: aenu.ax360e and userId: 0
04-12 14:17:09.955  1510  1970 I SDM     : ClstcAlgorithmAdapter::UcscToneMap():1634 Checksum for layer 1 is: 812191
04-12 14:17:09.971  1510  1970 I SDM     : ClstcAlgorithmAdapter::UcscToneMap():1634 Checksum for layer 1 is: 812191
04-12 14:17:10.093  1504  1504 W ServiceManagerCppClient: Waited one second for vendor.qti.qesdsys.IQesdSys/default (is service started? Number of threads started in the threadpool: 0. Are binder threads started and available?)
04-12 14:17:10.094   556 26505 W libc    : Unable to set property "ctl.interface_start" to "aidl/vendor.qti.qesdsys.IQesdSys/default": PROP_ERROR_HANDLE_CONTROL_MESSAGE (0x20)
04-12 14:17:10.151  2893  3898 D ApfFilter: (wlan0): Ignoring RA RA fe80::c64f:d5ff:fe03:1e53 -> ff02::1 180s 2601:642:4e00:b720::/64 307376s/307376s DNS 180s 2001:558:feed::1 2001:558:feed::2 RIO 180s ::/0  which matches RA fe80::c64f:d5ff:fe03:1e53 -> ff02::1 180s 2601:642:4e00:b720::/64 307376s/307376s DNS 180s 2001:558:feed::1 2001:558:feed::2 RIO 180s ::/0 
04-12 14:17:10.367  1514  1670 E PERFHAL-UTIL: PERFHAL-UTIL: change_node_val() 204: Failed to update node /proc/sys/walt/sched_per_task_boost with value 26460 0
04-12 14:17:10.367  1514  1670 E PERFHAL-OPTSHANDLER: PERFHAL-OPTSHANDLER: sched_reset_task_boost() 3863: can't reset task 26460
04-12 14:17:10.367  1514  1670 E PERFHAL-RESOURCEQS: PERFHAL-RESOURCEQS: RemoveAndApply() 385: Failed to reset optimization [3, 32]
04-12 14:17:10.407  2858  2994 V WindowManagerShell: Transition animation finished (aborted=false), notifying core (#429) android.os.BinderProxy@3fe9c49@0
04-12 14:17:10.407  2387  2552 V WindowManager: Finish Transition (#429): created at 04-12 14:17:09.928 collect-started=0.02ms request-sent=0.047ms started=2.393ms ready=2.389ms sent=10.905ms finished=479.719ms
04-12 14:17:10.408  2858  2994 V WindowManagerShell: Track 0 became idle
04-12 14:17:10.408  2858  2994 V WindowManagerShell: All active transition animations finished
04-12 14:17:10.408  2387 12698 W UserManagerService: Requested status bar icon for non-badged user 0
04-12 14:17:10.408  2387  3388 W UserManagerService: Requested status bar icon for non-badged user 0
04-12 14:17:10.596  1547  2549 D StreamHalAidl: [out|ioHandle:13] standby
04-12 14:17:10.596  1547  2549 D StreamHalAidl: [out|ioHandle:13] pause
04-12 14:17:10.596  1547  2549 D StreamHalAidl: [out|ioHandle:13] flush
04-12 14:17:10.737  1510  1970 I SDM     : ClstcAlgorithmAdapter::UcscToneMap():1634 Checksum for layer 1 is: 812191
04-12 14:17:10.841  2387 12698 W OptProp : Cannot read opt property android.window.PROPERTY_COMPAT_ALLOW_ORIENTATION_OVERRIDE
04-12 14:17:10.841  2387 12698 I HidlServiceManagement: Trying to get transport of vendor.qti.hardware.servicetracker@1.2::IServicetracker/default without hwservicemanager
04-12 14:17:10.841  2387 12698 W ActivityTaskManager: servicetracker HIDL not available
04-12 14:17:10.841  2387 12698 E ActivityTaskManager: Unable to get servicetracker HAL instance
04-12 14:17:10.841  2387 12698 I HidlServiceManagement: Trying to get transport of vendor.qti.hardware.servicetracker@1.2::IServicetracker/default without hwservicemanager
04-12 14:17:10.841  2387 12698 W ActivityTaskManager: servicetracker HIDL not available
04-12 14:17:10.841  2387 12698 E ActivityTaskManager: Unable to get servicetracker HAL instance
04-12 14:17:10.841  2387 12698 V GrammaticalInflectionUtils: AttributionSource: android.content.AttributionSource@19b39ac2 does not have READ_SYSTEM_GRAMMATICAL_GENDER permission.
04-12 14:17:10.842  2387 12698 W OptProp : Cannot read opt property android.window.PROPERTY_COMPAT_ALLOW_RESIZEABLE_ACTIVITY_OVERRIDES
04-12 14:17:10.842  2387 12698 W OptProp : Cannot read opt property android.window.PROPERTY_COMPAT_ALLOW_MIN_ASPECT_RATIO_OVERRIDE
04-12 14:17:10.842  2387 12698 E CellBroadcastUtils: getDefaultCellBroadcastReceiverPackageName: no package found
04-12 14:17:10.844  3449  3476 E Thermal-Lib: Thermal-Lib-Client:thermal_client_config_query: could not connect to socket
04-12 14:17:10.844  2387 12698 D ActivityTrigger: ActivityTrigger activityPauseTrigger 
04-12 14:17:10.844  2387 12698 I HidlServiceManagement: Trying to get transport of vendor.qti.hardware.servicetracker@1.2::IServicetracker/default without hwservicemanager
04-12 14:17:10.844  2387 12698 W ActivityTaskManager: servicetracker HIDL not available
04-12 14:17:10.844  2387 12698 E ActivityTaskManager: Unable to get servicetracker HAL instance
04-12 14:17:10.844  2387  2555 V GrammaticalInflectionUtils: AttributionSource: android.content.AttributionSource@19b39ac2 does not have READ_SYSTEM_GRAMMATICAL_GENDER permission.
04-12 14:17:10.845  2387 12698 E ActivityTaskManager: START u0 {act=aenu.intent.action.AX360E pkg=aenu.ax360e cmp=aenu.ax360e/.EmulatorActivity (has extras)} with LAUNCH_SINGLE_TASK from uid 10154 (BAL_ALLOW_VISIBLE_WINDOW) result code=0
04-12 14:17:10.847  1514  1670 E PERFHAL-RESOURCEQS: PERFHAL-RESOURCEQS: AddAndApply() 136: Resource value ffffffff is not supported
04-12 14:17:10.849  2858  2994 V WindowManagerShell: Transition requested (#430): android.os.BinderProxy@217ef80 TransitionRequestInfo { type = OPEN, triggerTask = TaskInfo{userId=0 taskId=233 displayId=0 isRunning=true baseIntent=Intent { act=android.intent.action.MAIN cat=[android.intent.category.LAUNCHER] flg=0x10200000 cmp=aenu.ax360e/.MainActivity } baseActivity=ComponentInfo{aenu.ax360e/aenu.ax360e.MainActivity} topActivity=ComponentInfo{aenu.ax360e/aenu.ax360e.EmulatorActivity} origActivity=null realActivity=ComponentInfo{aenu.ax360e/aenu.ax360e.MainActivity} numActivities=2 lastActiveTime=26045853 supportsMultiWindow=true resizeMode=1 isResizeable=true minWidth=-1 minHeight=-1 defaultMinSize=220 token=WCT{android.window.IWindowContainerToken$Stub$Proxy@c2a29b9} topActivityType=1 pictureInPictureParams=null shouldDockBigOverlays=false launchIntoPipHostTaskId=-1 lastParentTaskIdBeforePip=-1 displayCutoutSafeInsets=null topActivityInfo=ActivityInfo{4c051fe aenu.ax360e.EmulatorActivity} launchCookies=[android.os.BinderProxy@c1d601e] positionInParent=Point(0, 0) parentTaskId=-1 isFocused=true isVisible=true isVisibleRequested=true isSleeping=false locusId=null displayAreaFeatureId=1 isTopActivityTransparent=false appCompatTaskInfo=AppCompatTaskInfo { topActivityInSizeCompat=false topActivityEligibleForLetterboxEducation= falseisLetterboxEducationEnabled= false isLetterboxDoubleTapEnabled= false topActivityEligibleForUserAspectRatioButton= false topActivityBoundsLetterboxed= false isFromLetterboxDoubleTap= false topActivityLetterboxVerticalPosition= -1 topActivityLetterboxHorizontalPosition= -1 topActivityLetterboxWidth=1920 topActivityLetterboxHeight=1080 isUserFullscreenOverrideEnabled=false isSystemFullscreenOverrideEnabled=false cameraCompatTaskInfo=CameraCompatTaskInfo { cameraCompatControlState=hidden freeformCameraCompatMode=inactive}}}, pipTask = null, remoteTransition = null, displayChange = null, flags = 0, debugId = 430 }
04-12 14:17:10.850  2387  9493 I HidlServiceManagement: Trying to get transport of vendor.qti.hardware.servicetracker@1.2::IServicetracker/default without hwservicemanager
04-12 14:17:10.850  2387  9493 W ActivityTaskManager: servicetracker HIDL not available
04-12 14:17:10.850  2387  9493 E ActivityTaskManager: Unable to get servicetracker HAL instance
04-12 14:17:10.851  1411  1411 D Zygote  : Forked child process 26509
04-12 14:17:10.851  3449  3476 E Thermal-Lib: Thermal-Lib-Client:thermal_client_config_query: could not connect to socket
04-12 14:17:10.852  1838 17580 W IPCThreadState: Sending oneway calls to frozen process.
04-12 14:17:10.852  2387  2569 I ActivityManager: Start proc 26509:aenu.ax360e:emu/u0a154 for next-top-activity {aenu.ax360e/aenu.ax360e.EmulatorActivity}
04-12 14:17:10.852  2387 12698 D CoreBackPreview: Window{cda4aad u0 Splash Screen aenu.ax360e}: Setting back callback OnBackInvokedCallbackInfo{mCallback=android.window.IOnBackInvokedCallback$Stub$Proxy@2ab0030, mPriority=0, mIsAnimationCallback=false}
04-12 14:17:10.853 26509 26509 I Zygote  : seccomp disabled by setenforce 0
04-12 14:17:10.853  2387 26510 W ContextImpl: Calling a method in the system process without a qualified user: android.app.ContextImpl.sendBroadcast:1249 com.qualcomm.qti.Performance$SendGameLaunchBroadcast.run:273 java.lang.Thread.run:1012 <bottom of call stack> <bottom of call stack> 
04-12 14:17:10.853 26509 26509 I libc    : SetHeapTaggingLevel: tag level set to 0
04-12 14:17:10.856 26509 26509 I aenu.ax360e:emu: Late-enabling -Xcheck:jni
04-12 14:17:10.864 26509 26509 I aenu.ax360e:emu: Using CollectorTypeCMC GC.
04-12 14:17:10.865  1968  2077 I adbd    : jdwp connection from 26509
04-12 14:17:10.867 26509 26509 D nativeloader: Load libframework-connectivity-tiramisu-jni.so using APEX ns com_android_tethering for caller /apex/com.android.tethering/javalib/framework-connectivity-t.jar: ok
04-12 14:17:10.869  2387  9493 D CompatibilityInfo: mCompatibilityFlags - 0
04-12 14:17:10.869  2387  9493 D CompatibilityInfo: applicationDensity - 369
04-12 14:17:10.869  2387  9493 D CompatibilityInfo: applicationScale - 1.0
04-12 14:17:10.870  1551  1551 I BpBinder: onLastStrongRef automatically unlinking death recipients: 
04-12 14:17:10.874 26509 26509 D ApplicationLoaders: Returning zygote-cached class loader: /system_ext/framework/androidx.window.extensions.jar
04-12 14:17:10.874 26509 26509 D ApplicationLoaders: Returning zygote-cached class loader: /system_ext/framework/androidx.window.sidecar.jar
04-12 14:17:10.874 26509 26509 W ziparchive: Unable to open '/data/app/~~ZoCnCUFxQJBc8fCg30Xanw==/aenu.ax360e-gECx2j7eoc-M_ZjhMplCmw==/base.dm': No such file or directory
04-12 14:17:10.875 26509 26509 W ziparchive: Unable to open '/data/app/~~ZoCnCUFxQJBc8fCg30Xanw==/aenu.ax360e-gECx2j7eoc-M_ZjhMplCmw==/base.dm': No such file or directory
04-12 14:17:10.927 26509 26509 D nativeloader: Configuring clns-7 for other apk /data/app/~~ZoCnCUFxQJBc8fCg30Xanw==/aenu.ax360e-gECx2j7eoc-M_ZjhMplCmw==/base.apk. target_sdk_version=35, uses_libraries=, library_path=/data/app/~~ZoCnCUFxQJBc8fCg30Xanw==/aenu.ax360e-gECx2j7eoc-M_ZjhMplCmw==/lib/arm64:/data/app/~~ZoCnCUFxQJBc8fCg30Xanw==/aenu.ax360e-gECx2j7eoc-M_ZjhMplCmw==/base.apk!/lib/arm64-v8a, permitted_path=/data:/mnt/expand:/data/user/0/aenu.ax360e
04-12 14:17:10.927 26509 26509 D CompatChangeReporter: Compat change id reported: 202956589; UID 10154; state: ENABLED
04-12 14:17:10.929 26509 26509 I Perf    : Connecting to perf service.
04-12 14:17:10.930  1498  2547 I AgmIpc::Server: removeSessionHandle removing handle b40000763788e190 for session 126
04-12 14:17:10.930 26509 26509 V GraphicsEnvironment: Currently set values for:
04-12 14:17:10.930 26509 26509 V GraphicsEnvironment:   angle_gl_driver_selection_pkgs=[]
04-12 14:17:10.930 26509 26509 V GraphicsEnvironment:   angle_gl_driver_selection_values=[]
04-12 14:17:10.930 26509 26509 V GraphicsEnvironment: Global.Settings values are invalid: number of packages: 0, number of values: 0
04-12 14:17:10.930 26509 26509 V GraphicsEnvironment: Updatable production driver is not supported on the device.
04-12 14:17:10.931  1498  2547 D AHAL_StreamOut_QTI: standby : usecase: LOW_LATENCY_PLAYBACK IoHandle: 13 
04-12 14:17:10.938  1547  2539 D audioserver: logFgsApiBegin: FGS Logger Transaction failed, -129
04-12 14:17:10.938  2387  9493 W AS.PlaybackActivityMon: No piid assigned for invalid/internal port id 34
04-12 14:17:10.938  1498  2547 D AHAL_StreamOut_QTI: start : usecase: LOW_LATENCY_PLAYBACK IoHandle: 13 
04-12 14:17:10.938  1498  2547 E PERFHAL-CLIENT: PERFHAL-CLIENT: perf_lock_acq() 170: opcode=1077936128 isMvOpcode=0
04-12 14:17:10.938  1498  2547 E PERFHAL-CLIENT: PERFHAL-CLIENT: perf_lock_acq() 170: opcode=1082130432 isMvOpcode=0
04-12 14:17:10.938  1498  2547 D audio_route: Apply path: speaker-vbat
04-12 14:17:10.938  1498  2547 I AgmIpc::Server: SessionInfo created for session 126
04-12 14:17:10.939  1498  2547 D AHAL_StreamOut_QTI: configure : usecase: LOW_LATENCY_PLAYBACK IoHandle: 13 set pal_stream_set_buffer_size to 768 with count 2
04-12 14:17:10.939  1498  2547 E PERFHAL-CLIENT: PERFHAL-CLIENT: perf_lock_acq() 170: opcode=1077936128 isMvOpcode=0
04-12 14:17:10.939  1498  2547 E PERFHAL-CLIENT: PERFHAL-CLIENT: perf_lock_acq() 170: opcode=1082130432 isMvOpcode=0
04-12 14:17:10.940  1498  2547 I GPR:    : vendor/qcom/proprietary/args/gpr/core/src/gpr_drv.c:__gpr_cmd_register_v2:931 GPR Register: Source Port is 8208 heap_index: 0
04-12 14:17:10.942   529  1666 D audioadsprpcd: vendor/qcom/proprietary/adsprpc/src/apps_std_imp.c:382: apps_std_fopen_fd done for ./spv5_module.so.1 with       fopen:9us, read:0us, rpc_alloc:0us,       mmap:0us fd 0x0 error_code 0x2
04-12 14:17:10.942   529  1666 D audioadsprpcd: vendor/qcom/proprietary/adsprpc/src/apps_std_imp.c:382: apps_std_fopen_fd done for ./spv5_module.so.1 with       fopen:1us, read:0us, rpc_alloc:0us,       mmap:0us fd 0x0 error_code 0x2
04-12 14:17:10.942   529  1666 D audioadsprpcd: vendor/qcom/proprietary/adsprpc/src/apps_std_imp.c:382: apps_std_fopen_fd done for /vendor/lib64/rfs/dsp/adsp/./spv5_module.so.1 with       fopen:7us, read:0us, rpc_alloc:0us,       mmap:0us fd 0x0 error_code 0x2
04-12 14:17:10.942   529  1666 D audioadsprpcd: vendor/qcom/proprietary/adsprpc/src/apps_std_imp.c:382: apps_std_fopen_fd done for /vendor/lib64/rfs/dsp/./spv5_module.so.1 with       fopen:1us, read:0us, rpc_alloc:0us,       mmap:0us fd 0x0 error_code 0x2
04-12 14:17:10.942   529  1666 D audioadsprpcd: vendor/qcom/proprietary/adsprpc/src/apps_std_imp.c:382: apps_std_fopen_fd done for /vendor/lib/rfsa/adsp/adsp/./spv5_module.so.1 with       fopen:2us, read:0us, rpc_alloc:0us,       mmap:0us fd 0x0 error_code 0x2
04-12 14:17:10.942   529  1666 D audioadsprpcd: vendor/qcom/proprietary/adsprpc/src/apps_std_imp.c:382: apps_std_fopen_fd done for /vendor/lib/rfsa/adsp/./spv5_module.so.1 with       fopen:1us, read:0us, rpc_alloc:0us,       mmap:0us fd 0x0 error_code 0x2
04-12 14:17:10.942   529  1666 D audioadsprpcd: vendor/qcom/proprietary/adsprpc/src/apps_std_imp.c:382: apps_std_fopen_fd done for /vendor/lib/rfsa/dsp/adsp/./spv5_module.so.1 with       fopen:1us, read:0us, rpc_alloc:0us,       mmap:0us fd 0x0 error_code 0x2
04-12 14:17:10.942   529  1666 D audioadsprpcd: vendor/qcom/proprietary/adsprpc/src/apps_std_imp.c:382: apps_std_fopen_fd done for /vendor/lib/rfsa/dsp/./spv5_module.so.1 with       fopen:1us, read:0us, rpc_alloc:0us,       mmap:0us fd 0x0 error_code 0x2
04-12 14:17:10.942   529  1666 D audioadsprpcd: vendor/qcom/proprietary/adsprpc/src/apps_std_imp.c:382: apps_std_fopen_fd done for /vendor/dsp/adsp/./spv5_module.so.1 with       fopen:12us, read:72us, rpc_alloc:34us,       mmap:354us fd 0xc error_code 0x0
04-12 14:17:10.942   529  1666 I audioadsprpcd: vendor/qcom/proprietary/adsprpc/src/apps_std_imp.c:1133: Successfully opened file /vendor/dsp/adsp/./spv5_module.so.1
04-12 14:17:10.943   529  1666 D audioadsprpcd: vendor/qcom/proprietary/adsprpc/src/apps_std_imp.c:382: apps_std_fopen_fd done for ./CFCM.so.1 with       fopen:3us, read:0us, rpc_alloc:0us,       mmap:0us fd 0x0 error_code 0x2
04-12 14:17:10.943   529  1666 D audioadsprpcd: vendor/qcom/proprietary/adsprpc/src/apps_std_imp.c:382: apps_std_fopen_fd done for ./CFCM.so.1 with       fopen:1us, read:0us, rpc_alloc:0us,       mmap:0us fd 0x0 error_code 0x2
04-12 14:17:10.943   529  1666 D audioadsprpcd: vendor/qcom/proprietary/adsprpc/src/apps_std_imp.c:382: apps_std_fopen_fd done for /vendor/lib64/rfs/dsp/adsp/./CFCM.so.1 with       fopen:2us, read:0us, rpc_alloc:0us,       mmap:0us fd 0x0 error_code 0x2
04-12 14:17:10.943   529  1666 D audioadsprpcd: vendor/qcom/proprietary/adsprpc/src/apps_std_imp.c:382: apps_std_fopen_fd done for /vendor/lib64/rfs/dsp/./CFCM.so.1 with       fopen:1us, read:0us, rpc_alloc:0us,       mmap:0us fd 0x0 error_code 0x2
04-12 14:17:10.943   529  1666 D audioadsprpcd: vendor/qcom/proprietary/adsprpc/src/apps_std_imp.c:382: apps_std_fopen_fd done for /vendor/lib/rfsa/adsp/adsp/./CFCM.so.1 with       fopen:1us, read:0us, rpc_alloc:0us,       mmap:0us fd 0x0 error_code 0x2
04-12 14:17:10.943   529  1666 D audioadsprpcd: vendor/qcom/proprietary/adsprpc/src/apps_std_imp.c:382: apps_std_fopen_fd done for /vendor/lib/rfsa/adsp/./CFCM.so.1 with       fopen:2us, read:0us, rpc_alloc:0us,       mmap:0us fd 0x0 error_code 0x2
04-12 14:17:10.943   529  1666 D audioadsprpcd: vendor/qcom/proprietary/adsprpc/src/apps_std_imp.c:382: apps_std_fopen_fd done for /vendor/lib/rfsa/dsp/adsp/./CFCM.so.1 with       fopen:1us, read:0us, rpc_alloc:0us,       mmap:0us fd 0x0 error_code 0x2
04-12 14:17:10.943   529  1666 D audioadsprpcd: vendor/qcom/proprietary/adsprpc/src/apps_std_imp.c:382: apps_std_fopen_fd done for /vendor/lib/rfsa/dsp/./CFCM.so.1 with       fopen:1us, read:0us, rpc_alloc:0us,       mmap:0us fd 0x0 error_code 0x2
04-12 14:17:10.943   529  1666 D audioadsprpcd: vendor/qcom/proprietary/adsprpc/src/apps_std_imp.c:382: apps_std_fopen_fd done for /vendor/dsp/adsp/./CFCM.so.1 with       fopen:4us, read:9us, rpc_alloc:29us,       mmap:136us fd 0xe error_code 0x0
04-12 14:17:10.943   529  1666 I audioadsprpcd: vendor/qcom/proprietary/adsprpc/src/apps_std_imp.c:1133: Successfully opened file /vendor/dsp/adsp/./CFCM.so.1
04-12 14:17:10.944   529  1666 D audioadsprpcd: vendor/qcom/proprietary/adsprpc/src/apps_std_imp.c:382: apps_std_fopen_fd done for ./SAPlusCmnModule.so.1 with       fopen:3us, read:0us, rpc_alloc:0us,       mmap:0us fd 0x0 error_code 0x2
04-12 14:17:10.944   529  1666 D audioadsprpcd: vendor/qcom/proprietary/adsprpc/src/apps_std_imp.c:382: apps_std_fopen_fd done for ./SAPlusCmnModule.so.1 with       fopen:1us, read:0us, rpc_alloc:0us,       mmap:0us fd 0x0 error_code 0x2
04-12 14:17:10.944   529  1666 D audioadsprpcd: vendor/qcom/proprietary/adsprpc/src/apps_std_imp.c:382: apps_std_fopen_fd done for /vendor/lib64/rfs/dsp/adsp/./SAPlusCmnModule.so.1 with       fopen:1us, read:0us, rpc_alloc:0us,       mmap:0us fd 0x0 error_code 0x2
04-12 14:17:10.944   529  1666 D audioadsprpcd: vendor/qcom/proprietary/adsprpc/src/apps_std_imp.c:382: apps_std_fopen_fd done for /vendor/lib64/rfs/dsp/./SAPlusCmnModule.so.1 with       fopen:1us, read:0us, rpc_alloc:0us,       mmap:0us fd 0x0 error_code 0x2
04-12 14:17:10.944   529  1666 D audioadsprpcd: vendor/qcom/proprietary/adsprpc/src/apps_std_imp.c:382: apps_std_fopen_fd done for /vendor/lib/rfsa/adsp/adsp/./SAPlusCmnModule.so.1 with       fopen:1us, read:0us, rpc_alloc:0us,       mmap:0us fd 0x0 error_code 0x2
04-12 14:17:10.944   529  1666 D audioadsprpcd: vendor/qcom/proprietary/adsprpc/src/apps_std_imp.c:382: apps_std_fopen_fd done for /vendor/lib/rfsa/adsp/./SAPlusCmnModule.so.1 with       fopen:1us, read:0us, rpc_alloc:0us,       mmap:0us fd 0x0 error_code 0x2
04-12 14:17:10.944   529  1666 D audioadsprpcd: vendor/qcom/proprietary/adsprpc/src/apps_std_imp.c:382: apps_std_fopen_fd done for /vendor/lib/rfsa/dsp/adsp/./SAPlusCmnModule.so.1 with       fopen:1us, read:0us, rpc_alloc:0us,       mmap:0us fd 0x0 error_code 0x2
04-12 14:17:10.944   529  1666 D audioadsprpcd: vendor/qcom/proprietary/adsprpc/src/apps_std_imp.c:382: apps_std_fopen_fd done for /vendor/lib/rfsa/dsp/./SAPlusCmnModule.so.1 with       fopen:1us, read:0us, rpc_alloc:0us,       mmap:0us fd 0x0 error_code 0x2
04-12 14:17:10.944   529  1666 D audioadsprpcd: vendor/qcom/proprietary/adsprpc/src/apps_std_imp.c:382: apps_std_fopen_fd done for /vendor/dsp/adsp/./SAPlusCmnModule.so.1 with       fopen:3us, read:54us, rpc_alloc:16us,       mmap:155us fd 0xe error_code 0x0
04-12 14:17:10.944   529  1666 I audioadsprpcd: vendor/qcom/proprietary/adsprpc/src/apps_std_imp.c:1133: Successfully opened file /vendor/dsp/adsp/./SAPlusCmnModule.so.1
04-12 14:17:10.949  1498  2547 I AgmIpc::Server: addSessionHandle sessionId 126 handle b40000763788e190 
04-12 14:17:10.950  1498  2547 D audio_route: Apply path: PM_QOS_Vote
04-12 14:17:10.953 26509 26509 D nativeloader: Load /data/app/~~ZoCnCUFxQJBc8fCg30Xanw==/aenu.ax360e-gECx2j7eoc-M_ZjhMplCmw==/base.apk!/lib/arm64-v8a/libhardware_ProcessorInfo.so using ns clns-7 from class loader (caller=/data/app/~~ZoCnCUFxQJBc8fCg30Xanw==/aenu.ax360e-gECx2j7eoc-M_ZjhMplCmw==/base.apk!classes6.dex): ok
04-12 14:17:10.953 26509 26509 I ax360e_hwinfo: GPU name from sysfs: Adreno830
04-12 14:17:10.953  1498  2547 E AGM: graph: configure_buffer_params: 296 Unsupported buffer mode : 0, Default to Blocking
04-12 14:17:10.958  1498  2547 I AHAL_StreamOut_QTI: configure : usecase: LOW_LATENCY_PLAYBACK IoHandle: 13 : stream is configured
04-12 14:17:10.958  1498  2547 I AHAL_StreamOut_QTI: configure : usecase: LOW_LATENCY_PLAYBACK IoHandle: 13 : completed in 19.3778 ms [pal_stream_open: 0.34875, ms pal_stream_start: 18.9782 ms]
04-12 14:17:10.991 26509 26509 I CustomDriverUtils: Custom GPU driver path set: /data/user/0/aenu.ax360e/app_custom_drivers/libvulkan_freedreno.so
04-12 14:17:10.991 26509 26509 I CustomDriverUtils: Custom GPU driver environment variables set.
04-12 14:17:10.992  2387  9493 I HidlServiceManagement: Trying to get transport of vendor.qti.hardware.servicetracker@1.2::IServicetracker/default without hwservicemanager
04-12 14:17:10.992  2387  9493 W ActivityTaskManager: servicetracker HIDL not available
04-12 14:17:10.992  2387  9493 E ActivityTaskManager: Unable to get servicetracker HAL instance
04-12 14:17:10.993  2387  2552 V WindowManager: Sent Transition (#430) createdAt=04-12 14:17:10.842 via request=TransitionRequestInfo { type = OPEN, triggerTask = TaskInfo{userId=0 taskId=233 displayId=0 isRunning=true baseIntent=Intent { act=android.intent.action.MAIN cat=[android.intent.category.LAUNCHER] flg=0x10200000 cmp=aenu.ax360e/.MainActivity } baseActivity=ComponentInfo{aenu.ax360e/aenu.ax360e.MainActivity} topActivity=ComponentInfo{aenu.ax360e/aenu.ax360e.EmulatorActivity} origActivity=null realActivity=ComponentInfo{aenu.ax360e/aenu.ax360e.MainActivity} numActivities=2 lastActiveTime=26045853 supportsMultiWindow=true resizeMode=1 isResizeable=true minWidth=-1 minHeight=-1 defaultMinSize=220 token=WCT{RemoteToken{924ee09 Task{8232954 #233 type=standard A=10154:aenu.ax360e}}} topActivityType=1 pictureInPictureParams=null shouldDockBigOverlays=false launchIntoPipHostTaskId=-1 lastParentTaskIdBeforePip=-1 displayCutoutSafeInsets=null topActivityInfo=ActivityInfo{3c2a548 aenu.ax360e.EmulatorActivity} launchCookies=[android.os.BinderProxy@ee5222f] positionInParent=Point(0, 0) parentTaskId=-1 isFocused=true isVisible=true isVisibleRequested=true isSleeping=false locusId=null displayAreaFeatureId=1 isTopActivityTransparent=false appCompatTaskInfo=AppCompatTaskInfo { topActivityInSizeCompat=false topActivityEligibleForLetterboxEducation= falseisLetterboxEducationEnabled= false isLetterboxDoubleTapEnabled= false topActivityEligibleForUserAspectRatioButton= false topActivityBoundsLetterboxed= false isFromLetterboxDoubleTap= false topActivityLetterboxVerticalPosition= -1 topActivityLetterboxHorizontalPosition= -1 topActivityLetterboxWidth=1920 topActivityLetterboxHeight=1080 isUserFullscreenOverrideEnabled=false isSystemFullscreenOverrideEnabled=false cameraCompatTaskInfo=CameraCompatTaskInfo { cameraCompatControlState=hidden freeformCameraCompatMode=inactive}}}, pipTask = null, remoteTransition = null, displayChange = null, flags = 0, debugId = 430 }
04-12 14:17:10.993  2387  2552 V WindowManager:     startWCT=WindowContainerTransaction { changes = {} hops = [] errorCallbackToken=null taskFragmentOrganizer=null }
