04-12 14:13:39.377 24310 24351 I ax36e   : i> 00005F20 Added handle:F8000000 for N2xe6kernel7XObjectE
04-12 14:13:39.378 24310 24351 I ax36e   : i> 00005F20 Added handle:01000004 for N2xe6kernel7XObjectE
04-12 14:13:39.378 24310 24351 I ax36e   : i> 00005F20 Added handle:01000008 for N2xe6kernel7XObjectE
04-12 14:13:39.378 24310 24351 I ax36e   : i> 00005F20 Added handle:0100000C for N2xe6kernel7XObjectE
04-12 14:13:39.379 24310 24351 I ax36e   : i> 00005F20 Setup: Starting graphics_system...
04-12 14:13:39.379 24310 24351 I ax36e   : i> 00005F20 Active Vulkan loader library: libvulkan.so
04-12 14:13:39.379 24310 24351 I ax36e   : i> 00005F20 Resolving vkCreateInstance
04-12 14:13:39.379 24310 24351 I ax36e   : i> 00005F20 Resolving vkEnumerateInstanceExtensionProperties
04-12 14:13:39.379 24310 24351 I ax36e   : i> 00005F20 Resolving vkEnumerateInstanceLayerProperties
04-12 14:13:39.379 24310 24351 I ax36e   : i> 00005F20 Enumerating Vulkan instance extensions
04-12 14:13:39.379 24310 24352 I Adreno-UNKNOWN: Using previously loaded IMapper library.
04-12 14:13:39.379 24310 24351 I ax36e   : i> 00005F20 Creating Vulkan instance with 3 extensions and 0 layers
04-12 14:13:39.379 24310 24352 I Adreno-UNKNOWN: Using previously loaded IMapper library.
04-12 14:13:39.379 24310 24352 I AdrenoVK-0: QUALCOMM build          : a9ee82cd83, If0819e6d27
04-12 14:13:39.379 24310 24352 I AdrenoVK-0: Build Date              : 10/08/25
04-12 14:13:39.379 24310 24352 I AdrenoVK-0: Shader Compiler Version : E031.47.18.42
04-12 14:13:39.379 24310 24352 I AdrenoVK-0: Local Branch            : 
04-12 14:13:39.379 24310 24352 I AdrenoVK-0: Remote Branch           : refs/tags/AU_LINUX_ANDROID_LA.VENDOR.15.4.0.11.00.00.1088.743
04-12 14:13:39.379 24310 24352 I AdrenoVK-0: Remote Branch           : NONE
04-12 14:13:39.379 24310 24352 I AdrenoVK-0: Reconstruct Branch      : NOTHING
04-12 14:13:39.379 24310 24352 I AdrenoVK-0: Build Config            : S P 18.0.0 AArch64
04-12 14:13:39.379 24310 24352 I AdrenoVK-0: Driver Path             : /vendor/lib64/hw/vulkan.adreno.so
04-12 14:13:39.379 24310 24352 I AdrenoVK-0: Driver Version          : 0800.58
04-12 14:13:39.379 24310 24352 I AdrenoVK-0: PFP                     : 0x01500077
04-12 14:13:39.379 24310 24352 I AdrenoVK-0: ME                      : 0x01500014
04-12 14:13:39.379 24310 24352 I AdrenoVK-0: Application Name    : Xenia
04-12 14:13:39.379 24310 24352 I AdrenoVK-0: Process Name        : aenu.ax360e:emu
04-12 14:13:39.379 24310 24352 I AdrenoVK-0: Application Version : 0x00000001
04-12 14:13:39.379 24310 24352 I AdrenoVK-0: Engine Name         : (null)
04-12 14:13:39.379 24310 24352 I AdrenoVK-0: Engine Version      : 0x00000000
04-12 14:13:39.379 24310 24352 I AdrenoVK-0: Api Version         : 0x00403000
04-12 14:13:39.380 24310 24351 I ax36e   : i> 00005F20 Created Vulkan instance successfully
04-12 14:13:39.380 24310 24351 I ax36e   : i> 00005F20 Vulkan instance API version 1.3.0. Enabled layers and extensions:
04-12 14:13:39.380 24310 24351 I ax36e   : i> 00005F20 * VK_KHR_surface
04-12 14:13:39.380 24310 24351 I ax36e   : i> 00005F20 * VK_KHR_android_surface
04-12 14:13:39.380 24310 24351 I ax36e   : i> 00005F20 * VK_EXT_debug_utils
04-12 14:13:39.380 24310 24351 W ax36e   : w> 00005F20 Available Vulkan physical devices (use the 'vulkan_device' configuration variable to force a specific device):
04-12 14:13:39.380 24310 24351 W ax36e   : w> 00005F20 * 0: Adreno (TM) 830
04-12 14:13:39.380 24310 24351 I ax36e   : i> 00005F20 Vulkan device 'Adreno (TM) 830': API 1.3.284, vendor 0x5143, device 0x44050000, driver version 0x8032003A
04-12 14:13:39.381 24310 24351 I ax36e   : i> 00005F20 Enabled Vulkan device extensions:
04-12 14:13:39.381 24310 24351 I ax36e   : i> 00005F20 * VK_EXT_shader_stencil_export
04-12 14:13:39.381 24310 24351 I ax36e   : i> 00005F20 * VK_KHR_swapchain
04-12 14:13:39.381 24310 24351 I ax36e   : i> 00005F20 Vulkan device properties and enabled features:
04-12 14:13:39.381 24310 24351 I ax36e   : i> 00005F20 * driverID: QualcommProprietary
04-12 14:13:39.381 24310 24351 I ax36e   : i> 00005F20 * driverName: Qualcomm Technologies Inc. Adreno Vulkan Driver
04-12 14:13:39.381 24310 24351 I ax36e   : i> 00005F20 * driverInfo: Driver Build: a9ee82cd83, If0819e6d27, 1759945866
04-12 14:13:39.381 24310 24351 I ax36e   : Date: 10/08/25
04-12 14:13:39.381 24310 24351 I ax36e   : Compiler Version: E031.47.18.42
04-12 14:13:39.381 24310 24351 I ax36e   : Driver Branch: 
04-12 14:13:39.381 24310 24351 I ax36e   : i> 00005F20 * conformanceVersion: 1.3.8.0
04-12 14:13:39.381 24310 24351 I ax36e   : i> 00005F20 * maxImageDimension2D: 16384
04-12 14:13:39.381 24310 24351 I ax36e   : i> 00005F20 * maxImageDimension3D: 2048
04-12 14:13:39.381 24310 24351 I ax36e   : i> 00005F20 * maxImageDimensionCube: 16384
04-12 14:13:39.381 24310 24351 I ax36e   : i> 00005F20 * maxImageArrayLayers: 2048
04-12 14:13:39.381 24310 24351 I ax36e   : i> 00005F20 * maxStorageBufferRange: 2147483647
04-12 14:13:39.381 24310 24351 I ax36e   : i> 00005F20 * maxSamplerAllocationCount: 65536
04-12 14:13:39.381 24310 24351 I ax36e   : i> 00005F20 * maxPerStageDescriptorSamplers: 16777216
04-12 14:13:39.381 24310 24351 I ax36e   : i> 00005F20 * maxPerStageDescriptorStorageBuffers: 16777216
04-12 14:13:39.381 24310 24351 I ax36e   : i> 00005F20 * maxPerStageDescriptorSampledImages: 16777216
04-12 14:13:39.381 24310 24351 I ax36e   : i> 00005F20 * maxPerStageResources: 50331648
04-12 14:13:39.382 24310 24351 I ax36e   : i> 00005F20 * maxVertexOutputComponents: 128
04-12 14:13:39.382 24310 24351 I ax36e   : i> 00005F20 * maxTessellationEvaluationOutputComponents: 128
04-12 14:13:39.382 24310 24351 I ax36e   : i> 00005F20 * maxGeometryInputComponents: 128
04-12 14:13:39.382 24310 24351 I ax36e   : i> 00005F20 * maxGeometryOutputComponents: 128
04-12 14:13:39.382 24310 24351 I ax36e   : i> 00005F20 * maxFragmentInputComponents: 112
04-12 14:13:39.382 24310 24351 I ax36e   : i> 00005F20 * maxFragmentCombinedOutputResources: 33554440
04-12 14:13:39.382 24310 24351 I ax36e   : i> 00005F20 * maxSamplerAnisotropy: 16
04-12 14:13:39.382 24310 24351 I ax36e   : i> 00005F20 * maxViewportDimensions[0]: 16384
04-12 14:13:39.382 24310 24351 I ax36e   : i> 00005F20 * maxViewportDimensions[1]: 16384
04-12 14:13:39.382 24310 24351 I ax36e   : i> 00005F20 * minUniformBufferOffsetAlignment: 256
04-12 14:13:39.382 24310 24351 I ax36e   : i> 00005F20 * minStorageBufferOffsetAlignment: 64
04-12 14:13:39.382 24310 24351 I ax36e   : i> 00005F20 * maxFramebufferWidth: 16384
04-12 14:13:39.382 24310 24351 I ax36e   : i> 00005F20 * maxFramebufferHeight: 16384
04-12 14:13:39.382 24310 24351 I ax36e   : i> 00005F20 * framebufferColorSampleCounts: { 1 | 2 | 4 }
04-12 14:13:39.382 24310 24351 I ax36e   : i> 00005F20 * framebufferDepthSampleCounts: { 1 | 2 | 4 }
04-12 14:13:39.382 24310 24351 I ax36e   : i> 00005F20 * framebufferStencilSampleCounts: { 1 | 2 | 4 }
04-12 14:13:39.382 24310 24351 I ax36e   : i> 00005F20 * framebufferNoAttachmentsSampleCounts: { 1 | 2 | 4 }
04-12 14:13:39.382 24310 24351 I ax36e   : i> 00005F20 * sampledImageColorSampleCounts: { 1 | 2 | 4 }
04-12 14:13:39.382 24310 24351 I ax36e   : i> 00005F20 * sampledImageIntegerSampleCounts: { 1 | 2 | 4 }
04-12 14:13:39.382 24310 24351 I ax36e   : i> 00005F20 * sampledImageDepthSampleCounts: { 1 | 2 | 4 }
04-12 14:13:39.382 24310 24351 I ax36e   : i> 00005F20 * sampledImageStencilSampleCounts: { 1 | 2 | 4 }
04-12 14:13:39.382 24310 24351 I ax36e   : i> 00005F20 * standardSampleLocations: 1
04-12 14:13:39.382 24310 24351 I ax36e   : i> 00005F20 * optimalBufferCopyOffsetAlignment: 64
04-12 14:13:39.382 24310 24351 I ax36e   : i> 00005F20 * optimalBufferCopyRowPitchAlignment: 64
04-12 14:13:39.382 24310 24351 I ax36e   : i> 00005F20 * nonCoherentAtomSize: 1
04-12 14:13:39.382 24310 24351 I ax36e   : i> 00005F20 * robustBufferAccess
04-12 14:13:39.382 24310 24351 I ax36e   : i> 00005F20 * fullDrawIndexUint32
04-12 14:13:39.382 24310 24351 I ax36e   : i> 00005F20 * independentBlend
04-12 14:13:39.382 24310 24351 I ax36e   : i> 00005F20 * geometryShader
04-12 14:13:39.382 24310 24351 I ax36e   : i> 00005F20 * tessellationShader
04-12 14:13:39.382 24310 24351 I ax36e   : i> 00005F20 * sampleRateShading
04-12 14:13:39.382 24310 24351 I ax36e   : i> 00005F20 * depthClamp
04-12 14:13:39.382 24310 24351 I ax36e   : i> 00005F20 * fillModeNonSolid
04-12 14:13:39.382 24310 24351 I ax36e   : i> 00005F20 * samplerAnisotropy
04-12 14:13:39.382 24310 24351 I ax36e   : i> 00005F20 * occlusionQueryPrecise
04-12 14:13:39.382 24310 24351 I ax36e   : i> 00005F20 * vertexPipelineStoresAndAtomics
04-12 14:13:39.382 24310 24351 I ax36e   : i> 00005F20 * fragmentStoresAndAtomics
04-12 14:13:39.382 24310 24351 I ax36e   : i> 00005F20 * shaderClipDistance
04-12 14:13:39.382 24310 24351 I ax36e   : i> 00005F20 * shaderCullDistance
04-12 14:13:39.382 24310 24351 I ax36e   : i> 00005F20 * sparseBinding
04-12 14:13:39.382 24310 24351 I ax36e   : i> 00005F20 * sparseResidencyBuffer
04-12 14:13:39.382 24310 24351 I ax36e   : i> 00005F20 * samplerMirrorClampToEdge
04-12 14:13:39.382 24310 24351 I ax36e   : i> 00005F20 * shaderDemoteToHelperInvocation
04-12 14:13:39.382 24310 24351 I ax36e   : i> 00005F20 * constantAlphaColorBlendFactors
04-12 14:13:39.382 24310 24351 I ax36e   : i> 00005F20 * imageViewFormatReinterpretation
04-12 14:13:39.382 24310 24351 I ax36e   : i> 00005F20 * imageViewFormatSwizzle
04-12 14:13:39.382 24310 24351 I ax36e   : i> 00005F20 * pointPolygons
04-12 14:13:39.382 24310 24351 I ax36e   : i> 00005F20 * separateStencilMaskRef
04-12 14:13:39.382 24310 24351 I ax36e   : i> 00005F20 * shaderSampleRateInterpolationFunctions
04-12 14:13:39.382 24310 24351 I ax36e   : i> 00005F20 * triangleFans
04-12 14:13:39.382 24310 24351 I ax36e   : i> 00005F20 * shaderSignedZeroInfNanPreserveFloat32: 1
04-12 14:13:39.382 24310 24351 I ax36e   : i> 00005F20 * shaderDenormFlushToZeroFloat32: 1
04-12 14:13:39.382 24310 24351 I ax36e   : i> 00005F20 * shaderRoundingModeRTEFloat32: 1
04-12 14:13:39.382 24310 24351 I ax36e   : i> 00005F20 Detected Qualcomm Adreno GPU (Vendor ID: 0x5143)
04-12 14:13:39.406 24310 24351 I ax36e   : i> 00005F20 Added handle:01000010 for N2xe6kernel7XObjectE
04-12 14:13:39.406 24310 24351 I ax36e   : i> 00005F20 XThread01000010 (1) Stack: 70010000-70030000
04-12 14:13:39.406 24310 24351 I ax36e   : i> 00005F20 ####### 30000128 30000188 ++ 830000128
04-12 14:13:39.406 24310 24351 I ax36e   : i> 00005F20 XeHostList: 3000012C -> 83000012C
04-12 14:13:39.406 24310 24351 I ax36e   : i> 00005F20 Added handle:01000014 for N2xe6kernel7XObjectE
04-12 14:13:39.406 24310 24351 I ax36e   : i> 00005F20 XThread01000014 (2) Stack: 70050000-70070000
04-12 14:13:39.406 24310 24351 I ax36e   : i> 00005F20 ####### 30000128 30000188 ++ 830000128
04-12 14:13:39.406 24310 24351 I ax36e   : i> 00005F20 XeHostList: 3000D128 -> 83000D128
04-12 14:13:39.406 24310 24351 I ax36e   : K> 01000010 XThread::Execute thid 1 (handle=01000010, 'GPU Commands (01000010)', native=CEC02730, <host>)
04-12 14:13:39.406 24310 24351 W ax36e   : w> 00005F20 Falling back to non-privileged thread priority for requested priority 1 because negative niceness requires elevated privileges
04-12 14:13:39.406 24310 24351 I ax36e   : i> 00005F20 Setup: Starting audio_system...
04-12 14:13:39.406 24310 24351 I ax36e   : K> 01000014 XThread::Execute thid 2 (handle=01000014, 'GPU Frame limiter (01000014)', native=CCBF6730, <host>)
04-12 14:13:39.439 24310 24351 I ax36e   : i> 00005F20 Added handle:01000018 for N2xe6kernel7XObjectE
04-12 14:13:39.439 24310 24351 I ax36e   : i> 00005F20 XThread01000018 (3) Stack: 70090000-700B0000
04-12 14:13:39.439 24310 24351 I ax36e   : i> 00005F20 ####### 30000128 30000188 ++ 830000128
04-12 14:13:39.439 24310 24351 I ax36e   : i> 00005F20 XeHostList: 30011128 -> 830011128
04-12 14:13:39.439 24310 24351 I ax36e   : i> 00005F20 Added handle:0100001C for N2xe6kernel7XObjectE
04-12 14:13:39.439 24310 24351 I ax36e   : i> 00005F20 XThread0100001C (4) Stack: 700D0000-700F0000
04-12 14:13:39.439 24310 24351 I ax36e   : i> 00005F20 ####### 300001E8 30000188 ++ 8300001E8
04-12 14:13:39.439 24310 24351 I ax36e   : K> 01000018 XThread::Execute thid 3 (handle=01000018, 'XMA Decoder (01000018)', native=BE5A6730, <host>)
04-12 14:13:39.439 24310 24351 I ax36e   : i> 00005F20 XeHostList: 300001EC -> 8300001EC
04-12 14:13:39.440 24310 24352 I ax360e_native: emu_thr_main: Setup succeeded, calling SetupGraphicsSystemPresenterPainting
04-12 14:13:39.440 24310 24351 I ax36e   : K> 0100001C XThread::Execute thid 4 (handle=0100001C, 'Audio Worker (0100001C)', native=BC59A730, <host>)
04-12 14:13:39.440 24310 24351 I ax36e   : i> 00005F20 emu_thr_main: Setup succeeded, calling SetupGraphicsSystemPresenterPainting on UI thread...
04-12 14:13:39.440 24310 24350 I ax360e_native: CreateSurfaceImpl: ae::window=0x73bd718960, allowed_types=1
04-12 14:13:39.440 24310 24351 I ax36e   : i> 00005F1E SetupGraphicsSystemPresenterPainting: connecting presenter to window...
04-12 14:13:39.440 24310 24350 I ax360e_native: CreateSurfaceImpl: SUCCESS creating AndroidNativeWindowSurface
04-12 14:13:39.440 24310 24351 I ax36e   : i> 00005F1E Creating Android surface... ae::window=0x73bd718960, allowed_types=1
04-12 14:13:39.441  1509  1509 W qdgralloc: GetSnapFormat:: Unsupported format - 59
04-12 14:13:39.441  1509  1509 W qdgralloc: GetSnapDescriptor: Error while getting snap descriptor - gr_format - 59
04-12 14:13:39.441  1509  1509 W qdgralloc: GetSnapFormat:: Unsupported format - 59
04-12 14:13:39.441  1509  1509 W qdgralloc: GetSnapDescriptor: Error while getting snap descriptor - gr_format - 59
04-12 14:13:39.442 24310 24351 I ax36e   : i> 00005F1E VulkanPresenter: Created 1920x1080 swapchain with format 37, color space 0, presentation mode 1
04-12 14:13:39.442 24310 24350 I ax360e_native: RequestPaintImpl called, count=1
04-12 14:13:39.442 24310 24351 I ax36e   : i> 00005F1E SetWindowSurfaceFromUIThread: connection_state=2, paint_mode=2, request_repaint=true
04-12 14:13:39.442 24310 24351 I ax36e   : i> 00005F1E RequestPaintImpl called, count=1
04-12 14:13:39.442 24310 24351 I ax36e   : i> 00005F1E SetupGraphicsSystemPresenterPainting: SetPresenter done
04-12 14:13:39.443 24310 24351 I ax36e   : i> 00005F1E SetupGraphicsSystemPresenterPainting: immediate_drawer=0x747d71a910
04-12 14:13:39.448 24310 24350 I ax360e_native: paint() called, count=1
04-12 14:13:39.448 24310 24352 I ax360e_native: emu_thr_main: SetupGraphicsSystemPresenterPainting dispatched
04-12 14:13:39.449 24310 24351 I ax36e   : i> 00005F1E SetupGraphicsSystemPresenterPainting: complete
04-12 14:13:39.449 24310 24351 I ax36e   : i> 00005F1E paint() called, count=1
04-12 14:13:39.449 24310 24351 I ax36e   : i> 00005F20 emu_thr_main: SetupGraphicsSystemPresenterPainting returned
04-12 14:13:39.449 24310 24352 I ax360e_native: emu_thr_main: launching game path=content://com.android.externalstorage.documents/tree/primary%3ADownload%2FGameHub%2FPerfect%20Dark/document/primary%3ADownload%2FGameHub%2FPerfect%20Dark%2FForza%20Horizon%20(USA)%20(En%2CJa%2CFr%2CDe%2CEs%2CIt%2CPt%2CZh%2CPl%2CRu).iso
04-12 14:13:39.450 24310 24351 I ax36e   : i> 00005F1E PaintFromUIThread: PaintAndPresent result=1, draw_ui=false
04-12 14:13:39.450 24310 24351 I ax36e   : i> 00005F20 emu_thr_main: launching game path=content://com.android.externalstorage.documents/tree/primary%3ADownload%2FGameHub%2FPerfect%20Dark/document/primary%3ADownload%2FGameHub%2FPerfect%20Dark%2FForza%20Horizon%20(USA)%20(En%2CJa%2CFr%2CDe%2CEs%2CIt%2CPt%2CZh%2CPl%2CRu).iso
04-12 14:13:39.450  2387  2661 D ActivityManager: sync unfroze 12150 com.android.externalstorage for 7
04-12 14:13:39.469   391 20762 D MediaProvider: Open with FUSE. FilePath: /storage/emulated/0/Download/GameHub/Perfect Dark/Forza Horizon (USA) (En,Ja,Fr,De,Es,It,Pt,Zh,Pl,Ru).iso. Uid: 10039. Media Capabilities Uid: 0. ShouldRedact: false. ShouldTranscode: false
04-12 14:13:39.479 24310 24351 I ax36e   : i> 00005F20 RegisterDevice device: \Device\Cdrom0
04-12 14:13:39.479 24310 24351 I ax36e   : i> 00005F20 RegisterDevice device: \Device\Harddisk0
04-12 14:13:39.479 24310 24351 I ax36e   : i> 00005F20 RegisterDevice device: \CACHE0
04-12 14:13:39.479 24310 24351 I ax36e   : i> 00005F20 RegisterDevice device: \CACHE1
04-12 14:13:39.479 24310 24351 I ax36e   : i> 00005F20 RegisterDevice device: \CACHE
04-12 14:13:39.479 24310 24351 I ax36e   : i> 00005F20 Mounted cache devices under /storage/emulated/0/ax360e++/cache
04-12 14:13:39.479 24310 24351 I ax36e   : i> 00005F20 Loading module game:\default.xex
04-12 14:13:39.479 24310 24351 I ax36e   : i> 00005F20 Added handle:F8000004 for N2xe6kernel7XObjectE
04-12 14:13:39.479 24310 24351 I ax36e   : i> 00005F20 devices_ count: 6
04-12 14:13:39.479 24310 24351 I ax36e   : i> 00005F20 FIND \Device\Cdrom0\default.xex User_E0300000A360E000:
04-12 14:13:39.479 24310 24351 I ax36e   : i> 00005F20 FIND \Device\Cdrom0\default.xex \Device\Cdrom0
04-12 14:13:39.479 24310 24351 I ax36e   : F> 00005F20 SAF_DiscImageDevice::ResolvePath(\default.xex)
04-12 14:13:39.675 24310 24351 I ax36e   : i> 00005F20 Module \Device\Cdrom0\default.xex:
04-12 14:13:39.675 24310 24351 I ax36e   : Module Hash: D48ABF1704CE5C4A
04-12 14:13:39.675 24310 24351 I ax36e   :     Module Flags: 00000001
04-12 14:13:39.675 24310 24351 I ax36e   : Security Header:
04-12 14:13:39.675 24310 24351 I ax36e   :      Image Flags: 00000008
04-12 14:13:39.675 24310 24351 I ax36e   :     Load Address: 82000000
04-12 14:13:39.675 24310 24351 I ax36e   :       Image Size: 01620000
04-12 14:13:39.675 24310 24351 I ax36e   :     Export Table: 831EE5FC
04-12 14:13:39.675 24310 24351 I ax36e   : Optional Header Count: 18
04-12 14:13:39.675 24310 24351 I ax36e   :   XEX_HEADER_RESOURCE_INFO:
04-12 14:13:39.675 24310 24351 I ax36e   :     0D163575 83520000-8353E86A, 125034b
04-12 14:13:39.675 24310 24351 I ax36e   :     4D5309C9 8353E880-83615106, 878726b
04-12 14:13:39.675 24310 24351 I ax36e   :   XEX_HEADER_FILE_FORMAT_INFO (TODO):
04-12 14:13:39.675 24310 24351 I ax36e   :   Unknown Header 00004304
04-12 14:13:39.675 24310 24351 I ax36e   :   XEX_HEADER_ENTRY_POINT: 82A6FBC0
04-12 14:13:39.675 24310 24351 I ax36e   :   XEX_HEADER_IMAGE_BASE_ADDRESS: 82000000
04-12 14:13:39.675 24310 24351 I ax36e   :   XEX_HEADER_IMPORT_LIBRARIES:
04-12 14:13:39.675 24310 24351 I ax36e   :     xboxkrnl.exe - 431 imports
04-12 14:13:39.675 24310 24351 I ax36e   :       Version: 2.0.21119.0
04-12 14:13:39.675 24310 24351 I ax36e   :       Min Version: 2.0.15574.0
04-12 14:13:39.675 24310 24351 I ax36e   :     xam.xex - 348 imports
04-12 14:13:39.675 24310 24351 I ax36e   :       Version: 2.0.21119.0
04-12 14:13:39.675 24310 24351 I ax36e   :       Min Version: 2.0.15574.0
04-12 14:13:39.675 24310 24351 I ax36e   :   XEX_HEADER_CHECKSUM_TIMESTAMP:
04-12 14:13:39.675 24310 24351 I ax36e   :     Checksum : 01419CED
04-12 14:13:39.675 24310 24351 I ax36e   :     Time Stamp: 5045CF2C - Tue Sep  4 02:51:40 2012
04-12 14:13:39.675 24310 24351 I ax36e   :   XEX_HEADER_ORIGINAL_PE_NAME: default.exe
04-12 14:13:39.675 24310 24351 I ax36e   :   XEX_HEADER_STATIC_LIBRARIES:
04-12 14:13:39.675 24310 24351 I ax36e   :     D3D9     : 2.0.21119.0
04-12 14:13:39.675 24310 24351 I ax36e   :     D3DX9    : 2.0.21119.0
04-12 14:13:39.675 24310 24351 I ax36e   :     XGRAPHC  : 2.0.21119.0
04-12 14:13:39.675 24310 24351 I ax36e   :     XNET     : 2.0.21119.0
04-12 14:13:39.675 24310 24351 I ax36e   :     XONLINE  : 2.0.21119.0
04-12 14:13:39.675 24310 24351 I ax36e   :     XBOXKRNL : 2.0.21119.0
04-12 14:13:39.675 24310 24351 I ax36e   :     XMP      : 2.0.21119.0
04-12 14:13:39.675 24310 24351 I ax36e   :     XMCORE   : 2.0.21119.0
04-12 14:13:39.675 24310 24351 I ax36e   :     XAPILIB  : 2.0.21119.0
04-12 14:13:39.675 24310 24351 I ax36e   :     LIBCMT   : 2.0.11886.0
04-12 14:13:39.675 24310 24351 I ax36e   :     XHV2     : 2.0.21119.0
04-12 14:13:39.675 24310 24351 I ax36e   :     XPARTY   : 2.0.21119.0
04-12 14:13:39.675 24310 24351 I ax36e   :     NUI      : 2.0.21119.0
04-12 14:13:39.675 24310 24351 I ax36e   :     ST       : 2.0.21119.0
04-12 14:13:39.675 24310 24351 I ax36e   :     MFPLAT   : 2.0.20693.0
04-12 14:13:39.675 24310 24351 I ax36e   :     XAPOBA   : 2.0.21119.0
04-12 14:13:39.675 24310 24351 I ax36e   :     XAUDIO2  : 2.0.21119.0
04-12 14:13:39.675 24310 24351 I ax36e   :     XFFB     : 2.0.21119.0
04-12 14:13:39.675 24310 24351 I ax36e   :     NUIHNDL  : 2.0.21119.0
04-12 14:13:39.675 24310 24351 I ax36e   :     XINP2    : 2.0.21119.0
04-12 14:13:39.675 24310 24351 I ax36e   :     LINK     : 10.0.11886.0
04-12 14:13:39.675 24310 24351 I ax36e   :     C2       : 16.0.11886.0
04-12 14:13:39.675 24310 24351 I ax36e   :     C1       : 16.0.11886.0
04-12 14:13:39.675 24310 24351 I ax36e   :     C2       : 16.0.10224.0
04-12 14:13:39.675 24310 24351 I ax36e   :     C1       : 16.0.10224.0
04-12 14:13:39.675 24310 24351 I ax36e   :   XEX_HEADER_TLS_INFO:
04-12 14:13:39.675 24310 24351 I ax36e   :           Slot Count: 64
04-12 14:13:39.675 24310 24351 I ax36e   :     Raw Data Address: 8350E800
04-12 14:13:39.675 24310 24351 I ax36e   :            Data Size: 12392
04-12 14:13:39.675 24310 24351 I ax36e   :        Raw Data Size: 12392
04-12 14:13:39.675 24310 24351 I ax36e   :   XEX_HEADER_DEFAULT_STACK_SIZE: 65536
04-12 14:13:39.675 24310 24351 I ax36e   :   XEX_HEADER_SYSTEM_FLAGS: 00000600
04-12 14:13:39.675 24310 24351 I ax36e   :     XEX_SYSTEM_USES_GAME_VOICE_CHANNEL
04-12 14:13:39.675 24310 24351 I ax36e   :     XEX_SYSTEM_PAL50_INCOMPATIBLE
04-12 14:13:39.675 24310 24351 I ax36e   :   XEX_HEADER_EXECUTION_INFO:
04-12 14:13:39.675 24310 24351 I ax36e   :        Media ID: 2DC7007B
04-12 14:13:39.675 24310 24351 I ax36e   :        Title ID: 4D5309C9
04-12 14:13:39.675 24310 24351 I ax36e   :     Savegame ID: 4D5309C9
04-12 14:13:39.675 24310 24351 I ax36e   :     Disc Number / Total: 1 / 1
04-12 14:13:39.675 24310 24351 I ax36e   :   XEX_HEADER_TITLE_WORKSPACE_SIZE: 1048576
04-12 14:13:39.675 24310 24351 I ax36e   :   XEX_HEADER_GAME_RATINGS (TODO):
04-12 14:13:39.675 24310 24351 I ax36e   :   XEX_HEADER_LAN_KEY: A2 F0 54 AB 9E 7C 2C 54 0A FA CE 95 72 FE 10 8B
04-12 14:13:39.675 24310 24351 I ax36e   :   XEX_HEADER_XBOX360_LOGO (TODO):
04-12 14:13:39.675 24310 24351 I ax36e   :   XEX_HEADER_ALTERNATE_TITLE_IDS: 4D530910, 4D53084D
04-12 14:13:39.675 24310 24351 I ax36e   : Sections:
04-12 14:13:39.675 24310 24351 I ax36e   :     0 RODATA    1 pages    82000000 - 82010000 (65536 bytes)
04-12 14:13:39.675 24310 24351 I ax36e   :     1 RODATA    1 pages    82010000 - 82020000 (65536 bytes)
04-12 14:13:39.675 24310 24351 I ax36e   :     2 RODATA    1 pages    82020000 - 82030000 (65536 bytes)
04-12 14:13:39.675 24310 24351 I ax36e   :     3 RODATA    1 pages    82030000 - 82040000 (65536 bytes)
04-12 14:13:39.675 24310 24351 I ax36e   :     4 RODATA    1 pages    82040000 - 82050000 (65536 bytes)
04-12 14:13:39.675 24310 24351 I ax36e   :     5 RODATA    1 pages    82050000 - 82060000 (65536 bytes)
04-12 14:13:39.675 24310 24351 I ax36e   :     6 RODATA    1 pages    82060000 - 82070000 (65536 bytes)
04-12 14:13:39.675 24310 24351 I ax36e   :     7 RODATA    1 pages    82070000 - 82080000 (65536 bytes)
04-12 14:13:39.675 24310 24351 I ax36e   :     8 RODATA    1 pages    82080000 - 82090000 (65536 bytes)
04-12 14:13:39.675 24310 24351 I ax36e   :     9 RODATA    1 pages    82090000 - 820A0000 (65536 bytes)
04-12 14:13:39.675 24310 24351 I ax36e   :    10 RODATA    1 pages    820A0000 - 820B0000 (65536 bytes)
04-12 14:13:39.675 24310 24351 I ax36e   :    11 RODATA    1 pages    820B0000 - 820C0000 (65536 bytes)
04-12 14:13:39.675 24310 24351 I ax36e   :    12 RODATA    1 pages    820C0000 - 820D0000 (65536 bytes)
04-12 14:13:39.675 24310 24351 I ax36e   :    13 RODATA    1 pages    820D0000 - 820E0000 (65536 bytes)
04-12 14:13:39.675 24310 24351 I ax36e   :    14 RODATA    1 pages    820E0000 - 820F0000 (65536 bytes)
04-12 14:13:39.675 24310 24351 I ax36e   :    15 RODATA    1 pages    820F0000 - 82100000 (65536 bytes)
04-12 14:13:39.675 24310 24351 I ax36e   :    16 RODATA    1 pages    82100000 - 82110000 (65536 bytes)
04-12 14:13:39.675 24310 24351 I ax36e   :    17 RODATA    1 pages    82110000 - 82120000 (65536 bytes)
04-12 14:13:39.675 24310 24351 I ax36e   :    18 RODATA    1 pages    82120000 - 82130000 (65536 bytes)
04-12 14:13:39.675 24310 24351 I ax36e   :    19 RODATA    1 pages    82130000 - 82140000 (65536 bytes)
04-12 14:13:39.675 24310 24351 I ax36e   :    20 RODATA    1 pages    82140000 - 82150000 (65536 bytes)
04-12 14:13:39.675 24310 24351 I ax36e   :    21 RODATA    1 pages    82150000 - 82160000 (65536 bytes)
04-12 14:13:39.675 24310 24351 I ax36e   :    22 RODATA    1 pages    82160000 - 82170000 (65536 bytes)
04-12 14:13:39.675 24310 24351 I ax36e   :    23 RODATA    1 pages    82170000 - 82180000 (65536 bytes)
04-12 14:13:39.675 24310 24351 I ax36e   :    24 RODATA    1 pages    82180000 - 82190000 (65536 bytes)
04-12 14:13:39.675 24310 24351 I ax36e   :    25 RODATA    1 pages    82190000 - 821A0000 (65536 bytes)
04-12 14:13:39.675 24310 24351 I ax36e   :    26 RODATA    1 pages    821A0000 - 821B0000 (65536 bytes)
04-12 14:13:39.675 24310 24351 I ax36e   :    27 RODATA    1 pages    821B0000 - 821C0000 (65536 bytes)
04-12 14:13:39.675 24310 24351 I ax36e   :    28 RODATA    1 pages    821C0000 - 821D0000 (65536 bytes)
04-12 14:13:39.675 24310 24351 I ax36e   :    29 RODATA    1 pages    821D0000 - 821E0000 (65536 bytes)
04-12 14:13:39.675 24310 24351 I ax36e   :    30 RODATA    1 pages    821E0000 - 821F0000 (65536 bytes)
04-12 14:13:39.675 24310 24351 I ax36e   :    31 RODATA    1 pages    821F0000 - 82200000 (65536 bytes)
04-12 14:13:39.675 24310 24351 I ax36e   :    32 RODATA    1 pages    82200000 - 82210000 (65536 bytes)
04-12 14:13:39.675 24310 24351 I ax36e   :    33 RODATA    1 pages    82210000 - 82220000 (65536 bytes)
04-12 14:13:39.675 24310 24351 I ax36e   :    34 RODATA    1 pages    82220000 - 82230000 (65536 bytes)
04-12 14:13:39.675 24310 24351 I ax36e   :    35 RODATA    1 pages    82230000 - 82240000 (65536 bytes)
04-12 14:13:39.675 24310 24351 I ax36e   :    36 RODATA    1 pages    82240000 - 82250000 (65536 bytes)
04-12 14:13:39.675 24310 24351 I ax36e   :    37 RODATA    1 pages    82250000 - 82260000 (65536 bytes)
04-12 14:13:39.675 24310 24351 I ax36e   :    38 RODATA    1 pages    82260000 - 82270000 (65536 bytes)
04-12 14:13:39.675 24310 24351 I ax36e   :    39 RODATA    1 pages    82270000 - 82280000 (65536 bytes)
04-12 14:13:39.675 24310 24351 I ax36e   :    40 RODATA    1 pages    82280000 - 82290000 (65536 bytes)
04-12 14:13:39.675 24310 24351 I ax36e   :    41 RODATA    1 pages    82290000 - 822A0000 (65536 bytes)
04-12 14:13:39.675 24310 24351 I ax36e   :    42 RODATA    1 pages    822A0000 - 822B0000 (65536 bytes)
04-12 14:13:39.675 24310 24351 I ax36e   :    43 RODATA    1 pages    822B0000 - 822C0000 (65536 bytes)
04-12 14:13:39.675 24310 24351 I ax36e   :    44 RODATA    1 pages    822C0000 - 822D0000 (65536 bytes)
04-12 14:13:39.675 24310 24351 I ax36e   :    45 RODATA    1 pages    822D0000 - 822E0000 (65536 bytes)
04-12 14:13:39.675 24310 24351 I ax36e   :    46 RODATA    1 pages    822E0000 - 822F0000 (65536 bytes)
04-12 14:13:39.675 24310 24351 I ax36e   :    47 RODATA    1 pages    822F0000 - 82300000 (65536 bytes)
04-12 14:13:39.675 24310 24351 I ax36e   :    48 RODATA    1 pages    82300000 - 82310000 (65536 bytes)
04-12 14:13:39.675 24310 24351 I ax36e   :    49 RODATA    1 pages    82310000 - 82320000 (65536 bytes)
04-12 14:13:39.675 24310 24351 I ax36e   :    50 RODATA    1 pages    82320000 - 82330000 (65536 bytes)
04-12 14:13:39.675 24310 24351 I ax36e   :    51 RODATA    1 pages    82330000 - 82340000 (65536 bytes)
04-12 14:13:39.675 24310 24351 I ax36e   :    52 RODATA    1 pages    82340000 - 82350000 (65536 bytes)
04-12 14:13:39.675 24310 24351 I ax36e   :    53 RODATA    1 pages    82350000 - 82360000 (65536 bytes)
04-12 14:13:39.675 24310 24351 I ax36e   :    54 RODATA    1 pages    82360000 - 82370000 (65536 bytes)
04-12 14:13:39.675 24310 24351 I ax36e   :    55 RODATA    1 pages    82370000 - 82380000 (65536 bytes)
04-12 14:13:39.675 24310 24351 I ax36e   :    56 RODATA    1 pages    82380000 - 82390000 (65536 bytes)
04-12 14:13:39.675 24310 24351 I ax36e   :    57 RODATA    1 pages    82390000 - 823A0000 (65536 bytes)
04-12 14:13:39.675 24310 24351 I ax36e   :    58 RODATA    1 pages    823A0000 - 823B0000 (65536 bytes)
04-12 14:13:39.676 24310 24351 I ax36e   :    59 RODATA    1 pages    823B0000 - 823C0000 (65536 bytes)
04-12 14:13:39.676 24310 24351 I ax36e   :    60 RODATA    1 pages    823C0000 - 823D0000 (65536 bytes)
04-12 14:13:39.676 24310 24351 I ax36e   :    61 RODATA    1 pages    823D0000 - 823E0000 (65536 bytes)
04-12 14:13:39.676 24310 24351 I ax36e   :    62 CODE      1 pages    823E0000 - 823F0000 (65536 bytes)
04-12 14:13:39.676 24310 24351 I ax36e   :    63 CODE      1 pages    823F0000 - 82400000 (65536 bytes)
04-12 14:13:39.676 24310 24351 I ax36e   :    64 CODE      1 pages    82400000 - 82410000 (65536 bytes)
04-12 14:13:39.676 24310 24351 I ax36e   :    65 CODE      1 pages    82410000 - 82420000 (65536 bytes)
04-12 14:13:39.676 24310 24351 I ax36e   :    66 CODE      1 pages    82420000 - 82430000 (65536 bytes)
04-12 14:13:39.676 24310 24351 I ax36e   :    67 CODE      1 pages    82430000 - 82440000 (65536 bytes)
04-12 14:13:39.676 24310 24351 I ax36e   :    68 CODE      1 pages    82440000 - 82450000 (65536 bytes)
04-12 14:13:39.676 24310 24351 I ax36e   :    69 CODE      1 pages    82450000 - 82460000 (65536 bytes)
04-12 14:13:39.676 24310 24351 I ax36e   :    70 CODE      1 pages    82460000 - 82470000 (65536 bytes)
04-12 14:13:39.676 24310 24351 I ax36e   :    71 CODE      1 pages    82470000 - 82480000 (65536 bytes)
04-12 14:13:39.676 24310 24351 I ax36e   :    72 CODE      1 pages    82480000 - 82490000 (65536 bytes)
04-12 14:13:39.676 24310 24351 I ax36e   :    73 CODE      1 pages    82490000 - 824A0000 (65536 bytes)
04-12 14:13:39.676 24310 24351 I ax36e   :    74 CODE      1 pages    824A0000 - 824B0000 (65536 bytes)
04-12 14:13:39.676 24310 24351 I ax36e   :    75 CODE      1 pages    824B0000 - 824C0000 (65536 bytes)
04-12 14:13:39.676 24310 24351 I ax36e   :    76 CODE      1 pages    824C0000 - 824D0000 (65536 bytes)
04-12 14:13:39.676 24310 24351 I ax36e   :    77 CODE      1 pages    824D0000 - 824E0000 (65536 bytes)
04-12 14:13:39.676 24310 24351 I ax36e   :    78 CODE      1 pages    824E0000 - 824F0000 (65536 bytes)
04-12 14:13:39.676 24310 24351 I ax36e   :    79 CODE      1 pages    824F0000 - 82500000 (65536 bytes)
04-12 14:13:39.676 24310 24351 I ax36e   :    80 CODE      1 pages    82500000 - 82510000 (65536 bytes)
04-12 14:13:39.676 24310 24351 I ax36e   :    81 CODE      1 pages    82510000 - 82520000 (65536 bytes)
04-12 14:13:39.676 24310 24351 I ax36e   :    82 CODE      1 pages    82520000 - 82530000 (65536 bytes)
04-12 14:13:39.676 24310 24351 I ax36e   :    83 CODE      1 pages    82530000 - 82540000 (65536 bytes)
04-12 14:13:39.676 24310 24351 I ax36e   :    84 CODE      1 pages    82540000 - 82550000 (65536 bytes)
04-12 14:13:39.676 24310 24351 I ax36e   :    85 CODE      1 pages    82550000 - 82560000 (65536 bytes)
04-12 14:13:39.676 24310 24351 I ax36e   :    86 CODE      1 pages    82560000 - 82570000 (65536 bytes)
04-12 14:13:39.676 24310 24351 I ax36e   :    87 CODE      1 pages    82570000 - 82580000 (65536 bytes)
04-12 14:13:39.676 24310 24351 I ax36e   :    88 CODE      1 pages    82580000 - 82590000 (65536 bytes)
04-12 14:13:39.676 24310 24351 I ax36e   :    89 CODE      1 pages    82590000 - 825A0000 (65536 bytes)
04-12 14:13:39.676 24310 24351 I ax36e   :    90 CODE      1 pages    825A0000 - 825B0000 (65536 bytes)
04-12 14:13:39.676 24310 24351 I ax36e   :    91 CODE      1 pages    825B0000 - 825C0000 (65536 bytes)
04-12 14:13:39.676 24310 24351 I ax36e   :    92 CODE      1 pages    825C0000 - 825D0000 (65536 bytes)
04-12 14:13:39.676 24310 24351 I ax36e   :    93 CODE      1 pages    825D0000 - 825E0000 (65536 bytes)
04-12 14:13:39.676 24310 24351 I ax36e   :    94 CODE      1 pages    825E0000 - 825F0000 (65536 bytes)
04-12 14:13:39.676 24310 24351 I ax36e   :    95 CODE      1 pages    825F0000 - 82600000 (65536 bytes)
04-12 14:13:39.676 24310 24351 I ax36e   :    96 CODE      1 pages    82600000 - 82610000 (65536 bytes)
04-12 14:13:39.676 24310 24351 I ax36e   :    97 CODE      1 pages    82610000 - 82620000 (65536 bytes)
04-12 14:13:39.676 24310 24351 I ax36e   :    98 CODE      1 pages    82620000 - 82630000 (65536 bytes)
04-12 14:13:39.676 24310 24351 I ax36e   :    99 CODE      1 pages    82630000 - 82640000 (65536 bytes)
04-12 14:13:39.676 24310 24351 I ax36e   :   100 CODE      1 pages    82640000 - 82650000 (65536 bytes)
04-12 14:13:39.676 24310 24351 I ax36e   :   101 CODE      1 pages    82650000 - 82660000 (65536 bytes)
04-12 14:13:39.676 24310 24351 I ax36e   :   102 CODE      1 pages    82660000 - 82670000 (65536 bytes)
04-12 14:13:39.676 24310 24351 I ax36e   :   103 CODE      1 pages    82670000 - 82680000 (65536 bytes)
04-12 14:13:39.676 24310 24351 I ax36e   :   104 CODE      1 pages    82680000 - 82690000 (65536 bytes)
04-12 14:13:39.676 24310 24351 I ax36e   :   105 CODE      1 pages    82690000 - 826A0000 (65536 bytes)
04-12 14:13:39.676 24310 24351 I ax36e   :   106 CODE      1 pages    826A0000 - 826B0000 (65536 bytes)
04-12 14:13:39.676 24310 24351 I ax36e   :   107 CODE      1 pages    826B0000 - 826C0000 (65536 bytes)
04-12 14:13:39.676 24310 24351 I ax36e   :   108 CODE      1 pages    826C0000 - 826D0000 (65536 bytes)
04-12 14:13:39.676 24310 24351 I ax36e   :   109 CODE      1 pages    826D0000 - 826E0000 (65536 bytes)
04-12 14:13:39.676 24310 24351 I ax36e   :   110 CODE      1 pages    826E0000 - 826F0000 (65536 bytes)
04-12 14:13:39.676 24310 24351 I ax36e   :   111 CODE      1 pages    826F0000 - 82700000 (65536 bytes)
04-12 14:13:39.676 24310 24351 I ax36e   :   112 CODE      1 pages    82700000 - 82710000 (65536 bytes)
04-12 14:13:39.676 24310 24351 I ax36e   :   113 CODE      1 pages    82710000 - 82720000 (65536 bytes)
04-12 14:13:39.676 24310 24351 I ax36e   :   114 CODE      1 pages    82720000 - 82730000 (65536 bytes)
04-12 14:13:39.676 24310 24351 I ax36e   :   115 CODE      1 pages    82730000 - 82740000 (65536 bytes)
04-12 14:13:39.676 24310 24351 I ax36e   :   116 CODE      1 pages    82740000 - 82750000 (65536 bytes)
04-12 14:13:39.676 24310 24351 I ax36e   :   117 CODE      1 pages    82750000 - 82760000 (65536 bytes)
04-12 14:13:39.676 24310 24351 I ax36e   :   118 CODE      1 pages    82760000 - 82770000 (65536 bytes)
04-12 14:13:39.676 24310 24351 I ax36e   :   119 CODE      1 pages    82770000 - 82780000 (65536 bytes)
04-12 14:13:39.676 24310 24351 I ax36e   :   120 CODE      1 pages    82780000 - 82790000 (65536 bytes)
04-12 14:13:39.676 24310 24351 I ax36e   :   121 CODE      1 pages    82790000 - 827A0000 (65536 bytes)
04-12 14:13:39.676 24310 24351 I ax36e   :   122 CODE      1 pages    827A0000 - 827B0000 (65536 bytes)
04-12 14:13:39.676 24310 24351 I ax36e   :   123 CODE      1 pages    827B0000 - 827C0000 (65536 bytes)
04-12 14:13:39.676 24310 24351 I ax36e   :   124 CODE      1 pages    827C0000 - 827D0000 (65536 bytes)
04-12 14:13:39.676 24310 24351 I ax36e   :   125 CODE      1 pages    827D0000 - 827E0000 (65536 bytes)
04-12 14:13:39.676 24310 24351 I ax36e   :   126 CODE      1 pages    827E0000 - 827F0000 (65536 bytes)
04-12 14:13:39.676 24310 24351 I ax36e   :   127 CODE      1 pages    827F0000 - 82800000 (65536 bytes)
04-12 14:13:39.676 24310 24351 I ax36e   :   128 CODE      1 pages    82800000 - 82810000 (65536 bytes)
04-12 14:13:39.676 24310 24351 I ax36e   :   129 CODE      1 pages    82810000 - 82820000 (65536 bytes)
04-12 14:13:39.676 24310 24351 I ax36e   :   130 CODE      1 pages    82820000 - 82830000 (65536 bytes)
04-12 14:13:39.676 24310 24351 I ax36e   :   131 CODE      1 pages    82830000 - 82840000 (65536 bytes)
04-12 14:13:39.676 24310 24351 I ax36e   :   132 CODE      1 pages    82840000 - 82850000 (65536 bytes)
04-12 14:13:39.676 24310 24351 I ax36e   :   133 CODE      1 pages    82850000 - 82860000 (65536 bytes)
04-12 14:13:39.676 24310 24351 I ax36e   :   134 CODE      1 pages    82860000 - 82870000 (65536 bytes)
04-12 14:13:39.676 24310 24351 I ax36e   :   135 CODE      1 pages    82870000 - 82880000 (65536 bytes)
04-12 14:13:39.676 24310 24351 I ax36e   :   136 CODE      1 pages    82880000 - 82890000 (65536 bytes)
04-12 14:13:39.676 24310 24351 I ax36e   :   137 CODE      1 pages    82890000 - 828A0000 (65536 bytes)
04-12 14:13:39.676 24310 24351 I ax36e   :   138 CODE      1 pages    828A0000 - 828B0000 (65536 bytes)
04-12 14:13:39.676 24310 24351 I ax36e   :   139 CODE      1 pages    828B0000 - 828C0000 (65536 bytes)
04-12 14:13:39.676 24310 24351 I ax36e   :   140 CODE      1 pages    828C0000 - 828D0000 (65536 bytes)
04-12 14:13:39.676 24310 24351 I ax36e   :   141 CODE      1 pages    828D0000 - 828E0000 (65536 bytes)
04-12 14:13:39.676 24310 24351 I ax36e   :   142 CODE      1 pages    828E0000 - 828F0000 (65536 bytes)
04-12 14:13:39.676 24310 24351 I ax36e   :   143 CODE      1 pages    828F0000 - 82900000 (65536 bytes)
04-12 14:13:39.676 24310 24351 I ax36e   :   144 CODE      1 pages    82900000 - 82910000 (65536 bytes)
04-12 14:13:39.676 24310 24351 I ax36e   :   145 CODE      1 pages    82910000 - 82920000 (65536 bytes)
04-12 14:13:39.676 24310 24351 I ax36e   :   146 CODE      1 pages    82920000 - 82930000 (65536 bytes)
04-12 14:13:39.676 24310 24351 I ax36e   :   147 CODE      1 pages    82930000 - 82940000 (65536 bytes)
04-12 14:13:39.676 24310 24351 I ax36e   :   148 CODE      1 pages    82940000 - 82950000 (65536 bytes)
04-12 14:13:39.676 24310 24351 I ax36e   :   149 CODE      1 pages    82950000 - 82960000 (65536 bytes)
04-12 14:13:39.676 24310 24351 I ax36e   :   150 CODE      1 pages    82960000 - 82970000 (65536 bytes)
04-12 14:13:39.676 24310 24351 I ax36e   :   151 CODE      1 pages    82970000 - 82980000 (65536 bytes)
04-12 14:13:39.676 24310 24351 I ax36e   :   152 CODE      1 pages    82980000 - 82990000 (65536 bytes)
04-12 14:13:39.676 24310 24351 I ax36e   :   153 CODE      1 pages    82990000 - 829A0000 (65536 bytes)
04-12 14:13:39.676 24310 24351 I ax36e   :   154 CODE      1 pages    829A0000 - 829B0000 (65536 bytes)
04-12 14:13:39.676 24310 24351 I ax36e   :   155 CODE      1 pages    829B0000 - 829C0000 (65536 bytes)
04-12 14:13:39.676 24310 24351 I ax36e   :   156 CODE      1 pages    829C0000 - 829D0000 (65536 bytes)
04-12 14:13:39.676 24310 24351 I ax36e   :   157 CODE      1 pages    829D0000 - 829E0000 (65536 bytes)
04-12 14:13:39.676 24310 24351 I ax36e   :   158 CODE      1 pages    829E0000 - 829F0000 (65536 bytes)
04-12 14:13:39.676 24310 24351 I ax36e   :   159 CODE      1 pages    829F0000 - 82A00000 (65536 bytes)
04-12 14:13:39.676 24310 24351 I ax36e   :   160 CODE      1 pages    82A00000 - 82A10000 (65536 bytes)
04-12 14:13:39.676 24310 24351 I ax36e   :   161 CODE      1 pages    82A10000 - 82A20000 (65536 bytes)
04-12 14:13:39.676 24310 24351 I ax36e   :   162 CODE      1 pages    82A20000 - 82A30000 (65536 bytes)
04-12 14:13:39.676 24310 24351 I ax36e   :   163 CODE      1 pages    82A30000 - 82A40000 (65536 bytes)
04-12 14:13:39.676 24310 24351 I ax36e   :   164 CODE      1 pages    82A40000 - 82A50000 (65536 bytes)
04-12 14:13:39.676 24310 24351 I ax36e   :   165 CODE      1 pages    82A50000 - 82A60000 (65536 bytes)
04-12 14:13:39.676 24310 24351 I ax36e   :   166 CODE      1 pages    82A60000 - 82A70000 (65536 bytes)
04-12 14:13:39.676 24310 24351 I ax36e   :   167 CODE      1 pages    82A70000 - 82A80000 (65536 bytes)
04-12 14:13:39.676 24310 24351 I ax36e   :   168 CODE      1 pages    82A80000 - 82A90000 (65536 bytes)
04-12 14:13:39.676 24310 24351 I ax36e   :   169 CODE      1 pages    82A90000 - 82AA0000 (65536 bytes)
04-12 14:13:39.676 24310 24351 I ax36e   :   170 CODE      1 pages    82AA0000 - 82AB0000 (65536 bytes)
04-12 14:13:39.676 24310 24351 I ax36e   :   171 CODE      1 pages    82AB0000 - 82AC0000 (65536 bytes)
04-12 14:13:39.676 24310 24351 I ax36e   :   172 CODE      1 pages    82AC0000 - 82AD0000 (65536 bytes)
04-12 14:13:39.676 24310 24351 I ax36e   :   173 CODE      1 pages    82AD0000 - 82AE0000 (65536 bytes)
04-12 14:13:39.676 24310 24351 I ax36e   :   174 CODE      1 pages    82AE0000 - 82AF0000 (65536 bytes)
04-12 14:13:39.676 24310 24351 I ax36e   :   175 CODE      1 pages    82AF0000 - 82B00000 (65536 bytes)
04-12 14:13:39.676 24310 24351 I ax36e   :   176 CODE      1 pages    82B00000 - 82B10000 (65536 bytes)
04-12 14:13:39.676 24310 24351 I ax36e   :   177 CODE      1 pages    82B10000 - 82B20000 (65536 bytes)
04-12 14:13:39.676 24310 24351 I ax36e   :   178 CODE      1 pages    82B20000 - 82B30000 (65536 bytes)
04-12 14:13:39.676 24310 24351 I ax36e   :   179 CODE      1 pages    82B30000 - 82B40000 (65536 bytes)
04-12 14:13:39.676 24310 24351 I ax36e   :   180 CODE      1 pages    82B40000 - 82B50000 (65536 bytes)
04-12 14:13:39.676 24310 24351 I ax36e   :   181 CODE      1 pages    82B50000 - 82B60000 (65536 bytes)
04-12 14:13:39.676 24310 24351 I ax36e   :   182 CODE      1 pages    82B60000 - 82B70000 (65536 bytes)
04-12 14:13:39.676 24310 24351 I ax36e   :   183 CODE      1 pages    82B70000 - 82B80000 (65536 bytes)
04-12 14:13:39.676 24310 24351 I ax36e   :   184 CODE      1 pages    82B80000 - 82B90000 (65536 bytes)
04-12 14:13:39.676 24310 24351 I ax36e   :   185 CODE      1 pages    82B90000 - 82BA0000 (65536 bytes)
04-12 14:13:39.676 24310 24351 I ax36e   :   186 CODE      1 pages    82BA0000 - 82BB0000 (65536 bytes)
04-12 14:13:39.676 24310 24351 I ax36e   :   187 CODE      1 pages    82BB0000 - 82BC0000 (65536 bytes)
04-12 14:13:39.676 24310 24351 I ax36e   :   188 CODE      1 pages    82BC0000 - 82BD0000 (65536 bytes)
04-12 14:13:39.676 24310 24351 I ax36e   :   189 CODE      1 pages    82BD0000 - 82BE0000 (65536 bytes)
04-12 14:13:39.676 24310 24351 I ax36e   :   190 CODE      1 pages    82BE0000 - 82BF0000 (65536 bytes)
04-12 14:13:39.676 24310 24351 I ax36e   :   191 CODE      1 pages    82BF0000 - 82C00000 (65536 bytes)
04-12 14:13:39.676 24310 24351 I ax36e   :   192 CODE      1 pages    82C00000 - 82C10000 (65536 bytes)
04-12 14:13:39.676 24310 24351 I ax36e   :   193 CODE      1 pages    82C10000 - 82C20000 (65536 bytes)
04-12 14:13:39.676 24310 24351 I ax36e   :   194 CODE      1 pages    82C20000 - 82C30000 (65536 bytes)
04-12 14:13:39.676 24310 24351 I ax36e   :   195 CODE      1 pages    82C30000 - 82C40000 (65536 bytes)
04-12 14:13:39.676 24310 24351 I ax36e   :   196 CODE      1 pages    82C40000 - 82C50000 (65536 bytes)
04-12 14:13:39.676 24310 24351 I ax36e   :   197 CODE      1 pages    82C50000 - 82C60000 (65536 bytes)
04-12 14:13:39.676 24310 24351 I ax36e   :   198 CODE      1 pages    82C60000 - 82C70000 (65536 bytes)
04-12 14:13:39.676 24310 24351 I ax36e   :   199 CODE      1 pages    82C70000 - 82C80000 (65536 bytes)
04-12 14:13:39.676 24310 24351 I ax36e   :   200 CODE      1 pages    82C80000 - 82C90000 (65536 bytes)
04-12 14:13:39.676 24310 24351 I ax36e   :   201 CODE      1 pages    82C90000 - 82CA0000 (65536 bytes)
04-12 14:13:39.676 24310 24351 I ax36e   :   202 CODE      1 pages    82CA0000 - 82CB0000 (65536 bytes)
04-12 14:13:39.676 24310 24351 I ax36e   :   203 CODE      1 pages    82CB0000 - 82CC0000 (65536 bytes)
04-12 14:13:39.676 24310 24351 I ax36e   :   204 CODE      1 pages    82CC0000 - 82CD0000 (65536 bytes)
04-12 14:13:39.676 24310 24351 I ax36e   :   205 CODE      1 pages    82CD0000 - 82CE0000 (65536 bytes)
04-12 14:13:39.676 24310 24351 I ax36e   :   206 CODE      1 pages    82CE0000 - 82CF0000 (65536 bytes)
04-12 14:13:39.676 24310 24351 I ax36e   :   207 CODE      1 pages    82CF0000 - 82D00000 (65536 bytes)
04-12 14:13:39.676 24310 24351 I ax36e   :   208 CODE      1 pages    82D00000 - 82D10000 (65536 bytes)
04-12 14:13:39.676 24310 24351 I ax36e   :   209 CODE      1 pages    82D10000 - 82D20000 (65536 bytes)
04-12 14:13:39.676 24310 24351 I ax36e   :   210 CODE      1 pages    82D20000 - 82D30000 (65536 bytes)
04-12 14:13:39.676 24310 24351 I ax36e   :   211 CODE      1 pages    82D30000 - 82D40000 (65536 bytes)
04-12 14:13:39.676 24310 24351 I ax36e   :   212 CODE      1 pages    82D40000 - 82D50000 (65536 bytes)
04-12 14:13:39.676 24310 24351 I ax36e   :   213 CODE      1 pages    82D50000 - 82D60000 (65536 bytes)
04-12 14:13:39.676 24310 24351 I ax36e   :   214 CODE      1 pages    82D60000 - 82D70000 (65536 bytes)
04-12 14:13:39.676 24310 24351 I ax36e   :   215 CODE      1 pages    82D70000 - 82D80000 (65536 bytes)
04-12 14:13:39.676 24310 24351 I ax36e   :   216 CODE      1 pages    82D80000 - 82D90000 (65536 bytes)
04-12 14:13:39.676 24310 24351 I ax36e   :   217 CODE      1 pages    82D90000 - 82DA0000 (65536 bytes)
04-12 14:13:39.676 24310 24351 I ax36e   :   218 CODE      1 pages    82DA0000 - 82DB0000 (65536 bytes)
04-12 14:13:39.676 24310 24351 I ax36e   :   219 CODE      1 pages    82DB0000 - 82DC0000 (65536 bytes)
04-12 14:13:39.676 24310 24351 I ax36e   :   220 CODE      1 pages    82DC0000 - 82DD0000 (65536 bytes)
04-12 14:13:39.676 24310 24351 I ax36e   :   221 CODE      1 pages    82DD0000 - 82DE0000 (65536 bytes)
04-12 14:13:39.676 24310 24351 I ax36e   :   222 CODE      1 pages    82DE0000 - 82DF0000 (65536 bytes)
04-12 14:13:39.676 24310 24351 I ax36e   :   223 CODE      1 pages    82DF0000 - 82E00000 (65536 bytes)
04-12 14:13:39.676 24310 24351 I ax36e   :   224 CODE      1 pages    82E00000 - 82E10000 (65536 bytes)
04-12 14:13:39.676 24310 24351 I ax36e   :   225 CODE      1 pages    82E10000 - 82E20000 (65536 bytes)
04-12 14:13:39.676 24310 24351 I ax36e   :   226 CODE      1 pages    82E20000 - 82E30000 (65536 bytes)
04-12 14:13:39.676 24310 24351 I ax36e   :   227 CODE      1 pages    82E30000 - 82E40000 (65536 bytes)
04-12 14:13:39.676 24310 24351 I ax36e   :   228 CODE      1 pages    82E40000 - 82E50000 (65536 bytes)
04-12 14:13:39.676 24310 24351 I ax36e   :   229 CODE      1 pages    82E50000 - 82E60000 (65536 bytes)
04-12 14:13:39.676 24310 24351 I ax36e   :   230 CODE      1 pages    82E60000 - 82E70000 (65536 bytes)
04-12 14:13:39.676 24310 24351 I ax36e   :   231 CODE      1 pages    82E70000 - 82E80000 (65536 bytes)
04-12 14:13:39.676 24310 24351 I ax36e   :   232 CODE      1 pages    82E80000 - 82E90000 (65536 bytes)
04-12 14:13:39.676 24310 24351 I ax36e   :   233 CODE      1 pages    82E90000 - 82EA0000 (65536 bytes)
04-12 14:13:39.676 24310 24351 I ax36e   :   234 CODE      1 pages    82EA0000 - 82EB0000 (65536 bytes)
04-12 14:13:39.676 24310 24351 I ax36e   :   235 CODE      1 pages    82EB0000 - 82EC0000 (65536 bytes)
04-12 14:13:39.676 24310 24351 I ax36e   :   236 CODE      1 pages    82EC0000 - 82ED0000 (65536 bytes)
04-12 14:13:39.676 24310 24351 I ax36e   :   237 CODE      1 pages    82ED0000 - 82EE0000 (65536 bytes)
04-12 14:13:39.676 24310 24351 I ax36e   :   238 CODE      1 pages    82EE0000 - 82EF0000 (65536 bytes)
04-12 14:13:39.676 24310 24351 I ax36e   :   239 CODE      1 pages    82EF0000 - 82F00000 (65536 bytes)
04-12 14:13:39.676 24310 24351 I ax36e   :   240 CODE      1 pages    82F00000 - 82F10000 (65536 bytes)
04-12 14:13:39.676 24310 24351 I ax36e   :   241 CODE      1 pages    82F10000 - 82F20000 (65536 bytes)
04-12 14:13:39.676 24310 24351 I ax36e   :   242 CODE      1 pages    82F20000 - 82F30000 (65536 bytes)
04-12 14:13:39.676 24310 24351 I ax36e   :   243 CODE      1 pages    82F30000 - 82F40000 (65536 bytes)
04-12 14:13:39.676 24310 24351 I ax36e   :   244 CODE      1 pages    82F40000 - 82F50000 (65536 bytes)
04-12 14:13:39.676 24310 24351 I ax36e   :   245 CODE      1 pages    82F50000 - 82F60000 (65536 bytes)
04-12 14:13:39.676 24310 24351 I ax36e   :   246 CODE      1 pages    82F60000 - 82F70000 (65536 bytes)
04-12 14:13:39.676 24310 24351 I ax36e   :   247 CODE      1 pages    82F70000 - 82F80000 (65536 bytes)
04-12 14:13:39.676 24310 24351 I ax36e   :   248 CODE      1 pages    82F80000 - 82F90000 (65536 bytes)
04-12 14:13:39.676 24310 24351 I ax36e   :   249 CODE      1 pages    82F90000 - 82FA0000 (65536 bytes)
04-12 14:13:39.676 24310 24351 I ax36e   :   250 CODE      1 pages    82FA0000 - 82FB0000 (65536 bytes)
04-12 14:13:39.676 24310 24351 I ax36e   :   251 CODE      1 pages    82FB0000 - 82FC0000 (65536 bytes)
04-12 14:13:39.676 24310 24351 I ax36e   :   252 CODE      1 pages    82FC0000 - 82FD0000 (65536 bytes)
04-12 14:13:39.676 24310 24351 I ax36e   :   253 CODE      1 pages    82FD0000 - 82FE0000 (65536 bytes)
04-12 14:13:39.676 24310 24351 I ax36e   :   254 CODE      1 pages    82FE0000 - 82FF0000 (65536 bytes)
04-12 14:13:39.676 24310 24351 I ax36e   :   255 CODE      1 pages    82FF0000 - 83000000 (65536 bytes)
04-12 14:13:39.676 24310 24351 I ax36e   :   256 CODE      1 pages    83000000 - 83010000 (65536 bytes)
04-12 14:13:39.676 24310 24351 I ax36e   :   257 CODE      1 pages    83010000 - 83020000 (65536 bytes)
04-12 14:13:39.676 24310 24351 I ax36e   :   258 CODE      1 pages    83020000 - 83030000 (65536 bytes)
04-12 14:13:39.676 24310 24351 I ax36e   :   259 CODE      1 pages    83030000 - 83040000 (65536 bytes)
04-12 14:13:39.676 24310 24351 I ax36e   :   260 CODE      1 pages    83040000 - 83050000 (65536 bytes)
04-12 14:13:39.676 24310 24351 I ax36e   :   261 CODE      1 pages    83050000 - 83060000 (65536 bytes)
04-12 14:13:39.676 24310 24351 I ax36e   :   262 CODE      1 pages    83060000 - 83070000 (65536 bytes)
