04-12 14:13:39.676 24310 24351 I ax36e   :   263 CODE      1 pages    83070000 - 83080000 (65536 bytes)
04-12 14:13:39.676 24310 24351 I ax36e   :   264 CODE      1 pages    83080000 - 83090000 (65536 bytes)
04-12 14:13:39.676 24310 24351 I ax36e   :   265 CODE      1 pages    83090000 - 830A0000 (65536 bytes)
04-12 14:13:39.676 24310 24351 I ax36e   :   266 CODE      1 pages    830A0000 - 830B0000 (65536 bytes)
04-12 14:13:39.676 24310 24351 I ax36e   :   267 CODE      1 pages    830B0000 - 830C0000 (65536 bytes)
04-12 14:13:39.676 24310 24351 I ax36e   :   268 CODE      1 pages    830C0000 - 830D0000 (65536 bytes)
04-12 14:13:39.676 24310 24351 I ax36e   :   269 CODE      1 pages    830D0000 - 830E0000 (65536 bytes)
04-12 14:13:39.676 24310 24351 I ax36e   :   270 CODE      1 pages    830E0000 - 830F0000 (65536 bytes)
04-12 14:13:39.676 24310 24351 I ax36e   :   271 CODE      1 pages    830F0000 - 83100000 (65536 bytes)
04-12 14:13:39.676 24310 24351 I ax36e   :   272 CODE      1 pages    83100000 - 83110000 (65536 bytes)
04-12 14:13:39.676 24310 24351 I ax36e   :   273 CODE      1 pages    83110000 - 83120000 (65536 bytes)
04-12 14:13:39.676 24310 24351 I ax36e   :   274 CODE      1 pages    83120000 - 83130000 (65536 bytes)
04-12 14:13:39.676 24310 24351 I ax36e   :   275 CODE      1 pages    83130000 - 83140000 (65536 bytes)
04-12 14:13:39.676 24310 24351 I ax36e   :   276 CODE      1 pages    83140000 - 83150000 (65536 bytes)
04-12 14:13:39.676 24310 24351 I ax36e   :   277 CODE      1 pages    83150000 - 83160000 (65536 bytes)
04-12 14:13:39.676 24310 24351 I ax36e   :   278 CODE      1 pages    83160000 - 83170000 (65536 bytes)
04-12 14:13:39.676 24310 24351 I ax36e   :   279 CODE      1 pages    83170000 - 83180000 (65536 bytes)
04-12 14:13:39.676 24310 24351 I ax36e   :   280 CODE      1 pages    83180000 - 83190000 (65536 bytes)
04-12 14:13:39.676 24310 24351 I ax36e   :   281 CODE      1 pages    83190000 - 831A0000 (65536 bytes)
04-12 14:13:39.676 24310 24351 I ax36e   :   282 CODE      1 pages    831A0000 - 831B0000 (65536 bytes)
04-12 14:13:39.676 24310 24351 I ax36e   :   283 CODE      1 pages    831B0000 - 831C0000 (65536 bytes)
04-12 14:13:39.676 24310 24351 I ax36e   :   284 CODE      1 pages    831C0000 - 831D0000 (65536 bytes)
04-12 14:13:39.676 24310 24351 I ax36e   :   285 CODE      1 pages    831D0000 - 831E0000 (65536 bytes)
04-12 14:13:39.676 24310 24351 I ax36e   :   286 CODE      1 pages    831E0000 - 831F0000 (65536 bytes)
04-12 14:13:39.676 24310 24351 I ax36e   :   287 RWDATA    1 pages    831F0000 - 83200000 (65536 bytes)
04-12 14:13:39.676 24310 24351 I ax36e   :   288 RWDATA    1 pages    83200000 - 83210000 (65536 bytes)
04-12 14:13:39.676 24310 24351 I ax36e   :   289 RWDATA    1 pages    83210000 - 83220000 (65536 bytes)
04-12 14:13:39.676 24310 24351 I ax36e   :   290 RWDATA    1 pages    83220000 - 83230000 (65536 bytes)
04-12 14:13:39.676 24310 24351 I ax36e   :   291 RWDATA    1 pages    83230000 - 83240000 (65536 bytes)
04-12 14:13:39.676 24310 24351 I ax36e   :   292 RWDATA    1 pages    83240000 - 83250000 (65536 bytes)
04-12 14:13:39.676 24310 24351 I ax36e   :   293 RWDATA    1 pages    83250000 - 83260000 (65536 bytes)
04-12 14:13:39.676 24310 24351 I ax36e   :   294 RWDATA    1 pages    83260000 - 83270000 (65536 bytes)
04-12 14:13:39.676 24310 24351 I ax36e   :   295 RWDATA    1 pages    83270000 - 83280000 (65536 bytes)
04-12 14:13:39.676 24310 24351 I ax36e   :   296 RWDATA    1 pages    83280000 - 83290000 (65536 bytes)
04-12 14:13:39.676 24310 24351 I ax36e   :   297 RWDATA    1 pages    83290000 - 832A0000 (65536 bytes)
04-12 14:13:39.676 24310 24351 I ax36e   :   298 RWDATA    1 pages    832A0000 - 832B0000 (65536 bytes)
04-12 14:13:39.676 24310 24351 I ax36e   :   299 RWDATA    1 pages    832B0000 - 832C0000 (65536 bytes)
04-12 14:13:39.676 24310 24351 I ax36e   :   300 RWDATA    1 pages    832C0000 - 832D0000 (65536 bytes)
04-12 14:13:39.676 24310 24351 I ax36e   :   301 RWDATA    1 pages    832D0000 - 832E0000 (65536 bytes)
04-12 14:13:39.676 24310 24351 I ax36e   :   302 RWDATA    1 pages    832E0000 - 832F0000 (65536 bytes)
04-12 14:13:39.676 24310 24351 I ax36e   :   303 RWDATA    1 pages    832F0000 - 83300000 (65536 bytes)
04-12 14:13:39.676 24310 24351 I ax36e   :   304 RWDATA    1 pages    83300000 - 83310000 (65536 bytes)
04-12 14:13:39.676 24310 24351 I ax36e   :   305 RWDATA    1 pages    83310000 - 83320000 (65536 bytes)
04-12 14:13:39.676 24310 24351 I ax36e   :   306 RWDATA    1 pages    83320000 - 83330000 (65536 bytes)
04-12 14:13:39.676 24310 24351 I ax36e   :   307 RWDATA    1 pages    83330000 - 83340000 (65536 bytes)
04-12 14:13:39.676 24310 24351 I ax36e   :   308 RWDATA    1 pages    83340000 - 83350000 (65536 bytes)
04-12 14:13:39.676 24310 24351 I ax36e   :   309 RWDATA    1 pages    83350000 - 83360000 (65536 bytes)
04-12 14:13:39.676 24310 24351 I ax36e   :   310 RWDATA    1 pages    83360000 - 83370000 (65536 bytes)
04-12 14:13:39.676 24310 24351 I ax36e   :   311 RWDATA    1 pages    83370000 - 83380000 (65536 bytes)
04-12 14:13:39.676 24310 24351 I ax36e   :   312 RWDATA    1 pages    83380000 - 83390000 (65536 bytes)
04-12 14:13:39.676 24310 24351 I ax36e   :   313 RWDATA    1 pages    83390000 - 833A0000 (65536 bytes)
04-12 14:13:39.676 24310 24351 I ax36e   :   314 RWDATA    1 pages    833A0000 - 833B0000 (65536 bytes)
04-12 14:13:39.676 24310 24351 I ax36e   :   315 RWDATA    1 pages    833B0000 - 833C0000 (65536 bytes)
04-12 14:13:39.676 24310 24351 I ax36e   :   316 RWDATA    1 pages    833C0000 - 833D0000 (65536 bytes)
04-12 14:13:39.676 24310 24351 I ax36e   :   317 RWDATA    1 pages    833D0000 - 833E0000 (65536 bytes)
04-12 14:13:39.676 24310 24351 I ax36e   :   318 RWDATA    1 pages    833E0000 - 833F0000 (65536 bytes)
04-12 14:13:39.676 24310 24351 I ax36e   :   319 RWDATA    1 pages    833F0000 - 83400000 (65536 bytes)
04-12 14:13:39.676 24310 24351 I ax36e   :   320 RWDATA    1 pages    83400000 - 83410000 (65536 bytes)
04-12 14:13:39.676 24310 24351 I ax36e   :   321 RWDATA    1 pages    83410000 - 83420000 (65536 bytes)
04-12 14:13:39.676 24310 24351 I ax36e   :   322 RWDATA    1 pages    83420000 - 83430000 (65536 bytes)
04-12 14:13:39.676 24310 24351 I ax36e   :   323 RWDATA    1 pages    83430000 - 83440000 (65536 bytes)
04-12 14:13:39.676 24310 24351 I ax36e   :   324 RWDATA    1 pages    83440000 - 83450000 (65536 bytes)
04-12 14:13:39.676 24310 24351 I ax36e   :   325 RWDATA    1 pages    83450000 - 83460000 (65536 bytes)
04-12 14:13:39.676 24310 24351 I ax36e   :   326 RWDATA    1 pages    83460000 - 83470000 (65536 bytes)
04-12 14:13:39.676 24310 24351 I ax36e   :   327 RWDATA    1 pages    83470000 - 83480000 (65536 bytes)
04-12 14:13:39.676 24310 24351 I ax36e   :   328 RWDATA    1 pages    83480000 - 83490000 (65536 bytes)
04-12 14:13:39.676 24310 24351 I ax36e   :   329 RWDATA    1 pages    83490000 - 834A0000 (65536 bytes)
04-12 14:13:39.676 24310 24351 I ax36e   :   330 RWDATA    1 pages    834A0000 - 834B0000 (65536 bytes)
04-12 14:13:39.676 24310 24351 I ax36e   :   331 RWDATA    1 pages    834B0000 - 834C0000 (65536 bytes)
04-12 14:13:39.676 24310 24351 I ax36e   :   332 RWDATA    1 pages    834C0000 - 834D0000 (65536 bytes)
04-12 14:13:39.676 24310 24351 I ax36e   :   333 RWDATA    1 pages    834D0000 - 834E0000 (65536 bytes)
04-12 14:13:39.676 24310 24351 I ax36e   :   334 RWDATA    1 pages    834E0000 - 834F0000 (65536 bytes)
04-12 14:13:39.676 24310 24351 I ax36e   :   335 RWDATA    1 pages    834F0000 - 83500000 (65536 bytes)
04-12 14:13:39.676 24310 24351 I ax36e   :   336 RWDATA    1 pages    83500000 - 83510000 (65536 bytes)
04-12 14:13:39.676 24310 24351 I ax36e   :   337 RWDATA    1 pages    83510000 - 83520000 (65536 bytes)
04-12 14:13:39.676 24310 24351 I ax36e   :   338 RODATA    1 pages    83520000 - 83530000 (65536 bytes)
04-12 14:13:39.676 24310 24351 I ax36e   :   339 RODATA    1 pages    83530000 - 83540000 (65536 bytes)
04-12 14:13:39.676 24310 24351 I ax36e   :   340 RODATA    1 pages    83540000 - 83550000 (65536 bytes)
04-12 14:13:39.676 24310 24351 I ax36e   :   341 RODATA    1 pages    83550000 - 83560000 (65536 bytes)
04-12 14:13:39.676 24310 24351 I ax36e   :   342 RODATA    1 pages    83560000 - 83570000 (65536 bytes)
04-12 14:13:39.676 24310 24351 I ax36e   :   343 RODATA    1 pages    83570000 - 83580000 (65536 bytes)
04-12 14:13:39.676 24310 24351 I ax36e   :   344 RODATA    1 pages    83580000 - 83590000 (65536 bytes)
04-12 14:13:39.676 24310 24351 I ax36e   :   345 RODATA    1 pages    83590000 - 835A0000 (65536 bytes)
04-12 14:13:39.676 24310 24351 I ax36e   :   346 RODATA    1 pages    835A0000 - 835B0000 (65536 bytes)
04-12 14:13:39.676 24310 24351 I ax36e   :   347 RODATA    1 pages    835B0000 - 835C0000 (65536 bytes)
04-12 14:13:39.676 24310 24351 I ax36e   :   348 RODATA    1 pages    835C0000 - 835D0000 (65536 bytes)
04-12 14:13:39.676 24310 24351 I ax36e   :   349 RODATA    1 pages    835D0000 - 835E0000 (65536 bytes)
04-12 14:13:39.676 24310 24351 I ax36e   :   350 RODATA    1 pages    835E0000 - 835F0000 (65536 bytes)
04-12 14:13:39.676 24310 24351 I ax36e   :   351 RODATA    1 pages    835F0000 - 83600000 (65536 bytes)
04-12 14:13:39.676 24310 24351 I ax36e   :   352 RODATA    1 pages    83600000 - 83610000 (65536 bytes)
04-12 14:13:39.676 24310 24351 I ax36e   :   353 RODATA    1 pages    83610000 - 83620000 (65536 bytes)
04-12 14:13:39.676 24310 24351 I ax36e   : Imports:
04-12 14:13:39.676 24310 24351 I ax36e   :  xboxkrnl - 222 imports
04-12 14:13:39.676 24310 24351 I ax36e   :    Min Version: 0.0.15574.32
04-12 14:13:39.676 24310 24351 I ax36e   :  
04-12 14:13:39.676 24310 24351 I ax36e   :          Total:  222
04-12 14:13:39.676 24310 24351 I ax36e   :          Known:  100% (222 known, 0 unknown)
04-12 14:13:39.676 24310 24351 I ax36e   :    Implemented:   85% (189 implemented, 33 unimplemented)
04-12 14:13:39.676 24310 24351 I ax36e   :  
04-12 14:13:39.676 24310 24351 I ax36e   :    F 820008BC 831ED2FC 194 ( 404)    XexCheckExecutablePrivilege
04-12 14:13:39.676 24310 24351 I ax36e   :    F 820008C0 831ED2EC 195 ( 405)    XexGetModuleHandle
04-12 14:13:39.676 24310 24351 I ax36e   :    F 820008C4 831ED2DC 197 ( 407)    XexGetProcedureAddress
04-12 14:13:39.676 24310 24351 I ax36e   :    F 820008C8 831ED2CC 09A ( 154)    KeSetCurrentProcessType
04-12 14:13:39.677 24310 24351 I ax36e   :    F 82000A14 831EDE8C 039 (  57)    IoDeleteDevice
04-12 14:13:39.677 24310 24351 I ax36e   :    F 82000A18 831EDE9C 00B (  11)    ExAllocatePoolTypeWithTag
04-12 14:13:39.677 24310 24351 I ax36e   :    F 82000A1C 831EDEAC 00F (  15)    ExFreePool
04-12 14:13:39.677 24310 24351 I ax36e   :    F 82000A20 831EDEBC 035 (  53) !! IoCompleteRequest
04-12 14:13:39.677 24310 24351 I ax36e   :    F 82000A24 831EDECC 0F0 ( 240)    NtReadFile
04-12 14:13:39.677 24310 24351 I ax36e   :    F 82000A28 831EDEDC 100 ( 256) !! NtWriteFileGather
04-12 14:13:39.677 24310 24351 I ax36e   :    F 82000A2C 831EDEEC 00D (  13)    ExCreateThread
04-12 14:13:39.677 24310 24351 I ax36e   :    F 82000A54 831EDF8C 0DB ( 219)    NtFlushBuffersFile
04-12 14:13:39.677 24310 24351 I ax36e   :    F 82000A58 831EDF9C 03B (  59) !! IoDismountVolume
04-12 14:13:39.677 24310 24351 I ax36e   :    F 82000A5C 831EDFAC 0E4 ( 228)    NtQueryDirectoryFile
04-12 14:13:39.677 24310 24351 I ax36e   :    F 82000A60 831EDFBC 0F1 ( 241)    NtReadFileScatter
04-12 14:13:39.677 24310 24351 I ax36e   :    F 82000A64 831EDFCC 0DA ( 218)    NtDuplicateObject
04-12 14:13:39.677 24310 24351 I ax36e   :    F 82000A68 831EDFDC 009 (   9)    ExAllocatePool
04-12 14:13:39.677 24310 24351 I ax36e   :    F 82000A6C 831EDFEC 028 (  40)    HalReturnToFirmware
04-12 14:13:39.677 24310 24351 I ax36e   :    F 82000A70 831EDFFC 03C (  60)    IoDismountVolumeByFileHandle
04-12 14:13:39.677 24310 24351 I ax36e   :    F 82000A74 831EE00C 019 (  25)    ExTerminateThread
04-12 14:13:39.677 24310 24351 I ax36e   :    F 82000A78 831EE01C 147 ( 327) !! RtlUnwind
04-12 14:13:39.677 24310 24351 I ax36e   :    F 82000A7C 831ECE9C 154 ( 340)    KeTlsGetValue
04-12 14:13:39.677 24310 24351 I ax36e   :    F 82000A80 831EE02C 155 ( 341)    KeTlsSetValue
04-12 14:13:39.677 24310 24351 I ax36e   :    F 82000A84 831EE03C 153 ( 339)    KeTlsFree
04-12 14:13:39.677 24310 24351 I ax36e   :    F 82000A88 831EE04C 152 ( 338)    KeTlsAlloc
04-12 14:13:39.677 24310 24351 I ax36e   :    F 82000A8C 831EE05C 350 ( 848) !! XAudioGetDuckerLevel
04-12 14:13:39.677 24310 24351 I ax36e   :    F 82000A90 831ECE2C 34D ( 845)    XAudioEnableDucker
04-12 14:13:39.677 24310 24351 I ax36e   :    F 82000A94 831EE06C 355 ( 853) !! XAudioGetDuckerReleaseTime
04-12 14:13:39.677 24310 24351 I ax36e   :    F 82000A98 831EE07C 353 ( 851) !! XAudioGetDuckerAttackTime
04-12 14:13:39.677 24310 24351 I ax36e   :    F 82000A9C 831EE08C 357 ( 855) !! XAudioGetDuckerHoldTime
04-12 14:13:39.677 24310 24351 I ax36e   :    F 82000AA0 831EE09C 351 ( 849) !! XAudioGetDuckerThreshold
04-12 14:13:39.677 24310 24351 I ax36e   :    F 82000AA4 831EE0AC 087 ( 135) !! KeReleaseMutant
04-12 14:13:39.677 24310 24351 I ax36e   :    F 82000AA8 831EE0BC 332 ( 818) !! EtxProducerLog
04-12 14:13:39.677 24310 24351 I ax36e   :    F 82000AAC 831EE0CC 072 ( 114) !! KeInitializeMutant
04-12 14:13:39.677 24310 24351 I ax36e   :    F 82000AB0 831ECF5C 0AF ( 175)    KeWaitForMultipleObjects
04-12 14:13:39.677 24310 24351 I ax36e   :    F 82000AB4 831EE0DC 30D ( 781)    PsCamDeviceRequest
04-12 14:13:39.677 24310 24351 I ax36e   :    F 82000AB8 831EE0EC 334 ( 820)    EtxProducerRegister
04-12 14:13:39.677 24310 24351 I ax36e   :    F 82000ABC 831EE0FC 335 ( 821) !! EtxProducerUnregister
04-12 14:13:39.677 24310 24351 I ax36e   :    F 82000AC0 831EE10C 090 ( 144) !! KeRestoreFloatingPointState
04-12 14:13:39.677 24310 24351 I ax36e   :    F 82000AC4 831EE11C 095 ( 149) !! KeSaveFloatingPointState
04-12 14:13:39.677 24310 24351 I ax36e   :    F 82000AC8 831EE12C 092 ( 146)    KeResumeThread
04-12 14:13:39.677 24310 24351 I ax36e   :    F 82000ACC 831EE13C 102 ( 258)    ObCreateObject
04-12 14:13:39.677 24310 24351 I ax36e   :    F 82000AD0 831EE14C 246 ( 582) !! XeKeysGetConsoleID
04-12 14:13:39.677 24310 24351 I ax36e   :    F 82000AD4 831EE15C 0B7 ( 183) !! LDIDecompress
04-12 14:13:39.677 24310 24351 I ax36e   :    F 82000AD8 831EE16C 0B6 ( 182) !! LDICreateDecompression
04-12 14:13:39.677 24310 24351 I ax36e   :    F 82000ADC 831EE17C 0B8 ( 184) !! LDIDestroyDecompression
04-12 14:13:39.677 24310 24351 I ax36e   :    F 82000AE0 831EE18C 24E ( 590)    XeKeysObscureKey
04-12 14:13:39.677 24310 24351 I ax36e   :    F 82000AE4 831EE19C 251 ( 593)    XeKeysAesCbcUsingKey
04-12 14:13:39.677 24310 24351 I ax36e   :    F 82000AE8 831ED1FC 010 (  16)    ExGetXConfigSetting
04-12 14:13:39.677 24310 24351 I ax36e   :    F 82000AEC 831ED1EC 015 (  21)    ExRegisterTitleTerminateNotification
04-12 14:13:39.677 24310 24351 I ax36e   :    F 82000AF0 831ED1DC 05F (  95)    KeEnterCriticalRegion
04-12 14:13:39.677 24310 24351 I ax36e   :    V 82000AF4          1C1 ( 449)    VdHSIOCalibrationLock
04-12 14:13:39.677 24310 24351 I ax36e   :    F 82000AF8 831ED1CC 26A ( 618)    VdRetrainEDRAMWorker
04-12 14:13:39.677 24310 24351 I ax36e   :    F 82000AFC 831ED1BC 269 ( 617)    VdRetrainEDRAM
04-12 14:13:39.677 24310 24351 I ax36e   :    F 82000B00 831ED1AC 07D ( 125)    KeLeaveCriticalRegion
04-12 14:13:39.677 24310 24351 I ax36e   :    F 82000B04 831ED19C 126 ( 294)    RtlFillMemoryUlong
04-12 14:13:39.677 24310 24351 I ax36e   :    F 82000B08 831ED18C 1C5 ( 453)    VdInitializeScalerCommandBuffer
04-12 14:13:39.677 24310 24351 I ax36e   :    V 82000B0C          1C0 ( 448)    VdGpuClockInMHz
04-12 14:13:39.677 24310 24351 I ax36e   :    F 82000B10 831ED17C 1B1 ( 433)    VdCallGraphicsNotificationRoutines
04-12 14:13:39.677 24310 24351 I ax36e   :    F 82000B14 831ED16C 1C9 ( 457)    VdQueryVideoFlags
04-12 14:13:39.677 24310 24351 I ax36e   :    F 82000B18 831ED15C 1CA ( 458)    VdQueryVideoMode
04-12 14:13:39.677 24310 24351 I ax36e   :    F 82000B1C 831ED14C 14D ( 333)    _vsnprintf
04-12 14:13:39.677 24310 24351 I ax36e   :    V 82000B20          059 (  89)    KeDebugMonitorData
04-12 14:13:39.677 24310 24351 I ax36e   :    F 82000B24 831ED13C 1B9 ( 441)    VdGetCurrentDisplayGamma
04-12 14:13:39.677 24310 24351 I ax36e   :    V 82000B28          01B (  27)    ExThreadObjectType
04-12 14:13:39.677 24310 24351 I ax36e   :    F 82000B2C 831ED12C 06F ( 111)    KeInitializeDpc
04-12 14:13:39.677 24310 24351 I ax36e   :    F 82000B30 831ECF8C 110 ( 272)    ObReferenceObjectByHandle
04-12 14:13:39.677 24310 24351 I ax36e   :    F 82000B34 831ECF7C 099 ( 153)    KeSetBasePriorityThread
04-12 14:13:39.677 24310 24351 I ax36e   :    F 82000B38 831ECF9C 105 ( 261)    ObDereferenceObject
04-12 14:13:39.677 24310 24351 I ax36e   :    F 82000B3C 831ED11C 06C ( 108)    KeUnlockL2
04-12 14:13:39.677 24310 24351 I ax36e   :    F 82000B40 831ED10C 06B ( 107)    KeLockL2
04-12 14:13:39.677 24310 24351 I ax36e   :    F 82000B44 831ED0FC 052 (  82)    KeBugCheck
04-12 14:13:39.677 24310 24351 I ax36e   :    F 82000B48 831ED0EC 1B4 ( 436)    VdEnableDisableClockGating
04-12 14:13:39.677 24310 24351 I ax36e   :    V 82000B4C          266 ( 614)    KeCertMonitorData
04-12 14:13:39.677 24310 24351 I ax36e   :    F 82000B50 831ED0DC 1BD ( 445)    VdGetSystemCommandBuffer
04-12 14:13:39.677 24310 24351 I ax36e   :    F 82000B54 831ED0CC 25B ( 603)    VdSwap
04-12 14:13:39.677 24310 24351 I ax36e   :    F 82000B58 831ED0BC 1C7 ( 455)    VdPersistDisplay
04-12 14:13:39.677 24310 24351 I ax36e   :    F 82000B5C 831ED0AC 0BD ( 189)    MmFreePhysicalMemory
04-12 14:13:39.677 24310 24351 I ax36e   :    F 82000B60 831ED09C 13A ( 314)    _snprintf
04-12 14:13:39.677 24310 24351 I ax36e   :    F 82000B64 831ED08C 083 ( 131)    KeQueryPerformanceFrequency
04-12 14:13:39.677 24310 24351 I ax36e   :    F 82000B68 831ED07C 1D9 ( 473)    VdSetSystemCommandBufferGpuIdentifierAddress
04-12 14:13:39.677 24310 24351 I ax36e   :    F 82000B6C 831ED06C 0BE ( 190)    MmGetPhysicalAddress
04-12 14:13:39.677 24310 24351 I ax36e   :    F 82000B70 831ED05C 1C3 ( 451)    VdInitializeRingBuffer
04-12 14:13:39.677 24310 24351 I ax36e   :    F 82000B74 831ED04C 1B6 ( 438)    VdEnableRingBufferRPtrWriteBack
04-12 14:13:39.677 24310 24351 I ax36e   :    F 82000B78 831ED03C 1DF ( 479)    KiApcNormalRoutineNop
04-12 14:13:39.677 24310 24351 I ax36e   :    F 82000B7C 831ED02C 07B ( 123)    KeInsertQueueDpc
04-12 14:13:39.677 24310 24351 I ax36e   :    F 82000B80 831ECEDC 0B1 ( 177)    KfAcquireSpinLock
04-12 14:13:39.677 24310 24351 I ax36e   :    F 82000B84 831ECEAC 0B4 ( 180)    KfReleaseSpinLock
04-12 14:13:39.677 24310 24351 I ax36e   :    F 82000B88 831ED01C 04D (  77)    KeAcquireSpinLockAtRaisedIrql
04-12 14:13:39.677 24310 24351 I ax36e   :    F 82000B8C 831ED00C 089 ( 137)    KeReleaseSpinLockFromRaisedIrql
04-12 14:13:39.677 24310 24351 I ax36e   :    F 82000B90 831ECFFC 0C4 ( 196)    MmQueryAddressProtect
04-12 14:13:39.851 24361 24361 I me.Stats.Thread: type=1400 audit(0.0:9279): avc:  denied  { execute_no_trans } for  path="/system/bin/service" dev="dm-14" ino=502 scontext=u:r:system_server:s0 tcontext=u:object_r:system_file:s0 tclass=file permissive=1
04-12 14:13:39.885 24310 24351 E ax36e   : !> 00005F20 FIXME D:/ax360e++/aX360e/app/src/main/cpp/xenia/src/xenia/cpu/xex_module.cc 1703
04-12 14:13:39.885 24310 24351 E ax36e   : !> 00005F20 FIXME D:/ax360e++/aX360e/app/src/main/cpp/xenia/src/xenia/cpu/xex_module.cc 1656
04-12 14:13:39.916   391  5395 W MediaProvider: Ignoring param:deletedata post U for external apps
04-12 14:13:39.916 24310 24351 I ax36e   : i> 00005F20 devices_ count: 6
04-12 14:13:39.916 24310 24351 I ax36e   : i> 00005F20 FIND User_E0300000A360E000: User_E0300000A360E000:
04-12 14:13:39.916 24310 24351 I ax36e   : F> 00005F20 HostPathDevice::ResolvePath()
04-12 14:13:39.917   391  5395 I MediaProvider: Deleted 1 0 0 0 0 0 0 items on external_primary due to aenu.ax360e
04-12 14:13:39.919 24310 24351 I ax36e   : i> 00005F20 devices_ count: 6
04-12 14:13:39.919 24310 24351 I ax36e   : i> 00005F20 FIND User_E0300000A360E000: User_E0300000A360E000:
04-12 14:13:39.919 24310 24351 I ax36e   : F> 00005F20 HostPathDevice::ResolvePath()
04-12 14:13:39.920   391 11998 W MediaProvider: isAppCloneUserPair for user 0: false
04-12 14:13:39.924   391 11998 W MediaProvider: Ignoring param:deletedata post U for external apps
04-12 14:13:39.925 24310 24351 I ax36e   : i> 00005F20 devices_ count: 6
04-12 14:13:39.925 24310 24351 I ax36e   : i> 00005F20 FIND User_E0300000A360E000: User_E0300000A360E000:
04-12 14:13:39.925 24310 24351 I ax36e   : F> 00005F20 HostPathDevice::ResolvePath()
04-12 14:13:39.927   391 11998 I MediaProvider: Deleted 1 0 0 0 0 0 0 items on external_primary due to aenu.ax360e
04-12 14:13:39.928 24310 24351 I ax36e   : i> 00005F20 devices_ count: 6
04-12 14:13:39.928 24310 24351 I ax36e   : i> 00005F20 FIND User_E0300000A360E000: User_E0300000A360E000:
04-12 14:13:39.928 24310 24351 I ax36e   : F> 00005F20 HostPathDevice::ResolvePath()
04-12 14:13:39.929   391   466 W MediaProvider: isAppCloneUserPair for user 0: false
04-12 14:13:39.931 24310 24351 I ax36e   : i> 00005F20 devices_ count: 6
04-12 14:13:39.931 24310 24351 I ax36e   : i> 00005F20 FIND User_E0300000A360E000: User_E0300000A360E000:
04-12 14:13:39.931 24310 24351 I ax36e   : F> 00005F20 HostPathDevice::ResolvePath()
04-12 14:13:39.931   391   466 W MediaProvider: Ignoring param:deletedata post U for external apps
04-12 14:13:39.932   391   466 I MediaProvider: Deleted 1 0 0 0 0 0 0 items on external_primary due to aenu.ax360e
04-12 14:13:39.933   391 27817 W MediaProvider: isAppCloneUserPair for user 0: false
04-12 14:13:39.933 24310 24351 I ax36e   : i> 00005F20 devices_ count: 6
04-12 14:13:39.933 24310 24351 I ax36e   : i> 00005F20 FIND User_E0300000A360E000: User_E0300000A360E000:
04-12 14:13:39.933 24310 24351 I ax36e   : F> 00005F20 HostPathDevice::ResolvePath()
04-12 14:13:39.936   391 27817 W MediaProvider: Ignoring param:deletedata post U for external apps
04-12 14:13:39.937   391 27817 I MediaProvider: Deleted 1 0 0 0 0 0 0 items on external_primary due to aenu.ax360e
04-12 14:13:39.937 24310 24351 I ax36e   : i> 00005F20 devices_ count: 6
04-12 14:13:39.937 24310 24351 I ax36e   : i> 00005F20 FIND User_E0300000A360E000: User_E0300000A360E000:
04-12 14:13:39.937 24310 24351 I ax36e   : F> 00005F20 HostPathDevice::ResolvePath()
04-12 14:13:39.938 24310 24351 I ax36e   : i> 00005F20 devices_ count: 6
04-12 14:13:39.938 24310 24351 I ax36e   : i> 00005F20 FIND User_E0300000A360E000: User_E0300000A360E000:
04-12 14:13:39.938 24310 24351 I ax36e   : F> 00005F20 HostPathDevice::ResolvePath()
04-12 14:13:39.938   391 11992 W MediaProvider: isAppCloneUserPair for user 0: false
04-12 14:13:39.945 24310 24351 I ax36e   : i> 00005F20 devices_ count: 6
04-12 14:13:39.945 24310 24351 I ax36e   : i> 00005F20 FIND User_E0300000A360E000: User_E0300000A360E000:
04-12 14:13:39.945 24310 24351 I ax36e   : F> 00005F20 HostPathDevice::ResolvePath()
04-12 14:13:39.945   391 27817 W MediaProvider: Ignoring param:deletedata post U for external apps
04-12 14:13:39.946   391 27817 I MediaProvider: Deleted 1 0 0 0 0 0 0 items on external_primary due to aenu.ax360e
04-12 14:13:39.947   391 23370 W MediaProvider: isAppCloneUserPair for user 0: false
04-12 14:13:39.948 24310 24351 I ax36e   : i> 00005F20 devices_ count: 6
04-12 14:13:39.948 24310 24351 I ax36e   : i> 00005F20 FIND User_E0300000A360E000: User_E0300000A360E000:
04-12 14:13:39.948 24310 24351 I ax36e   : F> 00005F20 HostPathDevice::ResolvePath()
04-12 14:13:39.949   391  5395 W MediaProvider: Ignoring param:deletedata post U for external apps
04-12 14:13:39.949 24310 24351 I ax36e   : i> 00005F20 devices_ count: 6
04-12 14:13:39.950 24310 24351 I ax36e   : i> 00005F20 FIND User_E0300000A360E000: User_E0300000A360E000:
04-12 14:13:39.950 24310 24351 I ax36e   : F> 00005F20 HostPathDevice::ResolvePath()
04-12 14:13:39.950   391  5395 I MediaProvider: Deleted 1 0 0 0 0 0 0 items on external_primary due to aenu.ax360e
04-12 14:13:39.952 24310 24351 I ax36e   : i> 00005F20 devices_ count: 6
04-12 14:13:39.952 24310 24351 I ax36e   : i> 00005F20 FIND User_E0300000A360E000: User_E0300000A360E000:
04-12 14:13:39.952 24310 24351 I ax36e   : F> 00005F20 HostPathDevice::ResolvePath()
04-12 14:13:39.952   391 11998 W MediaProvider: isAppCloneUserPair for user 0: false
04-12 14:13:39.953   391 23370 W MediaProvider: Ignoring param:deletedata post U for external apps
04-12 14:13:39.954   391 23370 I MediaProvider: Deleted 1 0 0 0 0 0 0 items on external_primary due to aenu.ax360e
04-12 14:13:39.954 24310 24351 I ax36e   : i> 00005F20 devices_ count: 6
04-12 14:13:39.954 24310 24351 I ax36e   : i> 00005F20 FIND User_E0300000A360E000: User_E0300000A360E000:
04-12 14:13:39.954 24310 24351 I ax36e   : F> 00005F20 HostPathDevice::ResolvePath()
04-12 14:13:39.955   391   465 W MediaProvider: isAppCloneUserPair for user 0: false
04-12 14:13:39.955 24310 24351 I ax36e   : i> 00005F20 devices_ count: 6
04-12 14:13:39.955 24310 24351 I ax36e   : i> 00005F20 FIND User_E0300000A360E000: User_E0300000A360E000:
04-12 14:13:39.955 24310 24351 I ax36e   : F> 00005F20 HostPathDevice::ResolvePath()
04-12 14:13:39.958 24310 24351 I ax36e   : i> 00005F20 Title name: Forza Horizon
04-12 14:13:39.958 24310 24351 I ax36e   : i> 00005F20 -------------------- ACHIEVEMENTS --------------------
04-12 14:13:39.958 24310 24351 I ax36e   : i> 00005F20   ID  |  Title  |  Description  |  Gamerscore  
04-12 14:13:39.959 24310 24351 I ax36e   : i> 00005F20   155 |  Welcome to Horizon  |  You arrived at Horizon Festival raring to go.  |  10  
04-12 14:13:39.959 24310 24351 I ax36e   : i> 00005F20   156 |  Take Her for a Spin!  |  You bought a car from the Autoshow. Now take her for a spin!  |  15  
04-12 14:13:39.959 24310 24351 I ax36e   : i> 00005F20   157 |  ...and across the line!  |  You competed in your first race at Horizon.  |  10  
04-12 14:13:39.959 24310 24351 I ax36e   : i> 00005F20   158 |  First!  |  You won your first race at Horizon.  |  20  
04-12 14:13:39.959 24310 24351 I ax36e   : i> 00005F20   159 |  Born Slippy  |  You've won your first Mixed-Surface or Dirt Race.  |  10  
04-12 14:13:39.959 24310 24351 I ax36e   : i> 00005F20   160 |  WARNING!!! DANGER TO MANIFOLD  |  You've won 10 Street Races. Ali would be proud.  |  15  
04-12 14:13:39.959 24310 24351 I ax36e   : i> 00005F20   161 |  #WINNING!  |  You've dominated 10 Festival Races.  |  15  
04-12 14:13:39.959 24310 24351 I ax36e   : i> 00005F20   162 |  Close Encounters  |  You've challenged and beaten 10 festival racers on the spot.  |  20  
04-12 14:13:39.959 24310 24351 I ax36e   : i> 00005F20   164 |  Lawbreaker  |  You blasted past 5 speed traps and 5 speed zones.  |  10  
04-12 14:13:39.959 24310 24351 I ax36e   : i> 00005F20   165 |  Vendetta  |  You've beaten a Rival time in 10 events.  |  20  
04-12 14:13:39.959 24310 24351 I ax36e   : i> 00005F20   166 |  Been There, Done That!  |  You've fully explored the Horizon Festival Loop.  |  10  
04-12 14:13:39.959 24310 24351 I ax36e   : i> 00005F20   167 |  Rave Paint  |  You created a paintjob and your ride is looking SWEET!  |  10  
04-12 14:13:39.959 24310 24351 I ax36e   : i> 00005F20   168 |  Wheelin' 'n Dealin'  |  You sold something via your Storefront. KERCHING!  |  10  
04-12 14:13:39.959 24310 24351 I ax36e   : i> 00005F20   169 |  May The Forza Be With You  |  You received free cars for being a loyal Forza fan!  |  10  
04-12 14:13:39.959 24310 24351 I ax36e   : i> 00005F20   170 |  One to Watch  |  You're the 200th most popular driver at Horizon.  |  10  
04-12 14:13:39.959 24310 24351 I ax36e   : i> 00005F20   171 |  The Next Big Thing  |  You're the 100th most popular driver at Horizon.  |  15  
04-12 14:13:39.959 24310 24351 I ax36e   : i> 00005F20   172 |  Almost Famous  |  You're the 50th most popular driver at Horizon.  |  20  
04-12 14:13:39.959 24310 24351 I ax36e   : i> 00005F20   173 |  Killer Skills  |  You're the 10th most popular driver at Horizon.  |  25  
04-12 14:13:39.959 24310 24351 I ax36e   : i> 00005F20   174 |  Notorious  |  You're the most popular driver at Horizon.  |  30  
04-12 14:13:39.959 24310 24351 I ax36e   : i> 00005F20   175 |  A Wristed Development  |  You received your Yellow Wristband.  |  20  
04-12 14:13:39.959 24310 24351 I ax36e   : i> 00005F20   176 |  Going Green  |  You received your Green Wristband.  |  25  
04-12 14:13:39.959 24310 24351 I ax36e   : i> 00005F20   177 |  Out of the Blue  |  You received your Blue Wristband.  |  30  
04-12 14:13:39.959 24310 24351 I ax36e   : i> 00005F20   178 |  Racing for Pinks  |  You received your Pink Wristband.  |  35  
04-12 14:13:39.959 24310 24351 I ax36e   : i> 00005F20   179 |  Freshly Squeezed  |  You received your Orange Wristband.  |  40  
04-12 14:13:39.959 24310 24351 I ax36e   : i> 00005F20   180 |  Purple Reign  |  You received your Purple Wristband.  |  45  
04-12 14:13:39.959 24310 24351 I ax36e   : i> 00005F20   181 |  Golden Boy  |  You received the Golden Wristband.  |  50  
04-12 14:13:39.959 24310 24351 I ax36e   : i> 00005F20   182 |  Darius Who?  |  You owned Darius Flynt and became the Horizon Festival champion.  |  100  
04-12 14:13:39.959 24310 24351 I ax36e   : i> 00005F20   183 |  Hard Driving  |  You finished in first place on HARD? Nice.  |  10  
04-12 14:13:39.959 24310 24351 I ax36e   : i> 00005F20   184 |  Gettin' It Done  |  You rocked every single Festival Event.  |  30  
04-12 14:13:39.959 24310 24351 I ax36e   : i> 00005F20   185 |  Win Diesel  |  You cruised past the competition and won every Street Race.  |  30  
04-12 14:13:39.959 24310 24351 I ax36e   : i> 00005F20   186 |  Exhibitionist  |  You've won every Showcase Event in the game.  |  20  
04-12 14:13:39.959 24310 24351 I ax36e   : i> 00005F20   187 |  Domination!  |  You've sent every Horizon Star packin'.  |  10  
04-12 14:13:39.959 24310 24351 I ax36e   : i> 00005F20   188 |  All Your Race Are Belong to Us  |  You've won every single race in the game!  |  30  
04-12 14:13:39.959 24310 24351 I ax36e   : i> 00005F20   189 |  Stuntman  |  You've completed every Horizon Outpost PR Stunt.  |  25  
04-12 14:13:39.959 24310 24351 I ax36e   : i> 00005F20   190 |  Kudos to You  |  You've completed 5 Sponsorship challenges.  |  10  
04-12 14:13:39.959 24310 24351 I ax36e   : i> 00005F20   191 |  Sellout  |  20 Sponsorship Challenges? Now you're popular and rich!  |  20  
04-12 14:13:39.959 24310 24351 I ax36e   : i> 00005F20   192 |  Barn This Way  |  You found your first barn find.  |  5  
04-12 14:13:39.959 24310 24351 I ax36e   : i> 00005F20   193 |  Bargain Shopper  |  You bagged yourself a nice discount.  |  10  
04-12 14:13:39.959 24310 24351 I ax36e   : i> 00005F20   194 |  Black Friday  |  Never pay for an upgrade again!  |  20  
04-12 14:13:39.959 24310 24351 I ax36e   : i> 00005F20   195 |  Road Trip  |  You've driven along every road in the entire game.  |  25  
04-12 14:13:39.959 24310 24351 I ax36e   : i> 00005F20   196 |  Still a Noob...  |  10 online races complete… not bad!  |  10  
04-12 14:13:39.959 24310 24351 I ax36e   : i> 00005F20   197 |  Noob No More  |  25 online races complete… awesome!  |  20  
04-12 14:13:39.959 24310 24351 I ax36e   : i> 00005F20   198 |  Playground Games  |  You completed each of the Playground game types. How fun was that?  |  5  
04-12 14:13:39.959 24310 24351 I ax36e   : i> 00005F20   199 |  Swings and Roundabouts  |  You've completed 3 of each Playground game types.  |  20  
04-12 14:13:39.959 24310 24351 I ax36e   : i> 00005F20   200 |  Cruise Club  |  You've completed 10 free roam challenges online.  |  20  
04-12 14:13:39.959 24310 24351 I ax36e   : i> 00005F20   201 |  Ding!  |  You got to Level 5 online.  |  5  
04-12 14:13:39.959 24310 24351 I ax36e   : i> 00005F20   202 |  Just Me and the XP  |  You've reached level 25 online. Did you win a car yet?  |  10  
04-12 14:13:39.959 24310 24351 I ax36e   : i> 00005F20   203 |  OMG  |  You won your first car online.  |  5  
04-12 14:13:39.959 24310 24351 I ax36e   : i> 00005F20   204 |  ZOMG!  |  You've won 3 cars online.  |  10  
04-12 14:13:39.959 24310 24351 I ax36e   : i> 00005F20   205 |  OMGWT*BBQ!?  |  You got seriously lucky and won 5 cars online.  |  20  
04-12 14:13:39.959 24310 24351 I ax36e   : i> 00005F20 -------------------- PROPERTIES --------------------
04-12 14:13:39.959 24310 24351 I ax36e   : i> 00005F20   ID  |  Name  |  Data Size
04-12 14:13:39.959 24310 24351 I ax36e   : i> 00005F20   10000004 |  Laps  |  4  
04-12 14:13:39.959 24310 24351 I ax36e   : i> 00005F20   1000002E |  Current Lap  |  4  
04-12 14:13:39.959 24310 24351 I ax36e   : i> 00005F20   10000030 |  Party Hopper  |  4  
04-12 14:13:39.959 24310 24351 I ax36e   : i> 00005F20   10000031 |  Driver Level  |  4  
04-12 14:13:39.959 24310 24351 I ax36e   : i> 00005F20   10000032 |  Season Play Year  |  4  
04-12 14:13:39.959 24310 24351 I ax36e   : i> 00005F20   10000033 |  Car Class  |  4  
04-12 14:13:39.959 24310 24351 I ax36e   : i> 00005F20   10000034 |  Secondary Car Class  |  4  
04-12 14:13:39.959 24310 24351 I ax36e   : i> 00005F20   10000035 |  Drive Type  |  4  
04-12 14:13:39.961 24310 24351 I ax36e   : i> 00005F20   10000036 |  Collision Mode  |  4  
04-12 14:13:39.961 24310 24351 I ax36e   : i> 00005F20   10000037 |  Scoring Type  |  4  
04-12 14:13:39.961 24310 24351 I ax36e   : i> 00005F20   10000038 |  End Condition  |  4  
04-12 14:13:39.961 24310 24351 I ax36e   : i> 00005F20   10000039 |  Lvl  |  4  
04-12 14:13:39.961 24310 24351 I ax36e   : i> 00005F20   10008001 |  Rank  |  4  
04-12 14:13:39.961 24310 24351 I ax36e   : i> 00005F20   1000800A |    |  4  
04-12 14:13:39.961 24310 24351 I ax36e   : i> 00005F20   1000800B |    |  4  
04-12 14:13:39.961 24310 24351 I ax36e   : i> 00005F20   1000800C |    |  4  
04-12 14:13:39.961 24310 24351 I ax36e   : i> 00005F20   1000800D |    |  4  
04-12 14:13:39.961 24310 24351 I ax36e   : i> 00005F20   10008011 |    |  4  
04-12 14:13:39.961 24310 24351 I ax36e   : i> 00005F20   10008101 |  Gamer Zone  |  4  
04-12 14:13:39.961 24310 24351 I ax36e   : i> 00005F20   10008102 |  Gamer Country  |  4  
04-12 14:13:39.961 24310 24351 I ax36e   : i> 00005F20   10008103 |  Language  |  4  
04-12 14:13:39.961 24310 24351 I ax36e   : i> 00005F20   10008201 |  Platform Type  |  4  
04-12 14:13:39.961 24310 24351 I ax36e   : i> 00005F20   10008202 |  Platform Lock  |  4  
04-12 14:13:39.961 24310 24351 I ax36e   : i> 00005F20   20000027 |  Gamer Name  |  8  
04-12 14:13:39.961 24310 24351 I ax36e   : i> 00005F20   20000028 |  DirectPlayXNKEY_NAME  |  8  
04-12 14:13:39.961 24310 24351 I ax36e   : i> 00005F20   20000029 |  DirectPlayXNKEY2_NAME  |  8  
04-12 14:13:39.961 24310 24351 I ax36e   : i> 00005F20   20008107 |  Gamer PUID  |  8  
04-12 14:13:39.961 24310 24351 I ax36e   : i> 00005F20   20008108 |  Affiliate Value  |  8  
04-12 14:13:39.961 24310 24351 I ax36e   : i> 00005F20   30008105 |  Gamer Mu  |  8  
04-12 14:13:39.961 24310 24351 I ax36e   : i> 00005F20   30008106 |  Gamer Sigma  |  8  
04-12 14:13:39.961 24310 24351 I ax36e   : i> 00005F20   40008002 |  Gamer Name  |  2  
04-12 14:13:39.961 24310 24351 I ax36e   : i> 00005F20   40008109 |  Host's Gamer Name  |  2  
04-12 14:13:39.961 24310 24351 I ax36e   : i> 00005F20   50008104 |  Gamer Rating  |  4  
04-12 14:13:39.961 24310 24351 I ax36e   : i> 00005F20 -------------------- CONTEXTS --------------------
04-12 14:13:39.961 24310 24351 I ax36e   : i> 00005F20   ID  |  Name  |  Default Value  |  Max Value  
04-12 14:13:39.961 24310 24351 I ax36e   : i> 00005F20   00000000 |  Track  |  0  |  133  
04-12 14:13:39.961 24310 24351 I ax36e   : i> 00005F20   00000002 |  Language  |  0  |  17  
04-12 14:13:39.961 24310 24351 I ax36e   : i> 00005F20   00000003 |  Name  |  0  |  1  
04-12 14:13:39.961 24310 24351 I ax36e   : i> 00005F20   00000004 |  Location  |  0  |  24  
04-12 14:13:39.961 24310 24351 I ax36e   : i> 00005F20   00000005 |  Activity  |  1  |  26  
04-12 14:13:39.961 24310 24351 I ax36e   : i> 00005F20   00000006 |  Position  |  0  |  16  
04-12 14:13:39.961 24310 24351 I ax36e   : i> 00005F20   0000000A |  <String Placeholder>  |  0  |  7  
04-12 14:13:39.961 24310 24351 I ax36e   : i> 00005F20   0000000B |  <String Placeholder>  |  0  |  8  
04-12 14:13:39.961 24310 24351 I ax36e   : i> 00005F20   00000011 |  <String Placeholder>  |  0  |  10  
04-12 14:13:39.961 24310 24351 I ax36e   : i> 00005F20   00000012 |  <String Placeholder>  |  0  |  4  
04-12 14:13:39.961 24310 24351 I ax36e   : i> 00005F20   00008001 |    |  0  |  15  
04-12 14:13:39.961 24310 24351 I ax36e   : i> 00005F20   0000800A |  Game Type  |  0  |  1  
04-12 14:13:39.961 24310 24351 I ax36e   : i> 00005F20   0000800B |    |  0  |  0  
04-12 14:13:39.965 24310 24351 I ax36e   : i> 00005F20 Shader storage initialization: true
04-12 14:13:39.975  1504  1504 W ServiceManagerCppClient: Waited one second for vendor.qti.qesdsys.IQesdSys/default (is service started? Number of threads started in the threadpool: 0. Are binder threads started and available?)
04-12 14:13:39.975   556 24362 W libc    : Unable to set property "ctl.interface_start" to "aidl/vendor.qti.qesdsys.IQesdSys/default": PROP_ERROR_HANDLE_CONTROL_MESSAGE (0x20)
04-12 14:13:40.014  2893  3898 D ApfFilter: (wlan0): Ignoring RA RA fe80::c64f:d5ff:fe03:1e53 -> ff02::1 180s 2601:642:4e00:b720::/64 307376s/307376s DNS 180s 2001:558:feed::1 2001:558:feed::2 RIO 180s ::/0  which matches RA fe80::c64f:d5ff:fe03:1e53 -> ff02::1 180s 2601:642:4e00:b720::/64 307376s/307376s DNS 180s 2001:558:feed::1 2001:558:feed::2 RIO 180s ::/0 
04-12 14:13:40.043 24310 24352 I ax360e_native: emu_thr_main: game launched OK result=0x00000000
04-12 14:13:40.043 24310 24351 I ax36e   : i> 01000010 VulkanPipelineCache: Created VkPipelineCache for title 4D5309C9
04-12 14:13:40.043 24310 24351 I ax36e   : i> 00005F20 Shader storage initialization: false
04-12 14:13:40.043 24310 24351 I ax36e   : i> 00005F20 A64Backend: Persistent code cache initialized for title 4D5309C9
04-12 14:13:40.043 24310 24351 I ax36e   : i> 00005F20 A64Backend: Cache path: /storage/emulated/0/ax360e++/cache/cpu_code_cache/a64_4D5309C9.bin
04-12 14:13:40.043 24310 24351 I ax36e   : i> 00005F20 A64Backend: No existing cache found, will create on shutdown
04-12 14:13:40.043 24310 24351 I ax36e   : i> 00005F20 Added handle:01000020 for N2xe6kernel7XObjectE
04-12 14:13:40.043 24310 24351 I ax36e   : i> 00005F20 XThread01000020 (5) Stack: 70110000-70130000
04-12 14:13:40.043 24310 24351 I ax36e   : i> 00005F20 ####### 300001E8 30000188 ++ 8300001E8
04-12 14:13:40.043 24310 24351 I ax36e   : i> 00005F20 XeHostList: 30019128 -> 830019128
04-12 14:13:40.043 24310 24351 I ax36e   : i> 00005F20 KernelState: Launching module...
04-12 14:13:40.043 24310 24351 I ax36e   : i> 00005F20 Added handle:F8000008 for N2xe6kernel7XObjectE
04-12 14:13:40.043 24310 24351 I ax36e   : K> 01000020 XThread::Execute thid 5 (handle=01000020, 'Kernel Dispatch (01000020)', native=AD136730, <host>)
04-12 14:13:40.043 24310 24351 I ax36e   : i> 00005F20 XThreadF8000008 (6) Stack: 70150000-70160000
04-12 14:13:40.043 24310 24351 I ax36e   : i> 00005F20 ####### 0 30000188 ++ 830000188
04-12 14:13:40.043 24310 24351 I ax36e   : i> 00005F20 XeHostList: 3000018C -> 83000018C
04-12 14:13:40.043 24310 24351 I ax36e   : K> F8000008 XThread::Execute thid 6 (handle=F8000008, 'Main XThread (F8000008)', native=AB12A730)
04-12 14:13:40.043 24310 24351 I ax36e   : i> 00005F20 emu_thr_main: game launched successfully, result=00000000
04-12 14:13:40.079 24310 24351 I ax36e   : i> F8000008 Added handle:F800000C for N2xe6kernel7XObjectE
04-12 14:13:40.079 24310 24351 I ax36e   : i> F8000008 Added handle:F8000010 for N2xe6kernel7XObjectE
04-12 14:13:40.079 24310 24351 I ax36e   : i> F8000008 XThreadF8000010 (7) Stack: 70180000-70190000
04-12 14:13:40.079 24310 24351 I ax36e   : i> F8000008 ####### 30000188 30000188 ++ 830000188
04-12 14:13:40.079 24310 24351 I ax36e   : i> F8000008 XeHostList: 30029128 -> 830029128
04-12 14:13:40.080 24310 24351 I ax36e   : K> F8000010 XThread::Execute thid 7 (handle=F8000010, 'XThreadA8918730 (F8000010)', native=A8918730)
04-12 14:13:40.090 24310 24351 I ax36e   : i> F8000010 Added handle:F8000014 for N2xe6kernel7XThreadE
04-12 14:13:40.108  1547  2549 D StreamHalAidl: [out|ioHandle:13] standby
04-12 14:13:40.108  1547  2549 D StreamHalAidl: [out|ioHandle:13] pause
04-12 14:13:40.108  1547  2549 D StreamHalAidl: [out|ioHandle:13] flush
04-12 14:13:40.170 24310 24351 I ax36e   : i> F8000008 Added handle:F8000018 for N2xe6kernel7XObjectE
04-12 14:13:40.302 24310 24350 I ax360e_native: main_loop: 1000 iterations, paint_requested=0, event=0
04-12 14:13:40.303 24310 24351 I ax36e   : i> 00005F1E main_loop: 1000 iterations, paint_requested=false, event=0
04-12 14:13:40.442  1498  2547 I AgmIpc::Server: removeSessionHandle removing handle b40000763788e190 for session 126
04-12 14:13:40.444  1498  2547 D AHAL_StreamOut_QTI: standby : usecase: LOW_LATENCY_PLAYBACK IoHandle: 13 
04-12 14:13:40.535  1410  1410 I binder:1410_5: type=1400 audit(0.0:9280): avc:  denied  { create } for  name="globalAlert" scontext=u:r:netd:s0 tcontext=u:object_r:proc_net:s0 tclass=file permissive=1
04-12 14:13:40.679 24310 24351 I ax36e   : i> F8000008 Added handle:F800001C for N2xe6kernel7XObjectE
04-12 14:13:40.679 24310 24351 I ax36e   : i> F8000008 Added handle:F8000020 for N2xe6kernel7XObjectE
04-12 14:13:40.682  2387  4075 E TaskPersister: File error accessing recents directory (directory doesn't exist?).
04-12 14:13:40.712 24310 24351 I ax36e   : i> F8000008 Added handle:F8000024 for N2xe6kernel7XObjectE
04-12 14:13:40.714 24310 24351 I ax36e   : i> F8000008 Added handle:F8000028 for N2xe6kernel7XObjectE
04-12 14:13:40.747 24310 24351 I ax36e   : i> F8000008 Added handle:F800002C for N2xe6kernel7XObjectE
04-12 14:13:40.747 24310 24351 I ax36e   : i> F8000008 Added handle:F8000030 for N2xe6kernel7XObjectE
04-12 14:13:40.775 24310 24351 I ax36e   : i> F8000008 Added handle:F8000034 for N2xe6kernel7XObjectE
04-12 14:13:40.775 24310 24351 I ax36e   : i> F8000008 XThreadF8000034 (8) Stack: 701B0000-701F0000
04-12 14:13:40.775 24310 24351 I ax36e   : i> F8000008 ####### 30000188 30000188 ++ 830000188
04-12 14:13:40.775 24310 24351 I ax36e   : i> F8000008 XeHostList: 30032128 -> 830032128
04-12 14:13:40.776 24310 24351 I ax36e   : K> F8000034 XThread::Execute thid 8 (handle=F8000034, 'XThreadA6083730 (F8000034)', native=A6083730)
04-12 14:13:40.786 24310 24351 I ax36e   : i> F8000034 Added handle:F8000038 for N2xe6kernel7XThreadE
04-12 14:13:40.794 24310 24351 I ax36e   : i> F8000034 Added handle:F800003C for N2xe6kernel7XObjectE
04-12 14:13:40.796 24310 24351 I ax36e   : i> F8000034 Added handle:F8000040 for N2xe6kernel7XObjectE
04-12 14:13:40.796 24310 24351 I ax36e   : i> F8000034 devices_ count: 6
04-12 14:13:40.796 24310 24351 I ax36e   : i> F8000034 FIND \Device User_E0300000A360E000:
04-12 14:13:40.796 24310 24351 I ax36e   : i> F8000034 FIND \Device \Device\Cdrom0
04-12 14:13:40.796 24310 24351 I ax36e   : i> F8000034 FIND \Device \Device\Harddisk0
04-12 14:13:40.796 24310 24351 I ax36e   : i> F8000034 FIND \Device \CACHE0
04-12 14:13:40.796 24310 24351 I ax36e   : i> F8000034 FIND \Device \CACHE1
04-12 14:13:40.796 24310 24351 I ax36e   : i> F8000034 FIND \Device \CACHE
04-12 14:13:40.796 24310 24351 E ax36e   : !> F8000034 ResolvePath(\Device) failed - device not found
04-12 14:13:40.796 24310 24351 I ax36e   : i> F8000034 Removed handle:F8000040 for N2xe6kernel6XEventE
04-12 14:13:40.798 24310 24351 I ax36e   : i> F8000034 devices_ count: 6
04-12 14:13:40.799 24310 24351 I ax36e   : i> F8000034 FIND \Device\Harddisk0 User_E0300000A360E000:
04-12 14:13:40.799 24310 24351 I ax36e   : i> F8000034 FIND \Device\Harddisk0 \Device\Cdrom0
04-12 14:13:40.799 24310 24351 I ax36e   : i> F8000034 FIND \Device\Harddisk0 \Device\Harddisk0
04-12 14:13:40.799 24310 24351 I ax36e   : F> F8000034 NullDevice::ResolvePath()
04-12 14:13:40.799 24310 24351 I ax36e   : i> F8000034 Added handle:F8000040 for N2xe6kernel7XObjectE
04-12 14:13:40.799 24310 24351 I ax36e   : i> F8000034 Removed handle:F8000040 for N2xe6kernel5XFileE
04-12 14:13:40.799 24310 24351 I ax36e   : i> F8000034 devices_ count: 6
04-12 14:13:40.799 24310 24351 I ax36e   : i> F8000034 FIND \Device\Harddisk0 User_E0300000A360E000:
04-12 14:13:40.799 24310 24351 I ax36e   : i> F8000034 FIND \Device\Harddisk0 \Device\Cdrom0
04-12 14:13:40.799 24310 24351 I ax36e   : i> F8000034 FIND \Device\Harddisk0 \Device\Harddisk0
04-12 14:13:40.799 24310 24351 I ax36e   : F> F8000034 NullDevice::ResolvePath()
04-12 14:13:40.799 24310 24351 I ax36e   : i> F8000034 Added handle:F8000040 for N2xe6kernel7XObjectE
04-12 14:13:40.799 24310 24351 I ax36e   : i> F8000034 Removed handle:F8000040 for N2xe6kernel5XFileE
04-12 14:13:40.800 24310 24351 I ax36e   : i> F8000034 devices_ count: 6
04-12 14:13:40.800 24310 24351 I ax36e   : i> F8000034 FIND \Device\Harddisk0 User_E0300000A360E000:
04-12 14:13:40.800 24310 24351 I ax36e   : i> F8000034 FIND \Device\Harddisk0 \Device\Cdrom0
04-12 14:13:40.800 24310 24351 I ax36e   : i> F8000034 FIND \Device\Harddisk0 \Device\Harddisk0
04-12 14:13:40.800 24310 24351 I ax36e   : F> F8000034 NullDevice::ResolvePath()
04-12 14:13:40.800 24310 24351 I ax36e   : i> F8000034 Added handle:F8000040 for N2xe6kernel7XObjectE
04-12 14:13:40.800 24310 24351 W ax36e   : w> F8000034 Stub XFileFsDeviceInformation!
04-12 14:13:40.800 24310 24351 I ax36e   : i> F8000034 Removed handle:F8000040 for N2xe6kernel5XFileE
04-12 14:13:40.801 24310 24351 I ax36e   : i> F8000034 devices_ count: 6
04-12 14:13:40.801 24310 24351 I ax36e   : i> F8000034 FIND \Device\Harddisk0 User_E0300000A360E000:
04-12 14:13:40.801 24310 24351 I ax36e   : i> F8000034 FIND \Device\Harddisk0 \Device\Cdrom0
04-12 14:13:40.801 24310 24351 I ax36e   : i> F8000034 FIND \Device\Harddisk0 \Device\Harddisk0
04-12 14:13:40.801 24310 24351 I ax36e   : F> F8000034 NullDevice::ResolvePath()
04-12 14:13:40.801 24310 24351 I ax36e   : i> F8000034 Added handle:F8000040 for N2xe6kernel7XObjectE
04-12 14:13:40.801 24310 24351 I ax36e   : i> F8000034 Removed handle:F8000040 for N2xe6kernel5XFileE
04-12 14:13:40.801 24310 24351 I ax36e   : i> F8000034 devices_ count: 6
04-12 14:13:40.801 24310 24351 I ax36e   : i> F8000034 FIND \Device\Harddisk0 User_E0300000A360E000:
04-12 14:13:40.801 24310 24351 I ax36e   : i> F8000034 FIND \Device\Harddisk0 \Device\Cdrom0
04-12 14:13:40.801 24310 24351 I ax36e   : i> F8000034 FIND \Device\Harddisk0 \Device\Harddisk0
04-12 14:13:40.801 24310 24351 I ax36e   : F> F8000034 NullDevice::ResolvePath()
04-12 14:13:40.801 24310 24351 I ax36e   : i> F8000034 Added handle:F8000040 for N2xe6kernel7XObjectE
04-12 14:13:40.801 24310 24351 W ax36e   : w> F8000034 Stub XFileFsDeviceInformation!
04-12 14:13:40.802 24310 24351 I ax36e   : i> F8000034 Removed handle:F8000040 for N2xe6kernel5XFileE
04-12 14:13:40.802 24310 24351 I ax36e   : i> F8000034 devices_ count: 6
04-12 14:13:40.802 24310 24351 I ax36e   : i> F8000034 FIND \Device\Harddisk0 User_E0300000A360E000:
04-12 14:13:40.802 24310 24351 I ax36e   : i> F8000034 FIND \Device\Harddisk0 \Device\Cdrom0
04-12 14:13:40.802 24310 24351 I ax36e   : i> F8000034 FIND \Device\Harddisk0 \Device\Harddisk0
04-12 14:13:40.802 24310 24351 I ax36e   : F> F8000034 NullDevice::ResolvePath()
04-12 14:13:40.802 24310 24351 I ax36e   : i> F8000034 Added handle:F8000040 for N2xe6kernel7XObjectE
04-12 14:13:40.802 24310 24351 I ax36e   : i> F8000034 Removed handle:F8000040 for N2xe6kernel5XFileE
04-12 14:13:40.804 24310 24351 I ax36e   : i> F8000034 devices_ count: 6
04-12 14:13:40.804 24310 24351 I ax36e   : i> F8000034 FIND \CACHE User_E0300000A360E000:
04-12 14:13:40.804 24310 24351 I ax36e   : i> F8000034 FIND \CACHE \Device\Cdrom0
04-12 14:13:40.804 24310 24351 I ax36e   : i> F8000034 FIND \CACHE \Device\Harddisk0
04-12 14:13:40.804 24310 24351 I ax36e   : i> F8000034 FIND \CACHE \CACHE0
04-12 14:13:40.804 24310 24351 I ax36e   : i> F8000034 FIND \CACHE \CACHE1
04-12 14:13:40.804 24310 24351 I ax36e   : i> F8000034 FIND \CACHE \CACHE
04-12 14:13:40.804 24310 24351 I ax36e   : F> F8000034 HostPathDevice::ResolvePath()
04-12 14:13:40.804 24310 24351 I ax36e   : i> F8000034 Added handle:F8000040 for N2xe6kernel7XObjectE
04-12 14:13:40.804 24310 24351 I ax36e   : i> F8000034 Removed handle:F8000040 for N2xe6kernel5XFileE
04-12 14:13:40.806 24310 24351 I ax36e   : i> F8000034 devices_ count: 6
04-12 14:13:40.806 24310 24351 I ax36e   : i> F8000034 FIND \Device\Cdrom0\XMediaFacade_default.xex User_E0300000A360E000:
04-12 14:13:40.806 24310 24351 I ax36e   : i> F8000034 FIND \Device\Cdrom0\XMediaFacade_default.xex \Device\Cdrom0
04-12 14:13:40.806 24310 24351 I ax36e   : F> F8000034 SAF_DiscImageDevice::ResolvePath(\XMediaFacade_default.xex)
04-12 14:13:40.806 24310 24351 I ax36e   : i> F8000034 Added handle:F8000040 for N2xe6kernel7XObjectE
04-12 14:13:40.806 24310 24351 I ax36e   : i> F8000034 devices_ count: 6
04-12 14:13:40.806 24310 24351 I ax36e   : i> F8000034 FIND \Device\Cdrom0\XMediaFacade_default.xex User_E0300000A360E000:
04-12 14:13:40.806 24310 24351 I ax36e   : i> F8000034 FIND \Device\Cdrom0\XMediaFacade_default.xex \Device\Cdrom0
04-12 14:13:40.806 24310 24351 I ax36e   : F> F8000034 SAF_DiscImageDevice::ResolvePath(\XMediaFacade_default.xex)
04-12 14:13:40.831 24310 24351 I ax36e   : i> F8000034 Module \Device\Cdrom0\XMediaFacade_default.xex:
04-12 14:13:40.831 24310 24351 I ax36e   : Module Hash: 27842B280F6E9A8B
04-12 14:13:40.831 24310 24351 I ax36e   :     Module Flags: 00000009
